<?xml version="1.0"?>
<link_info>
   <banner>TI ARM Linker PC v5.2.5</banner>
   <copyright>Copyright (c) 1996-2015 Texas Instruments Incorporated</copyright>
   <link_time>0x56e03c53</link_time>
   <link_errors>0x1</link_errors>
   <output_file>http_client_demo.axf</output_file>
   <entry_point>
      <name>_c_int00</name>
      <address>0x20014645</address>
   </entry_point>
   <input_file_list>
      <input_file id="fl-2">
         <path>.\</path>
         <kind>object</kind>
         <file>main.obj</file>
         <name>main.obj</name>
      </input_file>
      <input_file id="fl-3">
         <path>.\</path>
         <kind>object</kind>
         <file>pinmux.obj</file>
         <name>pinmux.obj</name>
      </input_file>
      <input_file id="fl-4">
         <path>.\</path>
         <kind>object</kind>
         <file>startup_ccs.obj</file>
         <name>startup_ccs.obj</name>
      </input_file>
      <input_file id="fl-5">
         <path>.\</path>
         <kind>object</kind>
         <file>uart_if.obj</file>
         <name>uart_if.obj</name>
      </input_file>
      <input_file id="fl-12e">
         <path>C:\TI\ccsv6\tools\compiler\ti-cgt-arm_5.2.5\lib\</path>
         <kind>archive</kind>
         <file>rtsv7M4_T_le_eabi.lib</file>
         <name>boot.obj</name>
      </input_file>
      <input_file id="fl-12f">
         <path>C:\TI\ccsv6\tools\compiler\ti-cgt-arm_5.2.5\lib\</path>
         <kind>archive</kind>
         <file>rtsv7M4_T_le_eabi.lib</file>
         <name>copy_decompress_none.obj</name>
      </input_file>
      <input_file id="fl-130">
         <path>C:\TI\ccsv6\tools\compiler\ti-cgt-arm_5.2.5\lib\</path>
         <kind>archive</kind>
         <file>rtsv7M4_T_le_eabi.lib</file>
         <name>copy_decompress_rle.obj</name>
      </input_file>
      <input_file id="fl-131">
         <path>C:\TI\ccsv6\tools\compiler\ti-cgt-arm_5.2.5\lib\</path>
         <kind>archive</kind>
         <file>rtsv7M4_T_le_eabi.lib</file>
         <name>copy_zero_init.obj</name>
      </input_file>
      <input_file id="fl-132">
         <path>C:\TI\ccsv6\tools\compiler\ti-cgt-arm_5.2.5\lib\</path>
         <kind>archive</kind>
         <file>rtsv7M4_T_le_eabi.lib</file>
         <name>exit.obj</name>
      </input_file>
      <input_file id="fl-133">
         <path>C:\TI\ccsv6\tools\compiler\ti-cgt-arm_5.2.5\lib\</path>
         <kind>archive</kind>
         <file>rtsv7M4_T_le_eabi.lib</file>
         <name>memcpy_t2.obj</name>
      </input_file>
      <input_file id="fl-134">
         <path>C:\TI\ccsv6\tools\compiler\ti-cgt-arm_5.2.5\lib\</path>
         <kind>archive</kind>
         <file>rtsv7M4_T_le_eabi.lib</file>
         <name>memmov.obj</name>
      </input_file>
      <input_file id="fl-135">
         <path>C:\TI\ccsv6\tools\compiler\ti-cgt-arm_5.2.5\lib\</path>
         <kind>archive</kind>
         <file>rtsv7M4_T_le_eabi.lib</file>
         <name>memory.obj</name>
      </input_file>
      <input_file id="fl-136">
         <path>C:\TI\ccsv6\tools\compiler\ti-cgt-arm_5.2.5\lib\</path>
         <kind>archive</kind>
         <file>rtsv7M4_T_le_eabi.lib</file>
         <name>memset_t2.obj</name>
      </input_file>
      <input_file id="fl-137">
         <path>C:\TI\ccsv6\tools\compiler\ti-cgt-arm_5.2.5\lib\</path>
         <kind>archive</kind>
         <file>rtsv7M4_T_le_eabi.lib</file>
         <name>pre_init.obj</name>
      </input_file>
      <input_file id="fl-138">
         <path>C:\TI\ccsv6\tools\compiler\ti-cgt-arm_5.2.5\lib\</path>
         <kind>archive</kind>
         <file>rtsv7M4_T_le_eabi.lib</file>
         <name>sprintf.obj</name>
      </input_file>
      <input_file id="fl-139">
         <path>C:\TI\ccsv6\tools\compiler\ti-cgt-arm_5.2.5\lib\</path>
         <kind>archive</kind>
         <file>rtsv7M4_T_le_eabi.lib</file>
         <name>stkdepth_vars.obj</name>
      </input_file>
      <input_file id="fl-13a">
         <path>C:\TI\ccsv6\tools\compiler\ti-cgt-arm_5.2.5\lib\</path>
         <kind>archive</kind>
         <file>rtsv7M4_T_le_eabi.lib</file>
         <name>strlen.obj</name>
      </input_file>
      <input_file id="fl-13b">
         <path>C:\TI\ccsv6\tools\compiler\ti-cgt-arm_5.2.5\lib\</path>
         <kind>archive</kind>
         <file>rtsv7M4_T_le_eabi.lib</file>
         <name>strncmp.obj</name>
      </input_file>
      <input_file id="fl-13c">
         <path>C:\TI\ccsv6\tools\compiler\ti-cgt-arm_5.2.5\lib\</path>
         <kind>archive</kind>
         <file>rtsv7M4_T_le_eabi.lib</file>
         <name>strtoul.obj</name>
      </input_file>
      <input_file id="fl-13d">
         <path>C:\TI\ccsv6\tools\compiler\ti-cgt-arm_5.2.5\lib\</path>
         <kind>archive</kind>
         <file>rtsv7M4_T_le_eabi.lib</file>
         <name>vsnprintf.obj</name>
      </input_file>
      <input_file id="fl-13e">
         <path>C:\TI\ccsv6\tools\compiler\ti-cgt-arm_5.2.5\lib\</path>
         <kind>archive</kind>
         <file>rtsv7M4_T_le_eabi.lib</file>
         <name>_lock.obj</name>
      </input_file>
      <input_file id="fl-13f">
         <path>C:\TI\ccsv6\tools\compiler\ti-cgt-arm_5.2.5\lib\</path>
         <kind>archive</kind>
         <file>rtsv7M4_T_le_eabi.lib</file>
         <name>_printfi.obj</name>
      </input_file>
      <input_file id="fl-140">
         <path>C:\TI\ccsv6\tools\compiler\ti-cgt-arm_5.2.5\lib\</path>
         <kind>archive</kind>
         <file>rtsv7M4_T_le_eabi.lib</file>
         <name>args_main.obj</name>
      </input_file>
      <input_file id="fl-141">
         <path>C:\TI\ccsv6\tools\compiler\ti-cgt-arm_5.2.5\lib\</path>
         <kind>archive</kind>
         <file>rtsv7M4_T_le_eabi.lib</file>
         <name>atoi.obj</name>
      </input_file>
      <input_file id="fl-142">
         <path>C:\TI\ccsv6\tools\compiler\ti-cgt-arm_5.2.5\lib\</path>
         <kind>archive</kind>
         <file>rtsv7M4_T_le_eabi.lib</file>
         <name>autoinit.obj</name>
      </input_file>
      <input_file id="fl-143">
         <path>C:\TI\ccsv6\tools\compiler\ti-cgt-arm_5.2.5\lib\</path>
         <kind>archive</kind>
         <file>rtsv7M4_T_le_eabi.lib</file>
         <name>cpy_tbl.obj</name>
      </input_file>
      <input_file id="fl-144">
         <path>C:\TI\ccsv6\tools\compiler\ti-cgt-arm_5.2.5\lib\</path>
         <kind>archive</kind>
         <file>rtsv7M4_T_le_eabi.lib</file>
         <name>ctype.obj</name>
      </input_file>
      <input_file id="fl-145">
         <path>C:\TI\ccsv6\tools\compiler\ti-cgt-arm_5.2.5\lib\</path>
         <kind>archive</kind>
         <file>rtsv7M4_T_le_eabi.lib</file>
         <name>errno.obj</name>
      </input_file>
      <input_file id="fl-146">
         <path>C:\TI\ccsv6\tools\compiler\ti-cgt-arm_5.2.5\lib\</path>
         <kind>archive</kind>
         <file>rtsv7M4_T_le_eabi.lib</file>
         <name>fd_add_t2.obj</name>
      </input_file>
      <input_file id="fl-147">
         <path>C:\TI\ccsv6\tools\compiler\ti-cgt-arm_5.2.5\lib\</path>
         <kind>archive</kind>
         <file>rtsv7M4_T_le_eabi.lib</file>
         <name>fd_cmp_t2.obj</name>
      </input_file>
      <input_file id="fl-148">
         <path>C:\TI\ccsv6\tools\compiler\ti-cgt-arm_5.2.5\lib\</path>
         <kind>archive</kind>
         <file>rtsv7M4_T_le_eabi.lib</file>
         <name>fd_div_t2.obj</name>
      </input_file>
      <input_file id="fl-149">
         <path>C:\TI\ccsv6\tools\compiler\ti-cgt-arm_5.2.5\lib\</path>
         <kind>archive</kind>
         <file>rtsv7M4_T_le_eabi.lib</file>
         <name>fd_mul_t2.obj</name>
      </input_file>
      <input_file id="fl-14a">
         <path>C:\TI\ccsv6\tools\compiler\ti-cgt-arm_5.2.5\lib\</path>
         <kind>archive</kind>
         <file>rtsv7M4_T_le_eabi.lib</file>
         <name>fd_toi_t2.obj</name>
      </input_file>
      <input_file id="fl-14b">
         <path>C:\TI\ccsv6\tools\compiler\ti-cgt-arm_5.2.5\lib\</path>
         <kind>archive</kind>
         <file>rtsv7M4_T_le_eabi.lib</file>
         <name>frexp.obj</name>
      </input_file>
      <input_file id="fl-14c">
         <path>C:\TI\ccsv6\tools\compiler\ti-cgt-arm_5.2.5\lib\</path>
         <kind>archive</kind>
         <file>rtsv7M4_T_le_eabi.lib</file>
         <name>i_tofd_t2.obj</name>
      </input_file>
      <input_file id="fl-14d">
         <path>C:\TI\ccsv6\tools\compiler\ti-cgt-arm_5.2.5\lib\</path>
         <kind>archive</kind>
         <file>rtsv7M4_T_le_eabi.lib</file>
         <name>ldexp.obj</name>
      </input_file>
      <input_file id="fl-14e">
         <path>C:\TI\ccsv6\tools\compiler\ti-cgt-arm_5.2.5\lib\</path>
         <kind>archive</kind>
         <file>rtsv7M4_T_le_eabi.lib</file>
         <name>ltoa.obj</name>
      </input_file>
      <input_file id="fl-14f">
         <path>C:\TI\ccsv6\tools\compiler\ti-cgt-arm_5.2.5\lib\</path>
         <kind>archive</kind>
         <file>rtsv7M4_T_le_eabi.lib</file>
         <name>memccpy.obj</name>
      </input_file>
      <input_file id="fl-150">
         <path>C:\TI\ccsv6\tools\compiler\ti-cgt-arm_5.2.5\lib\</path>
         <kind>archive</kind>
         <file>rtsv7M4_T_le_eabi.lib</file>
         <name>strchr.obj</name>
      </input_file>
      <input_file id="fl-151">
         <path>C:\TI\ccsv6\tools\compiler\ti-cgt-arm_5.2.5\lib\</path>
         <kind>archive</kind>
         <file>rtsv7M4_T_le_eabi.lib</file>
         <name>ull_div_t2.obj</name>
      </input_file>
      <input_file id="fl-152">
         <path>C:\TI\ccsv6\tools\compiler\ti-cgt-arm_5.2.5\lib\</path>
         <kind>archive</kind>
         <file>rtsv7M4_T_le_eabi.lib</file>
         <name>xdclass.obj</name>
      </input_file>
      <input_file id="fl-153">
         <path>C:\TI\ccsv6\tools\compiler\ti-cgt-arm_5.2.5\lib\</path>
         <kind>archive</kind>
         <file>rtsv7M4_T_le_eabi.lib</file>
         <name>xdscale.obj</name>
      </input_file>
      <input_file id="fl-154">
         <path>C:\TI\ccsv6\tools\compiler\ti-cgt-arm_5.2.5\lib\</path>
         <kind>archive</kind>
         <file>rtsv7M4_T_le_eabi.lib</file>
         <name>xdunscal.obj</name>
      </input_file>
      <input_file id="fl-155">
         <path>C:\TI\ccsv6\tools\compiler\ti-cgt-arm_5.2.5\lib\</path>
         <kind>archive</kind>
         <file>rtsv7M4_T_le_eabi.lib</file>
         <name>xferaise.obj</name>
      </input_file>
      <input_file id="fl-156">
         <path>C:\TI\ccsv6\tools\compiler\ti-cgt-arm_5.2.5\lib\</path>
         <kind>archive</kind>
         <file>rtsv7M4_T_le_eabi.lib</file>
         <name>xvalues.obj</name>
      </input_file>
      <input_file id="fl-157">
         <path>C:\TI\ccsv6\tools\compiler\ti-cgt-arm_5.2.5\lib\</path>
         <kind>archive</kind>
         <file>rtsv7M4_T_le_eabi.lib</file>
         <name>feraiseexcept.obj</name>
      </input_file>
      <input_file id="fl-158">
         <path>C:\TI\ccsv6\tools\compiler\ti-cgt-arm_5.2.5\lib\</path>
         <kind>archive</kind>
         <file>rtsv7M4_T_le_eabi.lib</file>
         <name>raise.obj</name>
      </input_file>
      <input_file id="fl-159">
         <path>C:\TI\ccsv6\tools\compiler\ti-cgt-arm_5.2.5\lib\</path>
         <kind>archive</kind>
         <file>rtsv7M4_T_le_eabi.lib</file>
         <name>signal.obj</name>
      </input_file>
      <input_file id="fl-15a">
         <path>C:\TI\ccsv6\tools\compiler\ti-cgt-arm_5.2.5\lib\</path>
         <kind>archive</kind>
         <file>rtsv7M4_T_le_eabi.lib</file>
         <name>xdnorm.obj</name>
      </input_file>
      <input_file id="fl-15b">
         <path>C:\TI\CC3200SDK_1.1.0\cc3200-sdk\simplelink\ccs\OS\</path>
         <kind>archive</kind>
         <file>simplelink.a</file>
         <name>device.obj</name>
      </input_file>
      <input_file id="fl-15c">
         <path>C:\TI\CC3200SDK_1.1.0\cc3200-sdk\simplelink\ccs\OS\</path>
         <kind>archive</kind>
         <file>simplelink.a</file>
         <name>driver.obj</name>
      </input_file>
      <input_file id="fl-15d">
         <path>C:\TI\CC3200SDK_1.1.0\cc3200-sdk\simplelink\ccs\OS\</path>
         <kind>archive</kind>
         <file>simplelink.a</file>
         <name>netapp.obj</name>
      </input_file>
      <input_file id="fl-15e">
         <path>C:\TI\CC3200SDK_1.1.0\cc3200-sdk\simplelink\ccs\OS\</path>
         <kind>archive</kind>
         <file>simplelink.a</file>
         <name>netcfg.obj</name>
      </input_file>
      <input_file id="fl-15f">
         <path>C:\TI\CC3200SDK_1.1.0\cc3200-sdk\simplelink\ccs\OS\</path>
         <kind>archive</kind>
         <file>simplelink.a</file>
         <name>socket.obj</name>
      </input_file>
      <input_file id="fl-160">
         <path>C:\TI\CC3200SDK_1.1.0\cc3200-sdk\simplelink\ccs\OS\</path>
         <kind>archive</kind>
         <file>simplelink.a</file>
         <name>wlan.obj</name>
      </input_file>
      <input_file id="fl-161">
         <path>C:\TI\CC3200SDK_1.1.0\cc3200-sdk\simplelink\ccs\OS\</path>
         <kind>archive</kind>
         <file>simplelink.a</file>
         <name>cc_pal.obj</name>
      </input_file>
      <input_file id="fl-162">
         <path>C:\TI\CC3200SDK_1.1.0\cc3200-sdk\driverlib\ccs\Release\</path>
         <kind>archive</kind>
         <file>driverlib.a</file>
         <name>interrupt.obj</name>
      </input_file>
      <input_file id="fl-163">
         <path>C:\TI\CC3200SDK_1.1.0\cc3200-sdk\driverlib\ccs\Release\</path>
         <kind>archive</kind>
         <file>driverlib.a</file>
         <name>pin.obj</name>
      </input_file>
      <input_file id="fl-164">
         <path>C:\TI\CC3200SDK_1.1.0\cc3200-sdk\driverlib\ccs\Release\</path>
         <kind>archive</kind>
         <file>driverlib.a</file>
         <name>prcm.obj</name>
      </input_file>
      <input_file id="fl-165">
         <path>C:\TI\CC3200SDK_1.1.0\cc3200-sdk\driverlib\ccs\Release\</path>
         <kind>archive</kind>
         <file>driverlib.a</file>
         <name>spi.obj</name>
      </input_file>
      <input_file id="fl-166">
         <path>C:\TI\CC3200SDK_1.1.0\cc3200-sdk\driverlib\ccs\Release\</path>
         <kind>archive</kind>
         <file>driverlib.a</file>
         <name>uart.obj</name>
      </input_file>
      <input_file id="fl-167">
         <path>C:\TI\CC3200SDK_1.1.0\cc3200-sdk\driverlib\ccs\Release\</path>
         <kind>archive</kind>
         <file>driverlib.a</file>
         <name>udma.obj</name>
      </input_file>
      <input_file id="fl-168">
         <path>C:\TI\CC3200SDK_1.1.0\cc3200-sdk\driverlib\ccs\Release\</path>
         <kind>archive</kind>
         <file>driverlib.a</file>
         <name>utils.obj</name>
      </input_file>
      <input_file id="fl-169">
         <path>C:\TI\CC3200SDK_1.1.0\cc3200-sdk\driverlib\ccs\Release\</path>
         <kind>archive</kind>
         <file>driverlib.a</file>
         <name>cpu.obj</name>
      </input_file>
      <input_file id="fl-16a">
         <path>C:\TI\CC3200SDK_1.1.0\cc3200-sdk\driverlib\ccs\Release\</path>
         <kind>archive</kind>
         <file>driverlib.a</file>
         <name>flash.obj</name>
      </input_file>
      <input_file id="fl-16b">
         <path>C:\TI\CC3200SDK_1.1.0\cc3200-sdk\oslib\ccs\free_rtos\</path>
         <kind>archive</kind>
         <file>free_rtos.a</file>
         <name>osi_freertos.obj</name>
      </input_file>
      <input_file id="fl-16c">
         <path>C:\TI\CC3200SDK_1.1.0\cc3200-sdk\oslib\ccs\free_rtos\</path>
         <kind>archive</kind>
         <file>free_rtos.a</file>
         <name>port.obj</name>
      </input_file>
      <input_file id="fl-16d">
         <path>C:\TI\CC3200SDK_1.1.0\cc3200-sdk\oslib\ccs\free_rtos\</path>
         <kind>archive</kind>
         <file>free_rtos.a</file>
         <name>portasm.obj</name>
      </input_file>
      <input_file id="fl-16e">
         <path>C:\TI\CC3200SDK_1.1.0\cc3200-sdk\oslib\ccs\free_rtos\</path>
         <kind>archive</kind>
         <file>free_rtos.a</file>
         <name>queue.obj</name>
      </input_file>
      <input_file id="fl-16f">
         <path>C:\TI\CC3200SDK_1.1.0\cc3200-sdk\oslib\ccs\free_rtos\</path>
         <kind>archive</kind>
         <file>free_rtos.a</file>
         <name>tasks.obj</name>
      </input_file>
      <input_file id="fl-170">
         <path>C:\TI\CC3200SDK_1.1.0\cc3200-sdk\oslib\ccs\free_rtos\</path>
         <kind>archive</kind>
         <file>free_rtos.a</file>
         <name>heap_3.obj</name>
      </input_file>
      <input_file id="fl-171">
         <path>C:\TI\CC3200SDK_1.1.0\cc3200-sdk\oslib\ccs\free_rtos\</path>
         <kind>archive</kind>
         <file>free_rtos.a</file>
         <name>list.obj</name>
      </input_file>
   </input_file_list>
   <object_component_list>
      <object_component id="oc-f">
         <name>.intvecs</name>
         <load_address>0x20004000</load_address>
         <run_address>0x20004000</run_address>
         <size>0x400</size>
         <input_file_ref idref="fl-4"/>
      </object_component>
      <object_component id="oc-c3">
         <name>.text</name>
         <load_address>0x20004400</load_address>
         <run_address>0x20004400</run_address>
         <size>0x8408</size>
         <input_file_ref idref="fl-2"/>
      </object_component>
      <object_component id="oc-87">
         <name>.text</name>
         <load_address>0x2000c808</load_address>
         <run_address>0x2000c808</run_address>
         <size>0x125c</size>
         <input_file_ref idref="fl-16f"/>
      </object_component>
      <object_component id="oc-34f">
         <name>.text</name>
         <load_address>0x2000da64</load_address>
         <run_address>0x2000da64</run_address>
         <size>0x10a6</size>
         <input_file_ref idref="fl-13f"/>
      </object_component>
      <object_component id="oc-569">
         <name>.text:IntDefaultHandler</name>
         <load_address>0x2000eb0a</load_address>
         <run_address>0x2000eb0a</run_address>
         <size>0x2</size>
         <input_file_ref idref="fl-162"/>
      </object_component>
      <object_component id="oc-3e7">
         <name>.text</name>
         <load_address>0x2000eb0c</load_address>
         <run_address>0x2000eb0c</run_address>
         <size>0xb24</size>
         <input_file_ref idref="fl-16e"/>
      </object_component>
      <object_component id="oc-5b4">
         <name>.text:_SlDrvMsgRead</name>
         <load_address>0x2000f630</load_address>
         <run_address>0x2000f630</run_address>
         <size>0x5ec</size>
         <input_file_ref idref="fl-15c"/>
      </object_component>
      <object_component id="oc-255">
         <name>.text</name>
         <load_address>0x2000fc1c</load_address>
         <run_address>0x2000fc1c</run_address>
         <size>0x45c</size>
         <input_file_ref idref="fl-16b"/>
      </object_component>
      <object_component id="oc-18e">
         <name>.text</name>
         <load_address>0x20010078</load_address>
         <run_address>0x20010078</run_address>
         <size>0x3dc</size>
         <input_file_ref idref="fl-135"/>
      </object_component>
      <object_component id="oc-124">
         <name>.text</name>
         <load_address>0x20010454</load_address>
         <run_address>0x20010454</run_address>
         <size>0x290</size>
         <input_file_ref idref="fl-5"/>
      </object_component>
      <object_component id="oc-629">
         <name>.text:_SlDrvRxHdrRead</name>
         <load_address>0x200106e4</load_address>
         <run_address>0x200106e4</run_address>
         <size>0x248</size>
         <input_file_ref idref="fl-15c"/>
      </object_component>
      <object_component id="oc-17c">
         <name>.text:sl_WlanConnect</name>
         <load_address>0x2001092c</load_address>
         <run_address>0x2001092c</run_address>
         <size>0x244</size>
         <input_file_ref idref="fl-160"/>
      </object_component>
      <object_component id="oc-4dd">
         <name>.text</name>
         <load_address>0x20010b70</load_address>
         <run_address>0x20010b70</run_address>
         <size>0x1f4</size>
         <input_file_ref idref="fl-151"/>
      </object_component>
      <object_component id="oc-2c5">
         <name>.text:_SlDrvReleasePoolObj</name>
         <load_address>0x20010d64</load_address>
         <run_address>0x20010d64</run_address>
         <size>0x1d0</size>
         <input_file_ref idref="fl-15c"/>
      </object_component>
      <object_component id="oc-495">
         <name>.text:_SlDrvMsgWrite</name>
         <load_address>0x20010f34</load_address>
         <run_address>0x20010f34</run_address>
         <size>0x1cc</size>
         <input_file_ref idref="fl-15c"/>
      </object_component>
      <object_component id="oc-506">
         <name>.text</name>
         <load_address>0x20011100</load_address>
         <run_address>0x20011100</run_address>
         <size>0x1b6</size>
         <input_file_ref idref="fl-146"/>
      </object_component>
      <object_component id="oc-357">
         <name>.text:_SlDrvWaitForPoolObj</name>
         <load_address>0x200112b8</load_address>
         <run_address>0x200112b8</run_address>
         <size>0x190</size>
         <input_file_ref idref="fl-15c"/>
      </object_component>
      <object_component id="oc-29b">
         <name>.text:_SlDrvDriverCBInit</name>
         <load_address>0x20011448</load_address>
         <run_address>0x20011448</run_address>
         <size>0x174</size>
         <input_file_ref idref="fl-15c"/>
      </object_component>
      <object_component id="oc-63b">
         <name>.text:_SlFindAndSetActiveObj</name>
         <load_address>0x200115bc</load_address>
         <run_address>0x200115bc</run_address>
         <size>0x170</size>
         <input_file_ref idref="fl-15c"/>
      </object_component>
      <object_component id="oc-2a1">
         <name>.text:spi_Open</name>
         <load_address>0x2001172c</load_address>
         <run_address>0x2001172c</run_address>
         <size>0x150</size>
         <input_file_ref idref="fl-161"/>
      </object_component>
      <object_component id="oc-4ec">
         <name>.text</name>
         <load_address>0x2001187c</load_address>
         <run_address>0x2001187c</run_address>
         <size>0x136</size>
         <input_file_ref idref="fl-148"/>
      </object_component>
      <object_component id="oc-1c9">
         <name>.text:PRCMCC3200MCUInit</name>
         <load_address>0x200119b4</load_address>
         <run_address>0x200119b4</run_address>
         <size>0x134</size>
         <input_file_ref idref="fl-164"/>
      </object_component>
      <object_component id="oc-e2">
         <name>.text</name>
         <load_address>0x20011ae8</load_address>
         <run_address>0x20011ae8</run_address>
         <size>0x12a</size>
         <input_file_ref idref="fl-171"/>
      </object_component>
      <object_component id="oc-195">
         <name>.text</name>
         <load_address>0x20011c14</load_address>
         <run_address>0x20011c14</run_address>
         <size>0x114</size>
         <input_file_ref idref="fl-13c"/>
      </object_component>
      <object_component id="oc-38">
         <name>.text</name>
         <load_address>0x20011d28</load_address>
         <run_address>0x20011d28</run_address>
         <size>0x110</size>
         <input_file_ref idref="fl-16c"/>
      </object_component>
      <object_component id="oc-5e9">
         <name>.text</name>
         <load_address>0x20011e38</load_address>
         <run_address>0x20011e38</run_address>
         <size>0x110</size>
         <input_file_ref idref="fl-153"/>
      </object_component>
      <object_component id="oc-1a4">
         <name>.text:sl_NetAppDnsGetHostByName</name>
         <load_address>0x20011f48</load_address>
         <run_address>0x20011f48</run_address>
         <size>0x104</size>
         <input_file_ref idref="fl-15d"/>
      </object_component>
      <object_component id="oc-695">
         <name>.text:_SlDrvNetAppEventHandler</name>
         <load_address>0x2001204c</load_address>
         <run_address>0x2001204c</run_address>
         <size>0xfe</size>
         <input_file_ref idref="fl-15d"/>
      </object_component>
      <object_component id="oc-4e7">
         <name>.text</name>
         <load_address>0x2001214a</load_address>
         <run_address>0x2001214a</run_address>
         <size>0xfc</size>
         <input_file_ref idref="fl-149"/>
      </object_component>
      <object_component id="oc-2f7">
         <name>.text:_SlDrvDriverCBDeinit</name>
         <load_address>0x20012248</load_address>
         <run_address>0x20012248</run_address>
         <size>0xf4</size>
         <input_file_ref idref="fl-15c"/>
      </object_component>
      <object_component id="oc-718">
         <name>.text:uDMAChannelTransferSet</name>
         <load_address>0x2001233c</load_address>
         <run_address>0x2001233c</run_address>
         <size>0xf0</size>
         <input_file_ref idref="fl-167"/>
      </object_component>
      <object_component id="oc-635">
         <name>.text:spi_Read</name>
         <load_address>0x2001242c</load_address>
         <run_address>0x2001242c</run_address>
         <size>0xdc</size>
         <input_file_ref idref="fl-161"/>
      </object_component>
      <object_component id="oc-62f">
         <name>.text:_SlDrvClassifyRxMsg</name>
         <load_address>0x20012508</load_address>
         <run_address>0x20012508</run_address>
         <size>0xd8</size>
         <input_file_ref idref="fl-15c"/>
      </object_component>
      <object_component id="oc-13f">
         <name>.text:sl_Stop</name>
         <load_address>0x200125e0</load_address>
         <run_address>0x200125e0</run_address>
         <size>0xd4</size>
         <input_file_ref idref="fl-15b"/>
      </object_component>
      <object_component id="oc-6e2">
         <name>.text:_sl_HandleAsync_DnsGetHostByService</name>
         <load_address>0x200126b4</load_address>
         <run_address>0x200126b4</run_address>
         <size>0xc8</size>
         <input_file_ref idref="fl-15d"/>
      </object_component>
      <object_component id="oc-46e">
         <name>.text:_SlRemoveFromList</name>
         <load_address>0x2001277c</load_address>
         <run_address>0x2001277c</run_address>
         <size>0xc4</size>
         <input_file_ref idref="fl-15c"/>
      </object_component>
      <object_component id="oc-66e">
         <name>.text</name>
         <load_address>0x20012840</load_address>
         <run_address>0x20012840</run_address>
         <size>0xbe</size>
         <input_file_ref idref="fl-15a"/>
      </object_component>
      <object_component id="oc-49b">
         <name>.text:_SlDrvMsgReadCmdCtx</name>
         <load_address>0x20012900</load_address>
         <run_address>0x20012900</run_address>
         <size>0xbc</size>
         <input_file_ref idref="fl-15c"/>
      </object_component>
      <object_component id="oc-133">
         <name>.text:sl_Start</name>
         <load_address>0x200129bc</load_address>
         <run_address>0x200129bc</run_address>
         <size>0xbc</size>
         <input_file_ref idref="fl-15b"/>
      </object_component>
      <object_component id="oc-33">
         <name>.text</name>
         <load_address>0x20012a78</load_address>
         <run_address>0x20012a78</run_address>
         <size>0xba</size>
         <input_file_ref idref="fl-16d"/>
      </object_component>
      <object_component id="oc-5ba">
         <name>.text:_SlAsyncEventGenericHandler</name>
         <load_address>0x20012b34</load_address>
         <run_address>0x20012b34</run_address>
         <size>0xb8</size>
         <input_file_ref idref="fl-15c"/>
      </object_component>
      <object_component id="oc-326">
         <name>.text:sl_NetAppMDNSRegisterUnregisterService</name>
         <load_address>0x20012bec</load_address>
         <run_address>0x20012bec</run_address>
         <size>0xb4</size>
         <input_file_ref idref="fl-15d"/>
      </object_component>
      <object_component id="oc-3db">
         <name>.text:IntDisable</name>
         <load_address>0x20012ca0</load_address>
         <run_address>0x20012ca0</run_address>
         <size>0xa8</size>
         <input_file_ref idref="fl-162"/>
      </object_component>
      <object_component id="oc-1c3">
         <name>.text:IntEnable</name>
         <load_address>0x20012d48</load_address>
         <run_address>0x20012d48</run_address>
         <size>0xa8</size>
         <input_file_ref idref="fl-162"/>
      </object_component>
      <object_component id="oc-412">
         <name>.text:SPIConfigSetExpClk</name>
         <load_address>0x20012df0</load_address>
         <run_address>0x20012df0</run_address>
         <size>0xa0</size>
         <input_file_ref idref="fl-165"/>
      </object_component>
      <object_component id="oc-481">
         <name>.text:_SlDrvMsgReadSpawnCtx</name>
         <load_address>0x20012e90</load_address>
         <run_address>0x20012e90</run_address>
         <size>0x9c</size>
         <input_file_ref idref="fl-15c"/>
      </object_component>
      <object_component id="oc-41">
         <name>.text</name>
         <load_address>0x20012f2c</load_address>
         <run_address>0x20012f2c</run_address>
         <size>0x9c</size>
         <input_file_ref idref="fl-133"/>
      </object_component>
      <object_component id="oc-145">
         <name>.text:sl_DevGet</name>
         <load_address>0x20012fc8</load_address>
         <run_address>0x20012fc8</run_address>
         <size>0x9c</size>
         <input_file_ref idref="fl-15b"/>
      </object_component>
      <object_component id="oc-23d">
         <name>.text:PRCMPeripheralClockGet</name>
         <load_address>0x20013064</load_address>
         <run_address>0x20013064</run_address>
         <size>0x94</size>
         <input_file_ref idref="fl-164"/>
      </object_component>
      <object_component id="oc-6a2">
         <name>.text:SetupDMAReceive</name>
         <load_address>0x200130f8</load_address>
         <run_address>0x200130f8</run_address>
         <size>0x8c</size>
         <input_file_ref idref="fl-161"/>
      </object_component>
      <object_component id="oc-646">
         <name>.text:SetupDMASend</name>
         <load_address>0x20013184</load_address>
         <run_address>0x20013184</run_address>
         <size>0x8c</size>
         <input_file_ref idref="fl-161"/>
      </object_component>
      <object_component id="oc-6dc">
         <name>.text:_sl_HandleAsync_DnsGetHostByName</name>
         <load_address>0x20013210</load_address>
         <run_address>0x20013210</run_address>
         <size>0x8c</size>
         <input_file_ref idref="fl-15d"/>
      </object_component>
      <object_component id="oc-69b">
         <name>.text:_sl_HandleAsync_PingResponse</name>
         <load_address>0x2001329c</load_address>
         <run_address>0x2001329c</run_address>
         <size>0x8c</size>
         <input_file_ref idref="fl-15d"/>
      </object_component>
      <object_component id="oc-5c2">
         <name>.text:spi_Write</name>
         <load_address>0x20013328</load_address>
         <run_address>0x20013328</run_address>
         <size>0x8c</size>
         <input_file_ref idref="fl-161"/>
      </object_component>
      <object_component id="oc-558">
         <name>.text:PinConfigSet</name>
         <load_address>0x200133b4</load_address>
         <run_address>0x200133b4</run_address>
         <size>0x88</size>
         <input_file_ref idref="fl-163"/>
      </object_component>
      <object_component id="oc-24f">
         <name>.text</name>
         <load_address>0x2001343c</load_address>
         <run_address>0x2001343c</run_address>
         <size>0x88</size>
         <input_file_ref idref="fl-13d"/>
      </object_component>
      <object_component id="oc-4e2">
         <name>.text:__aeabi_cdcmple</name>
         <load_address>0x200134c4</load_address>
         <run_address>0x200134c4</run_address>
         <size>0x86</size>
         <input_file_ref idref="fl-147"/>
      </object_component>
      <object_component id="oc-4f1">
         <name>.text:__aeabi_cdrcmple</name>
         <load_address>0x2001354a</load_address>
         <run_address>0x2001354a</run_address>
         <size>0x86</size>
         <input_file_ref idref="fl-147"/>
      </object_component>
      <object_component id="oc-295">
         <name>.text:NwpPowerOnPreamble</name>
         <load_address>0x200135d0</load_address>
         <run_address>0x200135d0</run_address>
         <size>0x84</size>
         <input_file_ref idref="fl-161"/>
      </object_component>
      <object_component id="oc-2e1">
         <name>.text:_SlDrvCmdOp</name>
         <load_address>0x20013654</load_address>
         <run_address>0x20013654</run_address>
         <size>0x80</size>
         <input_file_ref idref="fl-15c"/>
      </object_component>
      <object_component id="oc-6a8">
         <name>.text:spi_Read_CPU</name>
         <load_address>0x200136d4</load_address>
         <run_address>0x200136d4</run_address>
         <size>0x80</size>
         <input_file_ref idref="fl-161"/>
      </object_component>
      <object_component id="oc-658">
         <name>.text:spi_Write_CPU</name>
         <load_address>0x20013754</load_address>
         <run_address>0x20013754</run_address>
         <size>0x80</size>
         <input_file_ref idref="fl-161"/>
      </object_component>
      <object_component id="oc-65f">
         <name>.text:_sl_HandleAsync_InitComplete</name>
         <load_address>0x200137d4</load_address>
         <run_address>0x200137d4</run_address>
         <size>0x7c</size>
         <input_file_ref idref="fl-15b"/>
      </object_component>
      <object_component id="oc-5a">
         <name>.text</name>
         <load_address>0x20013850</load_address>
         <run_address>0x20013850</run_address>
         <size>0x7a</size>
         <input_file_ref idref="fl-136"/>
      </object_component>
      <object_component id="oc-6fe">
         <name>.text:_sl_HandleAsync_Connect</name>
         <load_address>0x200138cc</load_address>
         <run_address>0x200138cc</run_address>
         <size>0x78</size>
         <input_file_ref idref="fl-15f"/>
      </object_component>
      <object_component id="oc-2f1">
         <name>.text:spi_Close</name>
         <load_address>0x20013944</load_address>
         <run_address>0x20013944</run_address>
         <size>0x78</size>
         <input_file_ref idref="fl-161"/>
      </object_component>
      <object_component id="oc-243">
         <name>.text:UARTConfigSetExpClk</name>
         <load_address>0x200139bc</load_address>
         <run_address>0x200139bc</run_address>
         <size>0x76</size>
         <input_file_ref idref="fl-166"/>
      </object_component>
      <object_component id="oc-73a">
         <name>.text:_SlDrvCmdSend</name>
         <load_address>0x20013a34</load_address>
         <run_address>0x20013a34</run_address>
         <size>0x6c</size>
         <input_file_ref idref="fl-15c"/>
      </object_component>
      <object_component id="oc-6c">
         <name>.text</name>
         <load_address>0x20013aa0</load_address>
         <run_address>0x20013aa0</run_address>
         <size>0x6c</size>
         <input_file_ref idref="fl-142"/>
      </object_component>
      <object_component id="oc-4d">
         <name>.text</name>
         <load_address>0x20013b0c</load_address>
         <run_address>0x20013b0c</run_address>
         <size>0x6a</size>
         <input_file_ref idref="fl-130"/>
      </object_component>
      <object_component id="oc-6e8">
         <name>.text:_sl_NetAppSendTokenValue</name>
         <load_address>0x20013b78</load_address>
         <run_address>0x20013b78</run_address>
         <size>0x68</size>
         <input_file_ref idref="fl-15d"/>
      </object_component>
      <object_component id="oc-15d">
         <name>.text:sl_NetCfgSet</name>
         <load_address>0x20013be0</load_address>
         <run_address>0x20013be0</run_address>
         <size>0x68</size>
         <input_file_ref idref="fl-15e"/>
      </object_component>
      <object_component id="oc-163">
         <name>.text:sl_WlanSet</name>
         <load_address>0x20013c48</load_address>
         <run_address>0x20013c48</run_address>
         <size>0x68</size>
         <input_file_ref idref="fl-160"/>
      </object_component>
      <object_component id="oc-5e1">
         <name>.text</name>
         <load_address>0x20013cb0</load_address>
         <run_address>0x20013cb0</run_address>
         <size>0x66</size>
         <input_file_ref idref="fl-154"/>
      </object_component>
      <object_component id="oc-588">
         <name>.text:uDMAChannelAttributeDisable</name>
         <load_address>0x20013d18</load_address>
         <run_address>0x20013d18</run_address>
         <size>0x64</size>
         <input_file_ref idref="fl-167"/>
      </object_component>
      <object_component id="oc-712">
         <name>.text:uDMAChannelAttributeEnable</name>
         <load_address>0x20013d7c</load_address>
         <run_address>0x20013d7c</run_address>
         <size>0x64</size>
         <input_file_ref idref="fl-167"/>
      </object_component>
      <object_component id="oc-6f8">
         <name>.text:_sl_HandleAsync_Accept</name>
         <load_address>0x20013de0</load_address>
         <run_address>0x20013de0</run_address>
         <size>0x60</size>
         <input_file_ref idref="fl-15f"/>
      </object_component>
      <object_component id="oc-19e">
         <name>.text</name>
         <load_address>0x20013e40</load_address>
         <run_address>0x20013e40</run_address>
         <size>0x60</size>
         <input_file_ref idref="fl-138"/>
      </object_component>
      <object_component id="oc-14b">
         <name>.text:sl_WlanPolicySet</name>
         <load_address>0x20013ea0</load_address>
         <run_address>0x20013ea0</run_address>
         <size>0x60</size>
         <input_file_ref idref="fl-160"/>
      </object_component>
      <object_component id="oc-45f">
         <name>.text:IntPendClear</name>
         <load_address>0x20013f00</load_address>
         <run_address>0x20013f00</run_address>
         <size>0x58</size>
         <input_file_ref idref="fl-162"/>
      </object_component>
      <object_component id="oc-393">
         <name>.text:PRCMPeripheralReset</name>
         <load_address>0x20013f58</load_address>
         <run_address>0x20013f58</run_address>
         <size>0x58</size>
         <input_file_ref idref="fl-164"/>
      </object_component>
      <object_component id="oc-4fb">
         <name>.text</name>
         <load_address>0x20013fb0</load_address>
         <run_address>0x20013fb0</run_address>
         <size>0x56</size>
         <input_file_ref idref="fl-14e"/>
      </object_component>
      <object_component id="oc-3d5">
         <name>.text:IntPrioritySet</name>
         <load_address>0x20014008</load_address>
         <run_address>0x20014008</run_address>
         <size>0x54</size>
         <input_file_ref idref="fl-162"/>
      </object_component>
      <object_component id="oc-704">
         <name>.text:_sl_HandleAsync_Select</name>
         <load_address>0x2001405c</load_address>
         <run_address>0x2001405c</run_address>
         <size>0x54</size>
         <input_file_ref idref="fl-15f"/>
      </object_component>
      <object_component id="oc-172">
         <name>.text:sl_WlanRxFilterSet</name>
         <load_address>0x200140b0</load_address>
         <run_address>0x200140b0</run_address>
         <size>0x54</size>
         <input_file_ref idref="fl-160"/>
      </object_component>
      <object_component id="oc-665">
         <name>.text:_sl_HandleAsync_Stop</name>
         <load_address>0x20014104</load_address>
         <run_address>0x20014104</run_address>
         <size>0x50</size>
         <input_file_ref idref="fl-15b"/>
      </object_component>
      <object_component id="oc-436">
         <name>.text:SPIIntEnable</name>
         <load_address>0x20014154</load_address>
         <run_address>0x20014154</run_address>
         <size>0x4c</size>
         <input_file_ref idref="fl-165"/>
      </object_component>
      <object_component id="oc-2a7">
         <name>.text:_SlDrvProtectAsyncRespSetting</name>
         <load_address>0x200141a0</load_address>
         <run_address>0x200141a0</run_address>
         <size>0x4c</size>
         <input_file_ref idref="fl-15c"/>
      </object_component>
      <object_component id="oc-2d4">
         <name>.text:_SlDrvRxIrqHandler</name>
         <load_address>0x200141ec</load_address>
         <run_address>0x200141ec</run_address>
         <size>0x4c</size>
         <input_file_ref idref="fl-15c"/>
      </object_component>
      <object_component id="oc-529">
         <name>.text</name>
         <load_address>0x20014238</load_address>
         <run_address>0x20014238</run_address>
         <size>0x4c</size>
         <input_file_ref idref="fl-141"/>
      </object_component>
      <object_component id="oc-bb">
         <name>.text</name>
         <load_address>0x20014284</load_address>
         <run_address>0x20014284</run_address>
         <size>0x4c</size>
         <input_file_ref idref="fl-143"/>
      </object_component>
      <object_component id="oc-582">
         <name>.text:uDMAChannelAssign</name>
         <load_address>0x200142d0</load_address>
         <run_address>0x200142d0</run_address>
         <size>0x4c</size>
         <input_file_ref idref="fl-167"/>
      </object_component>
      <object_component id="oc-59e">
         <name>.text:SPIIntClear</name>
         <load_address>0x2001431c</load_address>
         <run_address>0x2001431c</run_address>
         <size>0x48</size>
         <input_file_ref idref="fl-165"/>
      </object_component>
      <object_component id="oc-314">
         <name>.text:_SlDrvBasicCmd</name>
         <load_address>0x20014364</load_address>
         <run_address>0x20014364</run_address>
         <size>0x48</size>
         <input_file_ref idref="fl-15c"/>
      </object_component>
      <object_component id="oc-4f6">
         <name>.text</name>
         <load_address>0x200143ac</load_address>
         <run_address>0x200143ac</run_address>
         <size>0x48</size>
         <input_file_ref idref="fl-14a"/>
      </object_component>
      <object_component id="oc-511">
         <name>.text</name>
         <load_address>0x200143f4</load_address>
         <run_address>0x200143f4</run_address>
         <size>0x46</size>
         <input_file_ref idref="fl-14d"/>
      </object_component>
      <object_component id="oc-592">
         <name>.text:SPIDmaMaskGet</name>
         <load_address>0x2001443c</load_address>
         <run_address>0x2001443c</run_address>
         <size>0x44</size>
         <input_file_ref idref="fl-165"/>
      </object_component>
      <object_component id="oc-6b5">
         <name>.text:cc_SetupTransfer</name>
         <load_address>0x20014480</load_address>
         <run_address>0x20014480</run_address>
         <size>0x44</size>
         <input_file_ref idref="fl-161"/>
      </object_component>
      <object_component id="oc-78">
         <name>.text</name>
         <load_address>0x200144c4</load_address>
         <run_address>0x200144c4</run_address>
         <size>0x44</size>
         <input_file_ref idref="fl-132"/>
      </object_component>
      <object_component id="oc-1b0">
         <name>.text:sl_Htonl</name>
         <load_address>0x20014508</load_address>
         <run_address>0x20014508</run_address>
         <size>0x42</size>
         <input_file_ref idref="fl-15f"/>
      </object_component>
      <object_component id="oc-552">
         <name>.text:PinModeSet</name>
         <load_address>0x2001454c</load_address>
         <run_address>0x2001454c</run_address>
         <size>0x40</size>
         <input_file_ref idref="fl-163"/>
      </object_component>
      <object_component id="oc-727">
         <name>.text</name>
         <load_address>0x2001458c</load_address>
         <run_address>0x2001458c</run_address>
         <size>0x40</size>
         <input_file_ref idref="fl-159"/>
      </object_component>
      <object_component id="oc-6ef">
         <name>.text:CopyPingResultsToReport</name>
         <load_address>0x200145cc</load_address>
         <run_address>0x200145cc</run_address>
         <size>0x3c</size>
         <input_file_ref idref="fl-15d"/>
      </object_component>
      <object_component id="oc-38d">
         <name>.text:PRCMPeripheralClkEnable</name>
         <load_address>0x20014608</load_address>
         <run_address>0x20014608</run_address>
         <size>0x3c</size>
         <input_file_ref idref="fl-164"/>
      </object_component>
      <object_component id="oc-24">
         <name>.text</name>
         <load_address>0x20014644</load_address>
         <run_address>0x20014644</run_address>
         <size>0x3c</size>
         <input_file_ref idref="fl-12e"/>
      </object_component>
      <object_component id="oc-1aa">
         <name>.text:sl_Htons</name>
         <load_address>0x20014680</load_address>
         <run_address>0x20014680</run_address>
         <size>0x3c</size>
         <input_file_ref idref="fl-15f"/>
      </object_component>
      <object_component id="oc-70c">
         <name>.text:uDMAChannelControlSet</name>
         <load_address>0x200146bc</load_address>
         <run_address>0x200146bc</run_address>
         <size>0x3c</size>
         <input_file_ref idref="fl-167"/>
      </object_component>
      <object_component id="oc-2ad">
         <name>.text:NwpPowerOff</name>
         <load_address>0x200146f8</load_address>
         <run_address>0x200146f8</run_address>
         <size>0x38</size>
         <input_file_ref idref="fl-161"/>
      </object_component>
      <object_component id="oc-f2">
         <name>.text</name>
         <load_address>0x20014730</load_address>
         <run_address>0x20014730</run_address>
         <size>0x38</size>
         <input_file_ref idref="fl-170"/>
      </object_component>
      <object_component id="oc-169">
         <name>.text:sl_NetAppMDNSUnRegisterService</name>
         <load_address>0x20014768</load_address>
         <run_address>0x20014768</run_address>
         <size>0x36</size>
         <input_file_ref idref="fl-15d"/>
      </object_component>
      <object_component id="oc-418">
         <name>.text:PRCMPeripheralStatusGet</name>
         <load_address>0x200147a0</load_address>
         <run_address>0x200147a0</run_address>
         <size>0x34</size>
         <input_file_ref idref="fl-164"/>
      </object_component>
      <object_component id="oc-430">
         <name>.text:SPIFIFOLevelSet</name>
         <load_address>0x200147d4</load_address>
         <run_address>0x200147d4</run_address>
         <size>0x34</size>
         <input_file_ref idref="fl-165"/>
      </object_component>
      <object_component id="oc-67d">
         <name>.text</name>
         <load_address>0x20014808</load_address>
         <run_address>0x20014808</run_address>
         <size>0x34</size>
         <input_file_ref idref="fl-157"/>
      </object_component>
      <object_component id="oc-3b5">
         <name>.text:UARTDisable</name>
         <load_address>0x2001483c</load_address>
         <run_address>0x2001483c</run_address>
         <size>0x30</size>
         <input_file_ref idref="fl-166"/>
      </object_component>
      <object_component id="oc-5cd">
         <name>.text:_SlDrvDeviceEventHandler</name>
         <load_address>0x2001486c</load_address>
         <run_address>0x2001486c</run_address>
         <size>0x30</size>
         <input_file_ref idref="fl-15b"/>
      </object_component>
      <object_component id="oc-5ef">
         <name>.text</name>
         <load_address>0x2001489c</load_address>
         <run_address>0x2001489c</run_address>
         <size>0x30</size>
         <input_file_ref idref="fl-155"/>
      </object_component>
      <object_component id="oc-151">
         <name>.text:sl_WlanProfileDel</name>
         <load_address>0x200148cc</load_address>
         <run_address>0x200148cc</run_address>
         <size>0x30</size>
         <input_file_ref idref="fl-160"/>
      </object_component>
      <object_component id="oc-139">
         <name>.text:sl_WlanSetMode</name>
         <load_address>0x200148fc</load_address>
         <run_address>0x200148fc</run_address>
         <size>0x30</size>
         <input_file_ref idref="fl-160"/>
      </object_component>
      <object_component id="oc-501">
         <name>.text</name>
         <load_address>0x2001492c</load_address>
         <run_address>0x2001492c</run_address>
         <size>0x2e</size>
         <input_file_ref idref="fl-14c"/>
      </object_component>
      <object_component id="oc-6ce">
         <name>.text</name>
         <load_address>0x2001495a</load_address>
         <run_address>0x2001495a</run_address>
         <size>0x2e</size>
         <input_file_ref idref="fl-158"/>
      </object_component>
      <object_component id="oc-448">
         <name>.text:DmaSpiSwIntHandler</name>
         <load_address>0x20014988</load_address>
         <run_address>0x20014988</run_address>
         <size>0x2c</size>
         <input_file_ref idref="fl-161"/>
      </object_component>
      <object_component id="oc-2b9">
         <name>.text:NwpPowerOn</name>
         <load_address>0x200149b4</load_address>
         <run_address>0x200149b4</run_address>
         <size>0x2c</size>
         <input_file_ref idref="fl-161"/>
      </object_component>
      <object_component id="oc-39f">
         <name>.text:PRCMSysResetCauseGet</name>
         <load_address>0x200149e0</load_address>
         <run_address>0x200149e0</run_address>
         <size>0x2c</size>
         <input_file_ref idref="fl-164"/>
      </object_component>
      <object_component id="oc-51d">
         <name>.text</name>
         <load_address>0x20014a0c</load_address>
         <run_address>0x20014a0c</run_address>
         <size>0x2a</size>
         <input_file_ref idref="fl-152"/>
      </object_component>
      <object_component id="oc-399">
         <name>.text:PRCMPeripheralClkDisable</name>
         <load_address>0x20014a38</load_address>
         <run_address>0x20014a38</run_address>
         <size>0x28</size>
         <input_file_ref idref="fl-164"/>
      </object_component>
      <object_component id="oc-2b3">
         <name>.text:NwpRegisterInterruptHandler</name>
         <load_address>0x20014a60</load_address>
         <run_address>0x20014a60</run_address>
         <size>0x26</size>
         <input_file_ref idref="fl-161"/>
      </object_component>
      <object_component id="oc-182">
         <name>.text</name>
         <load_address>0x20014a86</load_address>
         <run_address>0x20014a86</run_address>
         <size>0x26</size>
         <input_file_ref idref="fl-13b"/>
      </object_component>
      <object_component id="oc-3e1">
         <name>.text:IntUnregister</name>
         <load_address>0x20014aac</load_address>
         <run_address>0x20014aac</run_address>
         <size>0x24</size>
         <input_file_ref idref="fl-162"/>
      </object_component>
      <object_component id="oc-3bb">
         <name>.text:UARTEnable</name>
         <load_address>0x20014ad0</load_address>
         <run_address>0x20014ad0</run_address>
         <size>0x24</size>
         <input_file_ref idref="fl-166"/>
      </object_component>
      <object_component id="oc-35d">
         <name>.text:_SlDrvProtectionObjLockWaitForever</name>
         <load_address>0x20014af4</load_address>
         <run_address>0x20014af4</run_address>
         <size>0x24</size>
         <input_file_ref idref="fl-15c"/>
      </object_component>
      <object_component id="oc-267">
         <name>.text</name>
         <load_address>0x20014b18</load_address>
         <run_address>0x20014b18</run_address>
         <size>0x24</size>
         <input_file_ref idref="fl-134"/>
      </object_component>
      <object_component id="oc-40c">
         <name>.text:SPIReset</name>
         <load_address>0x20014b3c</load_address>
         <run_address>0x20014b3c</run_address>
         <size>0x22</size>
         <input_file_ref idref="fl-165"/>
      </object_component>
      <object_component id="oc-652">
         <name>.text:SPIWordCountSet</name>
         <load_address>0x20014b5e</load_address>
         <run_address>0x20014b5e</run_address>
         <size>0x22</size>
         <input_file_ref idref="fl-165"/>
      </object_component>
      <object_component id="oc-50b">
         <name>.text</name>
         <load_address>0x20014b80</load_address>
         <run_address>0x20014b80</run_address>
         <size>0x22</size>
         <input_file_ref idref="fl-14b"/>
      </object_component>
      <object_component id="oc-3cf">
         <name>.text:IntRegister</name>
         <load_address>0x20014ba4</load_address>
         <run_address>0x20014ba4</run_address>
         <size>0x20</size>
         <input_file_ref idref="fl-162"/>
      </object_component>
      <object_component id="oc-363">
         <name>.text:_SlDrvProtectionObjUnLock</name>
         <load_address>0x20014bc4</load_address>
         <run_address>0x20014bc4</run_address>
         <size>0x20</size>
         <input_file_ref idref="fl-15c"/>
      </object_component>
      <object_component id="oc-249">
         <name>.text:UARTCharPut</name>
         <load_address>0x20014be4</load_address>
         <run_address>0x20014be4</run_address>
         <size>0x1e</size>
         <input_file_ref idref="fl-166"/>
      </object_component>
      <object_component id="oc-41e">
         <name>.text:cc_UDMAChannelSelect</name>
         <load_address>0x20014c02</load_address>
         <run_address>0x20014c02</run_address>
         <size>0x1e</size>
         <input_file_ref idref="fl-161"/>
      </object_component>
      <object_component id="oc-261">
         <name>.text:UARTCharGetNonBlocking</name>
         <load_address>0x20014c20</load_address>
         <run_address>0x20014c20</run_address>
         <size>0x1c</size>
         <input_file_ref idref="fl-166"/>
      </object_component>
      <object_component id="oc-48f">
         <name>.text:_SlDrvObjLockWaitForever</name>
         <load_address>0x20014c3c</load_address>
         <run_address>0x20014c3c</run_address>
         <size>0x1c</size>
         <input_file_ref idref="fl-15c"/>
      </object_component>
      <object_component id="oc-2bf">
         <name>.text:_SlDrvSyncObjWaitForever</name>
         <load_address>0x20014c58</load_address>
         <run_address>0x20014c58</run_address>
         <size>0x1c</size>
         <input_file_ref idref="fl-15c"/>
      </object_component>
      <object_component id="oc-1cf">
         <name>.text</name>
         <load_address>0x20014c74</load_address>
         <run_address>0x20014c74</run_address>
         <size>0x1c</size>
         <input_file_ref idref="fl-3"/>
      </object_component>
      <object_component id="oc-523">
         <name>.text</name>
         <load_address>0x20014c90</load_address>
         <run_address>0x20014c90</run_address>
         <size>0x1c</size>
         <input_file_ref idref="fl-14f"/>
      </object_component>
      <object_component id="oc-71e">
         <name>.text:uDMAChannelEnable</name>
         <load_address>0x20014cac</load_address>
         <run_address>0x20014cac</run_address>
         <size>0x1c</size>
         <input_file_ref idref="fl-167"/>
      </object_component>
      <object_component id="oc-3a6">
         <name>.text:PinTypeUART</name>
         <load_address>0x20014cc8</load_address>
         <run_address>0x20014cc8</run_address>
         <size>0x1a</size>
         <input_file_ref idref="fl-163"/>
      </object_component>
      <object_component id="oc-4b2">
         <name>.text:SPIDmaDisable</name>
         <load_address>0x20014ce2</load_address>
         <run_address>0x20014ce2</run_address>
         <size>0x1a</size>
         <input_file_ref idref="fl-165"/>
      </object_component>
      <object_component id="oc-42a">
         <name>.text:SPIDmaEnable</name>
         <load_address>0x20014cfc</load_address>
         <run_address>0x20014cfc</run_address>
         <size>0x1a</size>
         <input_file_ref idref="fl-165"/>
      </object_component>
      <object_component id="oc-4ac">
         <name>.text:SPIFIFODisable</name>
         <load_address>0x20014d16</load_address>
         <run_address>0x20014d16</run_address>
         <size>0x1a</size>
         <input_file_ref idref="fl-165"/>
      </object_component>
      <object_component id="oc-424">
         <name>.text:SPIFIFOEnable</name>
         <load_address>0x20014d30</load_address>
         <run_address>0x20014d30</run_address>
         <size>0x1a</size>
         <input_file_ref idref="fl-165"/>
      </object_component>
      <object_component id="oc-400">
         <name>.text:SPICSDisable</name>
         <load_address>0x20014d4a</load_address>
         <run_address>0x20014d4a</run_address>
         <size>0x18</size>
         <input_file_ref idref="fl-165"/>
      </object_component>
      <object_component id="oc-64c">
         <name>.text:SPICSEnable</name>
         <load_address>0x20014d62</load_address>
         <run_address>0x20014d62</run_address>
         <size>0x18</size>
         <input_file_ref idref="fl-165"/>
      </object_component>
      <object_component id="oc-406">
         <name>.text:SPIDisable</name>
         <load_address>0x20014d7a</load_address>
         <run_address>0x20014d7a</run_address>
         <size>0x18</size>
         <input_file_ref idref="fl-165"/>
      </object_component>
      <object_component id="oc-43c">
         <name>.text:SPIEnable</name>
         <load_address>0x20014d92</load_address>
         <run_address>0x20014d92</run_address>
         <size>0x18</size>
         <input_file_ref idref="fl-165"/>
      </object_component>
      <object_component id="oc-25b">
         <name>.text:UARTCharsAvail</name>
         <load_address>0x20014daa</load_address>
         <run_address>0x20014daa</run_address>
         <size>0x18</size>
         <input_file_ref idref="fl-166"/>
      </object_component>
      <object_component id="oc-4a1">
         <name>.text:_SlDrvObjUnLock</name>
         <load_address>0x20014dc2</load_address>
         <run_address>0x20014dc2</run_address>
         <size>0x18</size>
         <input_file_ref idref="fl-15c"/>
      </object_component>
      <object_component id="oc-474">
         <name>.text:_SlDrvSyncObjSignal</name>
         <load_address>0x20014dda</load_address>
         <run_address>0x20014dda</run_address>
         <size>0x18</size>
         <input_file_ref idref="fl-15c"/>
      </object_component>
      <object_component id="oc-2cb">
         <name>.text:_sl_GetStartResponseConvert</name>
         <load_address>0x20014df4</load_address>
         <run_address>0x20014df4</run_address>
         <size>0x18</size>
         <input_file_ref idref="fl-15b"/>
      </object_component>
      <object_component id="oc-72">
         <name>.text</name>
         <load_address>0x20014e0c</load_address>
         <run_address>0x20014e0c</run_address>
         <size>0x18</size>
         <input_file_ref idref="fl-140"/>
      </object_component>
      <object_component id="oc-381">
         <name>.text:PRCMHIBRegRead</name>
         <load_address>0x20014e24</load_address>
         <run_address>0x20014e24</run_address>
         <size>0x16</size>
         <input_file_ref idref="fl-164"/>
      </object_component>
      <object_component id="oc-387">
         <name>.text:PRCMHIBRegWrite</name>
         <load_address>0x20014e3a</load_address>
         <run_address>0x20014e3a</run_address>
         <size>0x16</size>
         <input_file_ref idref="fl-164"/>
      </object_component>
      <object_component id="oc-333">
         <name>.text:_SlDrvMemZero</name>
         <load_address>0x20014e50</load_address>
         <run_address>0x20014e50</run_address>
         <size>0x16</size>
         <input_file_ref idref="fl-15c"/>
      </object_component>
      <object_component id="oc-517">
         <name>.text</name>
         <load_address>0x20014e66</load_address>
         <run_address>0x20014e66</run_address>
         <size>0x16</size>
         <input_file_ref idref="fl-150"/>
      </object_component>
      <object_component id="oc-376">
         <name>.text:CPUcpsie</name>
         <load_address>0x20014e7c</load_address>
         <run_address>0x20014e7c</run_address>
         <size>0x14</size>
         <input_file_ref idref="fl-169"/>
      </object_component>
      <object_component id="oc-1b7">
         <name>.text:IntVTableBaseSet</name>
         <load_address>0x20014e90</load_address>
         <run_address>0x20014e90</run_address>
         <size>0x14</size>
         <input_file_ref idref="fl-162"/>
      </object_component>
      <object_component id="oc-1fb">
         <name>.text</name>
         <load_address>0x20014ea4</load_address>
         <run_address>0x20014ea4</run_address>
         <size>0x14</size>
         <input_file_ref idref="fl-13e"/>
      </object_component>
      <object_component id="oc-188">
         <name>.text</name>
         <load_address>0x20014eb8</load_address>
         <run_address>0x20014eb8</run_address>
         <size>0x14</size>
         <input_file_ref idref="fl-13a"/>
      </object_component>
      <object_component id="oc-306">
         <name>.text:_SlDrvResetCmdExt</name>
         <load_address>0x20014ecc</load_address>
         <run_address>0x20014ecc</run_address>
         <size>0xe</size>
         <input_file_ref idref="fl-15c"/>
      </object_component>
      <object_component id="oc-12">
         <name>.text:decompress:none</name>
         <load_address>0x20014eda</load_address>
         <run_address>0x20014eda</run_address>
         <size>0xe</size>
         <input_file_ref idref="fl-12f"/>
      </object_component>
      <object_component id="oc-2d">
         <name>.text</name>
         <load_address>0x20014ee8</load_address>
         <run_address>0x20014ee8</run_address>
         <size>0xe</size>
         <input_file_ref idref="fl-4"/>
      </object_component>
      <object_component id="oc-458">
         <name>.text:NwpMaskInterrupt</name>
         <load_address>0x20014ef8</load_address>
         <run_address>0x20014ef8</run_address>
         <size>0xc</size>
         <input_file_ref idref="fl-161"/>
      </object_component>
      <object_component id="oc-466">
         <name>.text:NwpUnMaskInterrupt</name>
         <load_address>0x20014f04</load_address>
         <run_address>0x20014f04</run_address>
         <size>0xc</size>
         <input_file_ref idref="fl-161"/>
      </object_component>
      <object_component id="oc-1e">
         <name>.text:decompress:ZI</name>
         <load_address>0x20014f10</load_address>
         <run_address>0x20014f10</run_address>
         <size>0xc</size>
         <input_file_ref idref="fl-131"/>
      </object_component>
      <object_component id="oc-157">
         <name>.text:sl_WlanDisconnect</name>
         <load_address>0x20014f1c</load_address>
         <run_address>0x20014f1c</run_address>
         <size>0xc</size>
         <input_file_ref idref="fl-160"/>
      </object_component>
      <object_component id="oc-1bd">
         <name>.text:IntMasterEnable</name>
         <load_address>0x20014f28</load_address>
         <run_address>0x20014f28</run_address>
         <size>0xa</size>
         <input_file_ref idref="fl-162"/>
      </object_component>
      <object_component id="oc-3f7">
         <name>.text:UtilsDelay</name>
         <load_address>0x20014f32</load_address>
         <run_address>0x20014f32</run_address>
         <size>0x6</size>
         <input_file_ref idref="fl-168"/>
      </object_component>
      <object_component id="oc-18">
         <name>.text:decompress:rle24</name>
         <load_address>0x20014f38</load_address>
         <run_address>0x20014f38</run_address>
         <size>0x6</size>
         <input_file_ref idref="fl-130"/>
      </object_component>
      <object_component id="oc-66">
         <name>.text</name>
         <load_address>0x20014f3e</load_address>
         <run_address>0x20014f3e</run_address>
         <size>0x4</size>
         <input_file_ref idref="fl-137"/>
      </object_component>
      <object_component id="oc-345">
         <name>.const:.string:_ctypes_</name>
         <load_address>0x20014f44</load_address>
         <run_address>0x20014f44</run_address>
         <size>0x101</size>
         <input_file_ref idref="fl-144"/>
      </object_component>
      <object_component id="oc-611">
         <name>.const:g_ulPinToPadMap</name>
         <load_address>0x20015048</load_address>
         <run_address>0x20015048</run_address>
         <size>0x100</size>
         <input_file_ref idref="fl-163"/>
      </object_component>
      <object_component id="oc-564">
         <name>.const:g_pulRegs</name>
         <load_address>0x20015148</load_address>
         <run_address>0x20015148</run_address>
         <size>0xd4</size>
         <input_file_ref idref="fl-162"/>
      </object_component>
      <object_component id="oc-339">
         <name>.const:$P$T0$1</name>
         <load_address>0x2001521c</load_address>
         <run_address>0x2001521c</run_address>
         <size>0xb0</size>
         <input_file_ref idref="fl-160"/>
      </object_component>
      <object_component id="oc-54a">
         <name>.const:PRCM_PeriphRegsList</name>
         <load_address>0x200152cc</load_address>
         <run_address>0x200152cc</run_address>
         <size>0xa8</size>
         <input_file_ref idref="fl-164"/>
      </object_component>
      <object_component id="oc-37d">
         <name>.const</name>
         <load_address>0x20015374</load_address>
         <run_address>0x20015374</run_address>
         <size>0x80</size>
         <input_file_ref idref="fl-162"/>
      </object_component>
      <object_component id="oc-178">
         <name>.const</name>
         <load_address>0x200153f4</load_address>
         <run_address>0x200153f4</run_address>
         <size>0x40</size>
         <input_file_ref idref="fl-2"/>
      </object_component>
      <object_component id="oc-194">
         <name>.const:.string</name>
         <load_address>0x20015434</load_address>
         <run_address>0x20015434</run_address>
         <size>0x3e</size>
         <input_file_ref idref="fl-2"/>
      </object_component>
      <object_component id="oc-642">
         <name>.const:OpcodeTranslateTable</name>
         <load_address>0x20015472</load_address>
         <run_address>0x20015472</run_address>
         <size>0x3c</size>
         <input_file_ref idref="fl-15c"/>
      </object_component>
      <object_component id="oc-2e7">
         <name>.const</name>
         <load_address>0x200154ae</load_address>
         <run_address>0x200154ae</run_address>
         <size>0x3c</size>
         <input_file_ref idref="fl-160"/>
      </object_component>
      <object_component id="oc-6af">
         <name>.const:_SlActionLookupTable</name>
         <load_address>0x200154ec</load_address>
         <run_address>0x200154ec</run_address>
         <size>0x38</size>
         <input_file_ref idref="fl-15c"/>
      </object_component>
      <object_component id="oc-4bd">
         <name>.const</name>
         <load_address>0x20015524</load_address>
         <run_address>0x20015524</run_address>
         <size>0x34</size>
         <input_file_ref idref="fl-15c"/>
      </object_component>
      <object_component id="oc-16f">
         <name>.const:$P$T1$2</name>
         <load_address>0x20015558</load_address>
         <run_address>0x20015558</run_address>
         <size>0x2c</size>
         <input_file_ref idref="fl-2"/>
      </object_component>
      <object_component id="oc-369">
         <name>.const</name>
         <load_address>0x20015584</load_address>
         <run_address>0x20015584</run_address>
         <size>0x28</size>
         <input_file_ref idref="fl-15d"/>
      </object_component>
      <object_component id="oc-17b">
         <name>.const:.string:$P$T0$1</name>
         <load_address>0x200155ac</load_address>
         <run_address>0x200155ac</run_address>
         <size>0x22</size>
         <input_file_ref idref="fl-2"/>
      </object_component>
      <object_component id="oc-624">
         <name>.const</name>
         <load_address>0x200155d0</load_address>
         <run_address>0x200155d0</run_address>
         <size>0x18</size>
         <input_file_ref idref="fl-165"/>
      </object_component>
      <object_component id="oc-2fd">
         <name>.const</name>
         <load_address>0x200155e8</load_address>
         <run_address>0x200155e8</run_address>
         <size>0x14</size>
         <input_file_ref idref="fl-15b"/>
      </object_component>
      <object_component id="oc-47b">
         <name>.const:.string</name>
         <load_address>0x200155fc</load_address>
         <run_address>0x200155fc</run_address>
         <size>0x8</size>
         <input_file_ref idref="fl-15b"/>
      </object_component>
      <object_component id="oc-31b">
         <name>.const</name>
         <load_address>0x20015604</load_address>
         <run_address>0x20015604</run_address>
         <size>0x8</size>
         <input_file_ref idref="fl-15e"/>
      </object_component>
      <object_component id="oc-787">
         <name>.cinit..data.load</name>
         <load_address>0x20015610</load_address>
         <run_address>0x20015610</run_address>
         <size>0x5a</size>
      </object_component>
      <object_component id="oc-785">
         <name>__TI_handler_table</name>
         <load_address>0x2001566c</load_address>
         <run_address>0x2001566c</run_address>
         <size>0xc</size>
      </object_component>
      <object_component id="oc-788">
         <name>.cinit..bss.load</name>
         <load_address>0x20015678</load_address>
         <run_address>0x20015678</run_address>
         <size>0x8</size>
      </object_component>
      <object_component id="oc-786">
         <name>__TI_cinit_table</name>
         <load_address>0x20015680</load_address>
         <run_address>0x20015680</run_address>
         <size>0x10</size>
      </object_component>
      <object_component id="oc-2a">
         <name>.sysmem</name>
         <uninitialized>true</uninitialized>
         <run_address>0x20017000</run_address>
         <size>0x8</size>
         <input_file_ref idref="fl-135"/>
      </object_component>
      <object_component id="oc-78a">
         <name>.sysmem</name>
         <uninitialized>true</uninitialized>
         <run_address>0x20017000</run_address>
         <size>0x0</size>
      </object_component>
      <object_component id="oc-29">
         <name>.stack</name>
         <uninitialized>true</uninitialized>
         <run_address>0x20031000</run_address>
         <size>0x0</size>
         <input_file_ref idref="fl-12e"/>
      </object_component>
      <object_component id="oc-789">
         <name>.stack</name>
         <uninitialized>true</uninitialized>
         <run_address>0x20031000</run_address>
         <size>0x0</size>
      </object_component>
      <object_component id="oc-12d">
         <name>.bss:g_ucConnectionSSID</name>
         <uninitialized>true</uninitialized>
         <run_address>0x2001f898</run_address>
         <size>0x24</size>
         <input_file_ref idref="fl-2"/>
      </object_component>
      <object_component id="oc-19b">
         <name>.bss:g_buff</name>
         <uninitialized>true</uninitialized>
         <run_address>0x2001f000</run_address>
         <size>0x5b8</size>
         <input_file_ref idref="fl-2"/>
      </object_component>
      <object_component id="oc-3f9">
         <name>.bss:g_StatMem</name>
         <uninitialized>true</uninitialized>
         <run_address>0x2001f5b8</run_address>
         <size>0x178</size>
         <input_file_ref idref="fl-15c"/>
      </object_component>
      <object_component id="oc-445">
         <name>.bss:g_ucDinDout</name>
         <uninitialized>true</uninitialized>
         <run_address>0x2001f7f8</run_address>
         <size>0x50</size>
         <input_file_ref idref="fl-161"/>
      </object_component>
      <object_component id="oc-570">
         <name>.bss:xQueueRegistry</name>
         <uninitialized>true</uninitialized>
         <run_address>0x2001f848</run_address>
         <size>0x50</size>
         <input_file_ref idref="fl-16e"/>
      </object_component>
      <object_component id="oc-e8">
         <name>.bss:pxReadyTasksLists</name>
         <uninitialized>true</uninitialized>
         <run_address>0x2001f730</run_address>
         <size>0xc8</size>
         <input_file_ref idref="fl-16f"/>
      </object_component>
      <object_component id="oc-1b6">
         <name>.common:g_ulDestinationIP</name>
         <uninitialized>true</uninitialized>
         <run_address>0x2001f934</run_address>
         <size>0x4</size>
      </object_component>
      <object_component id="oc-130">
         <name>.common:g_ucConnectionBSSID</name>
         <uninitialized>true</uninitialized>
         <run_address>0x2001f920</run_address>
         <size>0x8</size>
      </object_component>
      <object_component id="oc-26d">
         <name>.common:__Errorlog</name>
         <uninitialized>true</uninitialized>
         <run_address>0x2001f92c</run_address>
         <size>0x4</size>
      </object_component>
      <object_component id="oc-3fc">
         <name>.common:RxIrqCnt</name>
         <uninitialized>true</uninitialized>
         <run_address>0x2001f940</run_address>
         <size>0x1</size>
      </object_component>
      <object_component id="oc-44e">
         <name>.common:DMAMsgQ</name>
         <uninitialized>true</uninitialized>
         <run_address>0x2001f928</run_address>
         <size>0x4</size>
      </object_component>
      <object_component id="oc-5a4">
         <name>.common:g_cDummy</name>
         <uninitialized>true</uninitialized>
         <run_address>0x2001f930</run_address>
         <size>0x4</size>
      </object_component>
      <object_component id="oc-f8">
         <name>.common:xDelayedTaskList1</name>
         <uninitialized>true</uninitialized>
         <run_address>0x2001f8bc</run_address>
         <size>0x14</size>
      </object_component>
      <object_component id="oc-f9">
         <name>.common:xDelayedTaskList2</name>
         <uninitialized>true</uninitialized>
         <run_address>0x2001f8d0</run_address>
         <size>0x14</size>
      </object_component>
      <object_component id="oc-ee">
         <name>.common:pxDelayedTaskList</name>
         <uninitialized>true</uninitialized>
         <run_address>0x2001f938</run_address>
         <size>0x4</size>
      </object_component>
      <object_component id="oc-ef">
         <name>.common:pxOverflowDelayedTaskList</name>
         <uninitialized>true</uninitialized>
         <run_address>0x2001f93c</run_address>
         <size>0x4</size>
      </object_component>
      <object_component id="oc-f1">
         <name>.common:xPendingReadyList</name>
         <uninitialized>true</uninitialized>
         <run_address>0x2001f8e4</run_address>
         <size>0x14</size>
      </object_component>
      <object_component id="oc-eb">
         <name>.common:xTasksWaitingTermination</name>
         <uninitialized>true</uninitialized>
         <run_address>0x2001f90c</run_address>
         <size>0x14</size>
      </object_component>
      <object_component id="oc-f0">
         <name>.common:xSuspendedTaskList</name>
         <uninitialized>true</uninitialized>
         <run_address>0x2001f8f8</run_address>
         <size>0x14</size>
      </object_component>
      <object_component id="oc-12a">
         <name>.data</name>
         <load_address>0x2001fab8</load_address>
         <run_address>0x2001fab8</run_address>
         <size>0xc</size>
         <input_file_ref idref="fl-2"/>
      </object_component>
      <object_component id="oc-ce">
         <name>.data</name>
         <load_address>0x2001faf0</load_address>
         <run_address>0x2001faf0</run_address>
         <size>0x8</size>
         <input_file_ref idref="fl-132"/>
      </object_component>
      <object_component id="oc-341">
         <name>.data</name>
         <load_address>0x2001fac4</load_address>
         <run_address>0x2001fac4</run_address>
         <size>0xc</size>
         <input_file_ref idref="fl-135"/>
      </object_component>
      <object_component id="oc-7e">
         <name>.data</name>
         <load_address>0x2001fb08</load_address>
         <run_address>0x2001fb08</run_address>
         <size>0x4</size>
         <input_file_ref idref="fl-139"/>
      </object_component>
      <object_component id="oc-cb">
         <name>.data</name>
         <load_address>0x2001fae8</load_address>
         <run_address>0x2001fae8</run_address>
         <size>0x8</size>
         <input_file_ref idref="fl-13e"/>
      </object_component>
      <object_component id="oc-348">
         <name>.data</name>
         <load_address>0x2001fb04</load_address>
         <run_address>0x2001fb04</run_address>
         <size>0x4</size>
         <input_file_ref idref="fl-145"/>
      </object_component>
      <object_component id="oc-678">
         <name>.data</name>
         <load_address>0x2001f9f8</load_address>
         <run_address>0x2001f9f8</run_address>
         <size>0x80</size>
         <input_file_ref idref="fl-156"/>
      </object_component>
      <object_component id="oc-6d4">
         <name>.data</name>
         <load_address>0x2001faf8</load_address>
         <run_address>0x2001faf8</run_address>
         <size>0x8</size>
         <input_file_ref idref="fl-157"/>
      </object_component>
      <object_component id="oc-74a">
         <name>.data:sigtable</name>
         <load_address>0x2001f948</load_address>
         <run_address>0x2001f948</run_address>
         <size>0xb0</size>
         <input_file_ref idref="fl-159"/>
      </object_component>
      <object_component id="oc-2d1">
         <name>.data</name>
         <load_address>0x2001fadc</load_address>
         <run_address>0x2001fadc</run_address>
         <size>0x9</size>
         <input_file_ref idref="fl-15c"/>
      </object_component>
      <object_component id="oc-442">
         <name>.data</name>
         <load_address>0x2001fad0</load_address>
         <run_address>0x2001fad0</run_address>
         <size>0x9</size>
         <input_file_ref idref="fl-161"/>
      </object_component>
      <object_component id="oc-3ed">
         <name>.data</name>
         <load_address>0x2001faac</load_address>
         <run_address>0x2001faac</run_address>
         <size>0xc</size>
         <input_file_ref idref="fl-16b"/>
      </object_component>
      <object_component id="oc-91">
         <name>.data</name>
         <load_address>0x2001fb00</load_address>
         <run_address>0x2001fb00</run_address>
         <size>0x4</size>
         <input_file_ref idref="fl-16c"/>
      </object_component>
      <object_component id="oc-8d">
         <name>.data</name>
         <load_address>0x2001fa78</load_address>
         <run_address>0x2001fa78</run_address>
         <size>0x34</size>
         <input_file_ref idref="fl-16f"/>
      </object_component>
      <object_component id="oc-131">
         <name>.debug_info</name>
         <load_address>0x0</load_address>
         <run_address>0x0</run_address>
         <size>0xfda</size>
         <input_file_ref idref="fl-2"/>
      </object_component>
      <object_component id="oc-12b">
         <name>.debug_info</name>
         <load_address>0xfda</load_address>
         <run_address>0xfda</run_address>
         <size>0x128</size>
         <input_file_ref idref="fl-2"/>
      </object_component>
      <object_component id="oc-12e">
         <name>.debug_info</name>
         <load_address>0x1102</load_address>
         <run_address>0x1102</run_address>
         <size>0xe2</size>
         <input_file_ref idref="fl-2"/>
      </object_component>
[...]
         <value>0x2001005f</value>
         <object_component_ref idref="oc-255"/>
      </symbol>
      <symbol id="sm-1065">
         <name>osi_start</name>
         <value>0x20010031</value>
         <object_component_ref idref="oc-255"/>
      </symbol>
      <symbol id="sm-1066">
         <name>osi_EnterCritical</name>
         <value>0x2001001d</value>
         <object_component_ref idref="oc-255"/>
      </symbol>
      <symbol id="sm-1067">
         <name>osi_TaskCreate</name>
         <value>0x2000fd73</value>
         <object_component_ref idref="oc-255"/>
      </symbol>
      <symbol id="sm-1068">
         <name>osi_MsgQRead</name>
         <value>0x2000ffa1</value>
         <object_component_ref idref="oc-255"/>
      </symbol>
      <symbol id="sm-1069">
         <name>osi_MsgQCreate</name>
         <value>0x2000ff11</value>
         <object_component_ref idref="oc-255"/>
      </symbol>
      <symbol id="sm-106a">
         <name>osi_ExitCritical</name>
         <value>0x20010027</value>
         <object_component_ref idref="oc-255"/>
      </symbol>
      <symbol id="sm-106b">
         <name>osi_LockObjLock</name>
         <value>0x2000fdd1</value>
         <object_component_ref idref="oc-255"/>
      </symbol>
      <symbol id="sm-106c">
         <name>VDeleteSimpleLinkSpawnTask</name>
         <value>0x2000fee5</value>
         <object_component_ref idref="oc-255"/>
      </symbol>
      <symbol id="sm-106d">
         <name>osi_SyncObjClear</name>
         <value>0x2000fd2b</value>
         <object_component_ref idref="oc-255"/>
      </symbol>
      <symbol id="sm-106e">
         <name>VStartSimpleLinkSpawnTask</name>
         <value>0x2000fe95</value>
         <object_component_ref idref="oc-255"/>
      </symbol>
      <symbol id="sm-106f">
         <name>osi_MsgQWrite</name>
         <value>0x2000ff6f</value>
         <object_component_ref idref="oc-255"/>
      </symbol>
      <symbol id="sm-1070">
         <name>osi_Sleep</name>
         <value>0x20010039</value>
         <object_component_ref idref="oc-255"/>
      </symbol>
      <symbol id="sm-1071">
         <name>osi_SyncObjDelete</name>
         <value>0x2000fc85</value>
         <object_component_ref idref="oc-255"/>
      </symbol>
      <symbol id="sm-1072">
         <name>osi_TaskDisable</name>
         <value>0x20010049</value>
         <object_component_ref idref="oc-255"/>
      </symbol>
      <symbol id="sm-1073">
         <name>osi_Spawn</name>
         <value>0x2000fe27</value>
         <object_component_ref idref="oc-255"/>
      </symbol>
      <symbol id="sm-1074">
         <name>mem_Free</name>
         <value>0x2000ffe9</value>
         <object_component_ref idref="oc-255"/>
      </symbol>
      <symbol id="sm-1075">
         <name>osi_ContextSave</name>
         <value>0x2001005d</value>
         <object_component_ref idref="oc-255"/>
      </symbol>
      <symbol id="sm-1076">
         <name>xSimpleLinkSpawnQueue</name>
         <value>0x2001fab0</value>
         <object_component_ref idref="oc-3ed"/>
      </symbol>
      <symbol id="sm-1077">
         <name>xSimpleLinkSpawnTaskHndl</name>
         <value>0x2001fab4</value>
         <object_component_ref idref="oc-3ed"/>
      </symbol>
      <symbol id="sm-109f">
         <name>vPortSetupTimerInterrupt</name>
         <value>0x20011e05</value>
         <object_component_ref idref="oc-38"/>
      </symbol>
      <symbol id="sm-10a0">
         <name>vPortEndScheduler</name>
         <value>0x20011da5</value>
         <object_component_ref idref="oc-38"/>
      </symbol>
      <symbol id="sm-10a1">
         <name>vPortYield</name>
         <value>0x20011da7</value>
         <object_component_ref idref="oc-38"/>
      </symbol>
      <symbol id="sm-10a2">
         <name>xPortSysTickHandler</name>
         <value>0x20011de9</value>
         <object_component_ref idref="oc-38"/>
      </symbol>
      <symbol id="sm-10a3">
         <name>pxPortInitialiseStack</name>
         <value>0x20011d29</value>
         <object_component_ref idref="oc-38"/>
      </symbol>
      <symbol id="sm-10a4">
         <name>vPortExitCritical</name>
         <value>0x20011dd1</value>
         <object_component_ref idref="oc-38"/>
      </symbol>
      <symbol id="sm-10a5">
         <name>xPortStartScheduler</name>
         <value>0x20011d79</value>
         <object_component_ref idref="oc-38"/>
      </symbol>
      <symbol id="sm-10a6">
         <name>vPortEnterCritical</name>
         <value>0x20011db9</value>
         <object_component_ref idref="oc-38"/>
      </symbol>
      <symbol id="sm-10b7">
         <name>portCLZ</name>
         <value>0x20012b2d</value>
         <object_component_ref idref="oc-33"/>
      </symbol>
      <symbol id="sm-10b8">
         <name>xPortPendSVHandler</name>
         <value>0x20012aa1</value>
         <object_component_ref idref="oc-33"/>
      </symbol>
      <symbol id="sm-10b9">
         <name>vPortClearInterruptMask</name>
         <value>0x20012a93</value>
         <object_component_ref idref="oc-33"/>
      </symbol>
      <symbol id="sm-10ba">
         <name>ulPortSetInterruptMask</name>
         <value>0x20012a7d</value>
         <object_component_ref idref="oc-33"/>
      </symbol>
      <symbol id="sm-10bb">
         <name>prvPortStartFirstTask</name>
         <value>0x20012b15</value>
         <object_component_ref idref="oc-33"/>
      </symbol>
      <symbol id="sm-10bc">
         <name>vPortSVCHandler</name>
         <value>0x20012aed</value>
         <object_component_ref idref="oc-33"/>
      </symbol>
      <symbol id="sm-116b">
         <name>xQueuePeekFromISR</name>
         <value>0x2000f1bd</value>
         <object_component_ref idref="oc-3e7"/>
      </symbol>
      <symbol id="sm-116c">
         <name>xQueueIsQueueEmptyFromISR</name>
         <value>0x2000f443</value>
         <object_component_ref idref="oc-3e7"/>
      </symbol>
      <symbol id="sm-116d">
         <name>xQueueGenericSendFromISR</name>
         <value>0x2000ef67</value>
         <object_component_ref idref="oc-3e7"/>
      </symbol>
      <symbol id="sm-116e">
         <name>uxQueueMessagesWaiting</name>
         <value>0x2000f201</value>
         <object_component_ref idref="oc-3e7"/>
      </symbol>
      <symbol id="sm-116f">
         <name>vQueueAddToRegistry</name>
         <value>0x2000f4a7</value>
         <object_component_ref idref="oc-3e7"/>
      </symbol>
      <symbol id="sm-1170">
         <name>xQueueIsQueueFullFromISR</name>
         <value>0x2000f485</value>
         <object_component_ref idref="oc-3e7"/>
      </symbol>
      <symbol id="sm-1171">
         <name>xQueueSelectFromSet</name>
         <value>0x2000f5ad</value>
         <object_component_ref idref="oc-3e7"/>
      </symbol>
      <symbol id="sm-1172">
         <name>xQueueGenericCreate</name>
         <value>0x2000eb9d</value>
         <object_component_ref idref="oc-3e7"/>
      </symbol>
      <symbol id="sm-1173">
         <name>xQueueSelectFromSetFromISR</name>
         <value>0x2000f5c7</value>
         <object_component_ref idref="oc-3e7"/>
      </symbol>
      <symbol id="sm-1174">
         <name>xQueueCreateMutex</name>
         <value>0x2000ec13</value>
         <object_component_ref idref="oc-3e7"/>
      </symbol>
      <symbol id="sm-1175">
         <name>vQueueSetQueueNumber</name>
         <value>0x2000f27b</value>
         <object_component_ref idref="oc-3e7"/>
      </symbol>
      <symbol id="sm-1176">
         <name>xQueueGenericSend</name>
         <value>0x2000ecb1</value>
         <object_component_ref idref="oc-3e7"/>
      </symbol>
      <symbol id="sm-1177">
         <name>xQueueGenericReset</name>
         <value>0x2000eb0d</value>
         <object_component_ref idref="oc-3e7"/>
      </symbol>
      <symbol id="sm-1178">
         <name>xQueueReceiveFromISR</name>
         <value>0x2000f145</value>
         <object_component_ref idref="oc-3e7"/>
      </symbol>
      <symbol id="sm-1179">
         <name>uxQueueSpacesAvailable</name>
         <value>0x2000f217</value>
         <object_component_ref idref="oc-3e7"/>
      </symbol>
      <symbol id="sm-117a">
         <name>xQueueRegistry</name>
         <value>0x2001f848</value>
         <object_component_ref idref="oc-570"/>
      </symbol>
      <symbol id="sm-117b">
         <name>vQueueUnregisterQueue</name>
         <value>0x2000f4e9</value>
         <object_component_ref idref="oc-3e7"/>
      </symbol>
      <symbol id="sm-117c">
         <name>xQueueAltGenericReceive</name>
         <value>0x2000ee69</value>
         <object_component_ref idref="oc-3e7"/>
      </symbol>
      <symbol id="sm-117d">
         <name>uxQueueMessagesWaitingFromISR</name>
         <value>0x2000f237</value>
         <object_component_ref idref="oc-3e7"/>
      </symbol>
      <symbol id="sm-117e">
         <name>uxQueueGetQueueNumber</name>
         <value>0x2000f26d</value>
         <object_component_ref idref="oc-3e7"/>
      </symbol>
      <symbol id="sm-117f">
         <name>xQueueGenericReceive</name>
         <value>0x2000f003</value>
         <object_component_ref idref="oc-3e7"/>
      </symbol>
      <symbol id="sm-1180">
         <name>xQueueCreateCountingSemaphore</name>
         <value>0x2000ec91</value>
         <object_component_ref idref="oc-3e7"/>
      </symbol>
      <symbol id="sm-1181">
         <name>vQueueDelete</name>
         <value>0x2000f249</value>
         <object_component_ref idref="oc-3e7"/>
      </symbol>
      <symbol id="sm-1182">
         <name>xQueueAddToSet</name>
         <value>0x2000f537</value>
         <object_component_ref idref="oc-3e7"/>
      </symbol>
      <symbol id="sm-1183">
         <name>xQueueAltGenericSend</name>
         <value>0x2000edbd</value>
         <object_component_ref idref="oc-3e7"/>
      </symbol>
      <symbol id="sm-1184">
         <name>xQueueCreateSet</name>
         <value>0x2000f523</value>
         <object_component_ref idref="oc-3e7"/>
      </symbol>
      <symbol id="sm-1185">
         <name>xQueueRemoveFromSet</name>
         <value>0x2000f56b</value>
         <object_component_ref idref="oc-3e7"/>
      </symbol>
      <symbol id="sm-1186">
         <name>ucQueueGetQueueType</name>
         <value>0x2000f28d</value>
         <object_component_ref idref="oc-3e7"/>
      </symbol>
      <symbol id="sm-12f9">
         <name>vTaskDelay</name>
         <value>0x2000ca43</value>
         <object_component_ref idref="oc-87"/>
      </symbol>
      <symbol id="sm-12fa">
         <name>vTaskSuspendAll</name>
         <value>0x2000cea7</value>
         <object_component_ref idref="oc-87"/>
      </symbol>
      <symbol id="sm-12fb">
         <name>vTaskPriorityInherit</name>
         <value>0x2000d8e9</value>
         <object_component_ref idref="oc-87"/>
      </symbol>
      <symbol id="sm-12fc">
         <name>vTaskPlaceOnEventList</name>
         <value>0x2000d25d</value>
         <object_component_ref idref="oc-87"/>
      </symbol>
      <symbol id="sm-12fd">
         <name>vTaskSetTaskNumber</name>
         <value>0x2000d4f5</value>
         <object_component_ref idref="oc-87"/>
      </symbol>
      <symbol id="sm-12fe">
         <name>xTaskCheckForTimeOut</name>
         <value>0x2000d44d</value>
         <object_component_ref idref="oc-87"/>
      </symbol>
      <symbol id="sm-12ff">
         <name>xTaskRemoveFromUnorderedEventList</name>
         <value>0x2000d3b9</value>
         <object_component_ref idref="oc-87"/>
      </symbol>
      <symbol id="sm-1300">
         <name>vTaskPrioritySet</name>
         <value>0x2000cb65</value>
         <object_component_ref idref="oc-87"/>
      </symbol>
      <symbol id="sm-1301">
         <name>vTaskStartScheduler</name>
         <value>0x2000ce4b</value>
         <object_component_ref idref="oc-87"/>
      </symbol>
      <symbol id="sm-1302">
         <name>pcTaskGetTaskName</name>
         <value>0x2000cfbd</value>
         <object_component_ref idref="oc-87"/>
      </symbol>
      <symbol id="sm-1303">
         <name>vTaskPriorityDisinherit</name>
         <value>0x2000d9a3</value>
         <object_component_ref idref="oc-87"/>
      </symbol>
      <symbol id="sm-1304">
         <name>vTaskDelayUntil</name>
         <value>0x2000c9a7</value>
         <object_component_ref idref="oc-87"/>
      </symbol>
      <symbol id="sm-1305">
         <name>uxTaskGetTaskNumber</name>
         <value>0x2000d4d5</value>
         <object_component_ref idref="oc-87"/>
      </symbol>
      <symbol id="sm-1306">
         <name>vTaskEndScheduler</name>
         <value>0x2000ce95</value>
         <object_component_ref idref="oc-87"/>
      </symbol>
      <symbol id="sm-1307">
         <name>vTaskMissedYield</name>
         <value>0x2000d4c7</value>
         <object_component_ref idref="oc-87"/>
      </symbol>
      <symbol id="sm-1308">
         <name>uxTaskGetNumberOfTasks</name>
         <value>0x2000cfb1</value>
         <object_component_ref idref="oc-87"/>
      </symbol>
      <symbol id="sm-1309">
         <name>uxTaskPriorityGet</name>
         <value>0x2000cb2d</value>
         <object_component_ref idref="oc-87"/>
      </symbol>
      <symbol id="sm-130a">
         <name>xTaskResumeAll</name>
         <value>0x2000ceb9</value>
         <object_component_ref idref="oc-87"/>
      </symbol>
      <symbol id="sm-130b">
         <name>xTaskGetTickCount</name>
         <value>0x2000cf85</value>
         <object_component_ref idref="oc-87"/>
      </symbol>
      <symbol id="sm-130c">
         <name>xTaskGenericCreate</name>
         <value>0x2000c809</value>
         <object_component_ref idref="oc-87"/>
      </symbol>
      <symbol id="sm-130d">
         <name>uxTaskGetSystemState</name>
         <value>0x2000cfe1</value>
         <object_component_ref idref="oc-87"/>
      </symbol>
      <symbol id="sm-130e">
         <name>vTaskDelete</name>
         <value>0x2000c917</value>
         <object_component_ref idref="oc-87"/>
      </symbol>
      <symbol id="sm-130f">
         <name>pxCurrentTCB</name>
         <value>0x2001fa78</value>
         <object_component_ref idref="oc-8d"/>
      </symbol>
      <symbol id="sm-1310">
         <name>eTaskGetState</name>
         <value>0x2000ca99</value>
         <object_component_ref idref="oc-87"/>
      </symbol>
      <symbol id="sm-1311">
         <name>vTaskSuspend</name>
         <value>0x2000cc69</value>
         <object_component_ref idref="oc-87"/>
      </symbol>
      <symbol id="sm-1312">
         <name>xTaskGetIdleTaskHandle</name>
         <value>0x2000d09f</value>
         <object_component_ref idref="oc-87"/>
      </symbol>
      <symbol id="sm-1313">
         <name>xTaskGetTickCountFromISR</name>
         <value>0x2000cf99</value>
         <object_component_ref idref="oc-87"/>
      </symbol>
      <symbol id="sm-1314">
         <name>vTaskResume</name>
         <value>0x2000cd5d</value>
         <object_component_ref idref="oc-87"/>
      </symbol>
      <symbol id="sm-1315">
         <name>vTaskSetTimeOutState</name>
         <value>0x2000d427</value>
         <object_component_ref idref="oc-87"/>
      </symbol>
      <symbol id="sm-1316">
         <name>xTaskIncrementTick</name>
         <value>0x2000d0b9</value>
         <object_component_ref idref="oc-87"/>
      </symbol>
      <symbol id="sm-1317">
         <name>vTaskSwitchContext</name>
         <value>0x2000d1dd</value>
         <object_component_ref idref="oc-87"/>
      </symbol>
      <symbol id="sm-1318">
         <name>uxTaskResetEventItemValue</name>
         <value>0x2000da2d</value>
         <object_component_ref idref="oc-87"/>
      </symbol>
      <symbol id="sm-1319">
         <name>xTaskGetSchedulerState</name>
         <value>0x2000d8b1</value>
         <object_component_ref idref="oc-87"/>
      </symbol>
      <symbol id="sm-131a">
         <name>xTaskResumeFromISR</name>
         <value>0x2000cdd1</value>
         <object_component_ref idref="oc-87"/>
      </symbol>
      <symbol id="sm-131b">
         <name>xTaskGetCurrentTaskHandle</name>
         <value>0x2000d89d</value>
         <object_component_ref idref="oc-87"/>
      </symbol>
      <symbol id="sm-131c">
         <name>vTaskPlaceOnUnorderedEventList</name>
         <value>0x2000d2c1</value>
         <object_component_ref idref="oc-87"/>
      </symbol>
      <symbol id="sm-131d">
         <name>xTaskRemoveFromEventList</name>
         <value>0x2000d335</value>
         <object_component_ref idref="oc-87"/>
      </symbol>
      <symbol id="sm-132d">
         <name>pvPortMalloc</name>
         <value>0x20014731</value>
         <object_component_ref idref="oc-f2"/>
      </symbol>
      <symbol id="sm-132e">
         <name>vPortFree</name>
         <value>0x20014751</value>
         <object_component_ref idref="oc-f2"/>
      </symbol>
      <symbol id="sm-1344">
         <name>uxListRemove</name>
         <value>0x20011bcb</value>
         <object_component_ref idref="oc-e2"/>
      </symbol>
      <symbol id="sm-1345">
         <name>vListInsert</name>
         <value>0x20011b65</value>
         <object_component_ref idref="oc-e2"/>
      </symbol>
      <symbol id="sm-1346">
         <name>vListInitialiseItem</name>
         <value>0x20011b19</value>
         <object_component_ref idref="oc-e2"/>
      </symbol>
      <symbol id="sm-1347">
         <name>vListInsertEnd</name>
         <value>0x20011b29</value>
         <object_component_ref idref="oc-e2"/>
      </symbol>
      <symbol id="sm-1348">
         <name>vListInitialise</name>
         <value>0x20011ae9</value>
         <object_component_ref idref="oc-e2"/>
      </symbol>
      <symbol id="sm-1349">
         <name>__TI_static_base__</name>
         <value>0x20015610</value>
      </symbol>
      <symbol id="sm-134c">
         <name>_SlNonOsMainLoopTask</name>
         <value>0x0</value>
      </symbol>
      <symbol id="sm-134d">
         <name>HTTPCli_setResponseFields</name>
         <value>0x0</value>
      </symbol>
      <symbol id="sm-134e">
         <name>HTTPCli_getResponseField</name>
         <value>0x0</value>
      </symbol>
      <symbol id="sm-134f">
         <name>HTTPCli_readResponseBody</name>
         <value>0x0</value>
      </symbol>
      <symbol id="sm-1350">
         <name>jsmn_init</name>
         <value>0x0</value>
      </symbol>
      <symbol id="sm-1351">
         <name>jsmn_parse</name>
         <value>0x0</value>
      </symbol>
      <symbol id="sm-1352">
         <name>HTTPCli_getResponseStatus</name>
         <value>0x0</value>
      </symbol>
      <symbol id="sm-1353">
         <name>HTTPCli_setRequestFields</name>
         <value>0x0</value>
      </symbol>
      <symbol id="sm-1354">
         <name>HTTPCli_sendRequest</name>
         <value>0x0</value>
      </symbol>
      <symbol id="sm-1355">
         <name>HTTPCli_sendField</name>
         <value>0x0</value>
      </symbol>
      <symbol id="sm-1356">
         <name>HTTPCli_sendRequestBody</name>
         <value>0x0</value>
      </symbol>
      <symbol id="sm-1357">
         <name>HTTPCli_construct</name>
         <value>0x0</value>
      </symbol>
      <symbol id="sm-1358">
         <name>HTTPCli_connect</name>
         <value>0x0</value>
      </symbol>
      <symbol id="sm-1359">
         <name>SHT$$INIT_ARRAY$$Limit</name>
         <value>0x0</value>
      </symbol>
      <symbol id="sm-135a">
         <name>SHT$$INIT_ARRAY$$Base</name>
         <value>0x0</value>
      </symbol>
      <symbol id="sm-135b">
         <name>vApplicationStackOverflowHook</name>
         <value>0x0</value>
      </symbol>
      <symbol id="sm-135c">
         <name>vApplicationIdleHook</name>
         <value>0x0</value>
      </symbol>
      <symbol id="sm-135d">
         <name>vApplicationMallocFailedHook</name>
         <value>0x0</value>
      </symbol>
   </symbol_table>
   <title>Link errors: red sections failed placement</title>
</link_info>
