<?xml version="1.0"?>
<link_info>
   <banner>TI ARM Linker PC v5.2.5</banner>
   <copyright>Copyright (c) 1996-2015 Texas Instruments Incorporated</copyright>
   <link_time>0x572e85a4</link_time>
   <link_errors>0x0</link_errors>
   <output_file>http_client_demo.out</output_file>
   <entry_point>
      <name>_c_int00</name>
      <address>0x2000ca21</address>
   </entry_point>
   <input_file_list>
      <input_file id="fl-2">
         <path>.\</path>
         <kind>object</kind>
         <file>main.obj</file>
         <name>main.obj</name>
      </input_file>
      <input_file id="fl-3">
         <path>.\</path>
         <kind>object</kind>
         <file>pinmux.obj</file>
         <name>pinmux.obj</name>
      </input_file>
      <input_file id="fl-4">
         <path>.\</path>
         <kind>object</kind>
         <file>startup_ccs.obj</file>
         <name>startup_ccs.obj</name>
      </input_file>
      <input_file id="fl-5">
         <path>.\</path>
         <kind>object</kind>
         <file>uart_if.obj</file>
         <name>uart_if.obj</name>
      </input_file>
      <input_file id="fl-12f">
         <path>C:\TI\ccsv6\tools\compiler\ti-cgt-arm_5.2.5\lib\</path>
         <kind>archive</kind>
         <file>rtsv7M4_T_le_v4SPD16_eabi.lib</file>
         <name>boot.obj</name>
      </input_file>
      <input_file id="fl-130">
         <path>C:\TI\ccsv6\tools\compiler\ti-cgt-arm_5.2.5\lib\</path>
         <kind>archive</kind>
         <file>rtsv7M4_T_le_v4SPD16_eabi.lib</file>
         <name>copy_decompress_none.obj</name>
      </input_file>
      <input_file id="fl-131">
         <path>C:\TI\ccsv6\tools\compiler\ti-cgt-arm_5.2.5\lib\</path>
         <kind>archive</kind>
         <file>rtsv7M4_T_le_v4SPD16_eabi.lib</file>
         <name>copy_decompress_rle.obj</name>
      </input_file>
      <input_file id="fl-132">
         <path>C:\TI\ccsv6\tools\compiler\ti-cgt-arm_5.2.5\lib\</path>
         <kind>archive</kind>
         <file>rtsv7M4_T_le_v4SPD16_eabi.lib</file>
         <name>copy_zero_init.obj</name>
      </input_file>
      <input_file id="fl-133">
         <path>C:\TI\ccsv6\tools\compiler\ti-cgt-arm_5.2.5\lib\</path>
         <kind>archive</kind>
         <file>rtsv7M4_T_le_v4SPD16_eabi.lib</file>
         <name>exit.obj</name>
      </input_file>
      <input_file id="fl-134">
         <path>C:\TI\ccsv6\tools\compiler\ti-cgt-arm_5.2.5\lib\</path>
         <kind>archive</kind>
         <file>rtsv7M4_T_le_v4SPD16_eabi.lib</file>
         <name>fd_cmp_t2.obj</name>
      </input_file>
      <input_file id="fl-135">
         <path>C:\TI\ccsv6\tools\compiler\ti-cgt-arm_5.2.5\lib\</path>
         <kind>archive</kind>
         <file>rtsv7M4_T_le_v4SPD16_eabi.lib</file>
         <name>i_tofd_t2.obj</name>
      </input_file>
      <input_file id="fl-136">
         <path>C:\TI\ccsv6\tools\compiler\ti-cgt-arm_5.2.5\lib\</path>
         <kind>archive</kind>
         <file>rtsv7M4_T_le_v4SPD16_eabi.lib</file>
         <name>memcpy_t2.obj</name>
      </input_file>
      <input_file id="fl-137">
         <path>C:\TI\ccsv6\tools\compiler\ti-cgt-arm_5.2.5\lib\</path>
         <kind>archive</kind>
         <file>rtsv7M4_T_le_v4SPD16_eabi.lib</file>
         <name>memmov.obj</name>
      </input_file>
      <input_file id="fl-138">
         <path>C:\TI\ccsv6\tools\compiler\ti-cgt-arm_5.2.5\lib\</path>
         <kind>archive</kind>
         <file>rtsv7M4_T_le_v4SPD16_eabi.lib</file>
         <name>memory.obj</name>
      </input_file>
      <input_file id="fl-139">
         <path>C:\TI\ccsv6\tools\compiler\ti-cgt-arm_5.2.5\lib\</path>
         <kind>archive</kind>
         <file>rtsv7M4_T_le_v4SPD16_eabi.lib</file>
         <name>memset_t2.obj</name>
      </input_file>
      <input_file id="fl-13a">
         <path>C:\TI\ccsv6\tools\compiler\ti-cgt-arm_5.2.5\lib\</path>
         <kind>archive</kind>
         <file>rtsv7M4_T_le_v4SPD16_eabi.lib</file>
         <name>pre_init.obj</name>
      </input_file>
      <input_file id="fl-13b">
         <path>C:\TI\ccsv6\tools\compiler\ti-cgt-arm_5.2.5\lib\</path>
         <kind>archive</kind>
         <file>rtsv7M4_T_le_v4SPD16_eabi.lib</file>
         <name>sprintf.obj</name>
      </input_file>
      <input_file id="fl-13c">
         <path>C:\TI\ccsv6\tools\compiler\ti-cgt-arm_5.2.5\lib\</path>
         <kind>archive</kind>
         <file>rtsv7M4_T_le_v4SPD16_eabi.lib</file>
         <name>stkdepth_vars.obj</name>
      </input_file>
      <input_file id="fl-13d">
         <path>C:\TI\ccsv6\tools\compiler\ti-cgt-arm_5.2.5\lib\</path>
         <kind>archive</kind>
         <file>rtsv7M4_T_le_v4SPD16_eabi.lib</file>
         <name>strlen.obj</name>
      </input_file>
      <input_file id="fl-13e">
         <path>C:\TI\ccsv6\tools\compiler\ti-cgt-arm_5.2.5\lib\</path>
         <kind>archive</kind>
         <file>rtsv7M4_T_le_v4SPD16_eabi.lib</file>
         <name>vsnprintf.obj</name>
      </input_file>
      <input_file id="fl-13f">
         <path>C:\TI\ccsv6\tools\compiler\ti-cgt-arm_5.2.5\lib\</path>
         <kind>archive</kind>
         <file>rtsv7M4_T_le_v4SPD16_eabi.lib</file>
         <name>_lock.obj</name>
      </input_file>
      <input_file id="fl-140">
         <path>C:\TI\ccsv6\tools\compiler\ti-cgt-arm_5.2.5\lib\</path>
         <kind>archive</kind>
         <file>rtsv7M4_T_le_v4SPD16_eabi.lib</file>
         <name>_printfi.obj</name>
      </input_file>
      <input_file id="fl-141">
         <path>C:\TI\ccsv6\tools\compiler\ti-cgt-arm_5.2.5\lib\</path>
         <kind>archive</kind>
         <file>rtsv7M4_T_le_v4SPD16_eabi.lib</file>
         <name>args_main.obj</name>
      </input_file>
      <input_file id="fl-142">
         <path>C:\TI\ccsv6\tools\compiler\ti-cgt-arm_5.2.5\lib\</path>
         <kind>archive</kind>
         <file>rtsv7M4_T_le_v4SPD16_eabi.lib</file>
         <name>atoi.obj</name>
      </input_file>
      <input_file id="fl-143">
         <path>C:\TI\ccsv6\tools\compiler\ti-cgt-arm_5.2.5\lib\</path>
         <kind>archive</kind>
         <file>rtsv7M4_T_le_v4SPD16_eabi.lib</file>
         <name>autoinit.obj</name>
      </input_file>
      <input_file id="fl-144">
         <path>C:\TI\ccsv6\tools\compiler\ti-cgt-arm_5.2.5\lib\</path>
         <kind>archive</kind>
         <file>rtsv7M4_T_le_v4SPD16_eabi.lib</file>
         <name>cpy_tbl.obj</name>
      </input_file>
      <input_file id="fl-145">
         <path>C:\TI\ccsv6\tools\compiler\ti-cgt-arm_5.2.5\lib\</path>
         <kind>archive</kind>
         <file>rtsv7M4_T_le_v4SPD16_eabi.lib</file>
         <name>ctype.obj</name>
      </input_file>
      <input_file id="fl-146">
         <path>C:\TI\ccsv6\tools\compiler\ti-cgt-arm_5.2.5\lib\</path>
         <kind>archive</kind>
         <file>rtsv7M4_T_le_v4SPD16_eabi.lib</file>
         <name>fd_add_t2.obj</name>
      </input_file>
      <input_file id="fl-147">
         <path>C:\TI\ccsv6\tools\compiler\ti-cgt-arm_5.2.5\lib\</path>
         <kind>archive</kind>
         <file>rtsv7M4_T_le_v4SPD16_eabi.lib</file>
         <name>fd_div_t2.obj</name>
      </input_file>
      <input_file id="fl-148">
         <path>C:\TI\ccsv6\tools\compiler\ti-cgt-arm_5.2.5\lib\</path>
         <kind>archive</kind>
         <file>rtsv7M4_T_le_v4SPD16_eabi.lib</file>
         <name>fd_mul_t2.obj</name>
      </input_file>
      <input_file id="fl-149">
         <path>C:\TI\ccsv6\tools\compiler\ti-cgt-arm_5.2.5\lib\</path>
         <kind>archive</kind>
         <file>rtsv7M4_T_le_v4SPD16_eabi.lib</file>
         <name>fd_toi_t2.obj</name>
      </input_file>
      <input_file id="fl-14a">
         <path>C:\TI\ccsv6\tools\compiler\ti-cgt-arm_5.2.5\lib\</path>
         <kind>archive</kind>
         <file>rtsv7M4_T_le_v4SPD16_eabi.lib</file>
         <name>frexp.obj</name>
      </input_file>
      <input_file id="fl-14b">
         <path>C:\TI\ccsv6\tools\compiler\ti-cgt-arm_5.2.5\lib\</path>
         <kind>archive</kind>
         <file>rtsv7M4_T_le_v4SPD16_eabi.lib</file>
         <name>ldexp.obj</name>
      </input_file>
      <input_file id="fl-14c">
         <path>C:\TI\ccsv6\tools\compiler\ti-cgt-arm_5.2.5\lib\</path>
         <kind>archive</kind>
         <file>rtsv7M4_T_le_v4SPD16_eabi.lib</file>
         <name>ltoa.obj</name>
      </input_file>
      <input_file id="fl-14d">
         <path>C:\TI\ccsv6\tools\compiler\ti-cgt-arm_5.2.5\lib\</path>
         <kind>archive</kind>
         <file>rtsv7M4_T_le_v4SPD16_eabi.lib</file>
         <name>memccpy.obj</name>
      </input_file>
      <input_file id="fl-14e">
         <path>C:\TI\ccsv6\tools\compiler\ti-cgt-arm_5.2.5\lib\</path>
         <kind>archive</kind>
         <file>rtsv7M4_T_le_v4SPD16_eabi.lib</file>
         <name>strchr.obj</name>
      </input_file>
      <input_file id="fl-14f">
         <path>C:\TI\ccsv6\tools\compiler\ti-cgt-arm_5.2.5\lib\</path>
         <kind>archive</kind>
         <file>rtsv7M4_T_le_v4SPD16_eabi.lib</file>
         <name>ull_div_t2.obj</name>
      </input_file>
      <input_file id="fl-150">
         <path>C:\TI\ccsv6\tools\compiler\ti-cgt-arm_5.2.5\lib\</path>
         <kind>archive</kind>
         <file>rtsv7M4_T_le_v4SPD16_eabi.lib</file>
         <name>xdclass.obj</name>
      </input_file>
      <input_file id="fl-151">
         <path>C:\TI\ccsv6\tools\compiler\ti-cgt-arm_5.2.5\lib\</path>
         <kind>archive</kind>
         <file>rtsv7M4_T_le_v4SPD16_eabi.lib</file>
         <name>xdscale.obj</name>
      </input_file>
      <input_file id="fl-152">
         <path>C:\TI\ccsv6\tools\compiler\ti-cgt-arm_5.2.5\lib\</path>
         <kind>archive</kind>
         <file>rtsv7M4_T_le_v4SPD16_eabi.lib</file>
         <name>xdunscal.obj</name>
      </input_file>
      <input_file id="fl-153">
         <path>C:\TI\ccsv6\tools\compiler\ti-cgt-arm_5.2.5\lib\</path>
         <kind>archive</kind>
         <file>rtsv7M4_T_le_v4SPD16_eabi.lib</file>
         <name>xferaise.obj</name>
      </input_file>
      <input_file id="fl-154">
         <path>C:\TI\ccsv6\tools\compiler\ti-cgt-arm_5.2.5\lib\</path>
         <kind>archive</kind>
         <file>rtsv7M4_T_le_v4SPD16_eabi.lib</file>
         <name>xvalues.obj</name>
      </input_file>
      <input_file id="fl-155">
         <path>C:\TI\ccsv6\tools\compiler\ti-cgt-arm_5.2.5\lib\</path>
         <kind>archive</kind>
         <file>rtsv7M4_T_le_v4SPD16_eabi.lib</file>
         <name>errno.obj</name>
      </input_file>
      <input_file id="fl-156">
         <path>C:\TI\ccsv6\tools\compiler\ti-cgt-arm_5.2.5\lib\</path>
         <kind>archive</kind>
         <file>rtsv7M4_T_le_v4SPD16_eabi.lib</file>
         <name>feraiseexcept.obj</name>
      </input_file>
      <input_file id="fl-157">
         <path>C:\TI\ccsv6\tools\compiler\ti-cgt-arm_5.2.5\lib\</path>
         <kind>archive</kind>
         <file>rtsv7M4_T_le_v4SPD16_eabi.lib</file>
         <name>raise.obj</name>
      </input_file>
      <input_file id="fl-158">
         <path>C:\TI\ccsv6\tools\compiler\ti-cgt-arm_5.2.5\lib\</path>
         <kind>archive</kind>
         <file>rtsv7M4_T_le_v4SPD16_eabi.lib</file>
         <name>signal.obj</name>
      </input_file>
      <input_file id="fl-159">
         <path>C:\TI\ccsv6\tools\compiler\ti-cgt-arm_5.2.5\lib\</path>
         <kind>archive</kind>
         <file>rtsv7M4_T_le_v4SPD16_eabi.lib</file>
         <name>xdnorm.obj</name>
      </input_file>
      <input_file id="fl-15a">
         <path>C:\TI\CC3200SDK_1.1.0\cc3200-sdk\example\http_client_demo\ccs\..\..\..\driverlib\ccs\Release\</path>
         <kind>archive</kind>
         <file>driverlib.a</file>
         <name>gpio.obj</name>
      </input_file>
      <input_file id="fl-15b">
         <path>C:\TI\CC3200SDK_1.1.0\cc3200-sdk\example\http_client_demo\ccs\..\..\..\driverlib\ccs\Release\</path>
         <kind>archive</kind>
         <file>driverlib.a</file>
         <name>interrupt.obj</name>
      </input_file>
      <input_file id="fl-15c">
         <path>C:\TI\CC3200SDK_1.1.0\cc3200-sdk\example\http_client_demo\ccs\..\..\..\driverlib\ccs\Release\</path>
         <kind>archive</kind>
         <file>driverlib.a</file>
         <name>pin.obj</name>
      </input_file>
      <input_file id="fl-15d">
         <path>C:\TI\CC3200SDK_1.1.0\cc3200-sdk\example\http_client_demo\ccs\..\..\..\driverlib\ccs\Release\</path>
         <kind>archive</kind>
         <file>driverlib.a</file>
         <name>prcm.obj</name>
      </input_file>
      <input_file id="fl-15e">
         <path>C:\TI\CC3200SDK_1.1.0\cc3200-sdk\example\http_client_demo\ccs\..\..\..\driverlib\ccs\Release\</path>
         <kind>archive</kind>
         <file>driverlib.a</file>
         <name>spi.obj</name>
      </input_file>
      <input_file id="fl-15f">
         <path>C:\TI\CC3200SDK_1.1.0\cc3200-sdk\example\http_client_demo\ccs\..\..\..\driverlib\ccs\Release\</path>
         <kind>archive</kind>
         <file>driverlib.a</file>
         <name>uart.obj</name>
      </input_file>
      <input_file id="fl-160">
         <path>C:\TI\CC3200SDK_1.1.0\cc3200-sdk\example\http_client_demo\ccs\..\..\..\driverlib\ccs\Release\</path>
         <kind>archive</kind>
         <file>driverlib.a</file>
         <name>utils.obj</name>
      </input_file>
      <input_file id="fl-161">
         <path>C:\TI\CC3200SDK_1.1.0\cc3200-sdk\example\http_client_demo\ccs\..\..\..\driverlib\ccs\Release\</path>
         <kind>archive</kind>
         <file>driverlib.a</file>
         <name>cpu.obj</name>
      </input_file>
      <input_file id="fl-162">
         <path>C:\TI\CC3200SDK_1.1.0\cc3200-sdk\example\http_client_demo\ccs\..\..\..\driverlib\ccs\Release\</path>
         <kind>archive</kind>
         <file>driverlib.a</file>
         <name>flash.obj</name>
      </input_file>
      <input_file id="fl-163">
         <path>C:\TI\CC3200SDK_1.1.0\cc3200-sdk\example\http_client_demo\ccs\..\..\..\simplelink\ccs\NON_OS\</path>
         <kind>archive</kind>
         <file>simplelink.a</file>
         <name>device.obj</name>
      </input_file>
      <input_file id="fl-164">
         <path>C:\TI\CC3200SDK_1.1.0\cc3200-sdk\example\http_client_demo\ccs\..\..\..\simplelink\ccs\NON_OS\</path>
         <kind>archive</kind>
         <file>simplelink.a</file>
         <name>driver.obj</name>
      </input_file>
      <input_file id="fl-165">
         <path>C:\TI\CC3200SDK_1.1.0\cc3200-sdk\example\http_client_demo\ccs\..\..\..\simplelink\ccs\NON_OS\</path>
         <kind>archive</kind>
         <file>simplelink.a</file>
         <name>netapp.obj</name>
      </input_file>
      <input_file id="fl-166">
         <path>C:\TI\CC3200SDK_1.1.0\cc3200-sdk\example\http_client_demo\ccs\..\..\..\simplelink\ccs\NON_OS\</path>
         <kind>archive</kind>
         <file>simplelink.a</file>
         <name>netcfg.obj</name>
      </input_file>
      <input_file id="fl-167">
         <path>C:\TI\CC3200SDK_1.1.0\cc3200-sdk\example\http_client_demo\ccs\..\..\..\simplelink\ccs\NON_OS\</path>
         <kind>archive</kind>
         <file>simplelink.a</file>
         <name>nonos.obj</name>
      </input_file>
      <input_file id="fl-168">
         <path>C:\TI\CC3200SDK_1.1.0\cc3200-sdk\example\http_client_demo\ccs\..\..\..\simplelink\ccs\NON_OS\</path>
         <kind>archive</kind>
         <file>simplelink.a</file>
         <name>socket.obj</name>
      </input_file>
      <input_file id="fl-169">
         <path>C:\TI\CC3200SDK_1.1.0\cc3200-sdk\example\http_client_demo\ccs\..\..\..\simplelink\ccs\NON_OS\</path>
         <kind>archive</kind>
         <file>simplelink.a</file>
         <name>wlan.obj</name>
      </input_file>
      <input_file id="fl-16a">
         <path>C:\TI\CC3200SDK_1.1.0\cc3200-sdk\example\http_client_demo\ccs\..\..\..\simplelink\ccs\NON_OS\</path>
         <kind>archive</kind>
         <file>simplelink.a</file>
         <name>cc_pal.obj</name>
      </input_file>
      <input_file id="fl-16b">
         <path>C:\TI\CC3200SDK_1.1.0\cc3200-sdk\netapps\http\client\ccs\HTTPClientMinLib\</path>
         <kind>archive</kind>
         <file>webclient.a</file>
         <name>httpcli.obj</name>
      </input_file>
      <input_file id="fl-16c">
         <path>C:\TI\CC3200SDK_1.1.0\cc3200-sdk\netapps\http\client\ccs\HTTPClientMinLib\</path>
         <kind>archive</kind>
         <file>webclient.a</file>
         <name>ssock.obj</name>
      </input_file>
      <input_file id="fl-16d">
         <path>C:\TI\CC3200SDK_1.1.0\cc3200-sdk\netapps\json\ccs\Release\</path>
         <kind>archive</kind>
         <file>json.a</file>
         <name>jsmn.obj</name>
      </input_file>
      <input_file id="fl-16e">
         <path>C:\TI\ccsv6\tools\compiler\ti-cgt-arm_5.2.5\lib\</path>
         <kind>archive</kind>
         <file>rtsv7M4_T_le_v4SPD16_eabi.lib</file>
         <name>strcmp.obj</name>
      </input_file>
      <input_file id="fl-16f">
         <path>C:\TI\ccsv6\tools\compiler\ti-cgt-arm_5.2.5\lib\</path>
         <kind>archive</kind>
         <file>rtsv7M4_T_le_v4SPD16_eabi.lib</file>
         <name>strcpy.obj</name>
      </input_file>
      <input_file id="fl-170">
         <path>C:\TI\ccsv6\tools\compiler\ti-cgt-arm_5.2.5\lib\</path>
         <kind>archive</kind>
         <file>rtsv7M4_T_le_v4SPD16_eabi.lib</file>
         <name>strncmp.obj</name>
      </input_file>
      <input_file id="fl-171">
         <path>C:\TI\ccsv6\tools\compiler\ti-cgt-arm_5.2.5\lib\</path>
         <kind>archive</kind>
         <file>rtsv7M4_T_le_v4SPD16_eabi.lib</file>
         <name>strtoul.obj</name>
      </input_file>
      <input_file id="fl-172">
         <path>C:\TI\CC3200SDK_1.1.0\cc3200-sdk\example\http_client_demo\ccs\..\..\..\driverlib\ccs\Release\</path>
         <kind>archive</kind>
         <file>driverlib.a</file>
         <name>udma.obj</name>
      </input_file>
   </input_file_list>
   <object_component_list>
      <object_component id="oc-f">
         <name>.intvecs</name>
         <load_address>0x20004000</load_address>
         <run_address>0x20004000</run_address>
         <size>0x400</size>
         <input_file_ref idref="fl-4"/>
      </object_component>
      <object_component id="oc-9f">
         <name>.text</name>
         <load_address>0x20004400</load_address>
         <run_address>0x20004400</run_address>
         <size>0x1148</size>
         <input_file_ref idref="fl-2"/>
      </object_component>
      <object_component id="oc-38f">
         <name>.text</name>
         <load_address>0x20005548</load_address>
         <run_address>0x20005548</run_address>
         <size>0x10ba</size>
         <input_file_ref idref="fl-140"/>
      </object_component>
      <object_component id="oc-617">
         <name>.text:IntDefaultHandler</name>
         <load_address>0x20006602</load_address>
         <run_address>0x20006602</run_address>
         <size>0x2</size>
         <input_file_ref idref="fl-15b"/>
      </object_component>
      <object_component id="oc-148">
         <name>.text</name>
         <load_address>0x20006604</load_address>
         <run_address>0x20006604</run_address>
         <size>0xfc4</size>
         <input_file_ref idref="fl-16b"/>
      </object_component>
      <object_component id="oc-135">
         <name>.text</name>
         <load_address>0x200075c8</load_address>
         <run_address>0x200075c8</run_address>
         <size>0x5f0</size>
         <input_file_ref idref="fl-16d"/>
      </object_component>
      <object_component id="oc-625">
         <name>.text:_SlDrvMsgRead</name>
         <load_address>0x20007bb8</load_address>
         <run_address>0x20007bb8</run_address>
         <size>0x5ec</size>
         <input_file_ref idref="fl-164"/>
      </object_component>
      <object_component id="oc-141">
         <name>.text</name>
         <load_address>0x200081a4</load_address>
         <run_address>0x200081a4</run_address>
         <size>0x3dc</size>
         <input_file_ref idref="fl-138"/>
      </object_component>
      <object_component id="oc-331">
         <name>.text</name>
         <load_address>0x20008580</load_address>
         <run_address>0x20008580</run_address>
         <size>0x2ea</size>
         <input_file_ref idref="fl-16c"/>
      </object_component>
      <object_component id="oc-d1">
         <name>.text</name>
         <load_address>0x2000886c</load_address>
         <run_address>0x2000886c</run_address>
         <size>0x280</size>
         <input_file_ref idref="fl-5"/>
      </object_component>
      <object_component id="oc-6b1">
         <name>.text:_SlDrvRxHdrRead</name>
         <load_address>0x20008aec</load_address>
         <run_address>0x20008aec</run_address>
         <size>0x248</size>
         <input_file_ref idref="fl-164"/>
      </object_component>
      <object_component id="oc-12f">
         <name>.text:sl_WlanConnect</name>
         <load_address>0x20008d34</load_address>
         <run_address>0x20008d34</run_address>
         <size>0x244</size>
         <input_file_ref idref="fl-169"/>
      </object_component>
      <object_component id="oc-561">
         <name>.text</name>
         <load_address>0x20008f78</load_address>
         <run_address>0x20008f78</run_address>
         <size>0x1f4</size>
         <input_file_ref idref="fl-14f"/>
      </object_component>
      <object_component id="oc-2a4">
         <name>.text:_SlDrvReleasePoolObj</name>
         <load_address>0x2000916c</load_address>
         <run_address>0x2000916c</run_address>
         <size>0x1d0</size>
         <input_file_ref idref="fl-164"/>
      </object_component>
      <object_component id="oc-4e5">
         <name>.text:_SlDrvMsgWrite</name>
         <load_address>0x2000933c</load_address>
         <run_address>0x2000933c</run_address>
         <size>0x1cc</size>
         <input_file_ref idref="fl-164"/>
      </object_component>
      <object_component id="oc-580">
         <name>.text</name>
         <load_address>0x20009508</load_address>
         <run_address>0x20009508</run_address>
         <size>0x1b6</size>
         <input_file_ref idref="fl-146"/>
      </object_component>
      <object_component id="oc-399">
         <name>.text:_SlDrvWaitForPoolObj</name>
         <load_address>0x200096c0</load_address>
         <run_address>0x200096c0</run_address>
         <size>0x190</size>
         <input_file_ref idref="fl-164"/>
      </object_component>
      <object_component id="oc-27a">
         <name>.text:_SlDrvDriverCBInit</name>
         <load_address>0x20009850</load_address>
         <run_address>0x20009850</run_address>
         <size>0x188</size>
         <input_file_ref idref="fl-164"/>
      </object_component>
      <object_component id="oc-6c3">
         <name>.text:_SlFindAndSetActiveObj</name>
         <load_address>0x200099d8</load_address>
         <run_address>0x200099d8</run_address>
         <size>0x170</size>
         <input_file_ref idref="fl-164"/>
      </object_component>
      <object_component id="oc-280">
         <name>.text:spi_Open</name>
         <load_address>0x20009b48</load_address>
         <run_address>0x20009b48</run_address>
         <size>0x144</size>
         <input_file_ref idref="fl-16a"/>
      </object_component>
      <object_component id="oc-56b">
         <name>.text</name>
         <load_address>0x20009c8c</load_address>
         <run_address>0x20009c8c</run_address>
         <size>0x136</size>
         <input_file_ref idref="fl-147"/>
      </object_component>
      <object_component id="oc-17c">
         <name>.text:PRCMCC3200MCUInit</name>
         <load_address>0x20009dc4</load_address>
         <run_address>0x20009dc4</run_address>
         <size>0x134</size>
         <input_file_ref idref="fl-15d"/>
      </object_component>
      <object_component id="oc-64d">
         <name>.text:_SlDrvDataReadOp</name>
         <load_address>0x20009ef8</load_address>
         <run_address>0x20009ef8</run_address>
         <size>0x12c</size>
         <input_file_ref idref="fl-164"/>
      </object_component>
      <object_component id="oc-33d">
         <name>.text</name>
         <load_address>0x2000a024</load_address>
         <run_address>0x2000a024</run_address>
         <size>0x114</size>
         <input_file_ref idref="fl-171"/>
      </object_component>
      <object_component id="oc-685">
         <name>.text</name>
         <load_address>0x2000a138</load_address>
         <run_address>0x2000a138</run_address>
         <size>0x110</size>
         <input_file_ref idref="fl-151"/>
      </object_component>
      <object_component id="oc-65a">
         <name>.text:_SlDrvDataWriteOp</name>
         <load_address>0x2000a248</load_address>
         <run_address>0x2000a248</run_address>
         <size>0x108</size>
         <input_file_ref idref="fl-164"/>
      </object_component>
      <object_component id="oc-367">
         <name>.text:sl_Connect</name>
         <load_address>0x2000a350</load_address>
         <run_address>0x2000a350</run_address>
         <size>0x108</size>
         <input_file_ref idref="fl-168"/>
      </object_component>
      <object_component id="oc-52d">
         <name>.text:sl_Send</name>
         <load_address>0x2000a458</load_address>
         <run_address>0x2000a458</run_address>
         <size>0x108</size>
         <input_file_ref idref="fl-168"/>
      </object_component>
      <object_component id="oc-157">
         <name>.text:sl_NetAppDnsGetHostByName</name>
         <load_address>0x2000a560</load_address>
         <run_address>0x2000a560</run_address>
         <size>0x104</size>
         <input_file_ref idref="fl-165"/>
      </object_component>
      <object_component id="oc-2de">
         <name>.text:_SlDrvDriverCBDeinit</name>
         <load_address>0x2000a664</load_address>
         <run_address>0x2000a664</run_address>
         <size>0x100</size>
         <input_file_ref idref="fl-164"/>
      </object_component>
      <object_component id="oc-720">
         <name>.text:_SlDrvNetAppEventHandler</name>
         <load_address>0x2000a764</load_address>
         <run_address>0x2000a764</run_address>
         <size>0xfe</size>
         <input_file_ref idref="fl-165"/>
      </object_component>
      <object_component id="oc-566">
         <name>.text</name>
         <load_address>0x2000a862</load_address>
         <run_address>0x2000a862</run_address>
         <size>0xfc</size>
         <input_file_ref idref="fl-148"/>
      </object_component>
      <object_component id="oc-6bd">
         <name>.text:spi_Read</name>
         <load_address>0x2000a960</load_address>
         <run_address>0x2000a960</run_address>
         <size>0xf0</size>
         <input_file_ref idref="fl-16a"/>
      </object_component>
      <object_component id="oc-7a4">
         <name>.text:uDMAChannelTransferSet</name>
         <load_address>0x2000aa50</load_address>
         <run_address>0x2000aa50</run_address>
         <size>0xf0</size>
         <input_file_ref idref="fl-172"/>
      </object_component>
      <object_component id="oc-6b7">
         <name>.text:_SlDrvClassifyRxMsg</name>
         <load_address>0x2000ab40</load_address>
         <run_address>0x2000ab40</run_address>
         <size>0xd8</size>
         <input_file_ref idref="fl-164"/>
      </object_component>
      <object_component id="oc-f2">
         <name>.text:sl_Stop</name>
         <load_address>0x2000ac18</load_address>
         <run_address>0x2000ac18</run_address>
         <size>0xd4</size>
         <input_file_ref idref="fl-163"/>
      </object_component>
      <object_component id="oc-76e">
         <name>.text:_sl_HandleAsync_DnsGetHostByService</name>
         <load_address>0x2000acec</load_address>
         <run_address>0x2000acec</run_address>
         <size>0xc8</size>
         <input_file_ref idref="fl-165"/>
      </object_component>
      <object_component id="oc-4eb">
         <name>.text:_SlDrvMsgReadCmdCtx</name>
         <load_address>0x2000adb4</load_address>
         <run_address>0x2000adb4</run_address>
         <size>0xc0</size>
         <input_file_ref idref="fl-164"/>
      </object_component>
      <object_component id="oc-4ad">
         <name>.text:_SlRemoveFromList</name>
         <load_address>0x2000ae74</load_address>
         <run_address>0x2000ae74</run_address>
         <size>0xc0</size>
         <input_file_ref idref="fl-164"/>
      </object_component>
      <object_component id="oc-6fc">
         <name>.text</name>
         <load_address>0x2000af34</load_address>
         <run_address>0x2000af34</run_address>
         <size>0xbe</size>
         <input_file_ref idref="fl-159"/>
      </object_component>
      <object_component id="oc-e0">
         <name>.text:sl_Start</name>
         <load_address>0x2000aff4</load_address>
         <run_address>0x2000aff4</run_address>
         <size>0xbc</size>
         <input_file_ref idref="fl-163"/>
      </object_component>
      <object_component id="oc-62b">
         <name>.text:_SlAsyncEventGenericHandler</name>
         <load_address>0x2000b0b0</load_address>
         <run_address>0x2000b0b0</run_address>
         <size>0xb8</size>
         <input_file_ref idref="fl-164"/>
      </object_component>
      <object_component id="oc-30d">
         <name>.text:sl_NetAppMDNSRegisterUnregisterService</name>
         <load_address>0x2000b168</load_address>
         <run_address>0x2000b168</run_address>
         <size>0xb4</size>
         <input_file_ref idref="fl-165"/>
      </object_component>
      <object_component id="oc-492">
         <name>.text:IntDisable</name>
         <load_address>0x2000b21c</load_address>
         <run_address>0x2000b21c</run_address>
         <size>0xa8</size>
         <input_file_ref idref="fl-15b"/>
      </object_component>
      <object_component id="oc-176">
         <name>.text:IntEnable</name>
         <load_address>0x2000b2c4</load_address>
         <run_address>0x2000b2c4</run_address>
         <size>0xa8</size>
         <input_file_ref idref="fl-15b"/>
      </object_component>
      <object_component id="oc-19a">
         <name>.text:SPIConfigSetExpClk</name>
         <load_address>0x2000b36c</load_address>
         <run_address>0x2000b36c</run_address>
         <size>0xa0</size>
         <input_file_ref idref="fl-15e"/>
      </object_component>
      <object_component id="oc-4c6">
         <name>.text:_SlDrvMsgReadSpawnCtx</name>
         <load_address>0x2000b40c</load_address>
         <run_address>0x2000b40c</run_address>
         <size>0x9c</size>
         <input_file_ref idref="fl-164"/>
      </object_component>
      <object_component id="oc-36">
         <name>.text</name>
         <load_address>0x2000b4a8</load_address>
         <run_address>0x2000b4a8</run_address>
         <size>0x9c</size>
         <input_file_ref idref="fl-136"/>
      </object_component>
      <object_component id="oc-f8">
         <name>.text:sl_DevGet</name>
         <load_address>0x2000b544</load_address>
         <run_address>0x2000b544</run_address>
         <size>0x9c</size>
         <input_file_ref idref="fl-163"/>
      </object_component>
      <object_component id="oc-633">
         <name>.text:spi_Write</name>
         <load_address>0x2000b5e0</load_address>
         <run_address>0x2000b5e0</run_address>
         <size>0x98</size>
         <input_file_ref idref="fl-16a"/>
      </object_component>
      <object_component id="oc-194">
         <name>.text:PRCMPeripheralClockGet</name>
         <load_address>0x2000b678</load_address>
         <run_address>0x2000b678</run_address>
         <size>0x94</size>
         <input_file_ref idref="fl-15d"/>
      </object_component>
      <object_component id="oc-1d4">
         <name>.text</name>
         <load_address>0x2000b70c</load_address>
         <run_address>0x2000b70c</run_address>
         <size>0x90</size>
         <input_file_ref idref="fl-3"/>
      </object_component>
      <object_component id="oc-72d">
         <name>.text:SetupDMAReceive</name>
         <load_address>0x2000b79c</load_address>
         <run_address>0x2000b79c</run_address>
         <size>0x8c</size>
         <input_file_ref idref="fl-16a"/>
      </object_component>
      <object_component id="oc-6ce">
         <name>.text:SetupDMASend</name>
         <load_address>0x2000b828</load_address>
         <run_address>0x2000b828</run_address>
         <size>0x8c</size>
         <input_file_ref idref="fl-16a"/>
      </object_component>
      <object_component id="oc-768">
         <name>.text:_sl_HandleAsync_DnsGetHostByName</name>
         <load_address>0x2000b8b4</load_address>
         <run_address>0x2000b8b4</run_address>
         <size>0x8c</size>
         <input_file_ref idref="fl-165"/>
      </object_component>
      <object_component id="oc-726">
         <name>.text:_sl_HandleAsync_PingResponse</name>
         <load_address>0x2000b940</load_address>
         <run_address>0x2000b940</run_address>
         <size>0x8c</size>
         <input_file_ref idref="fl-165"/>
      </object_component>
      <object_component id="oc-5d1">
         <name>.text:PinConfigSet</name>
         <load_address>0x2000b9cc</load_address>
         <run_address>0x2000b9cc</run_address>
         <size>0x88</size>
         <input_file_ref idref="fl-15c"/>
      </object_component>
      <object_component id="oc-225">
         <name>.text</name>
         <load_address>0x2000ba54</load_address>
         <run_address>0x2000ba54</run_address>
         <size>0x88</size>
         <input_file_ref idref="fl-13e"/>
      </object_component>
      <object_component id="oc-1b1">
         <name>.text:__aeabi_cdcmple</name>
         <load_address>0x2000badc</load_address>
         <run_address>0x2000badc</run_address>
         <size>0x86</size>
         <input_file_ref idref="fl-134"/>
      </object_component>
      <object_component id="oc-570">
         <name>.text:__aeabi_cdrcmple</name>
         <load_address>0x2000bb62</load_address>
         <run_address>0x2000bb62</run_address>
         <size>0x86</size>
         <input_file_ref idref="fl-134"/>
      </object_component>
      <object_component id="oc-274">
         <name>.text:NwpPowerOnPreamble</name>
         <load_address>0x2000bbe8</load_address>
         <run_address>0x2000bbe8</run_address>
         <size>0x84</size>
         <input_file_ref idref="fl-16a"/>
      </object_component>
      <object_component id="oc-2c8">
         <name>.text:_SlDrvCmdOp</name>
         <load_address>0x2000bc6c</load_address>
         <run_address>0x2000bc6c</run_address>
         <size>0x80</size>
         <input_file_ref idref="fl-164"/>
      </object_component>
      <object_component id="oc-733">
         <name>.text:spi_Read_CPU</name>
         <load_address>0x2000bcec</load_address>
         <run_address>0x2000bcec</run_address>
         <size>0x80</size>
         <input_file_ref idref="fl-16a"/>
      </object_component>
      <object_component id="oc-6da">
         <name>.text:spi_Write_CPU</name>
         <load_address>0x2000bd6c</load_address>
         <run_address>0x2000bd6c</run_address>
         <size>0x80</size>
         <input_file_ref idref="fl-16a"/>
      </object_component>
      <object_component id="oc-6e5">
         <name>.text:_sl_HandleAsync_InitComplete</name>
         <load_address>0x2000bdec</load_address>
         <run_address>0x2000bdec</run_address>
         <size>0x7c</size>
         <input_file_ref idref="fl-163"/>
      </object_component>
      <object_component id="oc-4f">
         <name>.text</name>
         <load_address>0x2000be68</load_address>
         <run_address>0x2000be68</run_address>
         <size>0x7a</size>
         <input_file_ref idref="fl-139"/>
      </object_component>
      <object_component id="oc-78a">
         <name>.text:_sl_HandleAsync_Connect</name>
         <load_address>0x2000bee4</load_address>
         <run_address>0x2000bee4</run_address>
         <size>0x78</size>
         <input_file_ref idref="fl-168"/>
      </object_component>
      <object_component id="oc-2d8">
         <name>.text:spi_Close</name>
         <load_address>0x2000bf5c</load_address>
         <run_address>0x2000bf5c</run_address>
         <size>0x78</size>
         <input_file_ref idref="fl-16a"/>
      </object_component>
      <object_component id="oc-219">
         <name>.text:UARTConfigSetExpClk</name>
         <load_address>0x2000bfd4</load_address>
         <run_address>0x2000bfd4</run_address>
         <size>0x76</size>
         <input_file_ref idref="fl-15f"/>
      </object_component>
      <object_component id="oc-527">
         <name>.text:sl_Recv</name>
         <load_address>0x2000c04c</load_address>
         <run_address>0x2000c04c</run_address>
         <size>0x74</size>
         <input_file_ref idref="fl-168"/>
      </object_component>
      <object_component id="oc-e6">
         <name>.text:_SlNonOsMainLoopTask</name>
         <load_address>0x2000c0c0</load_address>
         <run_address>0x2000c0c0</run_address>
         <size>0x70</size>
         <input_file_ref idref="fl-167"/>
      </object_component>
      <object_component id="oc-7c6">
         <name>.text:_SlDrvCmdSend</name>
         <load_address>0x2000c130</load_address>
         <run_address>0x2000c130</run_address>
         <size>0x6c</size>
         <input_file_ref idref="fl-164"/>
      </object_component>
      <object_component id="oc-61">
         <name>.text</name>
         <load_address>0x2000c19c</load_address>
         <run_address>0x2000c19c</run_address>
         <size>0x6c</size>
         <input_file_ref idref="fl-143"/>
      </object_component>
      <object_component id="oc-42">
         <name>.text</name>
         <load_address>0x2000c208</load_address>
         <run_address>0x2000c208</run_address>
         <size>0x6a</size>
         <input_file_ref idref="fl-131"/>
      </object_component>
      <object_component id="oc-774">
         <name>.text:_sl_NetAppSendTokenValue</name>
         <load_address>0x2000c274</load_address>
         <run_address>0x2000c274</run_address>
         <size>0x68</size>
         <input_file_ref idref="fl-165"/>
      </object_component>
      <object_component id="oc-110">
         <name>.text:sl_NetCfgSet</name>
         <load_address>0x2000c2dc</load_address>
         <run_address>0x2000c2dc</run_address>
         <size>0x68</size>
         <input_file_ref idref="fl-166"/>
      </object_component>
      <object_component id="oc-34c">
         <name>.text:sl_SetSockOpt</name>
         <load_address>0x2000c344</load_address>
         <run_address>0x2000c344</run_address>
         <size>0x68</size>
         <input_file_ref idref="fl-168"/>
      </object_component>
      <object_component id="oc-116">
         <name>.text:sl_WlanSet</name>
         <load_address>0x2000c3ac</load_address>
         <run_address>0x2000c3ac</run_address>
         <size>0x68</size>
         <input_file_ref idref="fl-169"/>
      </object_component>
      <object_component id="oc-67d">
         <name>.text</name>
         <load_address>0x2000c414</load_address>
         <run_address>0x2000c414</run_address>
         <size>0x66</size>
         <input_file_ref idref="fl-152"/>
      </object_component>
      <object_component id="oc-5ed">
         <name>.text:uDMAChannelAttributeDisable</name>
         <load_address>0x2000c47c</load_address>
         <run_address>0x2000c47c</run_address>
         <size>0x64</size>
         <input_file_ref idref="fl-172"/>
      </object_component>
      <object_component id="oc-79e">
         <name>.text:uDMAChannelAttributeEnable</name>
         <load_address>0x2000c4e0</load_address>
         <run_address>0x2000c4e0</run_address>
         <size>0x64</size>
         <input_file_ref idref="fl-172"/>
      </object_component>
      <object_component id="oc-784">
         <name>.text:_sl_HandleAsync_Accept</name>
         <load_address>0x2000c544</load_address>
         <run_address>0x2000c544</run_address>
         <size>0x60</size>
         <input_file_ref idref="fl-168"/>
      </object_component>
      <object_component id="oc-14e">
         <name>.text</name>
         <load_address>0x2000c5a4</load_address>
         <run_address>0x2000c5a4</run_address>
         <size>0x60</size>
         <input_file_ref idref="fl-13b"/>
      </object_component>
      <object_component id="oc-fe">
         <name>.text:sl_WlanPolicySet</name>
         <load_address>0x2000c604</load_address>
         <run_address>0x2000c604</run_address>
         <size>0x60</size>
         <input_file_ref idref="fl-169"/>
      </object_component>
      <object_component id="oc-435">
         <name>.text:_SlNonOsSemGet</name>
         <load_address>0x2000c664</load_address>
         <run_address>0x2000c664</run_address>
         <size>0x5c</size>
         <input_file_ref idref="fl-167"/>
      </object_component>
      <object_component id="oc-4c0">
         <name>.text:_SlNonOsSpawn</name>
         <load_address>0x2000c6c0</load_address>
         <run_address>0x2000c6c0</run_address>
         <size>0x5c</size>
         <input_file_ref idref="fl-167"/>
      </object_component>
      <object_component id="oc-361">
         <name>.text:sl_Socket</name>
         <load_address>0x2000c71c</load_address>
         <run_address>0x2000c71c</run_address>
         <size>0x5c</size>
         <input_file_ref idref="fl-168"/>
      </object_component>
      <object_component id="oc-49e">
         <name>.text:IntPendClear</name>
         <load_address>0x2000c778</load_address>
         <run_address>0x2000c778</run_address>
         <size>0x58</size>
         <input_file_ref idref="fl-15b"/>
      </object_component>
      <object_component id="oc-188">
         <name>.text:PRCMPeripheralReset</name>
         <load_address>0x2000c7d0</load_address>
         <run_address>0x2000c7d0</run_address>
         <size>0x58</size>
         <input_file_ref idref="fl-15d"/>
      </object_component>
      <object_component id="oc-57a">
         <name>.text</name>
         <load_address>0x2000c828</load_address>
         <run_address>0x2000c828</run_address>
         <size>0x56</size>
         <input_file_ref idref="fl-14c"/>
      </object_component>
      <object_component id="oc-469">
         <name>.text:IntPrioritySet</name>
         <load_address>0x2000c880</load_address>
         <run_address>0x2000c880</run_address>
         <size>0x54</size>
         <input_file_ref idref="fl-15b"/>
      </object_component>
      <object_component id="oc-790">
         <name>.text:_sl_HandleAsync_Select</name>
         <load_address>0x2000c8d4</load_address>
         <run_address>0x2000c8d4</run_address>
         <size>0x54</size>
         <input_file_ref idref="fl-168"/>
      </object_component>
      <object_component id="oc-125">
         <name>.text:sl_WlanRxFilterSet</name>
         <load_address>0x2000c928</load_address>
         <run_address>0x2000c928</run_address>
         <size>0x54</size>
         <input_file_ref idref="fl-169"/>
      </object_component>
      <object_component id="oc-58b">
         <name>.text</name>
         <load_address>0x2000c97c</load_address>
         <run_address>0x2000c97c</run_address>
         <size>0x52</size>
         <input_file_ref idref="fl-14b"/>
      </object_component>
      <object_component id="oc-6eb">
         <name>.text:_sl_HandleAsync_Stop</name>
         <load_address>0x2000c9d0</load_address>
         <run_address>0x2000c9d0</run_address>
         <size>0x50</size>
         <input_file_ref idref="fl-163"/>
      </object_component>
      <object_component id="oc-24">
         <name>.text</name>
         <load_address>0x2000ca20</load_address>
         <run_address>0x2000ca20</run_address>
         <size>0x50</size>
         <input_file_ref idref="fl-12f"/>
      </object_component>
      <object_component id="oc-46f">
         <name>.text:SPIIntEnable</name>
         <load_address>0x2000ca70</load_address>
         <run_address>0x2000ca70</run_address>
         <size>0x4c</size>
         <input_file_ref idref="fl-15e"/>
      </object_component>
      <object_component id="oc-63c">
         <name>.text:SPIIntNumberGet</name>
         <load_address>0x2000cabc</load_address>
         <run_address>0x2000cabc</run_address>
         <size>0x4c</size>
         <input_file_ref idref="fl-15e"/>
      </object_component>
      <object_component id="oc-286">
         <name>.text:_SlDrvProtectAsyncRespSetting</name>
         <load_address>0x2000cb08</load_address>
         <run_address>0x2000cb08</run_address>
         <size>0x4c</size>
         <input_file_ref idref="fl-164"/>
      </object_component>
      <object_component id="oc-2b3">
         <name>.text:_SlDrvRxIrqHandler</name>
         <load_address>0x2000cb54</load_address>
         <run_address>0x2000cb54</run_address>
         <size>0x4c</size>
         <input_file_ref idref="fl-164"/>
      </object_component>
      <object_component id="oc-553">
         <name>.text:_sl_BuildAddress</name>
         <load_address>0x2000cba0</load_address>
         <run_address>0x2000cba0</run_address>
         <size>0x4c</size>
         <input_file_ref idref="fl-168"/>
      </object_component>
      <object_component id="oc-59d">
         <name>.text</name>
         <load_address>0x2000cbec</load_address>
         <run_address>0x2000cbec</run_address>
         <size>0x4c</size>
         <input_file_ref idref="fl-142"/>
      </object_component>
      <object_component id="oc-97">
         <name>.text</name>
         <load_address>0x2000cc38</load_address>
         <run_address>0x2000cc38</run_address>
         <size>0x4c</size>
         <input_file_ref idref="fl-144"/>
      </object_component>
      <object_component id="oc-5e7">
         <name>.text:uDMAChannelAssign</name>
         <load_address>0x2000cc84</load_address>
         <run_address>0x2000cc84</run_address>
         <size>0x4c</size>
         <input_file_ref idref="fl-172"/>
      </object_component>
      <object_component id="oc-607">
         <name>.text:SPIIntClear</name>
         <load_address>0x2000ccd0</load_address>
         <run_address>0x2000ccd0</run_address>
         <size>0x48</size>
         <input_file_ref idref="fl-15e"/>
      </object_component>
      <object_component id="oc-2fb">
         <name>.text:_SlDrvBasicCmd</name>
         <load_address>0x2000cd18</load_address>
         <run_address>0x2000cd18</run_address>
         <size>0x48</size>
         <input_file_ref idref="fl-164"/>
      </object_component>
      <object_component id="oc-575">
         <name>.text</name>
         <load_address>0x2000cd60</load_address>
         <run_address>0x2000cd60</run_address>
         <size>0x48</size>
         <input_file_ref idref="fl-149"/>
      </object_component>
      <object_component id="oc-5fc">
         <name>.text:SPIDmaMaskGet</name>
         <load_address>0x2000cda8</load_address>
         <run_address>0x2000cda8</run_address>
         <size>0x44</size>
         <input_file_ref idref="fl-15e"/>
      </object_component>
      <object_component id="oc-740">
         <name>.text:cc_SetupTransfer</name>
         <load_address>0x2000cdec</load_address>
         <run_address>0x2000cdec</run_address>
         <size>0x44</size>
         <input_file_ref idref="fl-16a"/>
      </object_component>
      <object_component id="oc-6d">
         <name>.text</name>
         <load_address>0x2000ce30</load_address>
         <run_address>0x2000ce30</run_address>
         <size>0x44</size>
         <input_file_ref idref="fl-133"/>
      </object_component>
      <object_component id="oc-163">
         <name>.text:sl_Htonl</name>
         <load_address>0x2000ce74</load_address>
         <run_address>0x2000ce74</run_address>
         <size>0x42</size>
         <input_file_ref idref="fl-168"/>
      </object_component>
      <object_component id="oc-5cb">
         <name>.text:PinModeSet</name>
         <load_address>0x2000ceb8</load_address>
         <run_address>0x2000ceb8</run_address>
         <size>0x40</size>
         <input_file_ref idref="fl-15c"/>
      </object_component>
      <object_component id="oc-7b3">
         <name>.text</name>
         <load_address>0x2000cef8</load_address>
         <run_address>0x2000cef8</run_address>
         <size>0x40</size>
         <input_file_ref idref="fl-158"/>
      </object_component>
      <object_component id="oc-292">
         <name>.text:NwpRegisterInterruptHandler</name>
         <load_address>0x2000cf38</load_address>
         <run_address>0x2000cf38</run_address>
         <size>0x3e</size>
         <input_file_ref idref="fl-16a"/>
      </object_component>
      <object_component id="oc-77b">
         <name>.text:CopyPingResultsToReport</name>
         <load_address>0x2000cf76</load_address>
         <run_address>0x2000cf76</run_address>
         <size>0x3c</size>
         <input_file_ref idref="fl-165"/>
      </object_component>
      <object_component id="oc-182">
         <name>.text:PRCMPeripheralClkEnable</name>
         <load_address>0x2000cfb4</load_address>
         <run_address>0x2000cfb4</run_address>
         <size>0x3c</size>
         <input_file_ref idref="fl-15d"/>
      </object_component>
      <object_component id="oc-654">
         <name>.text:_sl_TruncatePayloadByProtocol</name>
         <load_address>0x2000cff0</load_address>
         <run_address>0x2000cff0</run_address>
         <size>0x3c</size>
         <input_file_ref idref="fl-168"/>
      </object_component>
      <object_component id="oc-15d">
         <name>.text:sl_Htons</name>
         <load_address>0x2000d02c</load_address>
         <run_address>0x2000d02c</run_address>
         <size>0x3c</size>
         <input_file_ref idref="fl-168"/>
      </object_component>
      <object_component id="oc-798">
         <name>.text:uDMAChannelControlSet</name>
         <load_address>0x2000d068</load_address>
         <run_address>0x2000d068</run_address>
         <size>0x3c</size>
         <input_file_ref idref="fl-172"/>
      </object_component>
      <object_component id="oc-28c">
         <name>.text:NwpPowerOff</name>
         <load_address>0x2000d0a4</load_address>
         <run_address>0x2000d0a4</run_address>
         <size>0x38</size>
         <input_file_ref idref="fl-16a"/>
      </object_component>
      <object_component id="oc-3fb">
         <name>.text:GPIODirModeSet</name>
         <load_address>0x2000d0dc</load_address>
         <run_address>0x2000d0dc</run_address>
         <size>0x36</size>
         <input_file_ref idref="fl-15a"/>
      </object_component>
      <object_component id="oc-11c">
         <name>.text:sl_NetAppMDNSUnRegisterService</name>
         <load_address>0x2000d112</load_address>
         <run_address>0x2000d112</run_address>
         <size>0x36</size>
         <input_file_ref idref="fl-165"/>
      </object_component>
      <object_component id="oc-445">
         <name>.text:PRCMPeripheralStatusGet</name>
         <load_address>0x2000d148</load_address>
         <run_address>0x2000d148</run_address>
         <size>0x34</size>
         <input_file_ref idref="fl-15d"/>
      </object_component>
      <object_component id="oc-45d">
         <name>.text:SPIFIFOLevelSet</name>
         <load_address>0x2000d17c</load_address>
         <run_address>0x2000d17c</run_address>
         <size>0x34</size>
         <input_file_ref idref="fl-15e"/>
      </object_component>
      <object_component id="oc-70b">
         <name>.text</name>
         <load_address>0x2000d1b0</load_address>
         <run_address>0x2000d1b0</run_address>
         <size>0x34</size>
         <input_file_ref idref="fl-156"/>
      </object_component>
      <object_component id="oc-3f5">
         <name>.text:PinTypeGPIO</name>
         <load_address>0x2000d1e4</load_address>
         <run_address>0x2000d1e4</run_address>
         <size>0x30</size>
         <input_file_ref idref="fl-15c"/>
      </object_component>
      <object_component id="oc-40d">
         <name>.text:UARTDisable</name>
         <load_address>0x2000d214</load_address>
         <run_address>0x2000d214</run_address>
         <size>0x30</size>
         <input_file_ref idref="fl-15f"/>
      </object_component>
      <object_component id="oc-645">
         <name>.text:_SlDrvDeviceEventHandler</name>
         <load_address>0x2000d244</load_address>
         <run_address>0x2000d244</run_address>
         <size>0x30</size>
         <input_file_ref idref="fl-163"/>
      </object_component>
      <object_component id="oc-591">
         <name>.text</name>
         <load_address>0x2000d274</load_address>
         <run_address>0x2000d274</run_address>
         <size>0x30</size>
         <input_file_ref idref="fl-150"/>
      </object_component>
      <object_component id="oc-68b">
         <name>.text</name>
         <load_address>0x2000d2a4</load_address>
         <run_address>0x2000d2a4</run_address>
         <size>0x30</size>
         <input_file_ref idref="fl-153"/>
      </object_component>
      <object_component id="oc-36d">
         <name>.text:sl_Close</name>
         <load_address>0x2000d2d4</load_address>
         <run_address>0x2000d2d4</run_address>
         <size>0x30</size>
         <input_file_ref idref="fl-168"/>
      </object_component>
      <object_component id="oc-104">
         <name>.text:sl_WlanProfileDel</name>
         <load_address>0x2000d304</load_address>
         <run_address>0x2000d304</run_address>
         <size>0x30</size>
         <input_file_ref idref="fl-169"/>
      </object_component>
      <object_component id="oc-ec">
         <name>.text:sl_WlanSetMode</name>
         <load_address>0x2000d334</load_address>
         <run_address>0x2000d334</run_address>
         <size>0x30</size>
         <input_file_ref idref="fl-169"/>
      </object_component>
      <object_component id="oc-1ac">
         <name>.text</name>
         <load_address>0x2000d364</load_address>
         <run_address>0x2000d364</run_address>
         <size>0x2e</size>
         <input_file_ref idref="fl-135"/>
      </object_component>
      <object_component id="oc-75c">
         <name>.text</name>
         <load_address>0x2000d392</load_address>
         <run_address>0x2000d392</run_address>
         <size>0x2e</size>
         <input_file_ref idref="fl-157"/>
      </object_component>
      <object_component id="oc-298">
         <name>.text:NwpPowerOn</name>
         <load_address>0x2000d3c0</load_address>
         <run_address>0x2000d3c0</run_address>
         <size>0x2c</size>
         <input_file_ref idref="fl-16a"/>
      </object_component>
      <object_component id="oc-3d5">
         <name>.text:PRCMSysResetCauseGet</name>
         <load_address>0x2000d3ec</load_address>
         <run_address>0x2000d3ec</run_address>
         <size>0x2c</size>
         <input_file_ref idref="fl-15d"/>
      </object_component>
      <object_component id="oc-585">
         <name>.text</name>
         <load_address>0x2000d418</load_address>
         <run_address>0x2000d418</run_address>
         <size>0x2a</size>
         <input_file_ref idref="fl-14a"/>
      </object_component>
      <object_component id="oc-3cf">
         <name>.text:PRCMPeripheralClkDisable</name>
         <load_address>0x2000d444</load_address>
         <run_address>0x2000d444</run_address>
         <size>0x28</size>
         <input_file_ref idref="fl-15d"/>
      </object_component>
      <object_component id="oc-343">
         <name>.text</name>
         <load_address>0x2000d46c</load_address>
         <run_address>0x2000d46c</run_address>
         <size>0x26</size>
         <input_file_ref idref="fl-170"/>
      </object_component>
      <object_component id="oc-47b">
         <name>.text:DmaSpiSwIntHandler</name>
         <load_address>0x2000d494</load_address>
         <run_address>0x2000d494</run_address>
         <size>0x24</size>
         <input_file_ref idref="fl-16a"/>
      </object_component>
      <object_component id="oc-498">
         <name>.text:IntUnregister</name>
         <load_address>0x2000d4b8</load_address>
         <run_address>0x2000d4b8</run_address>
         <size>0x24</size>
         <input_file_ref idref="fl-15b"/>
      </object_component>
      <object_component id="oc-413">
         <name>.text:UARTEnable</name>
         <load_address>0x2000d4dc</load_address>
         <run_address>0x2000d4dc</run_address>
         <size>0x24</size>
         <input_file_ref idref="fl-15f"/>
      </object_component>
      <object_component id="oc-39f">
         <name>.text:_SlDrvProtectionObjLockWaitForever</name>
         <load_address>0x2000d500</load_address>
         <run_address>0x2000d500</run_address>
         <size>0x24</size>
         <input_file_ref idref="fl-164"/>
      </object_component>
      <object_component id="oc-237">
         <name>.text</name>
         <load_address>0x2000d524</load_address>
         <run_address>0x2000d524</run_address>
         <size>0x24</size>
         <input_file_ref idref="fl-137"/>
      </object_component>
      <object_component id="oc-18e">
         <name>.text:SPIReset</name>
         <load_address>0x2000d548</load_address>
         <run_address>0x2000d548</run_address>
         <size>0x22</size>
         <input_file_ref idref="fl-15e"/>
      </object_component>
      <object_component id="oc-6d4">
         <name>.text:SPIWordCountSet</name>
         <load_address>0x2000d56a</load_address>
         <run_address>0x2000d56a</run_address>
         <size>0x22</size>
         <input_file_ref idref="fl-15e"/>
      </object_component>
      <object_component id="oc-1a6">
         <name>.text:GPIOPinWrite</name>
         <load_address>0x2000d58c</load_address>
         <run_address>0x2000d58c</run_address>
         <size>0x20</size>
         <input_file_ref idref="fl-15a"/>
      </object_component>
      <object_component id="oc-463">
         <name>.text:IntRegister</name>
         <load_address>0x2000d5ac</load_address>
         <run_address>0x2000d5ac</run_address>
         <size>0x20</size>
         <input_file_ref idref="fl-15b"/>
      </object_component>
      <object_component id="oc-1c8">
         <name>.text:SPIDataGet</name>
         <load_address>0x2000d5cc</load_address>
         <run_address>0x2000d5cc</run_address>
         <size>0x20</size>
         <input_file_ref idref="fl-15e"/>
      </object_component>
      <object_component id="oc-3a5">
         <name>.text:_SlDrvProtectionObjUnLock</name>
         <load_address>0x2000d5ec</load_address>
         <run_address>0x2000d5ec</run_address>
         <size>0x20</size>
         <input_file_ref idref="fl-164"/>
      </object_component>
      <object_component id="oc-1c2">
         <name>.text:SPIDataPut</name>
         <load_address>0x2000d60c</load_address>
         <run_address>0x2000d60c</run_address>
         <size>0x1e</size>
         <input_file_ref idref="fl-15e"/>
      </object_component>
      <object_component id="oc-21f">
         <name>.text:UARTCharPut</name>
         <load_address>0x2000d62a</load_address>
         <run_address>0x2000d62a</run_address>
         <size>0x1e</size>
         <input_file_ref idref="fl-15f"/>
      </object_component>
      <object_component id="oc-4df">
         <name>.text:_SlDrvObjLockWaitForever</name>
         <load_address>0x2000d648</load_address>
         <run_address>0x2000d648</run_address>
         <size>0x1e</size>
         <input_file_ref idref="fl-164"/>
      </object_component>
      <object_component id="oc-29e">
         <name>.text:_SlDrvSyncObjWaitForever</name>
         <load_address>0x2000d666</load_address>
         <run_address>0x2000d666</run_address>
         <size>0x1e</size>
         <input_file_ref idref="fl-164"/>
      </object_component>
      <object_component id="oc-44b">
         <name>.text:cc_UDMAChannelSelect</name>
         <load_address>0x2000d684</load_address>
         <run_address>0x2000d684</run_address>
         <size>0x1e</size>
         <input_file_ref idref="fl-16a"/>
      </object_component>
      <object_component id="oc-231">
         <name>.text:UARTCharGetNonBlocking</name>
         <load_address>0x2000d6a2</load_address>
         <run_address>0x2000d6a2</run_address>
         <size>0x1c</size>
         <input_file_ref idref="fl-15f"/>
      </object_component>
      <object_component id="oc-597">
         <name>.text</name>
         <load_address>0x2000d6be</load_address>
         <run_address>0x2000d6be</run_address>
         <size>0x1c</size>
         <input_file_ref idref="fl-14d"/>
      </object_component>
      <object_component id="oc-7aa">
         <name>.text:uDMAChannelEnable</name>
         <load_address>0x2000d6dc</load_address>
         <run_address>0x2000d6dc</run_address>
         <size>0x1c</size>
         <input_file_ref idref="fl-172"/>
      </object_component>
      <object_component id="oc-401">
         <name>.text:PinTypeSPI</name>
         <load_address>0x2000d6f8</load_address>
         <run_address>0x2000d6f8</run_address>
         <size>0x1a</size>
         <input_file_ref idref="fl-15c"/>
      </object_component>
      <object_component id="oc-3ef">
         <name>.text:PinTypeUART</name>
         <load_address>0x2000d712</load_address>
         <run_address>0x2000d712</run_address>
         <size>0x1a</size>
         <input_file_ref idref="fl-15c"/>
      </object_component>
      <object_component id="oc-508">
         <name>.text:SPIDmaDisable</name>
         <load_address>0x2000d72c</load_address>
         <run_address>0x2000d72c</run_address>
         <size>0x1a</size>
         <input_file_ref idref="fl-15e"/>
      </object_component>
      <object_component id="oc-457">
         <name>.text:SPIDmaEnable</name>
         <load_address>0x2000d746</load_address>
         <run_address>0x2000d746</run_address>
         <size>0x1a</size>
         <input_file_ref idref="fl-15e"/>
      </object_component>
      <object_component id="oc-502">
         <name>.text:SPIFIFODisable</name>
         <load_address>0x2000d760</load_address>
         <run_address>0x2000d760</run_address>
         <size>0x1a</size>
         <input_file_ref idref="fl-15e"/>
      </object_component>
      <object_component id="oc-451">
         <name>.text:SPIFIFOEnable</name>
         <load_address>0x2000d77a</load_address>
         <run_address>0x2000d77a</run_address>
         <size>0x1a</size>
         <input_file_ref idref="fl-15e"/>
      </object_component>
      <object_component id="oc-4fc">
         <name>.text:SPIIntUnregister</name>
         <load_address>0x2000d794</load_address>
         <run_address>0x2000d794</run_address>
         <size>0x1a</size>
         <input_file_ref idref="fl-15e"/>
      </object_component>
      <object_component id="oc-4f1">
         <name>.text:_SlDrvObjUnLock</name>
         <load_address>0x2000d7ae</load_address>
         <run_address>0x2000d7ae</run_address>
         <size>0x1a</size>
         <input_file_ref idref="fl-164"/>
      </object_component>
      <object_component id="oc-4b3">
         <name>.text:_SlDrvSyncObjSignal</name>
         <load_address>0x2000d7c8</load_address>
         <run_address>0x2000d7c8</run_address>
         <size>0x1a</size>
         <input_file_ref idref="fl-164"/>
      </object_component>
      <object_component id="oc-1b6">
         <name>.text:GPIOPinRead</name>
         <load_address>0x2000d7e2</load_address>
         <run_address>0x2000d7e2</run_address>
         <size>0x18</size>
         <input_file_ref idref="fl-15a"/>
      </object_component>
      <object_component id="oc-1ce">
         <name>.text:SPICSDisable</name>
         <load_address>0x2000d7fa</load_address>
         <run_address>0x2000d7fa</run_address>
         <size>0x18</size>
         <input_file_ref idref="fl-15e"/>
      </object_component>
      <object_component id="oc-1bc">
         <name>.text:SPICSEnable</name>
         <load_address>0x2000d812</load_address>
         <run_address>0x2000d812</run_address>
         <size>0x18</size>
         <input_file_ref idref="fl-15e"/>
      </object_component>
      <object_component id="oc-43f">
         <name>.text:SPIDisable</name>
         <load_address>0x2000d82a</load_address>
         <run_address>0x2000d82a</run_address>
         <size>0x18</size>
         <input_file_ref idref="fl-15e"/>
      </object_component>
      <object_component id="oc-1a0">
         <name>.text:SPIEnable</name>
         <load_address>0x2000d842</load_address>
         <run_address>0x2000d842</run_address>
         <size>0x18</size>
         <input_file_ref idref="fl-15e"/>
      </object_component>
      <object_component id="oc-22b">
         <name>.text:UARTCharsAvail</name>
         <load_address>0x2000d85a</load_address>
         <run_address>0x2000d85a</run_address>
         <size>0x18</size>
         <input_file_ref idref="fl-15f"/>
      </object_component>
      <object_component id="oc-42f">
         <name>.text:_SlNonOsSemSet</name>
         <load_address>0x2000d872</load_address>
         <run_address>0x2000d872</run_address>
         <size>0x18</size>
         <input_file_ref idref="fl-167"/>
      </object_component>
      <object_component id="oc-2aa">
         <name>.text:_sl_GetStartResponseConvert</name>
         <load_address>0x2000d88c</load_address>
         <run_address>0x2000d88c</run_address>
         <size>0x18</size>
         <input_file_ref idref="fl-163"/>
      </object_component>
      <object_component id="oc-67">
         <name>.text</name>
         <load_address>0x2000d8a4</load_address>
         <run_address>0x2000d8a4</run_address>
         <size>0x18</size>
         <input_file_ref idref="fl-141"/>
      </object_component>
      <object_component id="oc-337">
         <name>.text</name>
         <load_address>0x2000d8bc</load_address>
         <run_address>0x2000d8bc</run_address>
         <size>0x18</size>
         <input_file_ref idref="fl-16e"/>
      </object_component>
      <object_component id="oc-3c3">
         <name>.text:PRCMHIBRegRead</name>
         <load_address>0x2000d8d4</load_address>
         <run_address>0x2000d8d4</run_address>
         <size>0x16</size>
         <input_file_ref idref="fl-15d"/>
      </object_component>
      <object_component id="oc-3c9">
         <name>.text:PRCMHIBRegWrite</name>
         <load_address>0x2000d8ea</load_address>
         <run_address>0x2000d8ea</run_address>
         <size>0x16</size>
         <input_file_ref idref="fl-15d"/>
      </object_component>
      <object_component id="oc-31a">
         <name>.text:_SlDrvMemZero</name>
         <load_address>0x2000d900</load_address>
         <run_address>0x2000d900</run_address>
         <size>0x16</size>
         <input_file_ref idref="fl-164"/>
      </object_component>
      <object_component id="oc-35b">
         <name>.text</name>
         <load_address>0x2000d916</load_address>
         <run_address>0x2000d916</run_address>
         <size>0x16</size>
         <input_file_ref idref="fl-14e"/>
      </object_component>
      <object_component id="oc-3b8">
         <name>.text:CPUcpsie</name>
         <load_address>0x2000d92c</load_address>
         <run_address>0x2000d92c</run_address>
         <size>0x14</size>
         <input_file_ref idref="fl-161"/>
      </object_component>
      <object_component id="oc-16a">
         <name>.text:IntVTableBaseSet</name>
         <load_address>0x2000d940</load_address>
         <run_address>0x2000d940</run_address>
         <size>0x14</size>
         <input_file_ref idref="fl-15b"/>
      </object_component>
      <object_component id="oc-204">
         <name>.text</name>
         <load_address>0x2000d954</load_address>
         <run_address>0x2000d954</run_address>
         <size>0x14</size>
         <input_file_ref idref="fl-13f"/>
      </object_component>
      <object_component id="oc-355">
         <name>.text</name>
         <load_address>0x2000d968</load_address>
         <run_address>0x2000d968</run_address>
         <size>0x14</size>
         <input_file_ref idref="fl-16f"/>
      </object_component>
      <object_component id="oc-13b">
         <name>.text</name>
         <load_address>0x2000d97c</load_address>
         <run_address>0x2000d97c</run_address>
         <size>0x14</size>
         <input_file_ref idref="fl-13d"/>
      </object_component>
      <object_component id="oc-2ed">
         <name>.text:_SlDrvResetCmdExt</name>
         <load_address>0x2000d990</load_address>
         <run_address>0x2000d990</run_address>
         <size>0xe</size>
         <input_file_ref idref="fl-164"/>
      </object_component>
      <object_component id="oc-12">
         <name>.text:decompress:none</name>
         <load_address>0x2000d99e</load_address>
         <run_address>0x2000d99e</run_address>
         <size>0xe</size>
         <input_file_ref idref="fl-130"/>
      </object_component>
      <object_component id="oc-2d">
         <name>.text</name>
         <load_address>0x2000d9ac</load_address>
         <run_address>0x2000d9ac</run_address>
         <size>0xe</size>
         <input_file_ref idref="fl-4"/>
      </object_component>
      <object_component id="oc-48b">
         <name>.text:NwpMaskInterrupt</name>
         <load_address>0x2000d9bc</load_address>
         <run_address>0x2000d9bc</run_address>
         <size>0xc</size>
         <input_file_ref idref="fl-16a"/>
      </object_component>
      <object_component id="oc-4a5">
         <name>.text:NwpUnMaskInterrupt</name>
         <load_address>0x2000d9c8</load_address>
         <run_address>0x2000d9c8</run_address>
         <size>0xc</size>
         <input_file_ref idref="fl-16a"/>
      </object_component>
      <object_component id="oc-1e">
         <name>.text:decompress:ZI</name>
         <load_address>0x2000d9d4</load_address>
         <run_address>0x2000d9d4</run_address>
         <size>0xc</size>
         <input_file_ref idref="fl-132"/>
      </object_component>
      <object_component id="oc-10a">
         <name>.text:sl_WlanDisconnect</name>
         <load_address>0x2000d9e0</load_address>
         <run_address>0x2000d9e0</run_address>
         <size>0xc</size>
         <input_file_ref idref="fl-169"/>
      </object_component>
      <object_component id="oc-170">
         <name>.text:IntMasterEnable</name>
         <load_address>0x2000d9ec</load_address>
         <run_address>0x2000d9ec</run_address>
         <size>0xa</size>
         <input_file_ref idref="fl-15b"/>
      </object_component>
      <object_component id="oc-42d">
         <name>.text:UtilsDelay</name>
         <load_address>0x2000d9f6</load_address>
         <run_address>0x2000d9f6</run_address>
         <size>0x6</size>
         <input_file_ref idref="fl-160"/>
      </object_component>
      <object_component id="oc-18">
         <name>.text:decompress:rle24</name>
         <load_address>0x2000d9fc</load_address>
         <run_address>0x2000d9fc</run_address>
         <size>0x6</size>
         <input_file_ref idref="fl-131"/>
      </object_component>
      <object_component id="oc-5b">
         <name>.text</name>
         <load_address>0x2000da02</load_address>
         <run_address>0x2000da02</run_address>
         <size>0x4</size>
         <input_file_ref idref="fl-13a"/>
      </object_component>
      <object_component id="oc-537">
         <name>.const:.string:_ctypes_</name>
         <load_address>0x2000da08</load_address>
         <run_address>0x2000da08</run_address>
         <size>0x101</size>
         <input_file_ref idref="fl-145"/>
      </object_component>
      <object_component id="oc-6a2">
         <name>.const:g_ulPinToPadMap</name>
         <load_address>0x2000db0c</load_address>
         <run_address>0x2000db0c</run_address>
         <size>0x100</size>
         <input_file_ref idref="fl-15c"/>
      </object_component>
      <object_component id="oc-5f8">
         <name>.const:g_pulRegs</name>
         <load_address>0x2000dc0c</load_address>
         <run_address>0x2000dc0c</run_address>
         <size>0xd4</size>
         <input_file_ref idref="fl-15b"/>
      </object_component>
      <object_component id="oc-320">
         <name>.const:$P$T0$1</name>
         <load_address>0x2000dce0</load_address>
         <run_address>0x2000dce0</run_address>
         <size>0xb0</size>
         <input_file_ref idref="fl-169"/>
      </object_component>
      <object_component id="oc-3dc">
         <name>.const:PRCM_PeriphRegsList</name>
         <load_address>0x2000dd90</load_address>
         <run_address>0x2000dd90</run_address>
         <size>0xa8</size>
         <input_file_ref idref="fl-15d"/>
      </object_component>
      <object_component id="oc-3bf">
         <name>.const</name>
         <load_address>0x2000de38</load_address>
         <run_address>0x2000de38</run_address>
         <size>0x80</size>
         <input_file_ref idref="fl-15b"/>
      </object_component>
      <object_component id="oc-12b">
         <name>.const</name>
         <load_address>0x2000deb8</load_address>
         <run_address>0x2000deb8</run_address>
         <size>0x40</size>
         <input_file_ref idref="fl-2"/>
      </object_component>
      <object_component id="oc-6ca">
         <name>.const:OpcodeTranslateTable</name>
         <load_address>0x2000def8</load_address>
         <run_address>0x2000def8</run_address>
         <size>0x3c</size>
         <input_file_ref idref="fl-164"/>
      </object_component>
      <object_component id="oc-2ce">
         <name>.const</name>
         <load_address>0x2000df34</load_address>
         <run_address>0x2000df34</run_address>
         <size>0x3c</size>
         <input_file_ref idref="fl-169"/>
      </object_component>
      <object_component id="oc-73a">
         <name>.const:_SlActionLookupTable</name>
         <load_address>0x2000df70</load_address>
         <run_address>0x2000df70</run_address>
         <size>0x38</size>
         <input_file_ref idref="fl-164"/>
      </object_component>
      <object_component id="oc-513">
         <name>.const</name>
         <load_address>0x2000dfa8</load_address>
         <run_address>0x2000dfa8</run_address>
         <size>0x34</size>
         <input_file_ref idref="fl-164"/>
      </object_component>
      <object_component id="oc-543">
         <name>.const</name>
         <load_address>0x2000dfdc</load_address>
         <run_address>0x2000dfdc</run_address>
         <size>0x34</size>
         <input_file_ref idref="fl-168"/>
      </object_component>
      <object_component id="oc-122">
         <name>.const:$P$T1$2</name>
         <load_address>0x2000e010</load_address>
         <run_address>0x2000e010</run_address>
         <size>0x2c</size>
         <input_file_ref idref="fl-2"/>
      </object_component>
      <object_component id="oc-147">
         <name>.const:.string</name>
         <load_address>0x2000e03c</load_address>
         <run_address>0x2000e03c</run_address>
         <size>0x2c</size>
         <input_file_ref idref="fl-2"/>
      </object_component>
      <object_component id="oc-3ab">
         <name>.const</name>
         <load_address>0x2000e068</load_address>
         <run_address>0x2000e068</run_address>
         <size>0x28</size>
         <input_file_ref idref="fl-165"/>
      </object_component>
      <object_component id="oc-6e1">
         <name>.const:g_ppulSPIIntMap</name>
         <load_address>0x2000e090</load_address>
         <run_address>0x2000e090</run_address>
         <size>0x24</size>
         <input_file_ref idref="fl-15e"/>
      </object_component>
      <object_component id="oc-12e">
         <name>.const:.string:$P$T0$1</name>
         <load_address>0x2000e0b4</load_address>
         <run_address>0x2000e0b4</run_address>
         <size>0x22</size>
         <input_file_ref idref="fl-2"/>
      </object_component>
      <object_component id="oc-6ab">
         <name>.const</name>
         <load_address>0x2000e0d8</load_address>
         <run_address>0x2000e0d8</run_address>
         <size>0x18</size>
         <input_file_ref idref="fl-15e"/>
      </object_component>
      <object_component id="oc-2e4">
         <name>.const</name>
         <load_address>0x2000e0f0</load_address>
         <run_address>0x2000e0f0</run_address>
         <size>0x14</size>
         <input_file_ref idref="fl-163"/>
      </object_component>
      <object_component id="oc-6f3">
         <name>.const:.string</name>
         <load_address>0x2000e104</load_address>
         <run_address>0x2000e104</run_address>
         <size>0x10</size>
         <input_file_ref idref="fl-168"/>
      </object_component>
      <object_component id="oc-373">
         <name>.const</name>
         <load_address>0x2000e114</load_address>
         <run_address>0x2000e114</run_address>
         <size>0x10</size>
         <input_file_ref idref="fl-16b"/>
      </object_component>
      <object_component id="oc-4ba">
         <name>.const:.string</name>
         <load_address>0x2000e124</load_address>
         <run_address>0x2000e124</run_address>
         <size>0x8</size>
         <input_file_ref idref="fl-163"/>
      </object_component>
      <object_component id="oc-349">
         <name>.const:.string</name>
         <load_address>0x2000e12c</load_address>
         <run_address>0x2000e12c</run_address>
         <size>0x8</size>
         <input_file_ref idref="fl-16b"/>
      </object_component>
      <object_component id="oc-302">
         <name>.const</name>
         <load_address>0x2000e134</load_address>
         <run_address>0x2000e134</run_address>
         <size>0x8</size>
         <input_file_ref idref="fl-166"/>
      </object_component>
      <object_component id="oc-813">
         <name>.cinit..data.load</name>
         <load_address>0x2000e140</load_address>
         <run_address>0x2000e140</run_address>
         <size>0x4e</size>
      </object_component>
      <object_component id="oc-811">
         <name>__TI_handler_table</name>
         <load_address>0x2000e190</load_address>
         <run_address>0x2000e190</run_address>
         <size>0xc</size>
      </object_component>
      <object_component id="oc-814">
         <name>.cinit..bss.load</name>
         <load_address>0x2000e1a0</load_address>
         <run_address>0x2000e1a0</run_address>
         <size>0x8</size>
      </object_component>
      <object_component id="oc-812">
         <name>__TI_cinit_table</name>
         <load_address>0x2000e1a8</load_address>
         <run_address>0x2000e1a8</run_address>
         <size>0x10</size>
      </object_component>
      <object_component id="oc-2a">
         <name>.sysmem</name>
         <uninitialized>true</uninitialized>
         <run_address>0x2002e570</run_address>
         <size>0x8</size>
         <input_file_ref idref="fl-138"/>
      </object_component>
      <object_component id="oc-816">
         <name>.sysmem</name>
         <uninitialized>true</uninitialized>
         <run_address>0x2002e570</run_address>
         <size>0x0</size>
      </object_component>
      <object_component id="oc-29">
         <name>.stack</name>
         <uninitialized>true</uninitialized>
         <run_address>0x2003d800</run_address>
         <size>0x0</size>
         <input_file_ref idref="fl-12f"/>
      </object_component>
      <object_component id="oc-815">
         <name>.stack</name>
         <uninitialized>true</uninitialized>
         <run_address>0x2003d800</run_address>
         <size>0x0</size>
      </object_component>
      <object_component id="oc-154">
         <name>.bss:data</name>
         <uninitialized>true</uninitialized>
         <run_address>0x20029530</run_address>
         <size>0x4e20</size>
         <input_file_ref idref="fl-2"/>
      </object_component>
      <object_component id="oc-1db">
         <name>.bss:postDataBuf</name>
         <uninitialized>true</uninitialized>
         <run_address>0x20022000</run_address>
         <size>0x7530</size>
         <input_file_ref idref="fl-2"/>
      </object_component>
      <object_component id="oc-da">
         <name>.bss:g_ucConnectionSSID</name>
         <uninitialized>true</uninitialized>
         <run_address>0x2002e530</run_address>
         <size>0x24</size>
[...]
         <name>_sl_HandleAsync_DnsGetHostByName</name>
         <value>0x2000b8b5</value>
         <object_component_ref idref="oc-768"/>
      </symbol>
      <symbol id="sm-d87">
         <name>_SlRegisterServiceCtrl</name>
         <value>0x2000e074</value>
         <object_component_ref idref="oc-3ab"/>
      </symbol>
      <symbol id="sm-d88">
         <name>_sl_HandleAsync_PingResponse</name>
         <value>0x2000b941</value>
         <object_component_ref idref="oc-726"/>
      </symbol>
      <symbol id="sm-d89">
         <name>_SlNetAppStartCtrl</name>
         <value>0x2000e068</value>
         <object_component_ref idref="oc-3ab"/>
      </symbol>
      <symbol id="sm-d8a">
         <name>_SlDrvNetAppEventHandler</name>
         <value>0x2000a765</value>
         <object_component_ref idref="oc-720"/>
      </symbol>
      <symbol id="sm-d8b">
         <name>_sl_HandleAsync_DnsGetHostByService</name>
         <value>0x2000aced</value>
         <object_component_ref idref="oc-76e"/>
      </symbol>
      <symbol id="sm-d8c">
         <name>_sl_NetAppSendTokenValue</name>
         <value>0x2000c275</value>
         <object_component_ref idref="oc-774"/>
      </symbol>
      <symbol id="sm-d8d">
         <name>CopyPingResultsToReport</name>
         <value>0x2000cf77</value>
         <object_component_ref idref="oc-77b"/>
      </symbol>
      <symbol id="sm-d8e">
         <name>_SlGetHostByNameCtrl</name>
         <value>0x2000e07c</value>
         <object_component_ref idref="oc-3ab"/>
      </symbol>
      <symbol id="sm-d8f">
         <name>_SlGetHostByServiceCtrl</name>
         <value>0x2000e078</value>
         <object_component_ref idref="oc-3ab"/>
      </symbol>
      <symbol id="sm-d90">
         <name>sl_NetAppMDNSRegisterUnregisterService</name>
         <value>0x2000b169</value>
         <object_component_ref idref="oc-30d"/>
      </symbol>
      <symbol id="sm-dad">
         <name>_SlNetCfgSetCmdCtrl</name>
         <value>0x2000e134</value>
         <object_component_ref idref="oc-302"/>
      </symbol>
      <symbol id="sm-dae">
         <name>_SlNetCfgGetCmdCtrl</name>
         <value>0x2000e138</value>
         <object_component_ref idref="oc-302"/>
      </symbol>
      <symbol id="sm-daf">
         <name>sl_NetCfgSet</name>
         <value>0x2000c2dd</value>
         <object_component_ref idref="oc-110"/>
      </symbol>
      <symbol id="sm-df1">
         <name>_SlNonOsSemSet</name>
         <value>0x2000d873</value>
         <object_component_ref idref="oc-42f"/>
      </symbol>
      <symbol id="sm-df2">
         <name>_SlNonOsSpawn</name>
         <value>0x2000c6c1</value>
         <object_component_ref idref="oc-4c0"/>
      </symbol>
      <symbol id="sm-df3">
         <name>_SlNonOsSemGet</name>
         <value>0x2000c665</value>
         <object_component_ref idref="oc-435"/>
      </symbol>
      <symbol id="sm-df4">
         <name>_SlNonOsMainLoopTask</name>
         <value>0x2000c0c1</value>
         <object_component_ref idref="oc-e6"/>
      </symbol>
      <symbol id="sm-df5">
         <name>g__SlNonOsCB</name>
         <value>0x2002e508</value>
         <object_component_ref idref="oc-2c0"/>
      </symbol>
      <symbol id="sm-ec3">
         <name>sl_Recv</name>
         <value>0x2000c04d</value>
         <object_component_ref idref="oc-527"/>
      </symbol>
      <symbol id="sm-ec4">
         <name>_SlSockCloseCmdCtrl</name>
         <value>0x2000dfe0</value>
         <object_component_ref idref="oc-543"/>
      </symbol>
      <symbol id="sm-ec5">
         <name>_SlSendCmdCtrl</name>
         <value>0x2000dfe8</value>
         <object_component_ref idref="oc-543"/>
      </symbol>
      <symbol id="sm-ec6">
         <name>_sl_BuildAddress</name>
         <value>0x2000cba1</value>
         <object_component_ref idref="oc-553"/>
      </symbol>
      <symbol id="sm-ec7">
         <name>sl_Send</name>
         <value>0x2000a459</value>
         <object_component_ref idref="oc-52d"/>
      </symbol>
      <symbol id="sm-ec8">
         <name>_sl_HandleAsync_Connect</name>
         <value>0x2000bee5</value>
         <object_component_ref idref="oc-78a"/>
      </symbol>
      <symbol id="sm-ec9">
         <name>sl_Htonl</name>
         <value>0x2000ce75</value>
         <object_component_ref idref="oc-163"/>
      </symbol>
      <symbol id="sm-eca">
         <name>sl_Htons</name>
         <value>0x2000d02d</value>
         <object_component_ref idref="oc-15d"/>
      </symbol>
      <symbol id="sm-ecb">
         <name>_SlSelectCmdCtrl</name>
         <value>0x2000e000</value>
         <object_component_ref idref="oc-543"/>
      </symbol>
      <symbol id="sm-ecc">
         <name>sl_Connect</name>
         <value>0x2000a351</value>
         <object_component_ref idref="oc-367"/>
      </symbol>
      <symbol id="sm-ecd">
         <name>sl_Socket</name>
         <value>0x2000c71d</value>
         <object_component_ref idref="oc-361"/>
      </symbol>
      <symbol id="sm-ece">
         <name>_sl_HandleAsync_Select</name>
         <value>0x2000c8d5</value>
         <object_component_ref idref="oc-790"/>
      </symbol>
      <symbol id="sm-ecf">
         <name>_SlSockSocketCmdCtrl</name>
         <value>0x2000dfdc</value>
         <object_component_ref idref="oc-543"/>
      </symbol>
      <symbol id="sm-ed0">
         <name>_SlRecvfomCmdCtrl</name>
         <value>0x2000dfe4</value>
         <object_component_ref idref="oc-543"/>
      </symbol>
      <symbol id="sm-ed1">
         <name>_SlSetSockOptCmdCtrl</name>
         <value>0x2000dff8</value>
         <object_component_ref idref="oc-543"/>
      </symbol>
      <symbol id="sm-ed2">
         <name>_SlAcceptCmdCtrl</name>
         <value>0x2000dff0</value>
         <object_component_ref idref="oc-543"/>
      </symbol>
      <symbol id="sm-ed3">
         <name>_SlPayloadByProtocolLUT</name>
         <value>0x2000e104</value>
         <object_component_ref idref="oc-6f3"/>
      </symbol>
      <symbol id="sm-ed4">
         <name>_SlListenCmdCtrl</name>
         <value>0x2000dfec</value>
         <object_component_ref idref="oc-543"/>
      </symbol>
      <symbol id="sm-ed5">
         <name>_SlRecvCmdCtrl</name>
         <value>0x2000dff4</value>
         <object_component_ref idref="oc-543"/>
      </symbol>
      <symbol id="sm-ed6">
         <name>_SlGetSockOptCmdCtrl</name>
         <value>0x2000dffc</value>
         <object_component_ref idref="oc-543"/>
      </symbol>
      <symbol id="sm-ed7">
         <name>_sl_TruncatePayloadByProtocol</name>
         <value>0x2000cff1</value>
         <object_component_ref idref="oc-654"/>
      </symbol>
      <symbol id="sm-ed8">
         <name>sl_Close</name>
         <value>0x2000d2d5</value>
         <object_component_ref idref="oc-36d"/>
      </symbol>
      <symbol id="sm-ed9">
         <name>_sl_HandleAsync_Accept</name>
         <value>0x2000c545</value>
         <object_component_ref idref="oc-784"/>
      </symbol>
      <symbol id="sm-eda">
         <name>sl_SetSockOpt</name>
         <value>0x2000c345</value>
         <object_component_ref idref="oc-34c"/>
      </symbol>
      <symbol id="sm-f68">
         <name>sl_WlanDisconnect</name>
         <value>0x2000d9e1</value>
         <object_component_ref idref="oc-10a"/>
      </symbol>
      <symbol id="sm-f69">
         <name>_SlPolicyGetCmdCtrl</name>
         <value>0x2000df38</value>
         <object_component_ref idref="oc-2ce"/>
      </symbol>
      <symbol id="sm-f6a">
         <name>_SlPolicySetCmdCtrl</name>
         <value>0x2000df34</value>
         <object_component_ref idref="oc-2ce"/>
      </symbol>
      <symbol id="sm-f6b">
         <name>_SlRxFilterGetCmdCtrl</name>
         <value>0x2000df50</value>
         <object_component_ref idref="oc-2ce"/>
      </symbol>
      <symbol id="sm-f6c">
         <name>_SlRxFilterSetCmdCtrl</name>
         <value>0x2000df4c</value>
         <object_component_ref idref="oc-2ce"/>
      </symbol>
      <symbol id="sm-f6d">
         <name>_SlProfileGetCmdCtrl</name>
         <value>0x2000df3c</value>
         <object_component_ref idref="oc-2ce"/>
      </symbol>
      <symbol id="sm-f6e">
         <name>_SlWlanGetNetworkListCtrl</name>
         <value>0x2000df44</value>
         <object_component_ref idref="oc-2ce"/>
      </symbol>
      <symbol id="sm-f6f">
         <name>sl_WlanPolicySet</name>
         <value>0x2000c605</value>
         <object_component_ref idref="oc-fe"/>
      </symbol>
      <symbol id="sm-f70">
         <name>_SlProfileDelCmdCtrl</name>
         <value>0x2000df40</value>
         <object_component_ref idref="oc-2ce"/>
      </symbol>
      <symbol id="sm-f71">
         <name>_SlWlanSetModeCmdCtrl</name>
         <value>0x2000df58</value>
         <object_component_ref idref="oc-2ce"/>
      </symbol>
      <symbol id="sm-f72">
         <name>_SlWlanCfgSetCmdCtrl</name>
         <value>0x2000df5c</value>
         <object_component_ref idref="oc-2ce"/>
      </symbol>
      <symbol id="sm-f73">
         <name>_SlWlanCfgGetCmdCtrl</name>
         <value>0x2000df60</value>
         <object_component_ref idref="oc-2ce"/>
      </symbol>
      <symbol id="sm-f74">
         <name>sl_WlanProfileDel</name>
         <value>0x2000d305</value>
         <object_component_ref idref="oc-104"/>
      </symbol>
      <symbol id="sm-f75">
         <name>_SlRxFilterAddtCmdCtrl</name>
         <value>0x2000df48</value>
         <object_component_ref idref="oc-2ce"/>
      </symbol>
      <symbol id="sm-f76">
         <name>sl_WlanRxFilterSet</name>
         <value>0x2000c929</value>
         <object_component_ref idref="oc-125"/>
      </symbol>
      <symbol id="sm-f77">
         <name>sl_WlanConnect</name>
         <value>0x20008d35</value>
         <object_component_ref idref="oc-12f"/>
      </symbol>
      <symbol id="sm-f78">
         <name>sl_WlanSet</name>
         <value>0x2000c3ad</value>
         <object_component_ref idref="oc-116"/>
      </symbol>
      <symbol id="sm-f79">
         <name>_SlSmartConfigStartCmdCtrl</name>
         <value>0x2000df54</value>
         <object_component_ref idref="oc-2ce"/>
      </symbol>
      <symbol id="sm-f7a">
         <name>sl_WlanSetMode</name>
         <value>0x2000d335</value>
         <object_component_ref idref="oc-ec"/>
      </symbol>
      <symbol id="sm-1091">
         <name>g_cDummy</name>
         <value>0x2002e569</value>
      </symbol>
      <symbol id="sm-1092">
         <name>NwpMaskInterrupt</name>
         <value>0x2000d9bd</value>
         <object_component_ref idref="oc-48b"/>
      </symbol>
      <symbol id="sm-1093">
         <name>NwpRegisterInterruptHandler</name>
         <value>0x2000cf39</value>
         <object_component_ref idref="oc-292"/>
      </symbol>
      <symbol id="sm-1094">
         <name>NwpPowerOnPreamble</name>
         <value>0x2000bbe9</value>
         <object_component_ref idref="oc-274"/>
      </symbol>
      <symbol id="sm-1095">
         <name>g_pHostIntHdl</name>
         <value>0x2002ef18</value>
         <object_component_ref idref="oc-475"/>
      </symbol>
      <symbol id="sm-1096">
         <name>NwpUnMaskInterrupt</name>
         <value>0x2000d9c9</value>
         <object_component_ref idref="oc-4a5"/>
      </symbol>
      <symbol id="sm-1097">
         <name>g_ucDinDout</name>
         <value>0x2002e4b8</value>
         <object_component_ref idref="oc-478"/>
      </symbol>
      <symbol id="sm-1098">
         <name>NwpPowerOff</name>
         <value>0x2000d0a5</value>
         <object_component_ref idref="oc-28c"/>
      </symbol>
      <symbol id="sm-1099">
         <name>spi_Read</name>
         <value>0x2000a961</value>
         <object_component_ref idref="oc-6bd"/>
      </symbol>
      <symbol id="sm-109a">
         <name>DmaSpiSwIntHandler</name>
         <value>0x2000d495</value>
         <object_component_ref idref="oc-47b"/>
      </symbol>
      <symbol id="sm-109b">
         <name>NwpPowerOn</name>
         <value>0x2000d3c1</value>
         <object_component_ref idref="oc-298"/>
      </symbol>
      <symbol id="sm-109c">
         <name>spi_Close</name>
         <value>0x2000bf5d</value>
         <object_component_ref idref="oc-2d8"/>
      </symbol>
      <symbol id="sm-109d">
         <name>spi_Write</name>
         <value>0x2000b5e1</value>
         <object_component_ref idref="oc-633"/>
      </symbol>
      <symbol id="sm-109e">
         <name>spi_Open</name>
         <value>0x20009b49</value>
         <object_component_ref idref="oc-280"/>
      </symbol>
      <symbol id="sm-109f">
         <name>g_ucDMAEnabled</name>
         <value>0x2002ef1c</value>
         <object_component_ref idref="oc-475"/>
      </symbol>
      <symbol id="sm-10a0">
         <name>g_SpiFd</name>
         <value>0x2002ef14</value>
         <object_component_ref idref="oc-475"/>
      </symbol>
      <symbol id="sm-11cd">
         <name>HTTPCli_setRequestFields</name>
         <value>0x20007165</value>
         <object_component_ref idref="oc-148"/>
      </symbol>
      <symbol id="sm-11ce">
         <name>HTTPCli_setSecureParams</name>
         <value>0x200071b1</value>
         <object_component_ref idref="oc-148"/>
      </symbol>
      <symbol id="sm-11cf">
         <name>HTTPCli_create</name>
         <value>0x20007099</value>
         <object_component_ref idref="oc-148"/>
      </symbol>
      <symbol id="sm-11d0">
         <name>HTTPCli_construct</name>
         <value>0x20007051</value>
         <object_component_ref idref="oc-148"/>
      </symbol>
      <symbol id="sm-11d1">
         <name>HTTPCli_getResponseField</name>
         <value>0x20007365</value>
         <object_component_ref idref="oc-148"/>
      </symbol>
      <symbol id="sm-11d2">
         <name>HTTPCli_readRawResponseBody</name>
         <value>0x20007575</value>
         <object_component_ref idref="oc-148"/>
      </symbol>
      <symbol id="sm-11d3">
         <name>HTTPCli_connect</name>
         <value>0x20006f2f</value>
         <object_component_ref idref="oc-148"/>
      </symbol>
      <symbol id="sm-11d4">
         <name>HTTPCli_sendRequest</name>
         <value>0x200071d1</value>
         <object_component_ref idref="oc-148"/>
      </symbol>
      <symbol id="sm-11d5">
         <name>HTTPCli_readResponseBody</name>
         <value>0x200074e9</value>
         <object_component_ref idref="oc-148"/>
      </symbol>
      <symbol id="sm-11d6">
         <name>HTTPCli_sendField</name>
         <value>0x2000729f</value>
         <object_component_ref idref="oc-148"/>
      </symbol>
      <symbol id="sm-11d7">
         <name>HTTPCli_delete</name>
         <value>0x200070b1</value>
         <object_component_ref idref="oc-148"/>
      </symbol>
      <symbol id="sm-11d8">
         <name>HTTPCli_destruct</name>
         <value>0x200070e7</value>
         <object_component_ref idref="oc-148"/>
      </symbol>
      <symbol id="sm-11d9">
         <name>HTTPCli_setProxy</name>
         <value>0x200075b5</value>
         <object_component_ref idref="oc-148"/>
      </symbol>
      <symbol id="sm-11da">
         <name>bufferedRecv</name>
         <value>0x2000664b</value>
         <object_component_ref idref="oc-148"/>
      </symbol>
      <symbol id="sm-11db">
         <name>HTTPCli_initSockAddr</name>
         <value>0x20006e21</value>
         <object_component_ref idref="oc-148"/>
      </symbol>
      <symbol id="sm-11dc">
         <name>HTTPCli_getResponseStatus</name>
         <value>0x2000732f</value>
         <object_component_ref idref="oc-148"/>
      </symbol>
      <symbol id="sm-11dd">
         <name>HTTPCli_disconnect</name>
         <value>0x2000712f</value>
         <object_component_ref idref="oc-148"/>
      </symbol>
      <symbol id="sm-11de">
         <name>HTTPCli_setResponseFields</name>
         <value>0x2000718b</value>
         <object_component_ref idref="oc-148"/>
      </symbol>
      <symbol id="sm-11df">
         <name>HTTPCli_sendRequestBody</name>
         <value>0x200072f7</value>
         <object_component_ref idref="oc-148"/>
      </symbol>
      <symbol id="sm-1214">
         <name>Ssock_startSecure</name>
         <value>0x20008833</value>
         <object_component_ref idref="oc-331"/>
      </symbol>
      <symbol id="sm-1215">
         <name>Ssock_recv</name>
         <value>0x2000867b</value>
         <object_component_ref idref="oc-331"/>
      </symbol>
      <symbol id="sm-1216">
         <name>Ssock_delete</name>
         <value>0x200085f3</value>
         <object_component_ref idref="oc-331"/>
      </symbol>
      <symbol id="sm-1217">
         <name>Ssock_send</name>
         <value>0x20008719</value>
         <object_component_ref idref="oc-331"/>
      </symbol>
      <symbol id="sm-1218">
         <name>Ssock_getSocket</name>
         <value>0x2000866d</value>
         <object_component_ref idref="oc-331"/>
      </symbol>
      <symbol id="sm-1219">
         <name>Ssock_recvall</name>
         <value>0x200086d5</value>
         <object_component_ref idref="oc-331"/>
      </symbol>
      <symbol id="sm-121a">
         <name>Ssock_construct</name>
         <value>0x20008599</value>
         <object_component_ref idref="oc-331"/>
      </symbol>
      <symbol id="sm-121b">
         <name>Ssock_create</name>
         <value>0x200085d9</value>
         <object_component_ref idref="oc-331"/>
      </symbol>
      <symbol id="sm-121c">
         <name>Ssock_destruct</name>
         <value>0x2000861b</value>
         <object_component_ref idref="oc-331"/>
      </symbol>
      <symbol id="sm-1277">
         <name>jsmn_init</name>
         <value>0x20007b9b</value>
         <object_component_ref idref="oc-135"/>
      </symbol>
      <symbol id="sm-1278">
         <name>jsmn_parse</name>
         <value>0x20007889</value>
         <object_component_ref idref="oc-135"/>
      </symbol>
      <symbol id="sm-1287">
         <name>strcmp</name>
         <value>0x2000d8bd</value>
         <object_component_ref idref="oc-337"/>
      </symbol>
      <symbol id="sm-1295">
         <name>strcpy</name>
         <value>0x2000d969</value>
         <object_component_ref idref="oc-355"/>
      </symbol>
      <symbol id="sm-12a5">
         <name>strncmp</name>
         <value>0x2000d46d</value>
         <object_component_ref idref="oc-343"/>
      </symbol>
      <symbol id="sm-12c6">
         <name>strtoul</name>
         <value>0x2000a025</value>
         <object_component_ref idref="oc-33d"/>
      </symbol>
      <symbol id="sm-131d">
         <name>uDMAChannelControlSet</name>
         <value>0x2000d069</value>
         <object_component_ref idref="oc-798"/>
      </symbol>
      <symbol id="sm-131e">
         <name>uDMAChannelAttributeEnable</name>
         <value>0x2000c4e1</value>
         <object_component_ref idref="oc-79e"/>
      </symbol>
      <symbol id="sm-131f">
         <name>uDMAChannelTransferSet</name>
         <value>0x2000aa51</value>
         <object_component_ref idref="oc-7a4"/>
      </symbol>
      <symbol id="sm-1320">
         <name>uDMAChannelAssign</name>
         <value>0x2000cc85</value>
         <object_component_ref idref="oc-5e7"/>
      </symbol>
      <symbol id="sm-1321">
         <name>uDMAChannelAttributeDisable</name>
         <value>0x2000c47d</value>
         <object_component_ref idref="oc-5ed"/>
      </symbol>
      <symbol id="sm-1322">
         <name>uDMAChannelEnable</name>
         <value>0x2000d6dd</value>
         <object_component_ref idref="oc-7aa"/>
      </symbol>
      <symbol id="sm-1323">
         <name>__TI_static_base__</name>
         <value>0x2000e140</value>
      </symbol>
      <symbol id="sm-1326">
         <name>SHT$$INIT_ARRAY$$Limit</name>
         <value>0x0</value>
      </symbol>
      <symbol id="sm-1327">
         <name>SHT$$INIT_ARRAY$$Base</name>
         <value>0x0</value>
      </symbol>
   </symbol_table>
   <title>Link successful</title>
</link_info>
