******************************************************************************
                  TI ARM Linker PC v5.2.5                      
******************************************************************************
>> Linked Tue Mar 22 17:19:49 2016

OUTPUT FILE NAME:   <http_client_demo.out>
ENTRY POINT SYMBOL: "_c_int00"  address: 2000cab9


MEMORY CONFIGURATION

         name            origin    length      used     unused   attr    fill
----------------------  --------  ---------  --------  --------  ----  --------
  SRAM_CODE             20004000   0001d000  0000a24a  00012db6  RW X
  SRAM_DATA             20022000   0001c000  00006606  000159fa  RW X


SEGMENT ALLOCATION MAP

run origin  load origin   length   init length attrs members
----------  ----------- ---------- ----------- ----- -------
20004000    20004000    0000a250   0000a250    r-x
  20004000    20004000    00000400   00000400    r-- .intvecs
  20004400    20004400    0000969e   0000969e    r-x .text
  2000daa0    2000daa0    00000734   00000734    r-- .const
  2000e1d8    2000e1d8    00000078   00000078    r-- .cinit
20022000    20022000    00005e0c   00000000    rw-
  20022000    20022000    0000542a   00000000    rw- .bss
  20027430    20027430    00000800   00000000    rw- .sysmem
  20027c30    20027c30    000001dc   00000000    rw- .data
2003d800    2003d800    00000800   00000000    rw-
  2003d800    2003d800    00000800   00000000    rw- .stack


SECTION ALLOCATION MAP

 output                                  attributes/
section   page    origin      length       input sections
--------  ----  ----------  ----------   ----------------
.intvecs   0    20004000    00000400     
                  20004000    00000400     startup_ccs.obj (.intvecs)

.init_array 
*          0    20004000    00000000     UNINITIALIZED

.text      0    20004400    0000969e     
                  20004400    000011e0     main.obj (.text)
                  200055e0    000010ba     rtsv7M4_T_le_v4SPD16_eabi.lib : _printfi.obj (.text)
                  2000669a    00000002     driverlib.a : interrupt.obj (.text:IntDefaultHandler)
                  2000669c    00000fc4     webclient.a : httpcli.obj (.text)
                  20007660    000005f0     json.a : jsmn.obj (.text)
                  20007c50    000005ec     simplelink.a : driver.obj (.text:_SlDrvMsgRead)
                  2000823c    000003dc     rtsv7M4_T_le_v4SPD16_eabi.lib : memory.obj (.text)
                  20008618    000002ea     webclient.a : ssock.obj (.text)
                  20008902    00000002     --HOLE-- [fill = 0]
                  20008904    00000280     uart_if.obj (.text)
                  20008b84    00000248     simplelink.a : driver.obj (.text:_SlDrvRxHdrRead)
                  20008dcc    00000244                  : wlan.obj (.text:sl_WlanConnect)
                  20009010    000001f4     rtsv7M4_T_le_v4SPD16_eabi.lib : ull_div_t2.obj (.text)
                  20009204    000001d0     simplelink.a : driver.obj (.text:_SlDrvReleasePoolObj)
                  200093d4    000001cc                  : driver.obj (.text:_SlDrvMsgWrite)
                  200095a0    000001b6     rtsv7M4_T_le_v4SPD16_eabi.lib : fd_add_t2.obj (.text)
                  20009756    00000002     --HOLE-- [fill = 0]
                  20009758    00000190     simplelink.a : driver.obj (.text:_SlDrvWaitForPoolObj)
                  200098e8    00000188                  : driver.obj (.text:_SlDrvDriverCBInit)
                  20009a70    00000170                  : driver.obj (.text:_SlFindAndSetActiveObj)
                  20009be0    00000144                  : cc_pal.obj (.text:spi_Open)
                  20009d24    00000136     rtsv7M4_T_le_v4SPD16_eabi.lib : fd_div_t2.obj (.text)
                  20009e5a    00000002     --HOLE-- [fill = 0]
                  20009e5c    00000134     driverlib.a : prcm.obj (.text:PRCMCC3200MCUInit)
                  20009f90    0000012c     simplelink.a : driver.obj (.text:_SlDrvDataReadOp)
                  2000a0bc    00000114     rtsv7M4_T_le_v4SPD16_eabi.lib : strtoul.obj (.text)
                  2000a1d0    00000110                                   : xdscale.obj (.text)
                  2000a2e0    00000108     simplelink.a : driver.obj (.text:_SlDrvDataWriteOp)
                  2000a3e8    00000108                  : socket.obj (.text:sl_Connect)
                  2000a4f0    00000108                  : socket.obj (.text:sl_Send)
                  2000a5f8    00000104                  : netapp.obj (.text:sl_NetAppDnsGetHostByName)
                  2000a6fc    00000100                  : driver.obj (.text:_SlDrvDriverCBDeinit)
                  2000a7fc    000000fe                  : netapp.obj (.text:_SlDrvNetAppEventHandler)
                  2000a8fa    000000fc     rtsv7M4_T_le_v4SPD16_eabi.lib : fd_mul_t2.obj (.text)
                  2000a9f6    00000002     --HOLE-- [fill = 0]
                  2000a9f8    000000f0     simplelink.a : cc_pal.obj (.text:spi_Read)
                  2000aae8    000000f0     driverlib.a : udma.obj (.text:uDMAChannelTransferSet)
                  2000abd8    000000d8     simplelink.a : driver.obj (.text:_SlDrvClassifyRxMsg)
                  2000acb0    000000d4                  : device.obj (.text:sl_Stop)
                  2000ad84    000000c8                  : netapp.obj (.text:_sl_HandleAsync_DnsGetHostByService)
                  2000ae4c    000000c0                  : driver.obj (.text:_SlDrvMsgReadCmdCtx)
                  2000af0c    000000c0                  : driver.obj (.text:_SlRemoveFromList)
                  2000afcc    000000be     rtsv7M4_T_le_v4SPD16_eabi.lib : xdnorm.obj (.text)
                  2000b08a    00000002     --HOLE-- [fill = 0]
                  2000b08c    000000bc     simplelink.a : device.obj (.text:sl_Start)
                  2000b148    000000b8                  : driver.obj (.text:_SlAsyncEventGenericHandler)
                  2000b200    000000b4                  : netapp.obj (.text:sl_NetAppMDNSRegisterUnregisterService)
                  2000b2b4    000000a8     driverlib.a : interrupt.obj (.text:IntDisable)
                  2000b35c    000000a8                 : interrupt.obj (.text:IntEnable)
                  2000b404    000000a0                 : spi.obj (.text:SPIConfigSetExpClk)
                  2000b4a4    0000009c     simplelink.a : driver.obj (.text:_SlDrvMsgReadSpawnCtx)
                  2000b540    0000009c     rtsv7M4_T_le_v4SPD16_eabi.lib : memcpy_t2.obj (.text)
                  2000b5dc    0000009c     simplelink.a : device.obj (.text:sl_DevGet)
                  2000b678    00000098                  : cc_pal.obj (.text:spi_Write)
                  2000b710    00000094     driverlib.a : prcm.obj (.text:PRCMPeripheralClockGet)
                  2000b7a4    00000090     pinmux.obj (.text)
                  2000b834    0000008c     simplelink.a : cc_pal.obj (.text:SetupDMAReceive)
                  2000b8c0    0000008c                  : cc_pal.obj (.text:SetupDMASend)
                  2000b94c    0000008c                  : netapp.obj (.text:_sl_HandleAsync_DnsGetHostByName)
                  2000b9d8    0000008c                  : netapp.obj (.text:_sl_HandleAsync_PingResponse)
                  2000ba64    00000088     driverlib.a : pin.obj (.text:PinConfigSet)
                  2000baec    00000088     rtsv7M4_T_le_v4SPD16_eabi.lib : vsnprintf.obj (.text)
                  2000bb74    00000086                                   : fd_cmp_t2.obj (.text:__aeabi_cdcmple)
                  2000bbfa    00000086                                   : fd_cmp_t2.obj (.text:__aeabi_cdrcmple)
                  2000bc80    00000084     simplelink.a : cc_pal.obj (.text:NwpPowerOnPreamble)
                  2000bd04    00000080                  : driver.obj (.text:_SlDrvCmdOp)
                  2000bd84    00000080                  : cc_pal.obj (.text:spi_Read_CPU)
                  2000be04    00000080                  : cc_pal.obj (.text:spi_Write_CPU)
                  2000be84    0000007c                  : device.obj (.text:_sl_HandleAsync_InitComplete)
                  2000bf00    0000007a     rtsv7M4_T_le_v4SPD16_eabi.lib : memset_t2.obj (.text)
                  2000bf7a    00000002     --HOLE-- [fill = 0]
                  2000bf7c    00000078     simplelink.a : socket.obj (.text:_sl_HandleAsync_Connect)
                  2000bff4    00000078                  : cc_pal.obj (.text:spi_Close)
                  2000c06c    00000076     driverlib.a : uart.obj (.text:UARTConfigSetExpClk)
                  2000c0e2    00000002     --HOLE-- [fill = 0]
                  2000c0e4    00000074     simplelink.a : socket.obj (.text:sl_Recv)
                  2000c158    00000070                  : nonos.obj (.text:_SlNonOsMainLoopTask)
                  2000c1c8    0000006c                  : driver.obj (.text:_SlDrvCmdSend)
                  2000c234    0000006c     rtsv7M4_T_le_v4SPD16_eabi.lib : autoinit.obj (.text)
                  2000c2a0    0000006a                                   : copy_decompress_rle.obj (.text)
                  2000c30a    00000002     --HOLE-- [fill = 0]
                  2000c30c    00000068     simplelink.a : netapp.obj (.text:_sl_NetAppSendTokenValue)
                  2000c374    00000068                  : netcfg.obj (.text:sl_NetCfgSet)
                  2000c3dc    00000068                  : socket.obj (.text:sl_SetSockOpt)
                  2000c444    00000068                  : wlan.obj (.text:sl_WlanSet)
                  2000c4ac    00000066     rtsv7M4_T_le_v4SPD16_eabi.lib : xdunscal.obj (.text)
                  2000c512    00000002     --HOLE-- [fill = 0]
                  2000c514    00000064     driverlib.a : udma.obj (.text:uDMAChannelAttributeDisable)
                  2000c578    00000064                 : udma.obj (.text:uDMAChannelAttributeEnable)
                  2000c5dc    00000060     simplelink.a : socket.obj (.text:_sl_HandleAsync_Accept)
                  2000c63c    00000060     rtsv7M4_T_le_v4SPD16_eabi.lib : sprintf.obj (.text)
                  2000c69c    00000060     simplelink.a : wlan.obj (.text:sl_WlanPolicySet)
                  2000c6fc    0000005c                  : nonos.obj (.text:_SlNonOsSemGet)
                  2000c758    0000005c                  : nonos.obj (.text:_SlNonOsSpawn)
                  2000c7b4    0000005c                  : socket.obj (.text:sl_Socket)
                  2000c810    00000058     driverlib.a : interrupt.obj (.text:IntPendClear)
                  2000c868    00000058                 : prcm.obj (.text:PRCMPeripheralReset)
                  2000c8c0    00000056     rtsv7M4_T_le_v4SPD16_eabi.lib : ltoa.obj (.text)
                  2000c916    00000002     --HOLE-- [fill = 0]
                  2000c918    00000054     driverlib.a : interrupt.obj (.text:IntPrioritySet)
                  2000c96c    00000054     simplelink.a : socket.obj (.text:_sl_HandleAsync_Select)
                  2000c9c0    00000054                  : wlan.obj (.text:sl_WlanRxFilterSet)
                  2000ca14    00000052     rtsv7M4_T_le_v4SPD16_eabi.lib : ldexp.obj (.text)
                  2000ca66    00000002     --HOLE-- [fill = 0]
                  2000ca68    00000050     simplelink.a : device.obj (.text:_sl_HandleAsync_Stop)
                  2000cab8    00000050     rtsv7M4_T_le_v4SPD16_eabi.lib : boot.obj (.text)
                  2000cb08    0000004c     driverlib.a : spi.obj (.text:SPIIntEnable)
                  2000cb54    0000004c                 : spi.obj (.text:SPIIntNumberGet)
                  2000cba0    0000004c     simplelink.a : driver.obj (.text:_SlDrvProtectAsyncRespSetting)
                  2000cbec    0000004c                  : driver.obj (.text:_SlDrvRxIrqHandler)
                  2000cc38    0000004c                  : socket.obj (.text:_sl_BuildAddress)
                  2000cc84    0000004c     rtsv7M4_T_le_v4SPD16_eabi.lib : atoi.obj (.text)
                  2000ccd0    0000004c                                   : cpy_tbl.obj (.text)
                  2000cd1c    0000004c     driverlib.a : udma.obj (.text:uDMAChannelAssign)
                  2000cd68    00000048                 : spi.obj (.text:SPIIntClear)
                  2000cdb0    00000048     simplelink.a : driver.obj (.text:_SlDrvBasicCmd)
                  2000cdf8    00000048     rtsv7M4_T_le_v4SPD16_eabi.lib : fd_toi_t2.obj (.text)
                  2000ce40    00000044     driverlib.a : spi.obj (.text:SPIDmaMaskGet)
                  2000ce84    00000044     simplelink.a : cc_pal.obj (.text:cc_SetupTransfer)
                  2000cec8    00000044     rtsv7M4_T_le_v4SPD16_eabi.lib : exit.obj (.text)
                  2000cf0c    00000042     simplelink.a : socket.obj (.text:sl_Htonl)
                  2000cf4e    00000002     --HOLE-- [fill = 0]
                  2000cf50    00000040     driverlib.a : pin.obj (.text:PinModeSet)
                  2000cf90    00000040     rtsv7M4_T_le_v4SPD16_eabi.lib : signal.obj (.text)
                  2000cfd0    0000003e     simplelink.a : cc_pal.obj (.text:NwpRegisterInterruptHandler)
                  2000d00e    0000003c                  : netapp.obj (.text:CopyPingResultsToReport)
                  2000d04a    00000002     --HOLE-- [fill = 0]
                  2000d04c    0000003c     driverlib.a : prcm.obj (.text:PRCMPeripheralClkEnable)
                  2000d088    0000003c     simplelink.a : socket.obj (.text:_sl_TruncatePayloadByProtocol)
                  2000d0c4    0000003c                  : socket.obj (.text:sl_Htons)
                  2000d100    0000003c     driverlib.a : udma.obj (.text:uDMAChannelControlSet)
                  2000d13c    00000038     simplelink.a : cc_pal.obj (.text:NwpPowerOff)
                  2000d174    00000036     driverlib.a : gpio.obj (.text:GPIODirModeSet)
                  2000d1aa    00000036     simplelink.a : netapp.obj (.text:sl_NetAppMDNSUnRegisterService)
                  2000d1e0    00000034     driverlib.a : prcm.obj (.text:PRCMPeripheralStatusGet)
                  2000d214    00000034                 : spi.obj (.text:SPIFIFOLevelSet)
                  2000d248    00000034     rtsv7M4_T_le_v4SPD16_eabi.lib : feraiseexcept.obj (.text)
                  2000d27c    00000030     driverlib.a : pin.obj (.text:PinTypeGPIO)
                  2000d2ac    00000030                 : uart.obj (.text:UARTDisable)
                  2000d2dc    00000030     simplelink.a : device.obj (.text:_SlDrvDeviceEventHandler)
                  2000d30c    00000030     rtsv7M4_T_le_v4SPD16_eabi.lib : xdclass.obj (.text)
                  2000d33c    00000030                                   : xferaise.obj (.text)
                  2000d36c    00000030     simplelink.a : socket.obj (.text:sl_Close)
                  2000d39c    00000030                  : wlan.obj (.text:sl_WlanProfileDel)
                  2000d3cc    00000030                  : wlan.obj (.text:sl_WlanSetMode)
                  2000d3fc    0000002e     rtsv7M4_T_le_v4SPD16_eabi.lib : i_tofd_t2.obj (.text)
                  2000d42a    0000002e                                   : raise.obj (.text)
                  2000d458    0000002c     simplelink.a : cc_pal.obj (.text:NwpPowerOn)
                  2000d484    0000002c     driverlib.a : prcm.obj (.text:PRCMSysResetCauseGet)
                  2000d4b0    0000002a     rtsv7M4_T_le_v4SPD16_eabi.lib : frexp.obj (.text)
                  2000d4da    00000002     --HOLE-- [fill = 0]
                  2000d4dc    00000028     driverlib.a : prcm.obj (.text:PRCMPeripheralClkDisable)
                  2000d504    00000026     rtsv7M4_T_le_v4SPD16_eabi.lib : strncmp.obj (.text)
                  2000d52a    00000002     --HOLE-- [fill = 0]
                  2000d52c    00000024     simplelink.a : cc_pal.obj (.text:DmaSpiSwIntHandler)
                  2000d550    00000024     driverlib.a : interrupt.obj (.text:IntUnregister)
                  2000d574    00000024                 : uart.obj (.text:UARTEnable)
                  2000d598    00000024     simplelink.a : driver.obj (.text:_SlDrvProtectionObjLockWaitForever)
                  2000d5bc    00000024     rtsv7M4_T_le_v4SPD16_eabi.lib : memmov.obj (.text)
                  2000d5e0    00000022     driverlib.a : spi.obj (.text:SPIReset)
                  2000d602    00000022                 : spi.obj (.text:SPIWordCountSet)
                  2000d624    00000020                 : gpio.obj (.text:GPIOPinWrite)
                  2000d644    00000020                 : interrupt.obj (.text:IntRegister)
                  2000d664    00000020                 : spi.obj (.text:SPIDataGet)
                  2000d684    00000020     simplelink.a : driver.obj (.text:_SlDrvProtectionObjUnLock)
                  2000d6a4    0000001e     driverlib.a : spi.obj (.text:SPIDataPut)
                  2000d6c2    0000001e                 : uart.obj (.text:UARTCharPut)
                  2000d6e0    0000001e     simplelink.a : driver.obj (.text:_SlDrvObjLockWaitForever)
                  2000d6fe    0000001e                  : driver.obj (.text:_SlDrvSyncObjWaitForever)
                  2000d71c    0000001e                  : cc_pal.obj (.text:cc_UDMAChannelSelect)
                  2000d73a    0000001c     driverlib.a : uart.obj (.text:UARTCharGetNonBlocking)
                  2000d756    0000001c     rtsv7M4_T_le_v4SPD16_eabi.lib : memccpy.obj (.text)
                  2000d772    00000002     --HOLE-- [fill = 0]
                  2000d774    0000001c     driverlib.a : udma.obj (.text:uDMAChannelEnable)
                  2000d790    0000001a                 : pin.obj (.text:PinTypeSPI)
                  2000d7aa    0000001a                 : pin.obj (.text:PinTypeUART)
                  2000d7c4    0000001a                 : spi.obj (.text:SPIDmaDisable)
                  2000d7de    0000001a                 : spi.obj (.text:SPIDmaEnable)
                  2000d7f8    0000001a                 : spi.obj (.text:SPIFIFODisable)
                  2000d812    0000001a                 : spi.obj (.text:SPIFIFOEnable)
                  2000d82c    0000001a                 : spi.obj (.text:SPIIntUnregister)
                  2000d846    0000001a     simplelink.a : driver.obj (.text:_SlDrvObjUnLock)
                  2000d860    0000001a                  : driver.obj (.text:_SlDrvSyncObjSignal)
                  2000d87a    00000018     driverlib.a : gpio.obj (.text:GPIOPinRead)
                  2000d892    00000018                 : spi.obj (.text:SPICSDisable)
                  2000d8aa    00000018                 : spi.obj (.text:SPICSEnable)
                  2000d8c2    00000018                 : spi.obj (.text:SPIDisable)
                  2000d8da    00000018                 : spi.obj (.text:SPIEnable)
                  2000d8f2    00000018                 : uart.obj (.text:UARTCharsAvail)
                  2000d90a    00000018     simplelink.a : nonos.obj (.text:_SlNonOsSemSet)
                  2000d922    00000002     --HOLE-- [fill = 0]
                  2000d924    00000018                  : device.obj (.text:_sl_GetStartResponseConvert)
                  2000d93c    00000018     rtsv7M4_T_le_v4SPD16_eabi.lib : args_main.obj (.text)
                  2000d954    00000018                                   : strcmp.obj (.text)
                  2000d96c    00000016     driverlib.a : prcm.obj (.text:PRCMHIBRegRead)
                  2000d982    00000016                 : prcm.obj (.text:PRCMHIBRegWrite)
                  2000d998    00000016     simplelink.a : driver.obj (.text:_SlDrvMemZero)
                  2000d9ae    00000016     rtsv7M4_T_le_v4SPD16_eabi.lib : strchr.obj (.text)
                  2000d9c4    00000014     driverlib.a : cpu.obj (.text:CPUcpsie)
                  2000d9d8    00000014                 : interrupt.obj (.text:IntVTableBaseSet)
                  2000d9ec    00000014     rtsv7M4_T_le_v4SPD16_eabi.lib : _lock.obj (.text)
                  2000da00    00000014                                   : strcpy.obj (.text)
                  2000da14    00000014                                   : strlen.obj (.text)
                  2000da28    0000000e     simplelink.a : driver.obj (.text:_SlDrvResetCmdExt)
                  2000da36    0000000e     rtsv7M4_T_le_v4SPD16_eabi.lib : copy_decompress_none.obj (.text:decompress:none)
                  2000da44    0000000e     startup_ccs.obj (.text)
                  2000da52    00000002     --HOLE-- [fill = 0]
                  2000da54    0000000c     simplelink.a : cc_pal.obj (.text:NwpMaskInterrupt)
                  2000da60    0000000c                  : cc_pal.obj (.text:NwpUnMaskInterrupt)
                  2000da6c    0000000c     rtsv7M4_T_le_v4SPD16_eabi.lib : copy_zero_init.obj (.text:decompress:ZI)
                  2000da78    0000000c     simplelink.a : wlan.obj (.text:sl_WlanDisconnect)
                  2000da84    0000000a     driverlib.a : interrupt.obj (.text:IntMasterEnable)
                  2000da8e    00000006                 : utils.obj (.text:UtilsDelay)
                  2000da94    00000006     rtsv7M4_T_le_v4SPD16_eabi.lib : copy_decompress_rle.obj (.text:decompress:rle24)
                  2000da9a    00000004                                   : pre_init.obj (.text)

.const     0    2000daa0    00000734     
                  2000daa0    00000101     rtsv7M4_T_le_v4SPD16_eabi.lib : ctype.obj (.const:.string:_ctypes_)
                  2000dba1    00000003     --HOLE-- [fill = 0]
                  2000dba4    00000100     driverlib.a : pin.obj (.const:g_ulPinToPadMap)
                  2000dca4    000000d4                 : interrupt.obj (.const:g_pulRegs)
                  2000dd78    000000b0     simplelink.a : wlan.obj (.const:$P$T0$1)
                  2000de28    000000a8     driverlib.a : prcm.obj (.const:PRCM_PeriphRegsList)
                  2000ded0    00000080                 : interrupt.obj (.const)
                  2000df50    00000040     main.obj (.const)
                  2000df90    0000003c     simplelink.a : driver.obj (.const:OpcodeTranslateTable)
                  2000dfcc    0000003c                  : wlan.obj (.const)
                  2000e008    00000038                  : driver.obj (.const:_SlActionLookupTable)
                  2000e040    00000034                  : driver.obj (.const)
                  2000e074    00000034                  : socket.obj (.const)
                  2000e0a8    0000002c     main.obj (.const:$P$T1$2)
                  2000e0d4    0000002c     main.obj (.const:.string)
                  2000e100    00000028     simplelink.a : netapp.obj (.const)
                  2000e128    00000024     driverlib.a : spi.obj (.const:g_ppulSPIIntMap)
                  2000e14c    00000022     main.obj (.const:.string:$P$T0$1)
                  2000e16e    00000002     --HOLE-- [fill = 0]
                  2000e170    00000018     driverlib.a : spi.obj (.const)
                  2000e188    00000014     simplelink.a : device.obj (.const)
                  2000e19c    00000010                  : socket.obj (.const:.string)
                  2000e1ac    00000010     webclient.a : httpcli.obj (.const)
                  2000e1bc    00000008     simplelink.a : device.obj (.const:.string)
                  2000e1c4    00000008     webclient.a : httpcli.obj (.const:.string)
                  2000e1cc    00000008     simplelink.a : netcfg.obj (.const)

.cinit     0    2000e1d8    00000078     
                  2000e1d8    0000004e     (.cinit..data.load) [load image, compression = rle]
                  2000e226    00000002     --HOLE-- [fill = 0]
                  2000e228    0000000c     (__TI_handler_table)
                  2000e234    00000004     --HOLE-- [fill = 0]
                  2000e238    00000008     (.cinit..bss.load) [load image, compression = zero_init]
                  2000e240    00000010     (__TI_cinit_table)

.bss       0    20022000    0000542a     UNINITIALIZED
                  20022000    00003e80     main.obj (.bss:data)
                  20025e80    00001388     main.obj (.bss:postDataBuf)
                  20027208    00000168     simplelink.a : driver.obj (.bss:g_StatMem)
                  20027370    00000050                  : cc_pal.obj (.bss:g_ucDinDout)
                  200273c0    00000028                  : nonos.obj (.bss:g__SlNonOsCB)
                  200273e8    00000024     main.obj (.bss:g_ucConnectionSSID)
                  2002740c    00000008     (.common:g_ucConnectionBSSID)
                  20027414    00000004     (.common:__Errorlog)
                  20027418    00000004     (.common:firstSample)
                  2002741c    00000004     (.common:g_ulDestinationIP)
                  20027420    00000004     (.common:secondSample)
                  20027424    00000004     (.common:ulDummy)
                  20027428    00000001     (.common:RxIrqCnt)
                  20027429    00000001     (.common:g_cDummy)

.TI.noinit 
*          0    20022000    00000000     UNINITIALIZED

.sysmem    0    20027430    00000800     UNINITIALIZED
                  20027430    00000008     rtsv7M4_T_le_v4SPD16_eabi.lib : memory.obj (.sysmem)
                  20027438    000007f8     --HOLE--

.data      0    20027c30    000001dc     UNINITIALIZED
                  20027c30    000000b0     rtsv7M4_T_le_v4SPD16_eabi.lib : signal.obj (.data:sigtable)
                  20027ce0    00000080                                   : xvalues.obj (.data)
                  20027d60    00000048     webclient.a : httpcli.obj (.data:tlsParams)
                  20027da8    00000010     main.obj (.data)
                  20027db8    00000010     webclient.a : httpcli.obj (.data)
                  20027dc8    0000000c     rtsv7M4_T_le_v4SPD16_eabi.lib : memory.obj (.data)
                  20027dd4    00000009     simplelink.a : cc_pal.obj (.data)
                  20027ddd    00000003     --HOLE--
                  20027de0    00000009                  : driver.obj (.data)
                  20027de9    00000003     --HOLE--
                  20027dec    00000008     rtsv7M4_T_le_v4SPD16_eabi.lib : _lock.obj (.data)
                  20027df4    00000008                                   : exit.obj (.data)
                  20027dfc    00000008                                   : feraiseexcept.obj (.data)
                  20027e04    00000004                                   : errno.obj (.data)
                  20027e08    00000004                                   : stkdepth_vars.obj (.data)

.TI.persistent 
*          0    20027c30    00000000     UNINITIALIZED

.stack     0    2003d800    00000800     UNINITIALIZED
                  2003d800    00000800     --HOLE--


LINKER GENERATED COPY TABLES

__TI_cinit_table @ 2000e240 records: 2, size/record: 8, table size: 16
	.data: load addr=2000e1d8, load size=0000004e bytes, run addr=20027c30, run size=000001dc bytes, compression=rle
	.bss: load addr=2000e238, load size=00000008 bytes, run addr=20022000, run size=0000542a bytes, compression=zero_init


LINKER GENERATED HANDLER TABLE

__TI_handler_table @ 2000e228 records: 3, size/record: 4, table size: 12
	index: 0, handler: __TI_decompress_rle24
	index: 1, handler: __TI_decompress_none
	index: 2, handler: __TI_zero_init


GLOBAL SYMBOLS: SORTED ALPHABETICALLY BY Name 

address   name                                  
-------   ----                                  
2000cec9  C$$EXIT                               
2000d9c5  CPUcpsie                              
20008945  ClearTerm                             
2000d00f  CopyPingResultsToReport               
2000d52d  DmaSpiSwIntHandler                    
2000894f  Error                                 
2000d175  GPIODirModeSet                        
2000d87b  GPIOPinRead                           
2000d625  GPIOPinWrite                          
20008987  GetCmd                                
20006fc7  HTTPCli_connect                       
200070e9  HTTPCli_construct                     
20007131  HTTPCli_create                        
20007149  HTTPCli_delete                        
2000717f  HTTPCli_destruct                      
200071c7  HTTPCli_disconnect                    
200073fd  HTTPCli_getResponseField              
200073c7  HTTPCli_getResponseStatus             
20006eb9  HTTPCli_initSockAddr                  
2000760d  HTTPCli_readRawResponseBody           
20007581  HTTPCli_readResponseBody              
20007337  HTTPCli_sendField                     
20007269  HTTPCli_sendRequest                   
2000738f  HTTPCli_sendRequestBody               
2000764d  HTTPCli_setProxy                      
200071fd  HTTPCli_setRequestFields              
20007223  HTTPCli_setResponseFields             
20007249  HTTPCli_setSecureParams               
20008905  InitTerm                              
2000b2b5  IntDisable                            
2000b35d  IntEnable                             
2000da85  IntMasterEnable                       
2000c811  IntPendClear                          
2000c919  IntPrioritySet                        
2000d645  IntRegister                           
2000d551  IntUnregister                         
2000d9d9  IntVTableBaseSet                      
20008923  Message                               
2000da55  NwpMaskInterrupt                      
2000d13d  NwpPowerOff                           
2000d459  NwpPowerOn                            
2000bc81  NwpPowerOnPreamble                    
2000cfd1  NwpRegisterInterruptHandler           
2000da61  NwpUnMaskInterrupt                    
2000df90  OpcodeTranslateTable                  
20009e5d  PRCMCC3200MCUInit                     
2000d96d  PRCMHIBRegRead                        
2000d983  PRCMHIBRegWrite                       
2000d4dd  PRCMPeripheralClkDisable              
2000d04d  PRCMPeripheralClkEnable               
2000b711  PRCMPeripheralClockGet                
2000c869  PRCMPeripheralReset                   
2000d1e1  PRCMPeripheralStatusGet               
2000d485  PRCMSysResetCauseGet                  
20004cdd  ParseJSONData                         
2000ba65  PinConfigSet                          
2000cf51  PinModeSet                            
2000b7a5  PinMuxConfig                          
2000d27d  PinTypeGPIO                           
2000d791  PinTypeSPI                            
2000d7ab  PinTypeUART                           
20008ac5  Report                                
2000da45  ResetISR                              
20027428  RxIrqCnt                              
2000e050  RxMsgClassLUT                         
UNDEFED   SHT$$INIT_ARRAY$$Base                 
UNDEFED   SHT$$INIT_ARRAY$$Limit                
2000d893  SPICSDisable                          
2000d8ab  SPICSEnable                           
2000b405  SPIConfigSetExpClk                    
2000d665  SPIDataGet                            
2000d6a5  SPIDataPut                            
2000d8c3  SPIDisable                            
2000d7c5  SPIDmaDisable                         
2000d7df  SPIDmaEnable                          
2000d8db  SPIEnable                             
2000d7f9  SPIFIFODisable                        
2000d813  SPIFIFOEnable                         
2000d215  SPIFIFOLevelSet                       
2000cd69  SPIIntClear                           
2000cb09  SPIIntEnable                          
2000d82d  SPIIntUnregister                      
2000d5e1  SPIReset                              
2000d603  SPIWordCountSet                       
200045c9  SimpleLinkGeneralEventHandler         
200045a1  SimpleLinkHttpServerCallback          
20004509  SimpleLinkNetAppEventHandler          
200045df  SimpleLinkSockEventHandler            
20004401  SimpleLinkWlanEventHandler            
20008631  Ssock_construct                       
20008671  Ssock_create                          
2000868b  Ssock_delete                          
200086b3  Ssock_destruct                        
20008705  Ssock_getSocket                       
20008713  Ssock_recv                            
2000876d  Ssock_recvall                         
200087b1  Ssock_send                            
200088cb  Ssock_startSecure                     
2000e1bc  StartResponseLUT                      
20008a2d  TrimSpace                             
2000d73b  UARTCharGetNonBlocking                
2000d6c3  UARTCharPut                           
2000d8f3  UARTCharsAvail                        
2000c06d  UARTConfigSetExpClk                   
2000d2ad  UARTDisable                           
2000d575  UARTEnable                            
2000da8f  UtilsDelay                            
2000d30d  _Dclass                               
20027ce0  _Denorm                               
2000afcd  _Dnorm                                
2000a1d1  _Dscale                               
2000c4ad  _Dunscale                             
20027cf0  _Eps                                  
20027e04  _Errno                                
20027dfc  _Fenv                                 
2000d33d  _Feraise                              
20027d00  _Hugeval                              
20027d10  _Inf                                  
20027d20  _Nan                                  
20027d40  _Rteps                                
2000e088  _SlAcceptCmdCtrl                      
2000e008  _SlActionLookupTable                  
2000b149  _SlAsyncEventGenericHandler           
2000e194  _SlDeviceGetCmdCtrl                   
2000e198  _SlDeviceSetCmdCtrl                   
2000cdb1  _SlDrvBasicCmd                        
2000abd9  _SlDrvClassifyRxMsg                   
2000bd05  _SlDrvCmdOp                           
2000c1c9  _SlDrvCmdSend                         
20009f91  _SlDrvDataReadOp                      
2000a2e1  _SlDrvDataWriteOp                     
2000d2dd  _SlDrvDeviceEventHandler              
2000a6fd  _SlDrvDriverCBDeinit                  
200098e9  _SlDrvDriverCBInit                    
2000d999  _SlDrvMemZero                         
20007c51  _SlDrvMsgRead                         
2000ae4d  _SlDrvMsgReadCmdCtx                   
2000b4a5  _SlDrvMsgReadSpawnCtx                 
200093d5  _SlDrvMsgWrite                        
2000a7fd  _SlDrvNetAppEventHandler              
2000d6e1  _SlDrvObjLockWaitForever              
2000d847  _SlDrvObjUnLock                       
2000cba1  _SlDrvProtectAsyncRespSetting         
2000d599  _SlDrvProtectionObjLockWaitForever    
2000d685  _SlDrvProtectionObjUnLock             
20009205  _SlDrvReleasePoolObj                  
2000da29  _SlDrvResetCmdExt                     
20008b85  _SlDrvRxHdrRead                       
2000cbed  _SlDrvRxIrqHandler                    
2000d861  _SlDrvSyncObjSignal                   
2000d6ff  _SlDrvSyncObjWaitForever              
20009759  _SlDrvWaitForPoolObj                  
2000e190  _SlEventMaskGetCmdCtrl                
2000e18c  _SlEventMaskSetCmdCtrl                
20009a71  _SlFindAndSetActiveObj                
2000e114  _SlGetHostByNameCtrl                  
2000e110  _SlGetHostByServiceCtrl               
2000e108  _SlGetServiceListeCtrl                
2000e094  _SlGetSockOptCmdCtrl                  
2000e084  _SlListenCmdCtrl                      
2000e120  _SlNetAppGetCmdCtrl                   
2000e11c  _SlNetAppSendTokenValueCmdCtrl        
2000e118  _SlNetAppSetCmdCtrl                   
2000e100  _SlNetAppStartCtrl                    
2000e104  _SlNetAppStopCtrl                     
2000e1d0  _SlNetCfgGetCmdCtrl                   
2000e1cc  _SlNetCfgSetCmdCtrl                   
2000c159  _SlNonOsMainLoopTask                  
2000c6fd  _SlNonOsSemGet                        
2000d90b  _SlNonOsSemSet                        
2000c759  _SlNonOsSpawn                         
2000e19c  _SlPayloadByProtocolLUT               
2000dfd0  _SlPolicyGetCmdCtrl                   
2000dfcc  _SlPolicySetCmdCtrl                   
2000dfd8  _SlProfileDelCmdCtrl                  
2000dfd4  _SlProfileGetCmdCtrl                  
2000e08c  _SlRecvCmdCtrl                        
2000e07c  _SlRecvfomCmdCtrl                     
2000e10c  _SlRegisterServiceCtrl                
2000af0d  _SlRemoveFromList                     
2000dfe0  _SlRxFilterAddtCmdCtrl                
2000dfe8  _SlRxFilterGetCmdCtrl                 
2000dfe4  _SlRxFilterSetCmdCtrl                 
2000e098  _SlSelectCmdCtrl                      
2000e080  _SlSendCmdCtrl                        
2000e090  _SlSetSockOptCmdCtrl                  
2000dfec  _SlSmartConfigStartCmdCtrl            
2000e078  _SlSockCloseCmdCtrl                   
2000e074  _SlSockSocketCmdCtrl                  
2000e188  _SlStopCmdCtrl                        
2000dff8  _SlWlanCfgGetCmdCtrl                  
2000dff4  _SlWlanCfgSetCmdCtrl                  
2000dfdc  _SlWlanGetNetworkListCtrl             
2000dff0  _SlWlanSetModeCmdCtrl                 
20027d30  _Snan                                 
20027e00  _Tls_setup__Fenv                      
20027d50  _Xbig                                 
20027d58  _Zero                                 
2003e000  __STACK_END                           
00000800  __STACK_SIZE                          
00000800  __SYSMEM_SIZE                         
2000e240  __TI_CINIT_Base                       
2000e250  __TI_CINIT_Limit                      
2000e228  __TI_Handler_Table_Base               
2000e234  __TI_Handler_Table_Limit              
2000c235  __TI_auto_init                        
20027df4  __TI_cleanup_ptr                      
2000da37  __TI_decompress_none                  
2000da95  __TI_decompress_rle24                 
20027df8  __TI_dtors_ptr                        
20006395  __TI_printfi                          
2000e1d8  __TI_static_base__                    
2000da6d  __TI_zero_init                        
2000bb75  __aeabi_cdcmpeq                       
2000bb75  __aeabi_cdcmple                       
2000bbfb  __aeabi_cdrcmple                      
2000cdf9  __aeabi_d2iz                          
200095ab  __aeabi_dadd                          
20009d25  __aeabi_ddiv                          
2000a8fb  __aeabi_dmul                          
200095a1  __aeabi_dsub                          
2000d3fd  __aeabi_i2d                           
2000bf01  __aeabi_memclr                        
2000bf01  __aeabi_memclr4                       
2000bf01  __aeabi_memclr8                       
2000b541  __aeabi_memcpy                        
2000b541  __aeabi_memcpy4                       
2000b541  __aeabi_memcpy8                       
2000bf03  __aeabi_memset                        
2000bf03  __aeabi_memset4                       
2000bf03  __aeabi_memset8                       
20009011  __aeabi_uldivmod                      
ffffffff  __binit__                             
ffffffff  __c_args__                            
2003d800  __stack                               
2000d93d  _args_main                            
2000cab9  _c_int00                              
2000daa0  _ctypes_                              
20027dec  _lock                                 
2000d9fb  _nop                                  
2000d9f3  _register_lock                        
2000d9ed  _register_unlock                      
2000cc39  _sl_BuildAddress                      
2000d925  _sl_GetStartResponseConvert           
2000c5dd  _sl_HandleAsync_Accept                
2000bf7d  _sl_HandleAsync_Connect               
2000b94d  _sl_HandleAsync_DnsGetHostByName      
2000ad85  _sl_HandleAsync_DnsGetHostByService   
2000be85  _sl_HandleAsync_InitComplete          
2000b9d9  _sl_HandleAsync_PingResponse          
2000c96d  _sl_HandleAsync_Select                
2000ca69  _sl_HandleAsync_Stop                  
2000c30d  _sl_NetAppSendTokenValue              
2000d089  _sl_TruncatePayloadByProtocol         
20027430  _sys_memory                           
2000da9b  _system_pre_init                      
20027df0  _unlock                               
2000cecd  abort                                 
2000cc85  atoi                                  
ffffffff  binit                                 
200066e3  bufferedRecv                          
20027db4  bytesReceived                         
200085e5  calloc                                
2000ccd1  copy_in                               
20022000  data                                  
2000ced5  exit                                  
2000d249  feraiseexcept                         
20027418  firstSample                           
20008333  free                                  
2000d4b1  frexp                                 
20027de8  gFirstCmdMode                         
2000e048  g_H2NCnysPattern                      
2000e040  g_H2NSyncPattern                      
20027dd4  g_SpiFd                               
20027208  g_StatMem                             
200273c0  g__SlNonOsCB                          
20027429  g_cDummy                              
20027de0  g_pCB                                 
20027dd8  g_pHostIntHdl                         
20004000  g_pfnVectors                          
2002740c  g_ucConnectionBSSID                   
200273e8  g_ucConnectionSSID                    
20027ddc  g_ucDMAEnabled                        
20027370  g_ucDinDout                           
2002741c  g_ulDestinationIP                     
20027db0  g_ulGatewayIP                         
20027dac  g_ulStatus                            
20007c33  jsmn_init                             
20007921  jsmn_parse                            
2000ca15  ldexp                                 
2000c8c1  ltoa                                  
200053a9  main                                  
20027e08  main_func_sp                          
200082cb  malloc                                
20008501  memalign                              
2000d757  memccpy                               
2000b541  memcpy                                
2000d5bd  memmove                               
2000bf09  memset                                
2000823d  minit                                 
20027de4  pPingCallBackFunc                     
200052e1  pollForSampleFromADC                  
20025e80  postDataBuf                           
2000d42b  raise                                 
200083f5  realloc                               
20027420  secondSample                          
2000cf91  signal                                
2000d36d  sl_Close                              
2000a3e9  sl_Connect                            
2000b5dd  sl_DevGet                             
2000cf0d  sl_Htonl                              
2000d0c5  sl_Htons                              
2000a5f9  sl_NetAppDnsGetHostByName             
2000b201  sl_NetAppMDNSRegisterUnregisterService
2000d1ab  sl_NetAppMDNSUnRegisterService        
2000c375  sl_NetCfgSet                          
2000c0e5  sl_Recv                               
2000a4f1  sl_Send                               
2000c3dd  sl_SetSockOpt                         
2000c7b5  sl_Socket                             
2000b08d  sl_Start                              
2000acb1  sl_Stop                               
20008dcd  sl_WlanConnect                        
2000da79  sl_WlanDisconnect                     
2000c69d  sl_WlanPolicySet                      
2000d39d  sl_WlanProfileDel                     
2000c9c1  sl_WlanRxFilterSet                    
2000c445  sl_WlanSet                            
2000d3cd  sl_WlanSetMode                        
2000bff5  spi_Close                             
20009be1  spi_Open                              
2000a9f9  spi_Read                              
2000b679  spi_Write                             
2000c63d  sprintf                               
2000d9af  strchr                                
2000d955  strcmp                                
2000da01  strcpy                                
2000da15  strlen                                
2000d505  strncmp                               
2000a0bd  strtoul                               
2000cd1d  uDMAChannelAssign                     
2000c515  uDMAChannelAttributeDisable           
2000c579  uDMAChannelAttributeEnable            
2000d101  uDMAChannelControlSet                 
2000d775  uDMAChannelEnable                     
2000aae9  uDMAChannelTransferSet                
20027424  ulDummy                               
20027da8  ulUserData                            
2000baed  vsnprintf                             


GLOBAL SYMBOLS: SORTED BY Symbol Address 

address   name                                  
-------   ----                                  
00000800  __STACK_SIZE                          
00000800  __SYSMEM_SIZE                         
20004000  g_pfnVectors                          
20004401  SimpleLinkWlanEventHandler            
20004509  SimpleLinkNetAppEventHandler          
200045a1  SimpleLinkHttpServerCallback          
200045c9  SimpleLinkGeneralEventHandler         
200045df  SimpleLinkSockEventHandler            
20004cdd  ParseJSONData                         
200052e1  pollForSampleFromADC                  
200053a9  main                                  
20006395  __TI_printfi                          
200066e3  bufferedRecv                          
20006eb9  HTTPCli_initSockAddr                  
20006fc7  HTTPCli_connect                       
200070e9  HTTPCli_construct                     
20007131  HTTPCli_create                        
20007149  HTTPCli_delete                        
2000717f  HTTPCli_destruct                      
200071c7  HTTPCli_disconnect                    
200071fd  HTTPCli_setRequestFields              
20007223  HTTPCli_setResponseFields             
20007249  HTTPCli_setSecureParams               
20007269  HTTPCli_sendRequest                   
20007337  HTTPCli_sendField                     
2000738f  HTTPCli_sendRequestBody               
200073c7  HTTPCli_getResponseStatus             
200073fd  HTTPCli_getResponseField              
20007581  HTTPCli_readResponseBody              
2000760d  HTTPCli_readRawResponseBody           
2000764d  HTTPCli_setProxy                      
20007921  jsmn_parse                            
20007c33  jsmn_init                             
20007c51  _SlDrvMsgRead                         
2000823d  minit                                 
200082cb  malloc                                
20008333  free                                  
200083f5  realloc                               
20008501  memalign                              
200085e5  calloc                                
20008631  Ssock_construct                       
20008671  Ssock_create                          
2000868b  Ssock_delete                          
200086b3  Ssock_destruct                        
20008705  Ssock_getSocket                       
20008713  Ssock_recv                            
2000876d  Ssock_recvall                         
200087b1  Ssock_send                            
200088cb  Ssock_startSecure                     
20008905  InitTerm                              
20008923  Message                               
20008945  ClearTerm                             
2000894f  Error                                 
20008987  GetCmd                                
20008a2d  TrimSpace                             
20008ac5  Report                                
20008b85  _SlDrvRxHdrRead                       
20008dcd  sl_WlanConnect                        
20009011  __aeabi_uldivmod                      
20009205  _SlDrvReleasePoolObj                  
200093d5  _SlDrvMsgWrite                        
200095a1  __aeabi_dsub                          
200095ab  __aeabi_dadd                          
20009759  _SlDrvWaitForPoolObj                  
200098e9  _SlDrvDriverCBInit                    
20009a71  _SlFindAndSetActiveObj                
20009be1  spi_Open                              
20009d25  __aeabi_ddiv                          
20009e5d  PRCMCC3200MCUInit                     
20009f91  _SlDrvDataReadOp                      
2000a0bd  strtoul                               
2000a1d1  _Dscale                               
2000a2e1  _SlDrvDataWriteOp                     
2000a3e9  sl_Connect                            
2000a4f1  sl_Send                               
2000a5f9  sl_NetAppDnsGetHostByName             
2000a6fd  _SlDrvDriverCBDeinit                  
2000a7fd  _SlDrvNetAppEventHandler              
2000a8fb  __aeabi_dmul                          
2000a9f9  spi_Read                              
2000aae9  uDMAChannelTransferSet                
2000abd9  _SlDrvClassifyRxMsg                   
2000acb1  sl_Stop                               
2000ad85  _sl_HandleAsync_DnsGetHostByService   
2000ae4d  _SlDrvMsgReadCmdCtx                   
2000af0d  _SlRemoveFromList                     
2000afcd  _Dnorm                                
2000b08d  sl_Start                              
2000b149  _SlAsyncEventGenericHandler           
2000b201  sl_NetAppMDNSRegisterUnregisterService
2000b2b5  IntDisable                            
2000b35d  IntEnable                             
2000b405  SPIConfigSetExpClk                    
2000b4a5  _SlDrvMsgReadSpawnCtx                 
2000b541  __aeabi_memcpy                        
2000b541  __aeabi_memcpy4                       
2000b541  __aeabi_memcpy8                       
2000b541  memcpy                                
2000b5dd  sl_DevGet                             
2000b679  spi_Write                             
2000b711  PRCMPeripheralClockGet                
2000b7a5  PinMuxConfig                          
2000b94d  _sl_HandleAsync_DnsGetHostByName      
2000b9d9  _sl_HandleAsync_PingResponse          
2000ba65  PinConfigSet                          
2000baed  vsnprintf                             
2000bb75  __aeabi_cdcmpeq                       
2000bb75  __aeabi_cdcmple                       
2000bbfb  __aeabi_cdrcmple                      
2000bc81  NwpPowerOnPreamble                    
2000bd05  _SlDrvCmdOp                           
2000be85  _sl_HandleAsync_InitComplete          
2000bf01  __aeabi_memclr                        
2000bf01  __aeabi_memclr4                       
2000bf01  __aeabi_memclr8                       
2000bf03  __aeabi_memset                        
2000bf03  __aeabi_memset4                       
2000bf03  __aeabi_memset8                       
2000bf09  memset                                
2000bf7d  _sl_HandleAsync_Connect               
2000bff5  spi_Close                             
2000c06d  UARTConfigSetExpClk                   
2000c0e5  sl_Recv                               
2000c159  _SlNonOsMainLoopTask                  
2000c1c9  _SlDrvCmdSend                         
2000c235  __TI_auto_init                        
2000c30d  _sl_NetAppSendTokenValue              
2000c375  sl_NetCfgSet                          
2000c3dd  sl_SetSockOpt                         
2000c445  sl_WlanSet                            
2000c4ad  _Dunscale                             
2000c515  uDMAChannelAttributeDisable           
2000c579  uDMAChannelAttributeEnable            
2000c5dd  _sl_HandleAsync_Accept                
2000c63d  sprintf                               
2000c69d  sl_WlanPolicySet                      
2000c6fd  _SlNonOsSemGet                        
2000c759  _SlNonOsSpawn                         
2000c7b5  sl_Socket                             
2000c811  IntPendClear                          
2000c869  PRCMPeripheralReset                   
2000c8c1  ltoa                                  
2000c919  IntPrioritySet                        
2000c96d  _sl_HandleAsync_Select                
2000c9c1  sl_WlanRxFilterSet                    
2000ca15  ldexp                                 
2000ca69  _sl_HandleAsync_Stop                  
2000cab9  _c_int00                              
2000cb09  SPIIntEnable                          
2000cba1  _SlDrvProtectAsyncRespSetting         
2000cbed  _SlDrvRxIrqHandler                    
2000cc39  _sl_BuildAddress                      
2000cc85  atoi                                  
2000ccd1  copy_in                               
2000cd1d  uDMAChannelAssign                     
2000cd69  SPIIntClear                           
2000cdb1  _SlDrvBasicCmd                        
2000cdf9  __aeabi_d2iz                          
2000cec9  C$$EXIT                               
2000cecd  abort                                 
2000ced5  exit                                  
2000cf0d  sl_Htonl                              
2000cf51  PinModeSet                            
2000cf91  signal                                
2000cfd1  NwpRegisterInterruptHandler           
2000d00f  CopyPingResultsToReport               
2000d04d  PRCMPeripheralClkEnable               
2000d089  _sl_TruncatePayloadByProtocol         
2000d0c5  sl_Htons                              
2000d101  uDMAChannelControlSet                 
2000d13d  NwpPowerOff                           
2000d175  GPIODirModeSet                        
2000d1ab  sl_NetAppMDNSUnRegisterService        
2000d1e1  PRCMPeripheralStatusGet               
2000d215  SPIFIFOLevelSet                       
2000d249  feraiseexcept                         
2000d27d  PinTypeGPIO                           
2000d2ad  UARTDisable                           
2000d2dd  _SlDrvDeviceEventHandler              
2000d30d  _Dclass                               
2000d33d  _Feraise                              
2000d36d  sl_Close                              
2000d39d  sl_WlanProfileDel                     
2000d3cd  sl_WlanSetMode                        
2000d3fd  __aeabi_i2d                           
2000d42b  raise                                 
2000d459  NwpPowerOn                            
2000d485  PRCMSysResetCauseGet                  
2000d4b1  frexp                                 
2000d4dd  PRCMPeripheralClkDisable              
2000d505  strncmp                               
2000d52d  DmaSpiSwIntHandler                    
2000d551  IntUnregister                         
2000d575  UARTEnable                            
2000d599  _SlDrvProtectionObjLockWaitForever    
2000d5bd  memmove                               
2000d5e1  SPIReset                              
2000d603  SPIWordCountSet                       
2000d625  GPIOPinWrite                          
2000d645  IntRegister                           
2000d665  SPIDataGet                            
2000d685  _SlDrvProtectionObjUnLock             
2000d6a5  SPIDataPut                            
2000d6c3  UARTCharPut                           
2000d6e1  _SlDrvObjLockWaitForever              
2000d6ff  _SlDrvSyncObjWaitForever              
2000d73b  UARTCharGetNonBlocking                
2000d757  memccpy                               
2000d775  uDMAChannelEnable                     
2000d791  PinTypeSPI                            
2000d7ab  PinTypeUART                           
2000d7c5  SPIDmaDisable                         
2000d7df  SPIDmaEnable                          
2000d7f9  SPIFIFODisable                        
2000d813  SPIFIFOEnable                         
2000d82d  SPIIntUnregister                      
2000d847  _SlDrvObjUnLock                       
2000d861  _SlDrvSyncObjSignal                   
2000d87b  GPIOPinRead                           
2000d893  SPICSDisable                          
2000d8ab  SPICSEnable                           
2000d8c3  SPIDisable                            
2000d8db  SPIEnable                             
2000d8f3  UARTCharsAvail                        
2000d90b  _SlNonOsSemSet                        
2000d925  _sl_GetStartResponseConvert           
2000d93d  _args_main                            
2000d955  strcmp                                
2000d96d  PRCMHIBRegRead                        
2000d983  PRCMHIBRegWrite                       
2000d999  _SlDrvMemZero                         
2000d9af  strchr                                
2000d9c5  CPUcpsie                              
2000d9d9  IntVTableBaseSet                      
2000d9ed  _register_unlock                      
2000d9f3  _register_lock                        
2000d9fb  _nop                                  
2000da01  strcpy                                
2000da15  strlen                                
2000da29  _SlDrvResetCmdExt                     
2000da37  __TI_decompress_none                  
2000da45  ResetISR                              
2000da55  NwpMaskInterrupt                      
2000da61  NwpUnMaskInterrupt                    
2000da6d  __TI_zero_init                        
2000da79  sl_WlanDisconnect                     
2000da85  IntMasterEnable                       
2000da8f  UtilsDelay                            
2000da95  __TI_decompress_rle24                 
2000da9b  _system_pre_init                      
2000daa0  _ctypes_                              
2000df90  OpcodeTranslateTable                  
2000dfcc  _SlPolicySetCmdCtrl                   
2000dfd0  _SlPolicyGetCmdCtrl                   
2000dfd4  _SlProfileGetCmdCtrl                  
2000dfd8  _SlProfileDelCmdCtrl                  
2000dfdc  _SlWlanGetNetworkListCtrl             
2000dfe0  _SlRxFilterAddtCmdCtrl                
2000dfe4  _SlRxFilterSetCmdCtrl                 
2000dfe8  _SlRxFilterGetCmdCtrl                 
2000dfec  _SlSmartConfigStartCmdCtrl            
2000dff0  _SlWlanSetModeCmdCtrl                 
2000dff4  _SlWlanCfgSetCmdCtrl                  
2000dff8  _SlWlanCfgGetCmdCtrl                  
2000e008  _SlActionLookupTable                  
2000e040  g_H2NSyncPattern                      
2000e048  g_H2NCnysPattern                      
2000e050  RxMsgClassLUT                         
2000e074  _SlSockSocketCmdCtrl                  
2000e078  _SlSockCloseCmdCtrl                   
2000e07c  _SlRecvfomCmdCtrl                     
2000e080  _SlSendCmdCtrl                        
2000e084  _SlListenCmdCtrl                      
2000e088  _SlAcceptCmdCtrl                      
2000e08c  _SlRecvCmdCtrl                        
2000e090  _SlSetSockOptCmdCtrl                  
2000e094  _SlGetSockOptCmdCtrl                  
2000e098  _SlSelectCmdCtrl                      
2000e100  _SlNetAppStartCtrl                    
2000e104  _SlNetAppStopCtrl                     
2000e108  _SlGetServiceListeCtrl                
2000e10c  _SlRegisterServiceCtrl                
2000e110  _SlGetHostByServiceCtrl               
2000e114  _SlGetHostByNameCtrl                  
2000e118  _SlNetAppSetCmdCtrl                   
2000e11c  _SlNetAppSendTokenValueCmdCtrl        
2000e120  _SlNetAppGetCmdCtrl                   
2000e188  _SlStopCmdCtrl                        
2000e18c  _SlEventMaskSetCmdCtrl                
2000e190  _SlEventMaskGetCmdCtrl                
2000e194  _SlDeviceGetCmdCtrl                   
2000e198  _SlDeviceSetCmdCtrl                   
2000e19c  _SlPayloadByProtocolLUT               
2000e1bc  StartResponseLUT                      
2000e1cc  _SlNetCfgSetCmdCtrl                   
2000e1d0  _SlNetCfgGetCmdCtrl                   
2000e1d8  __TI_static_base__                    
2000e228  __TI_Handler_Table_Base               
2000e234  __TI_Handler_Table_Limit              
2000e240  __TI_CINIT_Base                       
2000e250  __TI_CINIT_Limit                      
20022000  data                                  
20025e80  postDataBuf                           
20027208  g_StatMem                             
20027370  g_ucDinDout                           
200273c0  g__SlNonOsCB                          
200273e8  g_ucConnectionSSID                    
2002740c  g_ucConnectionBSSID                   
20027418  firstSample                           
2002741c  g_ulDestinationIP                     
20027420  secondSample                          
20027424  ulDummy                               
20027428  RxIrqCnt                              
20027429  g_cDummy                              
20027430  _sys_memory                           
20027ce0  _Denorm                               
20027cf0  _Eps                                  
20027d00  _Hugeval                              
20027d10  _Inf                                  
20027d20  _Nan                                  
20027d30  _Snan                                 
20027d40  _Rteps                                
20027d50  _Xbig                                 
20027d58  _Zero                                 
20027da8  ulUserData                            
20027dac  g_ulStatus                            
20027db0  g_ulGatewayIP                         
20027db4  bytesReceived                         
20027dd4  g_SpiFd                               
20027dd8  g_pHostIntHdl                         
20027ddc  g_ucDMAEnabled                        
20027de0  g_pCB                                 
20027de4  pPingCallBackFunc                     
20027de8  gFirstCmdMode                         
20027dec  _lock                                 
20027df0  _unlock                               
20027df4  __TI_cleanup_ptr                      
20027df8  __TI_dtors_ptr                        
20027dfc  _Fenv                                 
20027e00  _Tls_setup__Fenv                      
20027e04  _Errno                                
20027e08  main_func_sp                          
2003d800  __stack                               
2003e000  __STACK_END                           
ffffffff  __binit__                             
ffffffff  __c_args__                            
ffffffff  binit                                 
UNDEFED   SHT$$INIT_ARRAY$$Base                 
UNDEFED   SHT$$INIT_ARRAY$$Limit                

[349 symbols]
