******************************************************************************
                  TI ARM Linker PC v5.2.5                      
******************************************************************************
>> Linked Sat May 07 20:17:40 2016

OUTPUT FILE NAME:   <http_client_demo.out>
ENTRY POINT SYMBOL: "_c_int00"  address: 2000ca21


MEMORY CONFIGURATION

         name            origin    length      used     unused   attr    fill
----------------------  --------  ---------  --------  --------  ----  --------
  SRAM_CODE             20004000   0001d000  0000a1b2  00012e4e  RW X
  SRAM_DATA             20022000   0001c000  0000d746  0000e8ba  RW X


SEGMENT ALLOCATION MAP

run origin  load origin   length   init length attrs members
----------  ----------- ---------- ----------- ----- -------
20004000    20004000    0000a1b8   0000a1b8    r-x
  20004000    20004000    00000400   00000400    r-- .intvecs
  20004400    20004400    00009606   00009606    r-x .text
  2000da08    2000da08    00000734   00000734    r-- .const
  2000e140    2000e140    00000078   00000078    r-- .cinit
20022000    20022000    0000cf4c   00000000    rw-
  20022000    20022000    0000c56a   00000000    rw- .bss
  2002e570    2002e570    00000800   00000000    rw- .sysmem
  2002ed70    2002ed70    000001dc   00000000    rw- .data
2003d800    2003d800    00000800   00000000    rw-
  2003d800    2003d800    00000800   00000000    rw- .stack


SECTION ALLOCATION MAP

 output                                  attributes/
section   page    origin      length       input sections
--------  ----  ----------  ----------   ----------------
.intvecs   0    20004000    00000400     
                  20004000    00000400     startup_ccs.obj (.intvecs)

.init_array 
*          0    20004000    00000000     UNINITIALIZED

.text      0    20004400    00009606     
                  20004400    00001148     main.obj (.text)
                  20005548    000010ba     rtsv7M4_T_le_v4SPD16_eabi.lib : _printfi.obj (.text)
                  20006602    00000002     driverlib.a : interrupt.obj (.text:IntDefaultHandler)
                  20006604    00000fc4     webclient.a : httpcli.obj (.text)
                  200075c8    000005f0     json.a : jsmn.obj (.text)
                  20007bb8    000005ec     simplelink.a : driver.obj (.text:_SlDrvMsgRead)
                  200081a4    000003dc     rtsv7M4_T_le_v4SPD16_eabi.lib : memory.obj (.text)
                  20008580    000002ea     webclient.a : ssock.obj (.text)
                  2000886a    00000002     --HOLE-- [fill = 0]
                  2000886c    00000280     uart_if.obj (.text)
                  20008aec    00000248     simplelink.a : driver.obj (.text:_SlDrvRxHdrRead)
                  20008d34    00000244                  : wlan.obj (.text:sl_WlanConnect)
                  20008f78    000001f4     rtsv7M4_T_le_v4SPD16_eabi.lib : ull_div_t2.obj (.text)
                  2000916c    000001d0     simplelink.a : driver.obj (.text:_SlDrvReleasePoolObj)
                  2000933c    000001cc                  : driver.obj (.text:_SlDrvMsgWrite)
                  20009508    000001b6     rtsv7M4_T_le_v4SPD16_eabi.lib : fd_add_t2.obj (.text)
                  200096be    00000002     --HOLE-- [fill = 0]
                  200096c0    00000190     simplelink.a : driver.obj (.text:_SlDrvWaitForPoolObj)
                  20009850    00000188                  : driver.obj (.text:_SlDrvDriverCBInit)
                  200099d8    00000170                  : driver.obj (.text:_SlFindAndSetActiveObj)
                  20009b48    00000144                  : cc_pal.obj (.text:spi_Open)
                  20009c8c    00000136     rtsv7M4_T_le_v4SPD16_eabi.lib : fd_div_t2.obj (.text)
                  20009dc2    00000002     --HOLE-- [fill = 0]
                  20009dc4    00000134     driverlib.a : prcm.obj (.text:PRCMCC3200MCUInit)
                  20009ef8    0000012c     simplelink.a : driver.obj (.text:_SlDrvDataReadOp)
                  2000a024    00000114     rtsv7M4_T_le_v4SPD16_eabi.lib : strtoul.obj (.text)
                  2000a138    00000110                                   : xdscale.obj (.text)
                  2000a248    00000108     simplelink.a : driver.obj (.text:_SlDrvDataWriteOp)
                  2000a350    00000108                  : socket.obj (.text:sl_Connect)
                  2000a458    00000108                  : socket.obj (.text:sl_Send)
                  2000a560    00000104                  : netapp.obj (.text:sl_NetAppDnsGetHostByName)
                  2000a664    00000100                  : driver.obj (.text:_SlDrvDriverCBDeinit)
                  2000a764    000000fe                  : netapp.obj (.text:_SlDrvNetAppEventHandler)
                  2000a862    000000fc     rtsv7M4_T_le_v4SPD16_eabi.lib : fd_mul_t2.obj (.text)
                  2000a95e    00000002     --HOLE-- [fill = 0]
                  2000a960    000000f0     simplelink.a : cc_pal.obj (.text:spi_Read)
                  2000aa50    000000f0     driverlib.a : udma.obj (.text:uDMAChannelTransferSet)
                  2000ab40    000000d8     simplelink.a : driver.obj (.text:_SlDrvClassifyRxMsg)
                  2000ac18    000000d4                  : device.obj (.text:sl_Stop)
                  2000acec    000000c8                  : netapp.obj (.text:_sl_HandleAsync_DnsGetHostByService)
                  2000adb4    000000c0                  : driver.obj (.text:_SlDrvMsgReadCmdCtx)
                  2000ae74    000000c0                  : driver.obj (.text:_SlRemoveFromList)
                  2000af34    000000be     rtsv7M4_T_le_v4SPD16_eabi.lib : xdnorm.obj (.text)
                  2000aff2    00000002     --HOLE-- [fill = 0]
                  2000aff4    000000bc     simplelink.a : device.obj (.text:sl_Start)
                  2000b0b0    000000b8                  : driver.obj (.text:_SlAsyncEventGenericHandler)
                  2000b168    000000b4                  : netapp.obj (.text:sl_NetAppMDNSRegisterUnregisterService)
                  2000b21c    000000a8     driverlib.a : interrupt.obj (.text:IntDisable)
                  2000b2c4    000000a8                 : interrupt.obj (.text:IntEnable)
                  2000b36c    000000a0                 : spi.obj (.text:SPIConfigSetExpClk)
                  2000b40c    0000009c     simplelink.a : driver.obj (.text:_SlDrvMsgReadSpawnCtx)
                  2000b4a8    0000009c     rtsv7M4_T_le_v4SPD16_eabi.lib : memcpy_t2.obj (.text)
                  2000b544    0000009c     simplelink.a : device.obj (.text:sl_DevGet)
                  2000b5e0    00000098                  : cc_pal.obj (.text:spi_Write)
                  2000b678    00000094     driverlib.a : prcm.obj (.text:PRCMPeripheralClockGet)
                  2000b70c    00000090     pinmux.obj (.text)
                  2000b79c    0000008c     simplelink.a : cc_pal.obj (.text:SetupDMAReceive)
                  2000b828    0000008c                  : cc_pal.obj (.text:SetupDMASend)
                  2000b8b4    0000008c                  : netapp.obj (.text:_sl_HandleAsync_DnsGetHostByName)
                  2000b940    0000008c                  : netapp.obj (.text:_sl_HandleAsync_PingResponse)
                  2000b9cc    00000088     driverlib.a : pin.obj (.text:PinConfigSet)
                  2000ba54    00000088     rtsv7M4_T_le_v4SPD16_eabi.lib : vsnprintf.obj (.text)
                  2000badc    00000086                                   : fd_cmp_t2.obj (.text:__aeabi_cdcmple)
                  2000bb62    00000086                                   : fd_cmp_t2.obj (.text:__aeabi_cdrcmple)
                  2000bbe8    00000084     simplelink.a : cc_pal.obj (.text:NwpPowerOnPreamble)
                  2000bc6c    00000080                  : driver.obj (.text:_SlDrvCmdOp)
                  2000bcec    00000080                  : cc_pal.obj (.text:spi_Read_CPU)
                  2000bd6c    00000080                  : cc_pal.obj (.text:spi_Write_CPU)
                  2000bdec    0000007c                  : device.obj (.text:_sl_HandleAsync_InitComplete)
                  2000be68    0000007a     rtsv7M4_T_le_v4SPD16_eabi.lib : memset_t2.obj (.text)
                  2000bee2    00000002     --HOLE-- [fill = 0]
                  2000bee4    00000078     simplelink.a : socket.obj (.text:_sl_HandleAsync_Connect)
                  2000bf5c    00000078                  : cc_pal.obj (.text:spi_Close)
                  2000bfd4    00000076     driverlib.a : uart.obj (.text:UARTConfigSetExpClk)
                  2000c04a    00000002     --HOLE-- [fill = 0]
                  2000c04c    00000074     simplelink.a : socket.obj (.text:sl_Recv)
                  2000c0c0    00000070                  : nonos.obj (.text:_SlNonOsMainLoopTask)
                  2000c130    0000006c                  : driver.obj (.text:_SlDrvCmdSend)
                  2000c19c    0000006c     rtsv7M4_T_le_v4SPD16_eabi.lib : autoinit.obj (.text)
                  2000c208    0000006a                                   : copy_decompress_rle.obj (.text)
                  2000c272    00000002     --HOLE-- [fill = 0]
                  2000c274    00000068     simplelink.a : netapp.obj (.text:_sl_NetAppSendTokenValue)
                  2000c2dc    00000068                  : netcfg.obj (.text:sl_NetCfgSet)
                  2000c344    00000068                  : socket.obj (.text:sl_SetSockOpt)
                  2000c3ac    00000068                  : wlan.obj (.text:sl_WlanSet)
                  2000c414    00000066     rtsv7M4_T_le_v4SPD16_eabi.lib : xdunscal.obj (.text)
                  2000c47a    00000002     --HOLE-- [fill = 0]
                  2000c47c    00000064     driverlib.a : udma.obj (.text:uDMAChannelAttributeDisable)
                  2000c4e0    00000064                 : udma.obj (.text:uDMAChannelAttributeEnable)
                  2000c544    00000060     simplelink.a : socket.obj (.text:_sl_HandleAsync_Accept)
                  2000c5a4    00000060     rtsv7M4_T_le_v4SPD16_eabi.lib : sprintf.obj (.text)
                  2000c604    00000060     simplelink.a : wlan.obj (.text:sl_WlanPolicySet)
                  2000c664    0000005c                  : nonos.obj (.text:_SlNonOsSemGet)
                  2000c6c0    0000005c                  : nonos.obj (.text:_SlNonOsSpawn)
                  2000c71c    0000005c                  : socket.obj (.text:sl_Socket)
                  2000c778    00000058     driverlib.a : interrupt.obj (.text:IntPendClear)
                  2000c7d0    00000058                 : prcm.obj (.text:PRCMPeripheralReset)
                  2000c828    00000056     rtsv7M4_T_le_v4SPD16_eabi.lib : ltoa.obj (.text)
                  2000c87e    00000002     --HOLE-- [fill = 0]
                  2000c880    00000054     driverlib.a : interrupt.obj (.text:IntPrioritySet)
                  2000c8d4    00000054     simplelink.a : socket.obj (.text:_sl_HandleAsync_Select)
                  2000c928    00000054                  : wlan.obj (.text:sl_WlanRxFilterSet)
                  2000c97c    00000052     rtsv7M4_T_le_v4SPD16_eabi.lib : ldexp.obj (.text)
                  2000c9ce    00000002     --HOLE-- [fill = 0]
                  2000c9d0    00000050     simplelink.a : device.obj (.text:_sl_HandleAsync_Stop)
                  2000ca20    00000050     rtsv7M4_T_le_v4SPD16_eabi.lib : boot.obj (.text)
                  2000ca70    0000004c     driverlib.a : spi.obj (.text:SPIIntEnable)
                  2000cabc    0000004c                 : spi.obj (.text:SPIIntNumberGet)
                  2000cb08    0000004c     simplelink.a : driver.obj (.text:_SlDrvProtectAsyncRespSetting)
                  2000cb54    0000004c                  : driver.obj (.text:_SlDrvRxIrqHandler)
                  2000cba0    0000004c                  : socket.obj (.text:_sl_BuildAddress)
                  2000cbec    0000004c     rtsv7M4_T_le_v4SPD16_eabi.lib : atoi.obj (.text)
                  2000cc38    0000004c                                   : cpy_tbl.obj (.text)
                  2000cc84    0000004c     driverlib.a : udma.obj (.text:uDMAChannelAssign)
                  2000ccd0    00000048                 : spi.obj (.text:SPIIntClear)
                  2000cd18    00000048     simplelink.a : driver.obj (.text:_SlDrvBasicCmd)
                  2000cd60    00000048     rtsv7M4_T_le_v4SPD16_eabi.lib : fd_toi_t2.obj (.text)
                  2000cda8    00000044     driverlib.a : spi.obj (.text:SPIDmaMaskGet)
                  2000cdec    00000044     simplelink.a : cc_pal.obj (.text:cc_SetupTransfer)
                  2000ce30    00000044     rtsv7M4_T_le_v4SPD16_eabi.lib : exit.obj (.text)
                  2000ce74    00000042     simplelink.a : socket.obj (.text:sl_Htonl)
                  2000ceb6    00000002     --HOLE-- [fill = 0]
                  2000ceb8    00000040     driverlib.a : pin.obj (.text:PinModeSet)
                  2000cef8    00000040     rtsv7M4_T_le_v4SPD16_eabi.lib : signal.obj (.text)
                  2000cf38    0000003e     simplelink.a : cc_pal.obj (.text:NwpRegisterInterruptHandler)
                  2000cf76    0000003c                  : netapp.obj (.text:CopyPingResultsToReport)
                  2000cfb2    00000002     --HOLE-- [fill = 0]
                  2000cfb4    0000003c     driverlib.a : prcm.obj (.text:PRCMPeripheralClkEnable)
                  2000cff0    0000003c     simplelink.a : socket.obj (.text:_sl_TruncatePayloadByProtocol)
                  2000d02c    0000003c                  : socket.obj (.text:sl_Htons)
                  2000d068    0000003c     driverlib.a : udma.obj (.text:uDMAChannelControlSet)
                  2000d0a4    00000038     simplelink.a : cc_pal.obj (.text:NwpPowerOff)
                  2000d0dc    00000036     driverlib.a : gpio.obj (.text:GPIODirModeSet)
                  2000d112    00000036     simplelink.a : netapp.obj (.text:sl_NetAppMDNSUnRegisterService)
                  2000d148    00000034     driverlib.a : prcm.obj (.text:PRCMPeripheralStatusGet)
                  2000d17c    00000034                 : spi.obj (.text:SPIFIFOLevelSet)
                  2000d1b0    00000034     rtsv7M4_T_le_v4SPD16_eabi.lib : feraiseexcept.obj (.text)
                  2000d1e4    00000030     driverlib.a : pin.obj (.text:PinTypeGPIO)
                  2000d214    00000030                 : uart.obj (.text:UARTDisable)
                  2000d244    00000030     simplelink.a : device.obj (.text:_SlDrvDeviceEventHandler)
                  2000d274    00000030     rtsv7M4_T_le_v4SPD16_eabi.lib : xdclass.obj (.text)
                  2000d2a4    00000030                                   : xferaise.obj (.text)
                  2000d2d4    00000030     simplelink.a : socket.obj (.text:sl_Close)
                  2000d304    00000030                  : wlan.obj (.text:sl_WlanProfileDel)
                  2000d334    00000030                  : wlan.obj (.text:sl_WlanSetMode)
                  2000d364    0000002e     rtsv7M4_T_le_v4SPD16_eabi.lib : i_tofd_t2.obj (.text)
                  2000d392    0000002e                                   : raise.obj (.text)
                  2000d3c0    0000002c     simplelink.a : cc_pal.obj (.text:NwpPowerOn)
                  2000d3ec    0000002c     driverlib.a : prcm.obj (.text:PRCMSysResetCauseGet)
                  2000d418    0000002a     rtsv7M4_T_le_v4SPD16_eabi.lib : frexp.obj (.text)
                  2000d442    00000002     --HOLE-- [fill = 0]
                  2000d444    00000028     driverlib.a : prcm.obj (.text:PRCMPeripheralClkDisable)
                  2000d46c    00000026     rtsv7M4_T_le_v4SPD16_eabi.lib : strncmp.obj (.text)
                  2000d492    00000002     --HOLE-- [fill = 0]
                  2000d494    00000024     simplelink.a : cc_pal.obj (.text:DmaSpiSwIntHandler)
                  2000d4b8    00000024     driverlib.a : interrupt.obj (.text:IntUnregister)
                  2000d4dc    00000024                 : uart.obj (.text:UARTEnable)
                  2000d500    00000024     simplelink.a : driver.obj (.text:_SlDrvProtectionObjLockWaitForever)
                  2000d524    00000024     rtsv7M4_T_le_v4SPD16_eabi.lib : memmov.obj (.text)
                  2000d548    00000022     driverlib.a : spi.obj (.text:SPIReset)
                  2000d56a    00000022                 : spi.obj (.text:SPIWordCountSet)
                  2000d58c    00000020                 : gpio.obj (.text:GPIOPinWrite)
                  2000d5ac    00000020                 : interrupt.obj (.text:IntRegister)
                  2000d5cc    00000020                 : spi.obj (.text:SPIDataGet)
                  2000d5ec    00000020     simplelink.a : driver.obj (.text:_SlDrvProtectionObjUnLock)
                  2000d60c    0000001e     driverlib.a : spi.obj (.text:SPIDataPut)
                  2000d62a    0000001e                 : uart.obj (.text:UARTCharPut)
                  2000d648    0000001e     simplelink.a : driver.obj (.text:_SlDrvObjLockWaitForever)
                  2000d666    0000001e                  : driver.obj (.text:_SlDrvSyncObjWaitForever)
                  2000d684    0000001e                  : cc_pal.obj (.text:cc_UDMAChannelSelect)
                  2000d6a2    0000001c     driverlib.a : uart.obj (.text:UARTCharGetNonBlocking)
                  2000d6be    0000001c     rtsv7M4_T_le_v4SPD16_eabi.lib : memccpy.obj (.text)
                  2000d6da    00000002     --HOLE-- [fill = 0]
                  2000d6dc    0000001c     driverlib.a : udma.obj (.text:uDMAChannelEnable)
                  2000d6f8    0000001a                 : pin.obj (.text:PinTypeSPI)
                  2000d712    0000001a                 : pin.obj (.text:PinTypeUART)
                  2000d72c    0000001a                 : spi.obj (.text:SPIDmaDisable)
                  2000d746    0000001a                 : spi.obj (.text:SPIDmaEnable)
                  2000d760    0000001a                 : spi.obj (.text:SPIFIFODisable)
                  2000d77a    0000001a                 : spi.obj (.text:SPIFIFOEnable)
                  2000d794    0000001a                 : spi.obj (.text:SPIIntUnregister)
                  2000d7ae    0000001a     simplelink.a : driver.obj (.text:_SlDrvObjUnLock)
                  2000d7c8    0000001a                  : driver.obj (.text:_SlDrvSyncObjSignal)
                  2000d7e2    00000018     driverlib.a : gpio.obj (.text:GPIOPinRead)
                  2000d7fa    00000018                 : spi.obj (.text:SPICSDisable)
                  2000d812    00000018                 : spi.obj (.text:SPICSEnable)
                  2000d82a    00000018                 : spi.obj (.text:SPIDisable)
                  2000d842    00000018                 : spi.obj (.text:SPIEnable)
                  2000d85a    00000018                 : uart.obj (.text:UARTCharsAvail)
                  2000d872    00000018     simplelink.a : nonos.obj (.text:_SlNonOsSemSet)
                  2000d88a    00000002     --HOLE-- [fill = 0]
                  2000d88c    00000018                  : device.obj (.text:_sl_GetStartResponseConvert)
                  2000d8a4    00000018     rtsv7M4_T_le_v4SPD16_eabi.lib : args_main.obj (.text)
                  2000d8bc    00000018                                   : strcmp.obj (.text)
                  2000d8d4    00000016     driverlib.a : prcm.obj (.text:PRCMHIBRegRead)
                  2000d8ea    00000016                 : prcm.obj (.text:PRCMHIBRegWrite)
                  2000d900    00000016     simplelink.a : driver.obj (.text:_SlDrvMemZero)
                  2000d916    00000016     rtsv7M4_T_le_v4SPD16_eabi.lib : strchr.obj (.text)
                  2000d92c    00000014     driverlib.a : cpu.obj (.text:CPUcpsie)
                  2000d940    00000014                 : interrupt.obj (.text:IntVTableBaseSet)
                  2000d954    00000014     rtsv7M4_T_le_v4SPD16_eabi.lib : _lock.obj (.text)
                  2000d968    00000014                                   : strcpy.obj (.text)
                  2000d97c    00000014                                   : strlen.obj (.text)
                  2000d990    0000000e     simplelink.a : driver.obj (.text:_SlDrvResetCmdExt)
                  2000d99e    0000000e     rtsv7M4_T_le_v4SPD16_eabi.lib : copy_decompress_none.obj (.text:decompress:none)
                  2000d9ac    0000000e     startup_ccs.obj (.text)
                  2000d9ba    00000002     --HOLE-- [fill = 0]
                  2000d9bc    0000000c     simplelink.a : cc_pal.obj (.text:NwpMaskInterrupt)
                  2000d9c8    0000000c                  : cc_pal.obj (.text:NwpUnMaskInterrupt)
                  2000d9d4    0000000c     rtsv7M4_T_le_v4SPD16_eabi.lib : copy_zero_init.obj (.text:decompress:ZI)
                  2000d9e0    0000000c     simplelink.a : wlan.obj (.text:sl_WlanDisconnect)
                  2000d9ec    0000000a     driverlib.a : interrupt.obj (.text:IntMasterEnable)
                  2000d9f6    00000006                 : utils.obj (.text:UtilsDelay)
                  2000d9fc    00000006     rtsv7M4_T_le_v4SPD16_eabi.lib : copy_decompress_rle.obj (.text:decompress:rle24)
                  2000da02    00000004                                   : pre_init.obj (.text)

.const     0    2000da08    00000734     
                  2000da08    00000101     rtsv7M4_T_le_v4SPD16_eabi.lib : ctype.obj (.const:.string:_ctypes_)
                  2000db09    00000003     --HOLE-- [fill = 0]
                  2000db0c    00000100     driverlib.a : pin.obj (.const:g_ulPinToPadMap)
                  2000dc0c    000000d4                 : interrupt.obj (.const:g_pulRegs)
                  2000dce0    000000b0     simplelink.a : wlan.obj (.const:$P$T0$1)
                  2000dd90    000000a8     driverlib.a : prcm.obj (.const:PRCM_PeriphRegsList)
                  2000de38    00000080                 : interrupt.obj (.const)
                  2000deb8    00000040     main.obj (.const)
                  2000def8    0000003c     simplelink.a : driver.obj (.const:OpcodeTranslateTable)
                  2000df34    0000003c                  : wlan.obj (.const)
                  2000df70    00000038                  : driver.obj (.const:_SlActionLookupTable)
                  2000dfa8    00000034                  : driver.obj (.const)
                  2000dfdc    00000034                  : socket.obj (.const)
                  2000e010    0000002c     main.obj (.const:$P$T1$2)
                  2000e03c    0000002c     main.obj (.const:.string)
                  2000e068    00000028     simplelink.a : netapp.obj (.const)
                  2000e090    00000024     driverlib.a : spi.obj (.const:g_ppulSPIIntMap)
                  2000e0b4    00000022     main.obj (.const:.string:$P$T0$1)
                  2000e0d6    00000002     --HOLE-- [fill = 0]
                  2000e0d8    00000018     driverlib.a : spi.obj (.const)
                  2000e0f0    00000014     simplelink.a : device.obj (.const)
                  2000e104    00000010                  : socket.obj (.const:.string)
                  2000e114    00000010     webclient.a : httpcli.obj (.const)
                  2000e124    00000008     simplelink.a : device.obj (.const:.string)
                  2000e12c    00000008     webclient.a : httpcli.obj (.const:.string)
                  2000e134    00000008     simplelink.a : netcfg.obj (.const)

.cinit     0    2000e140    00000078     
                  2000e140    0000004e     (.cinit..data.load) [load image, compression = rle]
                  2000e18e    00000002     --HOLE-- [fill = 0]
                  2000e190    0000000c     (__TI_handler_table)
                  2000e19c    00000004     --HOLE-- [fill = 0]
                  2000e1a0    00000008     (.cinit..bss.load) [load image, compression = zero_init]
                  2000e1a8    00000010     (__TI_cinit_table)

.bss       0    20022000    0000c56a     UNINITIALIZED
                  20022000    00007530     main.obj (.bss:postDataBuf)
                  20029530    00004e20     main.obj (.bss:data)
                  2002e350    00000168     simplelink.a : driver.obj (.bss:g_StatMem)
                  2002e4b8    00000050                  : cc_pal.obj (.bss:g_ucDinDout)
                  2002e508    00000028                  : nonos.obj (.bss:g__SlNonOsCB)
                  2002e530    00000024     main.obj (.bss:g_ucConnectionSSID)
                  2002e554    00000008     (.common:g_ucConnectionBSSID)
                  2002e55c    00000004     (.common:__Errorlog)
                  2002e560    00000004     (.common:g_ulDestinationIP)
                  2002e564    00000004     (.common:ulDummy)
                  2002e568    00000001     (.common:RxIrqCnt)
                  2002e569    00000001     (.common:g_cDummy)

.TI.noinit 
*          0    20022000    00000000     UNINITIALIZED

.sysmem    0    2002e570    00000800     UNINITIALIZED
                  2002e570    00000008     rtsv7M4_T_le_v4SPD16_eabi.lib : memory.obj (.sysmem)
                  2002e578    000007f8     --HOLE--

.data      0    2002ed70    000001dc     UNINITIALIZED
                  2002ed70    000000b0     rtsv7M4_T_le_v4SPD16_eabi.lib : signal.obj (.data:sigtable)
                  2002ee20    00000080                                   : xvalues.obj (.data)
                  2002eea0    00000048     webclient.a : httpcli.obj (.data:tlsParams)
                  2002eee8    00000010     main.obj (.data)
                  2002eef8    00000010     webclient.a : httpcli.obj (.data)
                  2002ef08    0000000c     rtsv7M4_T_le_v4SPD16_eabi.lib : memory.obj (.data)
                  2002ef14    00000009     simplelink.a : cc_pal.obj (.data)
                  2002ef1d    00000003     --HOLE--
                  2002ef20    00000009                  : driver.obj (.data)
                  2002ef29    00000003     --HOLE--
                  2002ef2c    00000008     rtsv7M4_T_le_v4SPD16_eabi.lib : _lock.obj (.data)
                  2002ef34    00000008                                   : exit.obj (.data)
                  2002ef3c    00000008                                   : feraiseexcept.obj (.data)
                  2002ef44    00000004                                   : errno.obj (.data)
                  2002ef48    00000004                                   : stkdepth_vars.obj (.data)

.TI.persistent 
*          0    2002ed70    00000000     UNINITIALIZED

.stack     0    2003d800    00000800     UNINITIALIZED
                  2003d800    00000800     --HOLE--


LINKER GENERATED COPY TABLES

__TI_cinit_table @ 2000e1a8 records: 2, size/record: 8, table size: 16
	.data: load addr=2000e140, load size=0000004e bytes, run addr=2002ed70, run size=000001dc bytes, compression=rle
	.bss: load addr=2000e1a0, load size=00000008 bytes, run addr=20022000, run size=0000c56a bytes, compression=zero_init


LINKER GENERATED HANDLER TABLE

__TI_handler_table @ 2000e190 records: 3, size/record: 4, table size: 12
	index: 0, handler: __TI_decompress_rle24
	index: 1, handler: __TI_decompress_none
	index: 2, handler: __TI_zero_init


GLOBAL SYMBOLS: SORTED ALPHABETICALLY BY Name 

address   name                                  
-------   ----                                  
2000ce31  C$$EXIT                               
2000d92d  CPUcpsie                              
200088ad  ClearTerm                             
2000cf77  CopyPingResultsToReport               
2000d495  DmaSpiSwIntHandler                    
200088b7  Error                                 
2000d0dd  GPIODirModeSet                        
2000d7e3  GPIOPinRead                           
2000d58d  GPIOPinWrite                          
200088ef  GetCmd                                
20006f2f  HTTPCli_connect                       
20007051  HTTPCli_construct                     
20007099  HTTPCli_create                        
200070b1  HTTPCli_delete                        
200070e7  HTTPCli_destruct                      
2000712f  HTTPCli_disconnect                    
20007365  HTTPCli_getResponseField              
2000732f  HTTPCli_getResponseStatus             
20006e21  HTTPCli_initSockAddr                  
20007575  HTTPCli_readRawResponseBody           
200074e9  HTTPCli_readResponseBody              
2000729f  HTTPCli_sendField                     
200071d1  HTTPCli_sendRequest                   
200072f7  HTTPCli_sendRequestBody               
200075b5  HTTPCli_setProxy                      
20007165  HTTPCli_setRequestFields              
2000718b  HTTPCli_setResponseFields             
200071b1  HTTPCli_setSecureParams               
2000886d  InitTerm                              
2000b21d  IntDisable                            
2000b2c5  IntEnable                             
2000d9ed  IntMasterEnable                       
2000c779  IntPendClear                          
2000c881  IntPrioritySet                        
2000d5ad  IntRegister                           
2000d4b9  IntUnregister                         
2000d941  IntVTableBaseSet                      
2000888b  Message                               
2000d9bd  NwpMaskInterrupt                      
2000d0a5  NwpPowerOff                           
2000d3c1  NwpPowerOn                            
2000bbe9  NwpPowerOnPreamble                    
2000cf39  NwpRegisterInterruptHandler           
2000d9c9  NwpUnMaskInterrupt                    
2000def8  OpcodeTranslateTable                  
20009dc5  PRCMCC3200MCUInit                     
2000d8d5  PRCMHIBRegRead                        
2000d8eb  PRCMHIBRegWrite                       
2000d445  PRCMPeripheralClkDisable              
2000cfb5  PRCMPeripheralClkEnable               
2000b679  PRCMPeripheralClockGet                
2000c7d1  PRCMPeripheralReset                   
2000d149  PRCMPeripheralStatusGet               
2000d3ed  PRCMSysResetCauseGet                  
20004cdd  ParseJSONData                         
2000b9cd  PinConfigSet                          
2000ceb9  PinModeSet                            
2000b70d  PinMuxConfig                          
2000d1e5  PinTypeGPIO                           
2000d6f9  PinTypeSPI                            
2000d713  PinTypeUART                           
20008a2d  Report                                
2000d9ad  ResetISR                              
2002e568  RxIrqCnt                              
2000dfb8  RxMsgClassLUT                         
UNDEFED   SHT$$INIT_ARRAY$$Base                 
UNDEFED   SHT$$INIT_ARRAY$$Limit                
2000d7fb  SPICSDisable                          
2000d813  SPICSEnable                           
2000b36d  SPIConfigSetExpClk                    
2000d5cd  SPIDataGet                            
2000d60d  SPIDataPut                            
2000d82b  SPIDisable                            
2000d72d  SPIDmaDisable                         
2000d747  SPIDmaEnable                          
2000d843  SPIEnable                             
2000d761  SPIFIFODisable                        
2000d77b  SPIFIFOEnable                         
2000d17d  SPIFIFOLevelSet                       
2000ccd1  SPIIntClear                           
2000ca71  SPIIntEnable                          
2000d795  SPIIntUnregister                      
2000d549  SPIReset                              
2000d56b  SPIWordCountSet                       
200045c9  SimpleLinkGeneralEventHandler         
200045a1  SimpleLinkHttpServerCallback          
20004509  SimpleLinkNetAppEventHandler          
200045df  SimpleLinkSockEventHandler            
20004401  SimpleLinkWlanEventHandler            
20008599  Ssock_construct                       
200085d9  Ssock_create                          
200085f3  Ssock_delete                          
2000861b  Ssock_destruct                        
2000866d  Ssock_getSocket                       
2000867b  Ssock_recv                            
200086d5  Ssock_recvall                         
20008719  Ssock_send                            
20008833  Ssock_startSecure                     
2000e124  StartResponseLUT                      
20008995  TrimSpace                             
2000d6a3  UARTCharGetNonBlocking                
2000d62b  UARTCharPut                           
2000d85b  UARTCharsAvail                        
2000bfd5  UARTConfigSetExpClk                   
2000d215  UARTDisable                           
2000d4dd  UARTEnable                            
2000d9f7  UtilsDelay                            
2000d275  _Dclass                               
2002ee20  _Denorm                               
2000af35  _Dnorm                                
2000a139  _Dscale                               
2000c415  _Dunscale                             
2002ee30  _Eps                                  
2002ef44  _Errno                                
2002ef3c  _Fenv                                 
2000d2a5  _Feraise                              
2002ee40  _Hugeval                              
2002ee50  _Inf                                  
2002ee60  _Nan                                  
2002ee80  _Rteps                                
2000dff0  _SlAcceptCmdCtrl                      
2000df70  _SlActionLookupTable                  
2000b0b1  _SlAsyncEventGenericHandler           
2000e0fc  _SlDeviceGetCmdCtrl                   
2000e100  _SlDeviceSetCmdCtrl                   
2000cd19  _SlDrvBasicCmd                        
2000ab41  _SlDrvClassifyRxMsg                   
2000bc6d  _SlDrvCmdOp                           
2000c131  _SlDrvCmdSend                         
20009ef9  _SlDrvDataReadOp                      
2000a249  _SlDrvDataWriteOp                     
2000d245  _SlDrvDeviceEventHandler              
2000a665  _SlDrvDriverCBDeinit                  
20009851  _SlDrvDriverCBInit                    
2000d901  _SlDrvMemZero                         
20007bb9  _SlDrvMsgRead                         
2000adb5  _SlDrvMsgReadCmdCtx                   
2000b40d  _SlDrvMsgReadSpawnCtx                 
2000933d  _SlDrvMsgWrite                        
2000a765  _SlDrvNetAppEventHandler              
2000d649  _SlDrvObjLockWaitForever              
2000d7af  _SlDrvObjUnLock                       
2000cb09  _SlDrvProtectAsyncRespSetting         
2000d501  _SlDrvProtectionObjLockWaitForever    
2000d5ed  _SlDrvProtectionObjUnLock             
2000916d  _SlDrvReleasePoolObj                  
2000d991  _SlDrvResetCmdExt                     
20008aed  _SlDrvRxHdrRead                       
2000cb55  _SlDrvRxIrqHandler                    
2000d7c9  _SlDrvSyncObjSignal                   
2000d667  _SlDrvSyncObjWaitForever              
200096c1  _SlDrvWaitForPoolObj                  
2000e0f8  _SlEventMaskGetCmdCtrl                
2000e0f4  _SlEventMaskSetCmdCtrl                
200099d9  _SlFindAndSetActiveObj                
2000e07c  _SlGetHostByNameCtrl                  
2000e078  _SlGetHostByServiceCtrl               
2000e070  _SlGetServiceListeCtrl                
2000dffc  _SlGetSockOptCmdCtrl                  
2000dfec  _SlListenCmdCtrl                      
2000e088  _SlNetAppGetCmdCtrl                   
2000e084  _SlNetAppSendTokenValueCmdCtrl        
2000e080  _SlNetAppSetCmdCtrl                   
2000e068  _SlNetAppStartCtrl                    
2000e06c  _SlNetAppStopCtrl                     
2000e138  _SlNetCfgGetCmdCtrl                   
2000e134  _SlNetCfgSetCmdCtrl                   
2000c0c1  _SlNonOsMainLoopTask                  
2000c665  _SlNonOsSemGet                        
2000d873  _SlNonOsSemSet                        
2000c6c1  _SlNonOsSpawn                         
2000e104  _SlPayloadByProtocolLUT               
2000df38  _SlPolicyGetCmdCtrl                   
2000df34  _SlPolicySetCmdCtrl                   
2000df40  _SlProfileDelCmdCtrl                  
2000df3c  _SlProfileGetCmdCtrl                  
2000dff4  _SlRecvCmdCtrl                        
2000dfe4  _SlRecvfomCmdCtrl                     
2000e074  _SlRegisterServiceCtrl                
2000ae75  _SlRemoveFromList                     
2000df48  _SlRxFilterAddtCmdCtrl                
2000df50  _SlRxFilterGetCmdCtrl                 
2000df4c  _SlRxFilterSetCmdCtrl                 
2000e000  _SlSelectCmdCtrl                      
2000dfe8  _SlSendCmdCtrl                        
2000dff8  _SlSetSockOptCmdCtrl                  
2000df54  _SlSmartConfigStartCmdCtrl            
2000dfe0  _SlSockCloseCmdCtrl                   
2000dfdc  _SlSockSocketCmdCtrl                  
2000e0f0  _SlStopCmdCtrl                        
2000df60  _SlWlanCfgGetCmdCtrl                  
2000df5c  _SlWlanCfgSetCmdCtrl                  
2000df44  _SlWlanGetNetworkListCtrl             
2000df58  _SlWlanSetModeCmdCtrl                 
2002ee70  _Snan                                 
2002ef40  _Tls_setup__Fenv                      
2002ee90  _Xbig                                 
2002ee98  _Zero                                 
2003e000  __STACK_END                           
00000800  __STACK_SIZE                          
00000800  __SYSMEM_SIZE                         
2000e1a8  __TI_CINIT_Base                       
2000e1b8  __TI_CINIT_Limit                      
2000e190  __TI_Handler_Table_Base               
2000e19c  __TI_Handler_Table_Limit              
2000c19d  __TI_auto_init                        
2002ef34  __TI_cleanup_ptr                      
2000d99f  __TI_decompress_none                  
2000d9fd  __TI_decompress_rle24                 
2002ef38  __TI_dtors_ptr                        
200062fd  __TI_printfi                          
2000e140  __TI_static_base__                    
2000d9d5  __TI_zero_init                        
2000badd  __aeabi_cdcmpeq                       
2000badd  __aeabi_cdcmple                       
2000bb63  __aeabi_cdrcmple                      
2000cd61  __aeabi_d2iz                          
20009513  __aeabi_dadd                          
20009c8d  __aeabi_ddiv                          
2000a863  __aeabi_dmul                          
20009509  __aeabi_dsub                          
2000d365  __aeabi_i2d                           
2000be69  __aeabi_memclr                        
2000be69  __aeabi_memclr4                       
2000be69  __aeabi_memclr8                       
2000b4a9  __aeabi_memcpy                        
2000b4a9  __aeabi_memcpy4                       
2000b4a9  __aeabi_memcpy8                       
2000be6b  __aeabi_memset                        
2000be6b  __aeabi_memset4                       
2000be6b  __aeabi_memset8                       
20008f79  __aeabi_uldivmod                      
ffffffff  __binit__                             
ffffffff  __c_args__                            
2003d800  __stack                               
2000d8a5  _args_main                            
2000ca21  _c_int00                              
2000da08  _ctypes_                              
2002ef2c  _lock                                 
2000d963  _nop                                  
2000d95b  _register_lock                        
2000d955  _register_unlock                      
2000cba1  _sl_BuildAddress                      
2000d88d  _sl_GetStartResponseConvert           
2000c545  _sl_HandleAsync_Accept                
2000bee5  _sl_HandleAsync_Connect               
2000b8b5  _sl_HandleAsync_DnsGetHostByName      
2000aced  _sl_HandleAsync_DnsGetHostByService   
2000bded  _sl_HandleAsync_InitComplete          
2000b941  _sl_HandleAsync_PingResponse          
2000c8d5  _sl_HandleAsync_Select                
2000c9d1  _sl_HandleAsync_Stop                  
2000c275  _sl_NetAppSendTokenValue              
2000cff1  _sl_TruncatePayloadByProtocol         
2002e570  _sys_memory                           
2000da03  _system_pre_init                      
2002ef30  _unlock                               
2000ce35  abort                                 
2000cbed  atoi                                  
ffffffff  binit                                 
2000664b  bufferedRecv                          
2002eef4  bytesReceived                         
2000854d  calloc                                
2000cc39  copy_in                               
20029530  data                                  
2000ce3d  exit                                  
2000d1b1  feraiseexcept                         
2000829b  free                                  
2000d419  frexp                                 
2002ef28  gFirstCmdMode                         
2000dfb0  g_H2NCnysPattern                      
2000dfa8  g_H2NSyncPattern                      
2002ef14  g_SpiFd                               
2002e350  g_StatMem                             
2002e508  g__SlNonOsCB                          
2002e569  g_cDummy                              
2002ef20  g_pCB                                 
2002ef18  g_pHostIntHdl                         
20004000  g_pfnVectors                          
2002e554  g_ucConnectionBSSID                   
2002e530  g_ucConnectionSSID                    
2002ef1c  g_ucDMAEnabled                        
2002e4b8  g_ucDinDout                           
2002e560  g_ulDestinationIP                     
2002eef0  g_ulGatewayIP                         
2002eeec  g_ulStatus                            
20007b9b  jsmn_init                             
20007889  jsmn_parse                            
2000c97d  ldexp                                 
2000c829  ltoa                                  
200053a5  main                                  
2002ef48  main_func_sp                          
20008233  malloc                                
20008469  memalign                              
2000d6bf  memccpy                               
2000b4a9  memcpy                                
2000d525  memmove                               
2000be71  memset                                
200081a5  minit                                 
2002ef24  pPingCallBackFunc                     
200052d9  pollForSampleFromADC                  
20022000  postDataBuf                           
2000d393  raise                                 
2000835d  realloc                               
2000cef9  signal                                
2000d2d5  sl_Close                              
2000a351  sl_Connect                            
2000b545  sl_DevGet                             
2000ce75  sl_Htonl                              
2000d02d  sl_Htons                              
2000a561  sl_NetAppDnsGetHostByName             
2000b169  sl_NetAppMDNSRegisterUnregisterService
2000d113  sl_NetAppMDNSUnRegisterService        
2000c2dd  sl_NetCfgSet                          
2000c04d  sl_Recv                               
2000a459  sl_Send                               
2000c345  sl_SetSockOpt                         
2000c71d  sl_Socket                             
2000aff5  sl_Start                              
2000ac19  sl_Stop                               
20008d35  sl_WlanConnect                        
2000d9e1  sl_WlanDisconnect                     
2000c605  sl_WlanPolicySet                      
2000d305  sl_WlanProfileDel                     
2000c929  sl_WlanRxFilterSet                    
2000c3ad  sl_WlanSet                            
2000d335  sl_WlanSetMode                        
2000bf5d  spi_Close                             
20009b49  spi_Open                              
2000a961  spi_Read                              
2000b5e1  spi_Write                             
2000c5a5  sprintf                               
2000d917  strchr                                
2000d8bd  strcmp                                
2000d969  strcpy                                
2000d97d  strlen                                
2000d46d  strncmp                               
2000a025  strtoul                               
2000cc85  uDMAChannelAssign                     
2000c47d  uDMAChannelAttributeDisable           
2000c4e1  uDMAChannelAttributeEnable            
2000d069  uDMAChannelControlSet                 
2000d6dd  uDMAChannelEnable                     
2000aa51  uDMAChannelTransferSet                
2002e564  ulDummy                               
2002eee8  ulUserData                            
2000ba55  vsnprintf                             


GLOBAL SYMBOLS: SORTED BY Symbol Address 

address   name                                  
-------   ----                                  
00000800  __STACK_SIZE                          
00000800  __SYSMEM_SIZE                         
20004000  g_pfnVectors                          
20004401  SimpleLinkWlanEventHandler            
20004509  SimpleLinkNetAppEventHandler          
200045a1  SimpleLinkHttpServerCallback          
200045c9  SimpleLinkGeneralEventHandler         
200045df  SimpleLinkSockEventHandler            
20004cdd  ParseJSONData                         
200052d9  pollForSampleFromADC                  
200053a5  main                                  
200062fd  __TI_printfi                          
2000664b  bufferedRecv                          
20006e21  HTTPCli_initSockAddr                  
20006f2f  HTTPCli_connect                       
20007051  HTTPCli_construct                     
20007099  HTTPCli_create                        
200070b1  HTTPCli_delete                        
200070e7  HTTPCli_destruct                      
2000712f  HTTPCli_disconnect                    
20007165  HTTPCli_setRequestFields              
2000718b  HTTPCli_setResponseFields             
200071b1  HTTPCli_setSecureParams               
200071d1  HTTPCli_sendRequest                   
2000729f  HTTPCli_sendField                     
200072f7  HTTPCli_sendRequestBody               
2000732f  HTTPCli_getResponseStatus             
20007365  HTTPCli_getResponseField              
200074e9  HTTPCli_readResponseBody              
20007575  HTTPCli_readRawResponseBody           
200075b5  HTTPCli_setProxy                      
20007889  jsmn_parse                            
20007b9b  jsmn_init                             
20007bb9  _SlDrvMsgRead                         
200081a5  minit                                 
20008233  malloc                                
2000829b  free                                  
2000835d  realloc                               
20008469  memalign                              
2000854d  calloc                                
20008599  Ssock_construct                       
200085d9  Ssock_create                          
200085f3  Ssock_delete                          
2000861b  Ssock_destruct                        
2000866d  Ssock_getSocket                       
2000867b  Ssock_recv                            
200086d5  Ssock_recvall                         
20008719  Ssock_send                            
20008833  Ssock_startSecure                     
2000886d  InitTerm                              
2000888b  Message                               
200088ad  ClearTerm                             
200088b7  Error                                 
200088ef  GetCmd                                
20008995  TrimSpace                             
20008a2d  Report                                
20008aed  _SlDrvRxHdrRead                       
20008d35  sl_WlanConnect                        
20008f79  __aeabi_uldivmod                      
2000916d  _SlDrvReleasePoolObj                  
2000933d  _SlDrvMsgWrite                        
20009509  __aeabi_dsub                          
20009513  __aeabi_dadd                          
200096c1  _SlDrvWaitForPoolObj                  
20009851  _SlDrvDriverCBInit                    
200099d9  _SlFindAndSetActiveObj                
20009b49  spi_Open                              
20009c8d  __aeabi_ddiv                          
20009dc5  PRCMCC3200MCUInit                     
20009ef9  _SlDrvDataReadOp                      
2000a025  strtoul                               
2000a139  _Dscale                               
2000a249  _SlDrvDataWriteOp                     
2000a351  sl_Connect                            
2000a459  sl_Send                               
2000a561  sl_NetAppDnsGetHostByName             
2000a665  _SlDrvDriverCBDeinit                  
2000a765  _SlDrvNetAppEventHandler              
2000a863  __aeabi_dmul                          
2000a961  spi_Read                              
2000aa51  uDMAChannelTransferSet                
2000ab41  _SlDrvClassifyRxMsg                   
2000ac19  sl_Stop                               
2000aced  _sl_HandleAsync_DnsGetHostByService   
2000adb5  _SlDrvMsgReadCmdCtx                   
2000ae75  _SlRemoveFromList                     
2000af35  _Dnorm                                
2000aff5  sl_Start                              
2000b0b1  _SlAsyncEventGenericHandler           
2000b169  sl_NetAppMDNSRegisterUnregisterService
2000b21d  IntDisable                            
2000b2c5  IntEnable                             
2000b36d  SPIConfigSetExpClk                    
2000b40d  _SlDrvMsgReadSpawnCtx                 
2000b4a9  __aeabi_memcpy                        
2000b4a9  __aeabi_memcpy4                       
2000b4a9  __aeabi_memcpy8                       
2000b4a9  memcpy                                
2000b545  sl_DevGet                             
2000b5e1  spi_Write                             
2000b679  PRCMPeripheralClockGet                
2000b70d  PinMuxConfig                          
2000b8b5  _sl_HandleAsync_DnsGetHostByName      
2000b941  _sl_HandleAsync_PingResponse          
2000b9cd  PinConfigSet                          
2000ba55  vsnprintf                             
2000badd  __aeabi_cdcmpeq                       
2000badd  __aeabi_cdcmple                       
2000bb63  __aeabi_cdrcmple                      
2000bbe9  NwpPowerOnPreamble                    
2000bc6d  _SlDrvCmdOp                           
2000bded  _sl_HandleAsync_InitComplete          
2000be69  __aeabi_memclr                        
2000be69  __aeabi_memclr4                       
2000be69  __aeabi_memclr8                       
2000be6b  __aeabi_memset                        
2000be6b  __aeabi_memset4                       
2000be6b  __aeabi_memset8                       
2000be71  memset                                
2000bee5  _sl_HandleAsync_Connect               
2000bf5d  spi_Close                             
2000bfd5  UARTConfigSetExpClk                   
2000c04d  sl_Recv                               
2000c0c1  _SlNonOsMainLoopTask                  
2000c131  _SlDrvCmdSend                         
2000c19d  __TI_auto_init                        
2000c275  _sl_NetAppSendTokenValue              
2000c2dd  sl_NetCfgSet                          
2000c345  sl_SetSockOpt                         
2000c3ad  sl_WlanSet                            
2000c415  _Dunscale                             
2000c47d  uDMAChannelAttributeDisable           
2000c4e1  uDMAChannelAttributeEnable            
2000c545  _sl_HandleAsync_Accept                
2000c5a5  sprintf                               
2000c605  sl_WlanPolicySet                      
2000c665  _SlNonOsSemGet                        
2000c6c1  _SlNonOsSpawn                         
2000c71d  sl_Socket                             
2000c779  IntPendClear                          
2000c7d1  PRCMPeripheralReset                   
2000c829  ltoa                                  
2000c881  IntPrioritySet                        
2000c8d5  _sl_HandleAsync_Select                
2000c929  sl_WlanRxFilterSet                    
2000c97d  ldexp                                 
2000c9d1  _sl_HandleAsync_Stop                  
2000ca21  _c_int00                              
2000ca71  SPIIntEnable                          
2000cb09  _SlDrvProtectAsyncRespSetting         
2000cb55  _SlDrvRxIrqHandler                    
2000cba1  _sl_BuildAddress                      
2000cbed  atoi                                  
2000cc39  copy_in                               
2000cc85  uDMAChannelAssign                     
2000ccd1  SPIIntClear                           
2000cd19  _SlDrvBasicCmd                        
2000cd61  __aeabi_d2iz                          
2000ce31  C$$EXIT                               
2000ce35  abort                                 
2000ce3d  exit                                  
2000ce75  sl_Htonl                              
2000ceb9  PinModeSet                            
2000cef9  signal                                
2000cf39  NwpRegisterInterruptHandler           
2000cf77  CopyPingResultsToReport               
2000cfb5  PRCMPeripheralClkEnable               
2000cff1  _sl_TruncatePayloadByProtocol         
2000d02d  sl_Htons                              
2000d069  uDMAChannelControlSet                 
2000d0a5  NwpPowerOff                           
2000d0dd  GPIODirModeSet                        
2000d113  sl_NetAppMDNSUnRegisterService        
2000d149  PRCMPeripheralStatusGet               
2000d17d  SPIFIFOLevelSet                       
2000d1b1  feraiseexcept                         
2000d1e5  PinTypeGPIO                           
2000d215  UARTDisable                           
2000d245  _SlDrvDeviceEventHandler              
2000d275  _Dclass                               
2000d2a5  _Feraise                              
2000d2d5  sl_Close                              
2000d305  sl_WlanProfileDel                     
2000d335  sl_WlanSetMode                        
2000d365  __aeabi_i2d                           
2000d393  raise                                 
2000d3c1  NwpPowerOn                            
2000d3ed  PRCMSysResetCauseGet                  
2000d419  frexp                                 
2000d445  PRCMPeripheralClkDisable              
2000d46d  strncmp                               
2000d495  DmaSpiSwIntHandler                    
2000d4b9  IntUnregister                         
2000d4dd  UARTEnable                            
2000d501  _SlDrvProtectionObjLockWaitForever    
2000d525  memmove                               
2000d549  SPIReset                              
2000d56b  SPIWordCountSet                       
2000d58d  GPIOPinWrite                          
2000d5ad  IntRegister                           
2000d5cd  SPIDataGet                            
2000d5ed  _SlDrvProtectionObjUnLock             
2000d60d  SPIDataPut                            
2000d62b  UARTCharPut                           
2000d649  _SlDrvObjLockWaitForever              
2000d667  _SlDrvSyncObjWaitForever              
2000d6a3  UARTCharGetNonBlocking                
2000d6bf  memccpy                               
2000d6dd  uDMAChannelEnable                     
2000d6f9  PinTypeSPI                            
2000d713  PinTypeUART                           
2000d72d  SPIDmaDisable                         
2000d747  SPIDmaEnable                          
2000d761  SPIFIFODisable                        
2000d77b  SPIFIFOEnable                         
2000d795  SPIIntUnregister                      
2000d7af  _SlDrvObjUnLock                       
2000d7c9  _SlDrvSyncObjSignal                   
2000d7e3  GPIOPinRead                           
2000d7fb  SPICSDisable                          
2000d813  SPICSEnable                           
2000d82b  SPIDisable                            
2000d843  SPIEnable                             
2000d85b  UARTCharsAvail                        
2000d873  _SlNonOsSemSet                        
2000d88d  _sl_GetStartResponseConvert           
2000d8a5  _args_main                            
2000d8bd  strcmp                                
2000d8d5  PRCMHIBRegRead                        
2000d8eb  PRCMHIBRegWrite                       
2000d901  _SlDrvMemZero                         
2000d917  strchr                                
2000d92d  CPUcpsie                              
2000d941  IntVTableBaseSet                      
2000d955  _register_unlock                      
2000d95b  _register_lock                        
2000d963  _nop                                  
2000d969  strcpy                                
2000d97d  strlen                                
2000d991  _SlDrvResetCmdExt                     
2000d99f  __TI_decompress_none                  
2000d9ad  ResetISR                              
2000d9bd  NwpMaskInterrupt                      
2000d9c9  NwpUnMaskInterrupt                    
2000d9d5  __TI_zero_init                        
2000d9e1  sl_WlanDisconnect                     
2000d9ed  IntMasterEnable                       
2000d9f7  UtilsDelay                            
2000d9fd  __TI_decompress_rle24                 
2000da03  _system_pre_init                      
2000da08  _ctypes_                              
2000def8  OpcodeTranslateTable                  
2000df34  _SlPolicySetCmdCtrl                   
2000df38  _SlPolicyGetCmdCtrl                   
2000df3c  _SlProfileGetCmdCtrl                  
2000df40  _SlProfileDelCmdCtrl                  
2000df44  _SlWlanGetNetworkListCtrl             
2000df48  _SlRxFilterAddtCmdCtrl                
2000df4c  _SlRxFilterSetCmdCtrl                 
2000df50  _SlRxFilterGetCmdCtrl                 
2000df54  _SlSmartConfigStartCmdCtrl            
2000df58  _SlWlanSetModeCmdCtrl                 
2000df5c  _SlWlanCfgSetCmdCtrl                  
2000df60  _SlWlanCfgGetCmdCtrl                  
2000df70  _SlActionLookupTable                  
2000dfa8  g_H2NSyncPattern                      
2000dfb0  g_H2NCnysPattern                      
2000dfb8  RxMsgClassLUT                         
2000dfdc  _SlSockSocketCmdCtrl                  
2000dfe0  _SlSockCloseCmdCtrl                   
2000dfe4  _SlRecvfomCmdCtrl                     
2000dfe8  _SlSendCmdCtrl                        
2000dfec  _SlListenCmdCtrl                      
2000dff0  _SlAcceptCmdCtrl                      
2000dff4  _SlRecvCmdCtrl                        
2000dff8  _SlSetSockOptCmdCtrl                  
2000dffc  _SlGetSockOptCmdCtrl                  
2000e000  _SlSelectCmdCtrl                      
2000e068  _SlNetAppStartCtrl                    
2000e06c  _SlNetAppStopCtrl                     
2000e070  _SlGetServiceListeCtrl                
2000e074  _SlRegisterServiceCtrl                
2000e078  _SlGetHostByServiceCtrl               
2000e07c  _SlGetHostByNameCtrl                  
2000e080  _SlNetAppSetCmdCtrl                   
2000e084  _SlNetAppSendTokenValueCmdCtrl        
2000e088  _SlNetAppGetCmdCtrl                   
2000e0f0  _SlStopCmdCtrl                        
2000e0f4  _SlEventMaskSetCmdCtrl                
2000e0f8  _SlEventMaskGetCmdCtrl                
2000e0fc  _SlDeviceGetCmdCtrl                   
2000e100  _SlDeviceSetCmdCtrl                   
2000e104  _SlPayloadByProtocolLUT               
2000e124  StartResponseLUT                      
2000e134  _SlNetCfgSetCmdCtrl                   
2000e138  _SlNetCfgGetCmdCtrl                   
2000e140  __TI_static_base__                    
2000e190  __TI_Handler_Table_Base               
2000e19c  __TI_Handler_Table_Limit              
2000e1a8  __TI_CINIT_Base                       
2000e1b8  __TI_CINIT_Limit                      
20022000  postDataBuf                           
20029530  data                                  
2002e350  g_StatMem                             
2002e4b8  g_ucDinDout                           
2002e508  g__SlNonOsCB                          
2002e530  g_ucConnectionSSID                    
2002e554  g_ucConnectionBSSID                   
2002e560  g_ulDestinationIP                     
2002e564  ulDummy                               
2002e568  RxIrqCnt                              
2002e569  g_cDummy                              
2002e570  _sys_memory                           
2002ee20  _Denorm                               
2002ee30  _Eps                                  
2002ee40  _Hugeval                              
2002ee50  _Inf                                  
2002ee60  _Nan                                  
2002ee70  _Snan                                 
2002ee80  _Rteps                                
2002ee90  _Xbig                                 
2002ee98  _Zero                                 
2002eee8  ulUserData                            
2002eeec  g_ulStatus                            
2002eef0  g_ulGatewayIP                         
2002eef4  bytesReceived                         
2002ef14  g_SpiFd                               
2002ef18  g_pHostIntHdl                         
2002ef1c  g_ucDMAEnabled                        
2002ef20  g_pCB                                 
2002ef24  pPingCallBackFunc                     
2002ef28  gFirstCmdMode                         
2002ef2c  _lock                                 
2002ef30  _unlock                               
2002ef34  __TI_cleanup_ptr                      
2002ef38  __TI_dtors_ptr                        
2002ef3c  _Fenv                                 
2002ef40  _Tls_setup__Fenv                      
2002ef44  _Errno                                
2002ef48  main_func_sp                          
2003d800  __stack                               
2003e000  __STACK_END                           
ffffffff  __binit__                             
ffffffff  __c_args__                            
ffffffff  binit                                 
UNDEFED   SHT$$INIT_ARRAY$$Base                 
UNDEFED   SHT$$INIT_ARRAY$$Limit                

[347 symbols]
