******************************************************************************
                  TI ARM Linker PC v5.2.5                      
******************************************************************************
>> Linked Sun Mar 13 18:38:16 2016

OUTPUT FILE NAME:   <http_client_demo.out>
ENTRY POINT SYMBOL: "_c_int00"  address: 2000c9c5


MEMORY CONFIGURATION

         name            origin    length      used     unused   attr    fill
----------------------  --------  ---------  --------  --------  ----  --------
  SRAM_CODE             20004000   0001d000  0000a0fe  00012f02  RW X
  SRAM_DATA             20022000   0001c000  0000b426  00010bda  RW X


SEGMENT ALLOCATION MAP

run origin  load origin   length   init length attrs members
----------  ----------- ---------- ----------- ----- -------
20004000    20004000    0000a100   0000a100    r-x
  20004000    20004000    00000400   00000400    r-- .intvecs
  20004400    20004400    00009552   00009552    r-x .text
  2000d954    2000d954    00000734   00000734    r-- .const
  2000e088    2000e088    00000078   00000078    r-- .cinit
20022000    20022000    0000ac2c   00000000    rw-
  20022000    20022000    0000a24a   00000000    rw- .bss
  2002c250    2002c250    00000800   00000000    rw- .sysmem
  2002ca50    2002ca50    000001dc   00000000    rw- .data
2003d800    2003d800    00000800   00000000    rw-
  2003d800    2003d800    00000800   00000000    rw- .stack


SECTION ALLOCATION MAP

 output                                  attributes/
section   page    origin      length       input sections
--------  ----  ----------  ----------   ----------------
.intvecs   0    20004000    00000400     
                  20004000    00000400     startup_ccs.obj (.intvecs)

.init_array 
*          0    20004000    00000000     UNINITIALIZED

.text      0    20004400    00009552     
                  20004400    0000117c     main.obj (.text)
                  2000557c    000010ba     rtsv7M4_T_le_v4SPD16_eabi.lib : _printfi.obj (.text)
                  20006636    00000002     driverlib.a : interrupt.obj (.text:IntDefaultHandler)
                  20006638    00000fc4     webclient.a : httpcli.obj (.text)
                  200075fc    000005f0     json.a : jsmn.obj (.text)
                  20007bec    000005ec     simplelink.a : driver.obj (.text:_SlDrvMsgRead)
                  200081d8    000003dc     rtsv7M4_T_le_v4SPD16_eabi.lib : memory.obj (.text)
                  200085b4    000002ea     webclient.a : ssock.obj (.text)
                  2000889e    00000002     --HOLE-- [fill = 0]
                  200088a0    00000280     uart_if.obj (.text)
                  20008b20    00000248     simplelink.a : driver.obj (.text:_SlDrvRxHdrRead)
                  20008d68    00000244                  : wlan.obj (.text:sl_WlanConnect)
                  20008fac    000001f4     rtsv7M4_T_le_v4SPD16_eabi.lib : ull_div_t2.obj (.text)
                  200091a0    000001d0     simplelink.a : driver.obj (.text:_SlDrvReleasePoolObj)
                  20009370    000001cc                  : driver.obj (.text:_SlDrvMsgWrite)
                  2000953c    000001b6     rtsv7M4_T_le_v4SPD16_eabi.lib : fd_add_t2.obj (.text)
                  200096f2    00000002     --HOLE-- [fill = 0]
                  200096f4    00000190     simplelink.a : driver.obj (.text:_SlDrvWaitForPoolObj)
                  20009884    00000188                  : driver.obj (.text:_SlDrvDriverCBInit)
                  20009a0c    00000170                  : driver.obj (.text:_SlFindAndSetActiveObj)
                  20009b7c    00000144                  : cc_pal.obj (.text:spi_Open)
                  20009cc0    00000136     rtsv7M4_T_le_v4SPD16_eabi.lib : fd_div_t2.obj (.text)
                  20009df6    00000002     --HOLE-- [fill = 0]
                  20009df8    00000134     driverlib.a : prcm.obj (.text:PRCMCC3200MCUInit)
                  20009f2c    0000012c     simplelink.a : driver.obj (.text:_SlDrvDataReadOp)
                  2000a058    00000114     rtsv7M4_T_le_v4SPD16_eabi.lib : strtoul.obj (.text)
                  2000a16c    00000110                                   : xdscale.obj (.text)
                  2000a27c    00000108     simplelink.a : driver.obj (.text:_SlDrvDataWriteOp)
                  2000a384    00000108                  : socket.obj (.text:sl_Connect)
                  2000a48c    00000108                  : socket.obj (.text:sl_Send)
                  2000a594    00000104                  : netapp.obj (.text:sl_NetAppDnsGetHostByName)
                  2000a698    00000100                  : driver.obj (.text:_SlDrvDriverCBDeinit)
                  2000a798    000000fe                  : netapp.obj (.text:_SlDrvNetAppEventHandler)
                  2000a896    000000fc     rtsv7M4_T_le_v4SPD16_eabi.lib : fd_mul_t2.obj (.text)
                  2000a992    00000002     --HOLE-- [fill = 0]
                  2000a994    000000f0     simplelink.a : cc_pal.obj (.text:spi_Read)
                  2000aa84    000000f0     driverlib.a : udma.obj (.text:uDMAChannelTransferSet)
                  2000ab74    000000d8     simplelink.a : driver.obj (.text:_SlDrvClassifyRxMsg)
                  2000ac4c    000000d4                  : device.obj (.text:sl_Stop)
                  2000ad20    000000c8                  : netapp.obj (.text:_sl_HandleAsync_DnsGetHostByService)
                  2000ade8    000000c0                  : driver.obj (.text:_SlDrvMsgReadCmdCtx)
                  2000aea8    000000c0                  : driver.obj (.text:_SlRemoveFromList)
                  2000af68    000000be     rtsv7M4_T_le_v4SPD16_eabi.lib : xdnorm.obj (.text)
                  2000b026    00000002     --HOLE-- [fill = 0]
                  2000b028    000000bc     simplelink.a : device.obj (.text:sl_Start)
                  2000b0e4    000000b8                  : driver.obj (.text:_SlAsyncEventGenericHandler)
                  2000b19c    000000b4                  : netapp.obj (.text:sl_NetAppMDNSRegisterUnregisterService)
                  2000b250    000000a8     driverlib.a : interrupt.obj (.text:IntDisable)
                  2000b2f8    000000a8                 : interrupt.obj (.text:IntEnable)
                  2000b3a0    000000a0                 : spi.obj (.text:SPIConfigSetExpClk)
                  2000b440    0000009c     simplelink.a : driver.obj (.text:_SlDrvMsgReadSpawnCtx)
                  2000b4dc    0000009c     rtsv7M4_T_le_v4SPD16_eabi.lib : memcpy_t2.obj (.text)
                  2000b578    0000009c     simplelink.a : device.obj (.text:sl_DevGet)
                  2000b614    00000098                  : cc_pal.obj (.text:spi_Write)
                  2000b6ac    00000094     driverlib.a : prcm.obj (.text:PRCMPeripheralClockGet)
                  2000b740    0000008c     simplelink.a : cc_pal.obj (.text:SetupDMAReceive)
                  2000b7cc    0000008c                  : cc_pal.obj (.text:SetupDMASend)
                  2000b858    0000008c                  : netapp.obj (.text:_sl_HandleAsync_DnsGetHostByName)
                  2000b8e4    0000008c                  : netapp.obj (.text:_sl_HandleAsync_PingResponse)
                  2000b970    00000088     driverlib.a : pin.obj (.text:PinConfigSet)
                  2000b9f8    00000088     rtsv7M4_T_le_v4SPD16_eabi.lib : vsnprintf.obj (.text)
                  2000ba80    00000086                                   : fd_cmp_t2.obj (.text:__aeabi_cdcmple)
                  2000bb06    00000086                                   : fd_cmp_t2.obj (.text:__aeabi_cdrcmple)
                  2000bb8c    00000084     simplelink.a : cc_pal.obj (.text:NwpPowerOnPreamble)
                  2000bc10    00000080                  : driver.obj (.text:_SlDrvCmdOp)
                  2000bc90    00000080                  : cc_pal.obj (.text:spi_Read_CPU)
                  2000bd10    00000080                  : cc_pal.obj (.text:spi_Write_CPU)
                  2000bd90    0000007c                  : device.obj (.text:_sl_HandleAsync_InitComplete)
                  2000be0c    0000007a     rtsv7M4_T_le_v4SPD16_eabi.lib : memset_t2.obj (.text)
                  2000be86    00000002     --HOLE-- [fill = 0]
                  2000be88    00000078     simplelink.a : socket.obj (.text:_sl_HandleAsync_Connect)
                  2000bf00    00000078                  : cc_pal.obj (.text:spi_Close)
                  2000bf78    00000076     driverlib.a : uart.obj (.text:UARTConfigSetExpClk)
                  2000bfee    00000002     --HOLE-- [fill = 0]
                  2000bff0    00000074     simplelink.a : socket.obj (.text:sl_Recv)
                  2000c064    00000070                  : nonos.obj (.text:_SlNonOsMainLoopTask)
                  2000c0d4    0000006c                  : driver.obj (.text:_SlDrvCmdSend)
                  2000c140    0000006c     rtsv7M4_T_le_v4SPD16_eabi.lib : autoinit.obj (.text)
                  2000c1ac    0000006a                                   : copy_decompress_rle.obj (.text)
                  2000c216    00000002     --HOLE-- [fill = 0]
                  2000c218    00000068     simplelink.a : netapp.obj (.text:_sl_NetAppSendTokenValue)
                  2000c280    00000068                  : netcfg.obj (.text:sl_NetCfgSet)
                  2000c2e8    00000068                  : socket.obj (.text:sl_SetSockOpt)
                  2000c350    00000068                  : wlan.obj (.text:sl_WlanSet)
                  2000c3b8    00000066     rtsv7M4_T_le_v4SPD16_eabi.lib : xdunscal.obj (.text)
                  2000c41e    00000002     --HOLE-- [fill = 0]
                  2000c420    00000064     driverlib.a : udma.obj (.text:uDMAChannelAttributeDisable)
                  2000c484    00000064                 : udma.obj (.text:uDMAChannelAttributeEnable)
                  2000c4e8    00000060     simplelink.a : socket.obj (.text:_sl_HandleAsync_Accept)
                  2000c548    00000060     rtsv7M4_T_le_v4SPD16_eabi.lib : sprintf.obj (.text)
                  2000c5a8    00000060     simplelink.a : wlan.obj (.text:sl_WlanPolicySet)
                  2000c608    0000005c                  : nonos.obj (.text:_SlNonOsSemGet)
                  2000c664    0000005c                  : nonos.obj (.text:_SlNonOsSpawn)
                  2000c6c0    0000005c                  : socket.obj (.text:sl_Socket)
                  2000c71c    00000058     driverlib.a : interrupt.obj (.text:IntPendClear)
                  2000c774    00000058                 : prcm.obj (.text:PRCMPeripheralReset)
                  2000c7cc    00000056     rtsv7M4_T_le_v4SPD16_eabi.lib : ltoa.obj (.text)
                  2000c822    00000002     --HOLE-- [fill = 0]
                  2000c824    00000054     driverlib.a : interrupt.obj (.text:IntPrioritySet)
                  2000c878    00000054     simplelink.a : socket.obj (.text:_sl_HandleAsync_Select)
                  2000c8cc    00000054                  : wlan.obj (.text:sl_WlanRxFilterSet)
                  2000c920    00000052     rtsv7M4_T_le_v4SPD16_eabi.lib : ldexp.obj (.text)
                  2000c972    00000002     --HOLE-- [fill = 0]
                  2000c974    00000050     simplelink.a : device.obj (.text:_sl_HandleAsync_Stop)
                  2000c9c4    00000050     rtsv7M4_T_le_v4SPD16_eabi.lib : boot.obj (.text)
                  2000ca14    0000004c     driverlib.a : spi.obj (.text:SPIIntEnable)
                  2000ca60    0000004c                 : spi.obj (.text:SPIIntNumberGet)
                  2000caac    0000004c     simplelink.a : driver.obj (.text:_SlDrvProtectAsyncRespSetting)
                  2000caf8    0000004c                  : driver.obj (.text:_SlDrvRxIrqHandler)
                  2000cb44    0000004c                  : socket.obj (.text:_sl_BuildAddress)
                  2000cb90    0000004c     rtsv7M4_T_le_v4SPD16_eabi.lib : atoi.obj (.text)
                  2000cbdc    0000004c                                   : cpy_tbl.obj (.text)
                  2000cc28    0000004c     driverlib.a : udma.obj (.text:uDMAChannelAssign)
                  2000cc74    00000048                 : spi.obj (.text:SPIIntClear)
                  2000ccbc    00000048     simplelink.a : driver.obj (.text:_SlDrvBasicCmd)
                  2000cd04    00000048     rtsv7M4_T_le_v4SPD16_eabi.lib : fd_toi_t2.obj (.text)
                  2000cd4c    00000044     driverlib.a : spi.obj (.text:SPIDmaMaskGet)
                  2000cd90    00000044     simplelink.a : cc_pal.obj (.text:cc_SetupTransfer)
                  2000cdd4    00000044     pinmux.obj (.text)
                  2000ce18    00000044     rtsv7M4_T_le_v4SPD16_eabi.lib : exit.obj (.text)
                  2000ce5c    00000042     simplelink.a : socket.obj (.text:sl_Htonl)
                  2000ce9e    00000002     --HOLE-- [fill = 0]
                  2000cea0    00000040     driverlib.a : pin.obj (.text:PinModeSet)
                  2000cee0    00000040     rtsv7M4_T_le_v4SPD16_eabi.lib : signal.obj (.text)
                  2000cf20    0000003e     simplelink.a : cc_pal.obj (.text:NwpRegisterInterruptHandler)
                  2000cf5e    0000003c                  : netapp.obj (.text:CopyPingResultsToReport)
                  2000cf9a    00000002     --HOLE-- [fill = 0]
                  2000cf9c    0000003c     driverlib.a : prcm.obj (.text:PRCMPeripheralClkEnable)
                  2000cfd8    0000003c     simplelink.a : socket.obj (.text:_sl_TruncatePayloadByProtocol)
                  2000d014    0000003c                  : socket.obj (.text:sl_Htons)
                  2000d050    0000003c     driverlib.a : udma.obj (.text:uDMAChannelControlSet)
                  2000d08c    00000038     simplelink.a : cc_pal.obj (.text:NwpPowerOff)
                  2000d0c4    00000036                  : netapp.obj (.text:sl_NetAppMDNSUnRegisterService)
                  2000d0fa    00000002     --HOLE-- [fill = 0]
                  2000d0fc    00000034     driverlib.a : prcm.obj (.text:PRCMPeripheralStatusGet)
                  2000d130    00000034                 : spi.obj (.text:SPIFIFOLevelSet)
                  2000d164    00000034     rtsv7M4_T_le_v4SPD16_eabi.lib : feraiseexcept.obj (.text)
                  2000d198    00000030     driverlib.a : uart.obj (.text:UARTDisable)
                  2000d1c8    00000030     simplelink.a : device.obj (.text:_SlDrvDeviceEventHandler)
                  2000d1f8    00000030     rtsv7M4_T_le_v4SPD16_eabi.lib : xdclass.obj (.text)
                  2000d228    00000030                                   : xferaise.obj (.text)
                  2000d258    00000030     simplelink.a : socket.obj (.text:sl_Close)
                  2000d288    00000030                  : wlan.obj (.text:sl_WlanProfileDel)
                  2000d2b8    00000030                  : wlan.obj (.text:sl_WlanSetMode)
                  2000d2e8    0000002e     rtsv7M4_T_le_v4SPD16_eabi.lib : i_tofd_t2.obj (.text)
                  2000d316    0000002e                                   : raise.obj (.text)
                  2000d344    0000002c     simplelink.a : cc_pal.obj (.text:NwpPowerOn)
                  2000d370    0000002c     driverlib.a : prcm.obj (.text:PRCMSysResetCauseGet)
                  2000d39c    0000002a     rtsv7M4_T_le_v4SPD16_eabi.lib : frexp.obj (.text)
                  2000d3c6    00000002     --HOLE-- [fill = 0]
                  2000d3c8    00000028     driverlib.a : prcm.obj (.text:PRCMPeripheralClkDisable)
                  2000d3f0    00000026     rtsv7M4_T_le_v4SPD16_eabi.lib : strncmp.obj (.text)
                  2000d416    00000002     --HOLE-- [fill = 0]
                  2000d418    00000024     simplelink.a : cc_pal.obj (.text:DmaSpiSwIntHandler)
                  2000d43c    00000024     driverlib.a : interrupt.obj (.text:IntUnregister)
                  2000d460    00000024                 : uart.obj (.text:UARTEnable)
                  2000d484    00000024     simplelink.a : driver.obj (.text:_SlDrvProtectionObjLockWaitForever)
                  2000d4a8    00000024     rtsv7M4_T_le_v4SPD16_eabi.lib : memmov.obj (.text)
                  2000d4cc    00000022     driverlib.a : spi.obj (.text:SPIReset)
                  2000d4ee    00000022                 : spi.obj (.text:SPIWordCountSet)
                  2000d510    00000020                 : interrupt.obj (.text:IntRegister)
                  2000d530    00000020                 : spi.obj (.text:SPIDataGet)
                  2000d550    00000020     simplelink.a : driver.obj (.text:_SlDrvProtectionObjUnLock)
                  2000d570    0000001e     driverlib.a : spi.obj (.text:SPIDataPut)
                  2000d58e    0000001e                 : uart.obj (.text:UARTCharPut)
                  2000d5ac    0000001e     simplelink.a : driver.obj (.text:_SlDrvObjLockWaitForever)
                  2000d5ca    0000001e                  : driver.obj (.text:_SlDrvSyncObjWaitForever)
                  2000d5e8    0000001e                  : cc_pal.obj (.text:cc_UDMAChannelSelect)
                  2000d606    0000001c     driverlib.a : uart.obj (.text:UARTCharGetNonBlocking)
                  2000d622    0000001c     rtsv7M4_T_le_v4SPD16_eabi.lib : memccpy.obj (.text)
                  2000d63e    00000002     --HOLE-- [fill = 0]
                  2000d640    0000001c     driverlib.a : udma.obj (.text:uDMAChannelEnable)
                  2000d65c    0000001a                 : pin.obj (.text:PinTypeSPI)
                  2000d676    0000001a                 : pin.obj (.text:PinTypeUART)
                  2000d690    0000001a                 : spi.obj (.text:SPIDmaDisable)
                  2000d6aa    0000001a                 : spi.obj (.text:SPIDmaEnable)
                  2000d6c4    0000001a                 : spi.obj (.text:SPIFIFODisable)
                  2000d6de    0000001a                 : spi.obj (.text:SPIFIFOEnable)
                  2000d6f8    0000001a                 : spi.obj (.text:SPIIntUnregister)
                  2000d712    0000001a     simplelink.a : driver.obj (.text:_SlDrvObjUnLock)
                  2000d72c    0000001a                  : driver.obj (.text:_SlDrvSyncObjSignal)
                  2000d746    00000018     driverlib.a : spi.obj (.text:SPICSDisable)
                  2000d75e    00000018                 : spi.obj (.text:SPICSEnable)
                  2000d776    00000018                 : spi.obj (.text:SPIDisable)
                  2000d78e    00000018                 : spi.obj (.text:SPIEnable)
                  2000d7a6    00000018                 : uart.obj (.text:UARTCharsAvail)
                  2000d7be    00000018     simplelink.a : nonos.obj (.text:_SlNonOsSemSet)
                  2000d7d6    00000002     --HOLE-- [fill = 0]
                  2000d7d8    00000018                  : device.obj (.text:_sl_GetStartResponseConvert)
                  2000d7f0    00000018     rtsv7M4_T_le_v4SPD16_eabi.lib : args_main.obj (.text)
                  2000d808    00000018                                   : strcmp.obj (.text)
                  2000d820    00000016     driverlib.a : prcm.obj (.text:PRCMHIBRegRead)
                  2000d836    00000016                 : prcm.obj (.text:PRCMHIBRegWrite)
                  2000d84c    00000016     simplelink.a : driver.obj (.text:_SlDrvMemZero)
                  2000d862    00000016     rtsv7M4_T_le_v4SPD16_eabi.lib : strchr.obj (.text)
                  2000d878    00000014     driverlib.a : cpu.obj (.text:CPUcpsie)
                  2000d88c    00000014                 : interrupt.obj (.text:IntVTableBaseSet)
                  2000d8a0    00000014     rtsv7M4_T_le_v4SPD16_eabi.lib : _lock.obj (.text)
                  2000d8b4    00000014                                   : strcpy.obj (.text)
                  2000d8c8    00000014                                   : strlen.obj (.text)
                  2000d8dc    0000000e     simplelink.a : driver.obj (.text:_SlDrvResetCmdExt)
                  2000d8ea    0000000e     rtsv7M4_T_le_v4SPD16_eabi.lib : copy_decompress_none.obj (.text:decompress:none)
                  2000d8f8    0000000e     startup_ccs.obj (.text)
                  2000d906    00000002     --HOLE-- [fill = 0]
                  2000d908    0000000c     simplelink.a : cc_pal.obj (.text:NwpMaskInterrupt)
                  2000d914    0000000c                  : cc_pal.obj (.text:NwpUnMaskInterrupt)
                  2000d920    0000000c     rtsv7M4_T_le_v4SPD16_eabi.lib : copy_zero_init.obj (.text:decompress:ZI)
                  2000d92c    0000000c     simplelink.a : wlan.obj (.text:sl_WlanDisconnect)
                  2000d938    0000000a     driverlib.a : interrupt.obj (.text:IntMasterEnable)
                  2000d942    00000006                 : utils.obj (.text:UtilsDelay)
                  2000d948    00000006     rtsv7M4_T_le_v4SPD16_eabi.lib : copy_decompress_rle.obj (.text:decompress:rle24)
                  2000d94e    00000004                                   : pre_init.obj (.text)

.const     0    2000d954    00000734     
                  2000d954    00000101     rtsv7M4_T_le_v4SPD16_eabi.lib : ctype.obj (.const:.string:_ctypes_)
                  2000da55    00000003     --HOLE-- [fill = 0]
                  2000da58    00000100     driverlib.a : pin.obj (.const:g_ulPinToPadMap)
                  2000db58    000000d4                 : interrupt.obj (.const:g_pulRegs)
                  2000dc2c    000000b0     simplelink.a : wlan.obj (.const:$P$T0$1)
                  2000dcdc    000000a8     driverlib.a : prcm.obj (.const:PRCM_PeriphRegsList)
                  2000dd84    00000080                 : interrupt.obj (.const)
                  2000de04    00000040     main.obj (.const)
                  2000de44    0000003c     simplelink.a : driver.obj (.const:OpcodeTranslateTable)
                  2000de80    0000003c                  : wlan.obj (.const)
                  2000debc    00000038                  : driver.obj (.const:_SlActionLookupTable)
                  2000def4    00000034                  : driver.obj (.const)
                  2000df28    00000034                  : socket.obj (.const)
                  2000df5c    0000002c     main.obj (.const:$P$T1$2)
                  2000df88    0000002c     main.obj (.const:.string)
                  2000dfb4    00000028     simplelink.a : netapp.obj (.const)
                  2000dfdc    00000024     driverlib.a : spi.obj (.const:g_ppulSPIIntMap)
                  2000e000    00000022     main.obj (.const:.string:$P$T0$1)
                  2000e022    00000002     --HOLE-- [fill = 0]
                  2000e024    00000018     driverlib.a : spi.obj (.const)
                  2000e03c    00000014     simplelink.a : device.obj (.const)
                  2000e050    00000010                  : socket.obj (.const:.string)
                  2000e060    00000010     webclient.a : httpcli.obj (.const)
                  2000e070    00000008     simplelink.a : device.obj (.const:.string)
                  2000e078    00000008     webclient.a : httpcli.obj (.const:.string)
                  2000e080    00000008     simplelink.a : netcfg.obj (.const)

.cinit     0    2000e088    00000078     
                  2000e088    0000004e     (.cinit..data.load) [load image, compression = rle]
                  2000e0d6    00000002     --HOLE-- [fill = 0]
                  2000e0d8    0000000c     (__TI_handler_table)
                  2000e0e4    00000004     --HOLE-- [fill = 0]
                  2000e0e8    00000008     (.cinit..bss.load) [load image, compression = zero_init]
                  2000e0f0    00000010     (__TI_cinit_table)

.bss       0    20022000    0000a24a     UNINITIALIZED
                  20022000    000061a8     main.obj (.bss:postDataBuf)
                  200281a8    00003e80     main.obj (.bss:data)
                  2002c028    00000168     simplelink.a : driver.obj (.bss:g_StatMem)
                  2002c190    00000050                  : cc_pal.obj (.bss:g_ucDinDout)
                  2002c1e0    00000028                  : nonos.obj (.bss:g__SlNonOsCB)
                  2002c208    00000024     main.obj (.bss:g_ucConnectionSSID)
                  2002c22c    00000008     (.common:g_ucConnectionBSSID)
                  2002c234    00000004     (.common:__Errorlog)
                  2002c238    00000004     (.common:firstSample)
                  2002c23c    00000004     (.common:g_ulDestinationIP)
                  2002c240    00000004     (.common:secondSample)
                  2002c244    00000004     (.common:ulDummy)
                  2002c248    00000001     (.common:RxIrqCnt)
                  2002c249    00000001     (.common:g_cDummy)

.TI.noinit 
*          0    20022000    00000000     UNINITIALIZED

.sysmem    0    2002c250    00000800     UNINITIALIZED
                  2002c250    00000008     rtsv7M4_T_le_v4SPD16_eabi.lib : memory.obj (.sysmem)
                  2002c258    000007f8     --HOLE--

.data      0    2002ca50    000001dc     UNINITIALIZED
                  2002ca50    000000b0     rtsv7M4_T_le_v4SPD16_eabi.lib : signal.obj (.data:sigtable)
                  2002cb00    00000080                                   : xvalues.obj (.data)
                  2002cb80    00000048     webclient.a : httpcli.obj (.data:tlsParams)
                  2002cbc8    00000010     main.obj (.data)
                  2002cbd8    00000010     webclient.a : httpcli.obj (.data)
                  2002cbe8    0000000c     rtsv7M4_T_le_v4SPD16_eabi.lib : memory.obj (.data)
                  2002cbf4    00000009     simplelink.a : cc_pal.obj (.data)
                  2002cbfd    00000003     --HOLE--
                  2002cc00    00000009                  : driver.obj (.data)
                  2002cc09    00000003     --HOLE--
                  2002cc0c    00000008     rtsv7M4_T_le_v4SPD16_eabi.lib : _lock.obj (.data)
                  2002cc14    00000008                                   : exit.obj (.data)
                  2002cc1c    00000008                                   : feraiseexcept.obj (.data)
                  2002cc24    00000004                                   : errno.obj (.data)
                  2002cc28    00000004                                   : stkdepth_vars.obj (.data)

.TI.persistent 
*          0    2002ca50    00000000     UNINITIALIZED

.stack     0    2003d800    00000800     UNINITIALIZED
                  2003d800    00000800     --HOLE--


LINKER GENERATED COPY TABLES

__TI_cinit_table @ 2000e0f0 records: 2, size/record: 8, table size: 16
	.data: load addr=2000e088, load size=0000004e bytes, run addr=2002ca50, run size=000001dc bytes, compression=rle
	.bss: load addr=2000e0e8, load size=00000008 bytes, run addr=20022000, run size=0000a24a bytes, compression=zero_init


LINKER GENERATED HANDLER TABLE

__TI_handler_table @ 2000e0d8 records: 3, size/record: 4, table size: 12
	index: 0, handler: __TI_decompress_rle24
	index: 1, handler: __TI_decompress_none
	index: 2, handler: __TI_zero_init


GLOBAL SYMBOLS: SORTED ALPHABETICALLY BY Name 

address   name                                  
-------   ----                                  
2000ce19  C$$EXIT                               
2000d879  CPUcpsie                              
200088e1  ClearTerm                             
2000cf5f  CopyPingResultsToReport               
2000d419  DmaSpiSwIntHandler                    
200088eb  Error                                 
20008923  GetCmd                                
20006f63  HTTPCli_connect                       
20007085  HTTPCli_construct                     
200070cd  HTTPCli_create                        
200070e5  HTTPCli_delete                        
2000711b  HTTPCli_destruct                      
20007163  HTTPCli_disconnect                    
20007399  HTTPCli_getResponseField              
20007363  HTTPCli_getResponseStatus             
20006e55  HTTPCli_initSockAddr                  
200075a9  HTTPCli_readRawResponseBody           
2000751d  HTTPCli_readResponseBody              
200072d3  HTTPCli_sendField                     
20007205  HTTPCli_sendRequest                   
2000732b  HTTPCli_sendRequestBody               
200075e9  HTTPCli_setProxy                      
20007199  HTTPCli_setRequestFields              
200071bf  HTTPCli_setResponseFields             
200071e5  HTTPCli_setSecureParams               
200088a1  InitTerm                              
2000b251  IntDisable                            
2000b2f9  IntEnable                             
2000d939  IntMasterEnable                       
2000c71d  IntPendClear                          
2000c825  IntPrioritySet                        
2000d511  IntRegister                           
2000d43d  IntUnregister                         
2000d88d  IntVTableBaseSet                      
200088bf  Message                               
2000d909  NwpMaskInterrupt                      
2000d08d  NwpPowerOff                           
2000d345  NwpPowerOn                            
2000bb8d  NwpPowerOnPreamble                    
2000cf21  NwpRegisterInterruptHandler           
2000d915  NwpUnMaskInterrupt                    
2000de44  OpcodeTranslateTable                  
20009df9  PRCMCC3200MCUInit                     
2000d821  PRCMHIBRegRead                        
2000d837  PRCMHIBRegWrite                       
2000d3c9  PRCMPeripheralClkDisable              
2000cf9d  PRCMPeripheralClkEnable               
2000b6ad  PRCMPeripheralClockGet                
2000c775  PRCMPeripheralReset                   
2000d0fd  PRCMPeripheralStatusGet               
2000d371  PRCMSysResetCauseGet                  
20004cdd  ParseJSONData                         
2000b971  PinConfigSet                          
2000cea1  PinModeSet                            
2000cdd5  PinMuxConfig                          
2000d65d  PinTypeSPI                            
2000d677  PinTypeUART                           
20008a61  Report                                
2000d8f9  ResetISR                              
2002c248  RxIrqCnt                              
2000df04  RxMsgClassLUT                         
UNDEFED   SHT$$INIT_ARRAY$$Base                 
UNDEFED   SHT$$INIT_ARRAY$$Limit                
2000d747  SPICSDisable                          
2000d75f  SPICSEnable                           
2000b3a1  SPIConfigSetExpClk                    
2000d531  SPIDataGet                            
2000d571  SPIDataPut                            
2000d777  SPIDisable                            
2000d691  SPIDmaDisable                         
2000d6ab  SPIDmaEnable                          
2000d78f  SPIEnable                             
2000d6c5  SPIFIFODisable                        
2000d6df  SPIFIFOEnable                         
2000d131  SPIFIFOLevelSet                       
2000cc75  SPIIntClear                           
2000ca15  SPIIntEnable                          
2000d6f9  SPIIntUnregister                      
2000d4cd  SPIReset                              
2000d4ef  SPIWordCountSet                       
200045c9  SimpleLinkGeneralEventHandler         
200045a1  SimpleLinkHttpServerCallback          
20004509  SimpleLinkNetAppEventHandler          
200045df  SimpleLinkSockEventHandler            
20004401  SimpleLinkWlanEventHandler            
200085cd  Ssock_construct                       
2000860d  Ssock_create                          
20008627  Ssock_delete                          
2000864f  Ssock_destruct                        
200086a1  Ssock_getSocket                       
200086af  Ssock_recv                            
20008709  Ssock_recvall                         
2000874d  Ssock_send                            
20008867  Ssock_startSecure                     
2000e070  StartResponseLUT                      
200089c9  TrimSpace                             
2000d607  UARTCharGetNonBlocking                
2000d58f  UARTCharPut                           
2000d7a7  UARTCharsAvail                        
2000bf79  UARTConfigSetExpClk                   
2000d199  UARTDisable                           
2000d461  UARTEnable                            
2000d943  UtilsDelay                            
2000d1f9  _Dclass                               
2002cb00  _Denorm                               
2000af69  _Dnorm                                
2000a16d  _Dscale                               
2000c3b9  _Dunscale                             
2002cb10  _Eps                                  
2002cc24  _Errno                                
2002cc1c  _Fenv                                 
2000d229  _Feraise                              
2002cb20  _Hugeval                              
2002cb30  _Inf                                  
2002cb40  _Nan                                  
2002cb60  _Rteps                                
2000df3c  _SlAcceptCmdCtrl                      
2000debc  _SlActionLookupTable                  
2000b0e5  _SlAsyncEventGenericHandler           
2000e048  _SlDeviceGetCmdCtrl                   
2000e04c  _SlDeviceSetCmdCtrl                   
2000ccbd  _SlDrvBasicCmd                        
2000ab75  _SlDrvClassifyRxMsg                   
2000bc11  _SlDrvCmdOp                           
2000c0d5  _SlDrvCmdSend                         
20009f2d  _SlDrvDataReadOp                      
2000a27d  _SlDrvDataWriteOp                     
2000d1c9  _SlDrvDeviceEventHandler              
2000a699  _SlDrvDriverCBDeinit                  
20009885  _SlDrvDriverCBInit                    
2000d84d  _SlDrvMemZero                         
20007bed  _SlDrvMsgRead                         
2000ade9  _SlDrvMsgReadCmdCtx                   
2000b441  _SlDrvMsgReadSpawnCtx                 
20009371  _SlDrvMsgWrite                        
2000a799  _SlDrvNetAppEventHandler              
2000d5ad  _SlDrvObjLockWaitForever              
2000d713  _SlDrvObjUnLock                       
2000caad  _SlDrvProtectAsyncRespSetting         
2000d485  _SlDrvProtectionObjLockWaitForever    
2000d551  _SlDrvProtectionObjUnLock             
200091a1  _SlDrvReleasePoolObj                  
2000d8dd  _SlDrvResetCmdExt                     
20008b21  _SlDrvRxHdrRead                       
2000caf9  _SlDrvRxIrqHandler                    
2000d72d  _SlDrvSyncObjSignal                   
2000d5cb  _SlDrvSyncObjWaitForever              
200096f5  _SlDrvWaitForPoolObj                  
2000e044  _SlEventMaskGetCmdCtrl                
2000e040  _SlEventMaskSetCmdCtrl                
20009a0d  _SlFindAndSetActiveObj                
2000dfc8  _SlGetHostByNameCtrl                  
2000dfc4  _SlGetHostByServiceCtrl               
2000dfbc  _SlGetServiceListeCtrl                
2000df48  _SlGetSockOptCmdCtrl                  
2000df38  _SlListenCmdCtrl                      
2000dfd4  _SlNetAppGetCmdCtrl                   
2000dfd0  _SlNetAppSendTokenValueCmdCtrl        
2000dfcc  _SlNetAppSetCmdCtrl                   
2000dfb4  _SlNetAppStartCtrl                    
2000dfb8  _SlNetAppStopCtrl                     
2000e084  _SlNetCfgGetCmdCtrl                   
2000e080  _SlNetCfgSetCmdCtrl                   
2000c065  _SlNonOsMainLoopTask                  
2000c609  _SlNonOsSemGet                        
2000d7bf  _SlNonOsSemSet                        
2000c665  _SlNonOsSpawn                         
2000e050  _SlPayloadByProtocolLUT               
2000de84  _SlPolicyGetCmdCtrl                   
2000de80  _SlPolicySetCmdCtrl                   
2000de8c  _SlProfileDelCmdCtrl                  
2000de88  _SlProfileGetCmdCtrl                  
2000df40  _SlRecvCmdCtrl                        
2000df30  _SlRecvfomCmdCtrl                     
2000dfc0  _SlRegisterServiceCtrl                
2000aea9  _SlRemoveFromList                     
2000de94  _SlRxFilterAddtCmdCtrl                
2000de9c  _SlRxFilterGetCmdCtrl                 
2000de98  _SlRxFilterSetCmdCtrl                 
2000df4c  _SlSelectCmdCtrl                      
2000df34  _SlSendCmdCtrl                        
2000df44  _SlSetSockOptCmdCtrl                  
2000dea0  _SlSmartConfigStartCmdCtrl            
2000df2c  _SlSockCloseCmdCtrl                   
2000df28  _SlSockSocketCmdCtrl                  
2000e03c  _SlStopCmdCtrl                        
2000deac  _SlWlanCfgGetCmdCtrl                  
2000dea8  _SlWlanCfgSetCmdCtrl                  
2000de90  _SlWlanGetNetworkListCtrl             
2000dea4  _SlWlanSetModeCmdCtrl                 
2002cb50  _Snan                                 
2002cc20  _Tls_setup__Fenv                      
2002cb70  _Xbig                                 
2002cb78  _Zero                                 
2003e000  __STACK_END                           
00000800  __STACK_SIZE                          
00000800  __SYSMEM_SIZE                         
2000e0f0  __TI_CINIT_Base                       
2000e100  __TI_CINIT_Limit                      
2000e0d8  __TI_Handler_Table_Base               
2000e0e4  __TI_Handler_Table_Limit              
2000c141  __TI_auto_init                        
2002cc14  __TI_cleanup_ptr                      
2000d8eb  __TI_decompress_none                  
2000d949  __TI_decompress_rle24                 
2002cc18  __TI_dtors_ptr                        
20006331  __TI_printfi                          
2000e088  __TI_static_base__                    
2000d921  __TI_zero_init                        
2000ba81  __aeabi_cdcmpeq                       
2000ba81  __aeabi_cdcmple                       
2000bb07  __aeabi_cdrcmple                      
2000cd05  __aeabi_d2iz                          
20009547  __aeabi_dadd                          
20009cc1  __aeabi_ddiv                          
2000a897  __aeabi_dmul                          
2000953d  __aeabi_dsub                          
2000d2e9  __aeabi_i2d                           
2000be0d  __aeabi_memclr                        
2000be0d  __aeabi_memclr4                       
2000be0d  __aeabi_memclr8                       
2000b4dd  __aeabi_memcpy                        
2000b4dd  __aeabi_memcpy4                       
2000b4dd  __aeabi_memcpy8                       
2000be0f  __aeabi_memset                        
2000be0f  __aeabi_memset4                       
2000be0f  __aeabi_memset8                       
20008fad  __aeabi_uldivmod                      
ffffffff  __binit__                             
ffffffff  __c_args__                            
2003d800  __stack                               
2000d7f1  _args_main                            
2000c9c5  _c_int00                              
2000d954  _ctypes_                              
2002cc0c  _lock                                 
2000d8af  _nop                                  
2000d8a7  _register_lock                        
2000d8a1  _register_unlock                      
2000cb45  _sl_BuildAddress                      
2000d7d9  _sl_GetStartResponseConvert           
2000c4e9  _sl_HandleAsync_Accept                
2000be89  _sl_HandleAsync_Connect               
2000b859  _sl_HandleAsync_DnsGetHostByName      
2000ad21  _sl_HandleAsync_DnsGetHostByService   
2000bd91  _sl_HandleAsync_InitComplete          
2000b8e5  _sl_HandleAsync_PingResponse          
2000c879  _sl_HandleAsync_Select                
2000c975  _sl_HandleAsync_Stop                  
2000c219  _sl_NetAppSendTokenValue              
2000cfd9  _sl_TruncatePayloadByProtocol         
2002c250  _sys_memory                           
2000d94f  _system_pre_init                      
2002cc10  _unlock                               
2000ce1d  abort                                 
2000cb91  atoi                                  
ffffffff  binit                                 
2000667f  bufferedRecv                          
2002cbd4  bytesReceived                         
20008581  calloc                                
2000cbdd  copy_in                               
200281a8  data                                  
2000ce25  exit                                  
2000d165  feraiseexcept                         
2002c238  firstSample                           
200082cf  free                                  
2000d39d  frexp                                 
2002cc08  gFirstCmdMode                         
2000defc  g_H2NCnysPattern                      
2000def4  g_H2NSyncPattern                      
2002cbf4  g_SpiFd                               
2002c028  g_StatMem                             
2002c1e0  g__SlNonOsCB                          
2002c249  g_cDummy                              
2002cc00  g_pCB                                 
2002cbf8  g_pHostIntHdl                         
20004000  g_pfnVectors                          
2002c22c  g_ucConnectionBSSID                   
2002c208  g_ucConnectionSSID                    
2002cbfc  g_ucDMAEnabled                        
2002c190  g_ucDinDout                           
2002c23c  g_ulDestinationIP                     
2002cbd0  g_ulGatewayIP                         
2002cbcc  g_ulStatus                            
20007bcf  jsmn_init                             
200078bd  jsmn_parse                            
2000c921  ldexp                                 
2000c7cd  ltoa                                  
20005389  main                                  
2002cc28  main_func_sp                          
20008267  malloc                                
2000849d  memalign                              
2000d623  memccpy                               
2000b4dd  memcpy                                
2000d4a9  memmove                               
2000be15  memset                                
200081d9  minit                                 
2002cc04  pPingCallBackFunc                     
200052c5  pollForSampleFromADC                  
20022000  postDataBuf                           
2000d317  raise                                 
20008391  realloc                               
2002c240  secondSample                          
2000cee1  signal                                
2000d259  sl_Close                              
2000a385  sl_Connect                            
2000b579  sl_DevGet                             
2000ce5d  sl_Htonl                              
2000d015  sl_Htons                              
2000a595  sl_NetAppDnsGetHostByName             
2000b19d  sl_NetAppMDNSRegisterUnregisterService
2000d0c5  sl_NetAppMDNSUnRegisterService        
2000c281  sl_NetCfgSet                          
2000bff1  sl_Recv                               
2000a48d  sl_Send                               
2000c2e9  sl_SetSockOpt                         
2000c6c1  sl_Socket                             
2000b029  sl_Start                              
2000ac4d  sl_Stop                               
20008d69  sl_WlanConnect                        
2000d92d  sl_WlanDisconnect                     
2000c5a9  sl_WlanPolicySet                      
2000d289  sl_WlanProfileDel                     
2000c8cd  sl_WlanRxFilterSet                    
2000c351  sl_WlanSet                            
2000d2b9  sl_WlanSetMode                        
2000bf01  spi_Close                             
20009b7d  spi_Open                              
2000a995  spi_Read                              
2000b615  spi_Write                             
2000c549  sprintf                               
2000d863  strchr                                
2000d809  strcmp                                
2000d8b5  strcpy                                
2000d8c9  strlen                                
2000d3f1  strncmp                               
2000a059  strtoul                               
2000cc29  uDMAChannelAssign                     
2000c421  uDMAChannelAttributeDisable           
2000c485  uDMAChannelAttributeEnable            
2000d051  uDMAChannelControlSet                 
2000d641  uDMAChannelEnable                     
2000aa85  uDMAChannelTransferSet                
2002c244  ulDummy                               
2002cbc8  ulUserData                            
2000b9f9  vsnprintf                             


GLOBAL SYMBOLS: SORTED BY Symbol Address 

address   name                                  
-------   ----                                  
00000800  __STACK_SIZE                          
00000800  __SYSMEM_SIZE                         
20004000  g_pfnVectors                          
20004401  SimpleLinkWlanEventHandler            
20004509  SimpleLinkNetAppEventHandler          
200045a1  SimpleLinkHttpServerCallback          
200045c9  SimpleLinkGeneralEventHandler         
200045df  SimpleLinkSockEventHandler            
20004cdd  ParseJSONData                         
200052c5  pollForSampleFromADC                  
20005389  main                                  
20006331  __TI_printfi                          
2000667f  bufferedRecv                          
20006e55  HTTPCli_initSockAddr                  
20006f63  HTTPCli_connect                       
20007085  HTTPCli_construct                     
200070cd  HTTPCli_create                        
200070e5  HTTPCli_delete                        
2000711b  HTTPCli_destruct                      
20007163  HTTPCli_disconnect                    
20007199  HTTPCli_setRequestFields              
200071bf  HTTPCli_setResponseFields             
200071e5  HTTPCli_setSecureParams               
20007205  HTTPCli_sendRequest                   
200072d3  HTTPCli_sendField                     
2000732b  HTTPCli_sendRequestBody               
20007363  HTTPCli_getResponseStatus             
20007399  HTTPCli_getResponseField              
2000751d  HTTPCli_readResponseBody              
200075a9  HTTPCli_readRawResponseBody           
200075e9  HTTPCli_setProxy                      
200078bd  jsmn_parse                            
20007bcf  jsmn_init                             
20007bed  _SlDrvMsgRead                         
200081d9  minit                                 
20008267  malloc                                
200082cf  free                                  
20008391  realloc                               
2000849d  memalign                              
20008581  calloc                                
200085cd  Ssock_construct                       
2000860d  Ssock_create                          
20008627  Ssock_delete                          
2000864f  Ssock_destruct                        
200086a1  Ssock_getSocket                       
200086af  Ssock_recv                            
20008709  Ssock_recvall                         
2000874d  Ssock_send                            
20008867  Ssock_startSecure                     
200088a1  InitTerm                              
200088bf  Message                               
200088e1  ClearTerm                             
200088eb  Error                                 
20008923  GetCmd                                
200089c9  TrimSpace                             
20008a61  Report                                
20008b21  _SlDrvRxHdrRead                       
20008d69  sl_WlanConnect                        
20008fad  __aeabi_uldivmod                      
200091a1  _SlDrvReleasePoolObj                  
20009371  _SlDrvMsgWrite                        
2000953d  __aeabi_dsub                          
20009547  __aeabi_dadd                          
200096f5  _SlDrvWaitForPoolObj                  
20009885  _SlDrvDriverCBInit                    
20009a0d  _SlFindAndSetActiveObj                
20009b7d  spi_Open                              
20009cc1  __aeabi_ddiv                          
20009df9  PRCMCC3200MCUInit                     
20009f2d  _SlDrvDataReadOp                      
2000a059  strtoul                               
2000a16d  _Dscale                               
2000a27d  _SlDrvDataWriteOp                     
2000a385  sl_Connect                            
2000a48d  sl_Send                               
2000a595  sl_NetAppDnsGetHostByName             
2000a699  _SlDrvDriverCBDeinit                  
2000a799  _SlDrvNetAppEventHandler              
2000a897  __aeabi_dmul                          
2000a995  spi_Read                              
2000aa85  uDMAChannelTransferSet                
2000ab75  _SlDrvClassifyRxMsg                   
2000ac4d  sl_Stop                               
2000ad21  _sl_HandleAsync_DnsGetHostByService   
2000ade9  _SlDrvMsgReadCmdCtx                   
2000aea9  _SlRemoveFromList                     
2000af69  _Dnorm                                
2000b029  sl_Start                              
2000b0e5  _SlAsyncEventGenericHandler           
2000b19d  sl_NetAppMDNSRegisterUnregisterService
2000b251  IntDisable                            
2000b2f9  IntEnable                             
2000b3a1  SPIConfigSetExpClk                    
2000b441  _SlDrvMsgReadSpawnCtx                 
2000b4dd  __aeabi_memcpy                        
2000b4dd  __aeabi_memcpy4                       
2000b4dd  __aeabi_memcpy8                       
2000b4dd  memcpy                                
2000b579  sl_DevGet                             
2000b615  spi_Write                             
2000b6ad  PRCMPeripheralClockGet                
2000b859  _sl_HandleAsync_DnsGetHostByName      
2000b8e5  _sl_HandleAsync_PingResponse          
2000b971  PinConfigSet                          
2000b9f9  vsnprintf                             
2000ba81  __aeabi_cdcmpeq                       
2000ba81  __aeabi_cdcmple                       
2000bb07  __aeabi_cdrcmple                      
2000bb8d  NwpPowerOnPreamble                    
2000bc11  _SlDrvCmdOp                           
2000bd91  _sl_HandleAsync_InitComplete          
2000be0d  __aeabi_memclr                        
2000be0d  __aeabi_memclr4                       
2000be0d  __aeabi_memclr8                       
2000be0f  __aeabi_memset                        
2000be0f  __aeabi_memset4                       
2000be0f  __aeabi_memset8                       
2000be15  memset                                
2000be89  _sl_HandleAsync_Connect               
2000bf01  spi_Close                             
2000bf79  UARTConfigSetExpClk                   
2000bff1  sl_Recv                               
2000c065  _SlNonOsMainLoopTask                  
2000c0d5  _SlDrvCmdSend                         
2000c141  __TI_auto_init                        
2000c219  _sl_NetAppSendTokenValue              
2000c281  sl_NetCfgSet                          
2000c2e9  sl_SetSockOpt                         
2000c351  sl_WlanSet                            
2000c3b9  _Dunscale                             
2000c421  uDMAChannelAttributeDisable           
2000c485  uDMAChannelAttributeEnable            
2000c4e9  _sl_HandleAsync_Accept                
2000c549  sprintf                               
2000c5a9  sl_WlanPolicySet                      
2000c609  _SlNonOsSemGet                        
2000c665  _SlNonOsSpawn                         
2000c6c1  sl_Socket                             
2000c71d  IntPendClear                          
2000c775  PRCMPeripheralReset                   
2000c7cd  ltoa                                  
2000c825  IntPrioritySet                        
2000c879  _sl_HandleAsync_Select                
2000c8cd  sl_WlanRxFilterSet                    
2000c921  ldexp                                 
2000c975  _sl_HandleAsync_Stop                  
2000c9c5  _c_int00                              
2000ca15  SPIIntEnable                          
2000caad  _SlDrvProtectAsyncRespSetting         
2000caf9  _SlDrvRxIrqHandler                    
2000cb45  _sl_BuildAddress                      
2000cb91  atoi                                  
2000cbdd  copy_in                               
2000cc29  uDMAChannelAssign                     
2000cc75  SPIIntClear                           
2000ccbd  _SlDrvBasicCmd                        
2000cd05  __aeabi_d2iz                          
2000cdd5  PinMuxConfig                          
2000ce19  C$$EXIT                               
2000ce1d  abort                                 
2000ce25  exit                                  
2000ce5d  sl_Htonl                              
2000cea1  PinModeSet                            
2000cee1  signal                                
2000cf21  NwpRegisterInterruptHandler           
2000cf5f  CopyPingResultsToReport               
2000cf9d  PRCMPeripheralClkEnable               
2000cfd9  _sl_TruncatePayloadByProtocol         
2000d015  sl_Htons                              
2000d051  uDMAChannelControlSet                 
2000d08d  NwpPowerOff                           
2000d0c5  sl_NetAppMDNSUnRegisterService        
2000d0fd  PRCMPeripheralStatusGet               
2000d131  SPIFIFOLevelSet                       
2000d165  feraiseexcept                         
2000d199  UARTDisable                           
2000d1c9  _SlDrvDeviceEventHandler              
2000d1f9  _Dclass                               
2000d229  _Feraise                              
2000d259  sl_Close                              
2000d289  sl_WlanProfileDel                     
2000d2b9  sl_WlanSetMode                        
2000d2e9  __aeabi_i2d                           
2000d317  raise                                 
2000d345  NwpPowerOn                            
2000d371  PRCMSysResetCauseGet                  
2000d39d  frexp                                 
2000d3c9  PRCMPeripheralClkDisable              
2000d3f1  strncmp                               
2000d419  DmaSpiSwIntHandler                    
2000d43d  IntUnregister                         
2000d461  UARTEnable                            
2000d485  _SlDrvProtectionObjLockWaitForever    
2000d4a9  memmove                               
2000d4cd  SPIReset                              
2000d4ef  SPIWordCountSet                       
2000d511  IntRegister                           
2000d531  SPIDataGet                            
2000d551  _SlDrvProtectionObjUnLock             
2000d571  SPIDataPut                            
2000d58f  UARTCharPut                           
2000d5ad  _SlDrvObjLockWaitForever              
2000d5cb  _SlDrvSyncObjWaitForever              
2000d607  UARTCharGetNonBlocking                
2000d623  memccpy                               
2000d641  uDMAChannelEnable                     
2000d65d  PinTypeSPI                            
2000d677  PinTypeUART                           
2000d691  SPIDmaDisable                         
2000d6ab  SPIDmaEnable                          
2000d6c5  SPIFIFODisable                        
2000d6df  SPIFIFOEnable                         
2000d6f9  SPIIntUnregister                      
2000d713  _SlDrvObjUnLock                       
2000d72d  _SlDrvSyncObjSignal                   
2000d747  SPICSDisable                          
2000d75f  SPICSEnable                           
2000d777  SPIDisable                            
2000d78f  SPIEnable                             
2000d7a7  UARTCharsAvail                        
2000d7bf  _SlNonOsSemSet                        
2000d7d9  _sl_GetStartResponseConvert           
2000d7f1  _args_main                            
2000d809  strcmp                                
2000d821  PRCMHIBRegRead                        
2000d837  PRCMHIBRegWrite                       
2000d84d  _SlDrvMemZero                         
2000d863  strchr                                
2000d879  CPUcpsie                              
2000d88d  IntVTableBaseSet                      
2000d8a1  _register_unlock                      
2000d8a7  _register_lock                        
2000d8af  _nop                                  
2000d8b5  strcpy                                
2000d8c9  strlen                                
2000d8dd  _SlDrvResetCmdExt                     
2000d8eb  __TI_decompress_none                  
2000d8f9  ResetISR                              
2000d909  NwpMaskInterrupt                      
2000d915  NwpUnMaskInterrupt                    
2000d921  __TI_zero_init                        
2000d92d  sl_WlanDisconnect                     
2000d939  IntMasterEnable                       
2000d943  UtilsDelay                            
2000d949  __TI_decompress_rle24                 
2000d94f  _system_pre_init                      
2000d954  _ctypes_                              
2000de44  OpcodeTranslateTable                  
2000de80  _SlPolicySetCmdCtrl                   
2000de84  _SlPolicyGetCmdCtrl                   
2000de88  _SlProfileGetCmdCtrl                  
2000de8c  _SlProfileDelCmdCtrl                  
2000de90  _SlWlanGetNetworkListCtrl             
2000de94  _SlRxFilterAddtCmdCtrl                
2000de98  _SlRxFilterSetCmdCtrl                 
2000de9c  _SlRxFilterGetCmdCtrl                 
2000dea0  _SlSmartConfigStartCmdCtrl            
2000dea4  _SlWlanSetModeCmdCtrl                 
2000dea8  _SlWlanCfgSetCmdCtrl                  
2000deac  _SlWlanCfgGetCmdCtrl                  
2000debc  _SlActionLookupTable                  
2000def4  g_H2NSyncPattern                      
2000defc  g_H2NCnysPattern                      
2000df04  RxMsgClassLUT                         
2000df28  _SlSockSocketCmdCtrl                  
2000df2c  _SlSockCloseCmdCtrl                   
2000df30  _SlRecvfomCmdCtrl                     
2000df34  _SlSendCmdCtrl                        
2000df38  _SlListenCmdCtrl                      
2000df3c  _SlAcceptCmdCtrl                      
2000df40  _SlRecvCmdCtrl                        
2000df44  _SlSetSockOptCmdCtrl                  
2000df48  _SlGetSockOptCmdCtrl                  
2000df4c  _SlSelectCmdCtrl                      
2000dfb4  _SlNetAppStartCtrl                    
2000dfb8  _SlNetAppStopCtrl                     
2000dfbc  _SlGetServiceListeCtrl                
2000dfc0  _SlRegisterServiceCtrl                
2000dfc4  _SlGetHostByServiceCtrl               
2000dfc8  _SlGetHostByNameCtrl                  
2000dfcc  _SlNetAppSetCmdCtrl                   
2000dfd0  _SlNetAppSendTokenValueCmdCtrl        
2000dfd4  _SlNetAppGetCmdCtrl                   
2000e03c  _SlStopCmdCtrl                        
2000e040  _SlEventMaskSetCmdCtrl                
2000e044  _SlEventMaskGetCmdCtrl                
2000e048  _SlDeviceGetCmdCtrl                   
2000e04c  _SlDeviceSetCmdCtrl                   
2000e050  _SlPayloadByProtocolLUT               
2000e070  StartResponseLUT                      
2000e080  _SlNetCfgSetCmdCtrl                   
2000e084  _SlNetCfgGetCmdCtrl                   
2000e088  __TI_static_base__                    
2000e0d8  __TI_Handler_Table_Base               
2000e0e4  __TI_Handler_Table_Limit              
2000e0f0  __TI_CINIT_Base                       
2000e100  __TI_CINIT_Limit                      
20022000  postDataBuf                           
200281a8  data                                  
2002c028  g_StatMem                             
2002c190  g_ucDinDout                           
2002c1e0  g__SlNonOsCB                          
2002c208  g_ucConnectionSSID                    
2002c22c  g_ucConnectionBSSID                   
2002c238  firstSample                           
2002c23c  g_ulDestinationIP                     
2002c240  secondSample                          
2002c244  ulDummy                               
2002c248  RxIrqCnt                              
2002c249  g_cDummy                              
2002c250  _sys_memory                           
2002cb00  _Denorm                               
2002cb10  _Eps                                  
2002cb20  _Hugeval                              
2002cb30  _Inf                                  
2002cb40  _Nan                                  
2002cb50  _Snan                                 
2002cb60  _Rteps                                
2002cb70  _Xbig                                 
2002cb78  _Zero                                 
2002cbc8  ulUserData                            
2002cbcc  g_ulStatus                            
2002cbd0  g_ulGatewayIP                         
2002cbd4  bytesReceived                         
2002cbf4  g_SpiFd                               
2002cbf8  g_pHostIntHdl                         
2002cbfc  g_ucDMAEnabled                        
2002cc00  g_pCB                                 
2002cc04  pPingCallBackFunc                     
2002cc08  gFirstCmdMode                         
2002cc0c  _lock                                 
2002cc10  _unlock                               
2002cc14  __TI_cleanup_ptr                      
2002cc18  __TI_dtors_ptr                        
2002cc1c  _Fenv                                 
2002cc20  _Tls_setup__Fenv                      
2002cc24  _Errno                                
2002cc28  main_func_sp                          
2003d800  __stack                               
2003e000  __STACK_END                           
ffffffff  __binit__                             
ffffffff  __c_args__                            
ffffffff  binit                                 
UNDEFED   SHT$$INIT_ARRAY$$Base                 
UNDEFED   SHT$$INIT_ARRAY$$Limit                

[345 symbols]
