******************************************************************************
                  TI ARM Linker PC v5.2.5                      
******************************************************************************
>> Linked Thu Mar 10 20:12:13 2016

OUTPUT FILE NAME:   <http_client_demo.out>
ENTRY POINT SYMBOL: "_c_int00"  address: 20019a7d


MEMORY CONFIGURATION

         name            origin    length      used     unused   attr    fill
----------------------  --------  ---------  --------  --------  ----  --------
  SRAM_CODE             20004000   0001d000  00017132  00005ece  RW X
  SRAM_DATA             20022000   0001c000  000013ee  0001ac12  RW X


SEGMENT ALLOCATION MAP

run origin  load origin   length   init length attrs members
----------  ----------- ---------- ----------- ----- -------
20004000    20004000    00017138   00017138    r-x
  20004000    20004000    00000400   00000400    r-- .intvecs
  20004400    20004400    00016586   00016586    r-x .text
  2001a988    2001a988    00000734   00000734    r-- .const
  2001b0c0    2001b0c0    00000078   00000078    r-- .cinit
20022000    20022000    00000bf0   00000000    rw-
  20022000    20022000    00000800   00000000    rw- .sysmem
  20022800    20022800    00000216   00000000    rw- .bss
  20022a18    20022a18    000001d8   00000000    rw- .data
2003d800    2003d800    00000800   00000000    rw-
  2003d800    2003d800    00000800   00000000    rw- .stack


SECTION ALLOCATION MAP

 output                                  attributes/
section   page    origin      length       input sections
--------  ----  ----------  ----------   ----------------
.intvecs   0    20004000    00000400     
                  20004000    00000400     startup_ccs.obj (.intvecs)

.init_array 
*          0    20004000    00000000     UNINITIALIZED

.text      0    20004400    00016586     
                  20004400    0000e234     main.obj (.text)
                  20012634    000010ba     rtsv7M4_T_le_v4SPD16_eabi.lib : _printfi.obj (.text)
                  200136ee    00000002     driverlib.a : interrupt.obj (.text:IntDefaultHandler)
                  200136f0    00000fc4     webclient.a : httpcli.obj (.text)
                  200146b4    000005f0     json.a : jsmn.obj (.text)
                  20014ca4    000005ec     simplelink.a : driver.obj (.text:_SlDrvMsgRead)
                  20015290    000003dc     rtsv7M4_T_le_v4SPD16_eabi.lib : memory.obj (.text)
                  2001566c    000002ea     webclient.a : ssock.obj (.text)
                  20015956    00000002     --HOLE-- [fill = 0]
                  20015958    00000280     uart_if.obj (.text)
                  20015bd8    00000248     simplelink.a : driver.obj (.text:_SlDrvRxHdrRead)
                  20015e20    00000244                  : wlan.obj (.text:sl_WlanConnect)
                  20016064    000001f4     rtsv7M4_T_le_v4SPD16_eabi.lib : ull_div_t2.obj (.text)
                  20016258    000001d0     simplelink.a : driver.obj (.text:_SlDrvReleasePoolObj)
                  20016428    000001cc                  : driver.obj (.text:_SlDrvMsgWrite)
                  200165f4    000001b6     rtsv7M4_T_le_v4SPD16_eabi.lib : fd_add_t2.obj (.text)
                  200167aa    00000002     --HOLE-- [fill = 0]
                  200167ac    00000190     simplelink.a : driver.obj (.text:_SlDrvWaitForPoolObj)
                  2001693c    00000188                  : driver.obj (.text:_SlDrvDriverCBInit)
                  20016ac4    00000170                  : driver.obj (.text:_SlFindAndSetActiveObj)
                  20016c34    00000144                  : cc_pal.obj (.text:spi_Open)
                  20016d78    00000136     rtsv7M4_T_le_v4SPD16_eabi.lib : fd_div_t2.obj (.text)
                  20016eae    00000002     --HOLE-- [fill = 0]
                  20016eb0    00000134     driverlib.a : prcm.obj (.text:PRCMCC3200MCUInit)
                  20016fe4    0000012c     simplelink.a : driver.obj (.text:_SlDrvDataReadOp)
                  20017110    00000114     rtsv7M4_T_le_v4SPD16_eabi.lib : strtoul.obj (.text)
                  20017224    00000110                                   : xdscale.obj (.text)
                  20017334    00000108     simplelink.a : driver.obj (.text:_SlDrvDataWriteOp)
                  2001743c    00000108                  : socket.obj (.text:sl_Connect)
                  20017544    00000108                  : socket.obj (.text:sl_Send)
                  2001764c    00000104                  : netapp.obj (.text:sl_NetAppDnsGetHostByName)
                  20017750    00000100                  : driver.obj (.text:_SlDrvDriverCBDeinit)
                  20017850    000000fe                  : netapp.obj (.text:_SlDrvNetAppEventHandler)
                  2001794e    000000fc     rtsv7M4_T_le_v4SPD16_eabi.lib : fd_mul_t2.obj (.text)
                  20017a4a    00000002     --HOLE-- [fill = 0]
                  20017a4c    000000f0     simplelink.a : cc_pal.obj (.text:spi_Read)
                  20017b3c    000000f0     driverlib.a : udma.obj (.text:uDMAChannelTransferSet)
                  20017c2c    000000d8     simplelink.a : driver.obj (.text:_SlDrvClassifyRxMsg)
                  20017d04    000000d4                  : device.obj (.text:sl_Stop)
                  20017dd8    000000c8                  : netapp.obj (.text:_sl_HandleAsync_DnsGetHostByService)
                  20017ea0    000000c0                  : driver.obj (.text:_SlDrvMsgReadCmdCtx)
                  20017f60    000000c0                  : driver.obj (.text:_SlRemoveFromList)
                  20018020    000000be     rtsv7M4_T_le_v4SPD16_eabi.lib : xdnorm.obj (.text)
                  200180de    00000002     --HOLE-- [fill = 0]
                  200180e0    000000bc     simplelink.a : device.obj (.text:sl_Start)
                  2001819c    000000b8                  : driver.obj (.text:_SlAsyncEventGenericHandler)
                  20018254    000000b4                  : netapp.obj (.text:sl_NetAppMDNSRegisterUnregisterService)
                  20018308    000000a8     driverlib.a : interrupt.obj (.text:IntDisable)
                  200183b0    000000a8                 : interrupt.obj (.text:IntEnable)
                  20018458    000000a0                 : spi.obj (.text:SPIConfigSetExpClk)
                  200184f8    0000009c     simplelink.a : driver.obj (.text:_SlDrvMsgReadSpawnCtx)
                  20018594    0000009c     rtsv7M4_T_le_v4SPD16_eabi.lib : memcpy_t2.obj (.text)
                  20018630    0000009c     simplelink.a : device.obj (.text:sl_DevGet)
                  200186cc    00000098                  : cc_pal.obj (.text:spi_Write)
                  20018764    00000094     driverlib.a : prcm.obj (.text:PRCMPeripheralClockGet)
                  200187f8    0000008c     simplelink.a : cc_pal.obj (.text:SetupDMAReceive)
                  20018884    0000008c                  : cc_pal.obj (.text:SetupDMASend)
                  20018910    0000008c                  : netapp.obj (.text:_sl_HandleAsync_DnsGetHostByName)
                  2001899c    0000008c                  : netapp.obj (.text:_sl_HandleAsync_PingResponse)
                  20018a28    00000088     driverlib.a : pin.obj (.text:PinConfigSet)
                  20018ab0    00000088     rtsv7M4_T_le_v4SPD16_eabi.lib : vsnprintf.obj (.text)
                  20018b38    00000086                                   : fd_cmp_t2.obj (.text:__aeabi_cdcmple)
                  20018bbe    00000086                                   : fd_cmp_t2.obj (.text:__aeabi_cdrcmple)
                  20018c44    00000084     simplelink.a : cc_pal.obj (.text:NwpPowerOnPreamble)
                  20018cc8    00000080                  : driver.obj (.text:_SlDrvCmdOp)
                  20018d48    00000080                  : cc_pal.obj (.text:spi_Read_CPU)
                  20018dc8    00000080                  : cc_pal.obj (.text:spi_Write_CPU)
                  20018e48    0000007c                  : device.obj (.text:_sl_HandleAsync_InitComplete)
                  20018ec4    0000007a     rtsv7M4_T_le_v4SPD16_eabi.lib : memset_t2.obj (.text)
                  20018f3e    00000002     --HOLE-- [fill = 0]
                  20018f40    00000078     simplelink.a : socket.obj (.text:_sl_HandleAsync_Connect)
                  20018fb8    00000078                  : cc_pal.obj (.text:spi_Close)
                  20019030    00000076     driverlib.a : uart.obj (.text:UARTConfigSetExpClk)
                  200190a6    00000002     --HOLE-- [fill = 0]
                  200190a8    00000074     simplelink.a : socket.obj (.text:sl_Recv)
                  2001911c    00000070                  : nonos.obj (.text:_SlNonOsMainLoopTask)
                  2001918c    0000006c                  : driver.obj (.text:_SlDrvCmdSend)
                  200191f8    0000006c     rtsv7M4_T_le_v4SPD16_eabi.lib : autoinit.obj (.text)
                  20019264    0000006a                                   : copy_decompress_rle.obj (.text)
                  200192ce    00000002     --HOLE-- [fill = 0]
                  200192d0    00000068     simplelink.a : netapp.obj (.text:_sl_NetAppSendTokenValue)
                  20019338    00000068                  : netcfg.obj (.text:sl_NetCfgSet)
                  200193a0    00000068                  : socket.obj (.text:sl_SetSockOpt)
                  20019408    00000068                  : wlan.obj (.text:sl_WlanSet)
                  20019470    00000066     rtsv7M4_T_le_v4SPD16_eabi.lib : xdunscal.obj (.text)
                  200194d6    00000002     --HOLE-- [fill = 0]
                  200194d8    00000064     driverlib.a : udma.obj (.text:uDMAChannelAttributeDisable)
                  2001953c    00000064                 : udma.obj (.text:uDMAChannelAttributeEnable)
                  200195a0    00000060     simplelink.a : socket.obj (.text:_sl_HandleAsync_Accept)
                  20019600    00000060     rtsv7M4_T_le_v4SPD16_eabi.lib : sprintf.obj (.text)
                  20019660    00000060     simplelink.a : wlan.obj (.text:sl_WlanPolicySet)
                  200196c0    0000005c                  : nonos.obj (.text:_SlNonOsSemGet)
                  2001971c    0000005c                  : nonos.obj (.text:_SlNonOsSpawn)
                  20019778    0000005c                  : socket.obj (.text:sl_Socket)
                  200197d4    00000058     driverlib.a : interrupt.obj (.text:IntPendClear)
                  2001982c    00000058                 : prcm.obj (.text:PRCMPeripheralReset)
                  20019884    00000056     rtsv7M4_T_le_v4SPD16_eabi.lib : ltoa.obj (.text)
                  200198da    00000002     --HOLE-- [fill = 0]
                  200198dc    00000054     driverlib.a : interrupt.obj (.text:IntPrioritySet)
                  20019930    00000054     simplelink.a : socket.obj (.text:_sl_HandleAsync_Select)
                  20019984    00000054                  : wlan.obj (.text:sl_WlanRxFilterSet)
                  200199d8    00000052     rtsv7M4_T_le_v4SPD16_eabi.lib : ldexp.obj (.text)
                  20019a2a    00000002     --HOLE-- [fill = 0]
                  20019a2c    00000050     simplelink.a : device.obj (.text:_sl_HandleAsync_Stop)
                  20019a7c    00000050     rtsv7M4_T_le_v4SPD16_eabi.lib : boot.obj (.text)
                  20019acc    0000004c     driverlib.a : spi.obj (.text:SPIIntEnable)
                  20019b18    0000004c                 : spi.obj (.text:SPIIntNumberGet)
                  20019b64    0000004c     simplelink.a : driver.obj (.text:_SlDrvProtectAsyncRespSetting)
                  20019bb0    0000004c                  : driver.obj (.text:_SlDrvRxIrqHandler)
                  20019bfc    0000004c                  : socket.obj (.text:_sl_BuildAddress)
                  20019c48    0000004c     rtsv7M4_T_le_v4SPD16_eabi.lib : atoi.obj (.text)
                  20019c94    0000004c                                   : cpy_tbl.obj (.text)
                  20019ce0    0000004c     driverlib.a : udma.obj (.text:uDMAChannelAssign)
                  20019d2c    00000048                 : spi.obj (.text:SPIIntClear)
                  20019d74    00000048     simplelink.a : driver.obj (.text:_SlDrvBasicCmd)
                  20019dbc    00000048     rtsv7M4_T_le_v4SPD16_eabi.lib : fd_toi_t2.obj (.text)
                  20019e04    00000044     driverlib.a : spi.obj (.text:SPIDmaMaskGet)
                  20019e48    00000044     simplelink.a : cc_pal.obj (.text:cc_SetupTransfer)
                  20019e8c    00000044     rtsv7M4_T_le_v4SPD16_eabi.lib : exit.obj (.text)
                  20019ed0    00000042     simplelink.a : socket.obj (.text:sl_Htonl)
                  20019f12    00000002     --HOLE-- [fill = 0]
                  20019f14    00000040     driverlib.a : pin.obj (.text:PinModeSet)
                  20019f54    00000040     rtsv7M4_T_le_v4SPD16_eabi.lib : signal.obj (.text)
                  20019f94    0000003e     simplelink.a : cc_pal.obj (.text:NwpRegisterInterruptHandler)
                  20019fd2    0000003c                  : netapp.obj (.text:CopyPingResultsToReport)
                  2001a00e    00000002     --HOLE-- [fill = 0]
                  2001a010    0000003c     driverlib.a : prcm.obj (.text:PRCMPeripheralClkEnable)
                  2001a04c    0000003c     simplelink.a : socket.obj (.text:_sl_TruncatePayloadByProtocol)
                  2001a088    0000003c                  : socket.obj (.text:sl_Htons)
                  2001a0c4    0000003c     driverlib.a : udma.obj (.text:uDMAChannelControlSet)
                  2001a100    00000038     simplelink.a : cc_pal.obj (.text:NwpPowerOff)
                  2001a138    00000036                  : netapp.obj (.text:sl_NetAppMDNSUnRegisterService)
                  2001a16e    00000002     --HOLE-- [fill = 0]
                  2001a170    00000034     driverlib.a : prcm.obj (.text:PRCMPeripheralStatusGet)
                  2001a1a4    00000034                 : spi.obj (.text:SPIFIFOLevelSet)
                  2001a1d8    00000034     rtsv7M4_T_le_v4SPD16_eabi.lib : feraiseexcept.obj (.text)
                  2001a20c    00000030     driverlib.a : uart.obj (.text:UARTDisable)
                  2001a23c    00000030     simplelink.a : device.obj (.text:_SlDrvDeviceEventHandler)
                  2001a26c    00000030     rtsv7M4_T_le_v4SPD16_eabi.lib : xdclass.obj (.text)
                  2001a29c    00000030                                   : xferaise.obj (.text)
                  2001a2cc    00000030     simplelink.a : socket.obj (.text:sl_Close)
                  2001a2fc    00000030                  : wlan.obj (.text:sl_WlanProfileDel)
                  2001a32c    00000030                  : wlan.obj (.text:sl_WlanSetMode)
                  2001a35c    0000002e     rtsv7M4_T_le_v4SPD16_eabi.lib : i_tofd_t2.obj (.text)
                  2001a38a    0000002e                                   : raise.obj (.text)
                  2001a3b8    0000002c     simplelink.a : cc_pal.obj (.text:NwpPowerOn)
                  2001a3e4    0000002c     driverlib.a : prcm.obj (.text:PRCMSysResetCauseGet)
                  2001a410    0000002a     rtsv7M4_T_le_v4SPD16_eabi.lib : frexp.obj (.text)
                  2001a43a    00000002     --HOLE-- [fill = 0]
                  2001a43c    00000028     driverlib.a : prcm.obj (.text:PRCMPeripheralClkDisable)
                  2001a464    00000026     rtsv7M4_T_le_v4SPD16_eabi.lib : strncmp.obj (.text)
                  2001a48a    00000002     --HOLE-- [fill = 0]
                  2001a48c    00000024     simplelink.a : cc_pal.obj (.text:DmaSpiSwIntHandler)
                  2001a4b0    00000024     driverlib.a : interrupt.obj (.text:IntUnregister)
                  2001a4d4    00000024                 : uart.obj (.text:UARTEnable)
                  2001a4f8    00000024     simplelink.a : driver.obj (.text:_SlDrvProtectionObjLockWaitForever)
                  2001a51c    00000024     rtsv7M4_T_le_v4SPD16_eabi.lib : memmov.obj (.text)
                  2001a540    00000022     driverlib.a : spi.obj (.text:SPIReset)
                  2001a562    00000022                 : spi.obj (.text:SPIWordCountSet)
                  2001a584    00000020                 : interrupt.obj (.text:IntRegister)
                  2001a5a4    00000020     simplelink.a : driver.obj (.text:_SlDrvProtectionObjUnLock)
                  2001a5c4    0000001e     driverlib.a : uart.obj (.text:UARTCharPut)
                  2001a5e2    0000001e     simplelink.a : driver.obj (.text:_SlDrvObjLockWaitForever)
                  2001a600    0000001e                  : driver.obj (.text:_SlDrvSyncObjWaitForever)
                  2001a61e    0000001e                  : cc_pal.obj (.text:cc_UDMAChannelSelect)
                  2001a63c    0000001c     driverlib.a : uart.obj (.text:UARTCharGetNonBlocking)
                  2001a658    0000001c     pinmux.obj (.text)
                  2001a674    0000001c     rtsv7M4_T_le_v4SPD16_eabi.lib : memccpy.obj (.text)
                  2001a690    0000001c     driverlib.a : udma.obj (.text:uDMAChannelEnable)
                  2001a6ac    0000001a                 : pin.obj (.text:PinTypeUART)
                  2001a6c6    0000001a                 : spi.obj (.text:SPIDmaDisable)
                  2001a6e0    0000001a                 : spi.obj (.text:SPIDmaEnable)
                  2001a6fa    0000001a                 : spi.obj (.text:SPIFIFODisable)
                  2001a714    0000001a                 : spi.obj (.text:SPIFIFOEnable)
                  2001a72e    0000001a                 : spi.obj (.text:SPIIntUnregister)
                  2001a748    0000001a     simplelink.a : driver.obj (.text:_SlDrvObjUnLock)
                  2001a762    0000001a                  : driver.obj (.text:_SlDrvSyncObjSignal)
                  2001a77c    00000018     driverlib.a : spi.obj (.text:SPICSDisable)
                  2001a794    00000018                 : spi.obj (.text:SPICSEnable)
                  2001a7ac    00000018                 : spi.obj (.text:SPIDisable)
                  2001a7c4    00000018                 : spi.obj (.text:SPIEnable)
                  2001a7dc    00000018                 : uart.obj (.text:UARTCharsAvail)
                  2001a7f4    00000018     simplelink.a : nonos.obj (.text:_SlNonOsSemSet)
                  2001a80c    00000018                  : device.obj (.text:_sl_GetStartResponseConvert)
                  2001a824    00000018     rtsv7M4_T_le_v4SPD16_eabi.lib : args_main.obj (.text)
                  2001a83c    00000018                                   : strcmp.obj (.text)
                  2001a854    00000016     driverlib.a : prcm.obj (.text:PRCMHIBRegRead)
                  2001a86a    00000016                 : prcm.obj (.text:PRCMHIBRegWrite)
                  2001a880    00000016     simplelink.a : driver.obj (.text:_SlDrvMemZero)
                  2001a896    00000016     rtsv7M4_T_le_v4SPD16_eabi.lib : strchr.obj (.text)
                  2001a8ac    00000014     driverlib.a : cpu.obj (.text:CPUcpsie)
                  2001a8c0    00000014                 : interrupt.obj (.text:IntVTableBaseSet)
                  2001a8d4    00000014     rtsv7M4_T_le_v4SPD16_eabi.lib : _lock.obj (.text)
                  2001a8e8    00000014                                   : strcpy.obj (.text)
                  2001a8fc    00000014                                   : strlen.obj (.text)
                  2001a910    0000000e     simplelink.a : driver.obj (.text:_SlDrvResetCmdExt)
                  2001a91e    0000000e     rtsv7M4_T_le_v4SPD16_eabi.lib : copy_decompress_none.obj (.text:decompress:none)
                  2001a92c    0000000e     startup_ccs.obj (.text)
                  2001a93a    00000002     --HOLE-- [fill = 0]
                  2001a93c    0000000c     simplelink.a : cc_pal.obj (.text:NwpMaskInterrupt)
                  2001a948    0000000c                  : cc_pal.obj (.text:NwpUnMaskInterrupt)
                  2001a954    0000000c     rtsv7M4_T_le_v4SPD16_eabi.lib : copy_zero_init.obj (.text:decompress:ZI)
                  2001a960    0000000c     simplelink.a : wlan.obj (.text:sl_WlanDisconnect)
                  2001a96c    0000000a     driverlib.a : interrupt.obj (.text:IntMasterEnable)
                  2001a976    00000006                 : utils.obj (.text:UtilsDelay)
                  2001a97c    00000006     rtsv7M4_T_le_v4SPD16_eabi.lib : copy_decompress_rle.obj (.text:decompress:rle24)
                  2001a982    00000004                                   : pre_init.obj (.text)

.const     0    2001a988    00000734     
                  2001a988    00000101     rtsv7M4_T_le_v4SPD16_eabi.lib : ctype.obj (.const:.string:_ctypes_)
                  2001aa89    00000003     --HOLE-- [fill = 0]
                  2001aa8c    00000100     driverlib.a : pin.obj (.const:g_ulPinToPadMap)
                  2001ab8c    000000d4                 : interrupt.obj (.const:g_pulRegs)
                  2001ac60    000000b0     simplelink.a : wlan.obj (.const:$P$T0$1)
                  2001ad10    000000a8     driverlib.a : prcm.obj (.const:PRCM_PeriphRegsList)
                  2001adb8    00000080                 : interrupt.obj (.const)
                  2001ae38    00000040     main.obj (.const)
                  2001ae78    0000003c     simplelink.a : driver.obj (.const:OpcodeTranslateTable)
                  2001aeb4    0000003c                  : wlan.obj (.const)
                  2001aef0    00000038                  : driver.obj (.const:_SlActionLookupTable)
                  2001af28    00000034                  : driver.obj (.const)
                  2001af5c    00000034                  : socket.obj (.const)
                  2001af90    0000002c     main.obj (.const:$P$T1$2)
                  2001afbc    0000002c     main.obj (.const:.string)
                  2001afe8    00000028     simplelink.a : netapp.obj (.const)
                  2001b010    00000024     driverlib.a : spi.obj (.const:g_ppulSPIIntMap)
                  2001b034    00000022     main.obj (.const:.string:$P$T0$1)
                  2001b056    00000002     --HOLE-- [fill = 0]
                  2001b058    00000018     driverlib.a : spi.obj (.const)
                  2001b070    00000014     simplelink.a : device.obj (.const)
                  2001b084    00000010                  : socket.obj (.const:.string)
                  2001b094    00000010     webclient.a : httpcli.obj (.const)
                  2001b0a4    00000008     simplelink.a : device.obj (.const:.string)
                  2001b0ac    00000008     webclient.a : httpcli.obj (.const:.string)
                  2001b0b4    00000008     simplelink.a : netcfg.obj (.const)

.cinit     0    2001b0c0    00000078     
                  2001b0c0    0000004e     (.cinit..data.load) [load image, compression = rle]
                  2001b10e    00000002     --HOLE-- [fill = 0]
                  2001b110    0000000c     (__TI_handler_table)
                  2001b11c    00000004     --HOLE-- [fill = 0]
                  2001b120    00000008     (.cinit..bss.load) [load image, compression = zero_init]
                  2001b128    00000010     (__TI_cinit_table)

.sysmem    0    20022000    00000800     UNINITIALIZED
                  20022000    00000008     rtsv7M4_T_le_v4SPD16_eabi.lib : memory.obj (.sysmem)
                  20022008    000007f8     --HOLE--

.bss       0    20022800    00000216     UNINITIALIZED
                  20022800    00000168     simplelink.a : driver.obj (.bss:g_StatMem)
                  20022968    00000050                  : cc_pal.obj (.bss:g_ucDinDout)
                  200229b8    00000028                  : nonos.obj (.bss:g__SlNonOsCB)
                  200229e0    00000024     main.obj (.bss:g_ucConnectionSSID)
                  20022a04    00000008     (.common:g_ucConnectionBSSID)
                  20022a0c    00000004     (.common:__Errorlog)
                  20022a10    00000004     (.common:g_ulDestinationIP)
                  20022a14    00000001     (.common:RxIrqCnt)
                  20022a15    00000001     (.common:g_cDummy)

.TI.noinit 
*          0    20022800    00000000     UNINITIALIZED

.data      0    20022a18    000001d8     UNINITIALIZED
                  20022a18    000000b0     rtsv7M4_T_le_v4SPD16_eabi.lib : signal.obj (.data:sigtable)
                  20022ac8    00000080                                   : xvalues.obj (.data)
                  20022b48    00000048     webclient.a : httpcli.obj (.data:tlsParams)
                  20022b90    00000010                 : httpcli.obj (.data)
                  20022ba0    0000000c     main.obj (.data)
                  20022bac    0000000c     rtsv7M4_T_le_v4SPD16_eabi.lib : memory.obj (.data)
                  20022bb8    00000009     simplelink.a : cc_pal.obj (.data)
                  20022bc1    00000003     --HOLE--
                  20022bc4    00000009                  : driver.obj (.data)
                  20022bcd    00000003     --HOLE--
                  20022bd0    00000008     rtsv7M4_T_le_v4SPD16_eabi.lib : _lock.obj (.data)
                  20022bd8    00000008                                   : exit.obj (.data)
                  20022be0    00000008                                   : feraiseexcept.obj (.data)
                  20022be8    00000004                                   : errno.obj (.data)
                  20022bec    00000004                                   : stkdepth_vars.obj (.data)

.TI.persistent 
*          0    20022a18    00000000     UNINITIALIZED

.stack     0    2003d800    00000800     UNINITIALIZED
                  2003d800    00000800     --HOLE--


LINKER GENERATED COPY TABLES

__TI_cinit_table @ 2001b128 records: 2, size/record: 8, table size: 16
	.data: load addr=2001b0c0, load size=0000004e bytes, run addr=20022a18, run size=000001d8 bytes, compression=rle
	.bss: load addr=2001b120, load size=00000008 bytes, run addr=20022800, run size=00000216 bytes, compression=zero_init


LINKER GENERATED HANDLER TABLE

__TI_handler_table @ 2001b110 records: 3, size/record: 4, table size: 12
	index: 0, handler: __TI_decompress_rle24
	index: 1, handler: __TI_decompress_none
	index: 2, handler: __TI_zero_init


GLOBAL SYMBOLS: SORTED ALPHABETICALLY BY Name 

address   name                                  
-------   ----                                  
20019e8d  C$$EXIT                               
2001a8ad  CPUcpsie                              
20015999  ClearTerm                             
20019fd3  CopyPingResultsToReport               
2001a48d  DmaSpiSwIntHandler                    
200159a3  Error                                 
200159db  GetCmd                                
2001401b  HTTPCli_connect                       
2001413d  HTTPCli_construct                     
20014185  HTTPCli_create                        
2001419d  HTTPCli_delete                        
200141d3  HTTPCli_destruct                      
2001421b  HTTPCli_disconnect                    
20014451  HTTPCli_getResponseField              
2001441b  HTTPCli_getResponseStatus             
20013f0d  HTTPCli_initSockAddr                  
20014661  HTTPCli_readRawResponseBody           
200145d5  HTTPCli_readResponseBody              
2001438b  HTTPCli_sendField                     
200142bd  HTTPCli_sendRequest                   
200143e3  HTTPCli_sendRequestBody               
200146a1  HTTPCli_setProxy                      
20014251  HTTPCli_setRequestFields              
20014277  HTTPCli_setResponseFields             
2001429d  HTTPCli_setSecureParams               
20015959  InitTerm                              
20018309  IntDisable                            
200183b1  IntEnable                             
2001a96d  IntMasterEnable                       
200197d5  IntPendClear                          
200198dd  IntPrioritySet                        
2001a585  IntRegister                           
2001a4b1  IntUnregister                         
2001a8c1  IntVTableBaseSet                      
20015977  Message                               
2001a93d  NwpMaskInterrupt                      
2001a101  NwpPowerOff                           
2001a3b9  NwpPowerOn                            
20018c45  NwpPowerOnPreamble                    
20019f95  NwpRegisterInterruptHandler           
2001a949  NwpUnMaskInterrupt                    
2001ae78  OpcodeTranslateTable                  
20016eb1  PRCMCC3200MCUInit                     
2001a855  PRCMHIBRegRead                        
2001a86b  PRCMHIBRegWrite                       
2001a43d  PRCMPeripheralClkDisable              
2001a011  PRCMPeripheralClkEnable               
20018765  PRCMPeripheralClockGet                
2001982d  PRCMPeripheralReset                   
2001a171  PRCMPeripheralStatusGet               
2001a3e5  PRCMSysResetCauseGet                  
20004cdd  ParseJSONData                         
20018a29  PinConfigSet                          
20019f15  PinModeSet                            
2001a659  PinMuxConfig                          
2001a6ad  PinTypeUART                           
20015b19  Report                                
2001a92d  ResetISR                              
20022a14  RxIrqCnt                              
2001af38  RxMsgClassLUT                         
UNDEFED   SHT$$INIT_ARRAY$$Base                 
UNDEFED   SHT$$INIT_ARRAY$$Limit                
2001a77d  SPICSDisable                          
2001a795  SPICSEnable                           
20018459  SPIConfigSetExpClk                    
2001a7ad  SPIDisable                            
2001a6c7  SPIDmaDisable                         
2001a6e1  SPIDmaEnable                          
2001a7c5  SPIEnable                             
2001a6fb  SPIFIFODisable                        
2001a715  SPIFIFOEnable                         
2001a1a5  SPIFIFOLevelSet                       
20019d2d  SPIIntClear                           
20019acd  SPIIntEnable                          
2001a72f  SPIIntUnregister                      
2001a541  SPIReset                              
2001a563  SPIWordCountSet                       
200045c9  SimpleLinkGeneralEventHandler         
200045a1  SimpleLinkHttpServerCallback          
20004509  SimpleLinkNetAppEventHandler          
200045df  SimpleLinkSockEventHandler            
20004401  SimpleLinkWlanEventHandler            
20015685  Ssock_construct                       
200156c5  Ssock_create                          
200156df  Ssock_delete                          
20015707  Ssock_destruct                        
20015759  Ssock_getSocket                       
20015767  Ssock_recv                            
200157c1  Ssock_recvall                         
20015805  Ssock_send                            
2001591f  Ssock_startSecure                     
2001b0a4  StartResponseLUT                      
20015a81  TrimSpace                             
2001a63d  UARTCharGetNonBlocking                
2001a5c5  UARTCharPut                           
2001a7dd  UARTCharsAvail                        
20019031  UARTConfigSetExpClk                   
2001a20d  UARTDisable                           
2001a4d5  UARTEnable                            
2001a977  UtilsDelay                            
2001a26d  _Dclass                               
20022ac8  _Denorm                               
20018021  _Dnorm                                
20017225  _Dscale                               
20019471  _Dunscale                             
20022ad8  _Eps                                  
20022be8  _Errno                                
20022be0  _Fenv                                 
2001a29d  _Feraise                              
20022ae8  _Hugeval                              
20022af8  _Inf                                  
20022b08  _Nan                                  
20022b28  _Rteps                                
2001af70  _SlAcceptCmdCtrl                      
2001aef0  _SlActionLookupTable                  
2001819d  _SlAsyncEventGenericHandler           
2001b07c  _SlDeviceGetCmdCtrl                   
2001b080  _SlDeviceSetCmdCtrl                   
20019d75  _SlDrvBasicCmd                        
20017c2d  _SlDrvClassifyRxMsg                   
20018cc9  _SlDrvCmdOp                           
2001918d  _SlDrvCmdSend                         
20016fe5  _SlDrvDataReadOp                      
20017335  _SlDrvDataWriteOp                     
2001a23d  _SlDrvDeviceEventHandler              
20017751  _SlDrvDriverCBDeinit                  
2001693d  _SlDrvDriverCBInit                    
2001a881  _SlDrvMemZero                         
20014ca5  _SlDrvMsgRead                         
20017ea1  _SlDrvMsgReadCmdCtx                   
200184f9  _SlDrvMsgReadSpawnCtx                 
20016429  _SlDrvMsgWrite                        
20017851  _SlDrvNetAppEventHandler              
2001a5e3  _SlDrvObjLockWaitForever              
2001a749  _SlDrvObjUnLock                       
20019b65  _SlDrvProtectAsyncRespSetting         
2001a4f9  _SlDrvProtectionObjLockWaitForever    
2001a5a5  _SlDrvProtectionObjUnLock             
20016259  _SlDrvReleasePoolObj                  
2001a911  _SlDrvResetCmdExt                     
20015bd9  _SlDrvRxHdrRead                       
20019bb1  _SlDrvRxIrqHandler                    
2001a763  _SlDrvSyncObjSignal                   
2001a601  _SlDrvSyncObjWaitForever              
200167ad  _SlDrvWaitForPoolObj                  
2001b078  _SlEventMaskGetCmdCtrl                
2001b074  _SlEventMaskSetCmdCtrl                
20016ac5  _SlFindAndSetActiveObj                
2001affc  _SlGetHostByNameCtrl                  
2001aff8  _SlGetHostByServiceCtrl               
2001aff0  _SlGetServiceListeCtrl                
2001af7c  _SlGetSockOptCmdCtrl                  
2001af6c  _SlListenCmdCtrl                      
2001b008  _SlNetAppGetCmdCtrl                   
2001b004  _SlNetAppSendTokenValueCmdCtrl        
2001b000  _SlNetAppSetCmdCtrl                   
2001afe8  _SlNetAppStartCtrl                    
2001afec  _SlNetAppStopCtrl                     
2001b0b8  _SlNetCfgGetCmdCtrl                   
2001b0b4  _SlNetCfgSetCmdCtrl                   
2001911d  _SlNonOsMainLoopTask                  
200196c1  _SlNonOsSemGet                        
2001a7f5  _SlNonOsSemSet                        
2001971d  _SlNonOsSpawn                         
2001b084  _SlPayloadByProtocolLUT               
2001aeb8  _SlPolicyGetCmdCtrl                   
2001aeb4  _SlPolicySetCmdCtrl                   
2001aec0  _SlProfileDelCmdCtrl                  
2001aebc  _SlProfileGetCmdCtrl                  
2001af74  _SlRecvCmdCtrl                        
2001af64  _SlRecvfomCmdCtrl                     
2001aff4  _SlRegisterServiceCtrl                
20017f61  _SlRemoveFromList                     
2001aec8  _SlRxFilterAddtCmdCtrl                
2001aed0  _SlRxFilterGetCmdCtrl                 
2001aecc  _SlRxFilterSetCmdCtrl                 
2001af80  _SlSelectCmdCtrl                      
2001af68  _SlSendCmdCtrl                        
2001af78  _SlSetSockOptCmdCtrl                  
2001aed4  _SlSmartConfigStartCmdCtrl            
2001af60  _SlSockCloseCmdCtrl                   
2001af5c  _SlSockSocketCmdCtrl                  
2001b070  _SlStopCmdCtrl                        
2001aee0  _SlWlanCfgGetCmdCtrl                  
2001aedc  _SlWlanCfgSetCmdCtrl                  
2001aec4  _SlWlanGetNetworkListCtrl             
2001aed8  _SlWlanSetModeCmdCtrl                 
20022b18  _Snan                                 
20022be4  _Tls_setup__Fenv                      
20022b38  _Xbig                                 
20022b40  _Zero                                 
2003e000  __STACK_END                           
00000800  __STACK_SIZE                          
00000800  __SYSMEM_SIZE                         
2001b128  __TI_CINIT_Base                       
2001b138  __TI_CINIT_Limit                      
2001b110  __TI_Handler_Table_Base               
2001b11c  __TI_Handler_Table_Limit              
200191f9  __TI_auto_init                        
20022bd8  __TI_cleanup_ptr                      
2001a91f  __TI_decompress_none                  
2001a97d  __TI_decompress_rle24                 
20022bdc  __TI_dtors_ptr                        
200133e9  __TI_printfi                          
2001b0c0  __TI_static_base__                    
2001a955  __TI_zero_init                        
20018b39  __aeabi_cdcmpeq                       
20018b39  __aeabi_cdcmple                       
20018bbf  __aeabi_cdrcmple                      
20019dbd  __aeabi_d2iz                          
200165ff  __aeabi_dadd                          
20016d79  __aeabi_ddiv                          
2001794f  __aeabi_dmul                          
200165f5  __aeabi_dsub                          
2001a35d  __aeabi_i2d                           
20018ec5  __aeabi_memclr                        
20018ec5  __aeabi_memclr4                       
20018ec5  __aeabi_memclr8                       
20018595  __aeabi_memcpy                        
20018595  __aeabi_memcpy4                       
20018595  __aeabi_memcpy8                       
20018ec7  __aeabi_memset                        
20018ec7  __aeabi_memset4                       
20018ec7  __aeabi_memset8                       
20016065  __aeabi_uldivmod                      
ffffffff  __binit__                             
ffffffff  __c_args__                            
2003d800  __stack                               
2001a825  _args_main                            
20019a7d  _c_int00                              
2001a988  _ctypes_                              
20022bd0  _lock                                 
2001a8e3  _nop                                  
2001a8db  _register_lock                        
2001a8d5  _register_unlock                      
20019bfd  _sl_BuildAddress                      
2001a80d  _sl_GetStartResponseConvert           
200195a1  _sl_HandleAsync_Accept                
20018f41  _sl_HandleAsync_Connect               
20018911  _sl_HandleAsync_DnsGetHostByName      
20017dd9  _sl_HandleAsync_DnsGetHostByService   
20018e49  _sl_HandleAsync_InitComplete          
2001899d  _sl_HandleAsync_PingResponse          
20019931  _sl_HandleAsync_Select                
20019a2d  _sl_HandleAsync_Stop                  
200192d1  _sl_NetAppSendTokenValue              
2001a04d  _sl_TruncatePayloadByProtocol         
20022000  _sys_memory                           
2001a983  _system_pre_init                      
20022bd4  _unlock                               
20019e91  abort                                 
20019c49  atoi                                  
ffffffff  binit                                 
20013737  bufferedRecv                          
20022ba8  bytesReceived                         
20015639  calloc                                
20019c95  copy_in                               
20019e99  exit                                  
2001a1d9  feraiseexcept                         
20015387  free                                  
2001a411  frexp                                 
20022bcc  gFirstCmdMode                         
2001af30  g_H2NCnysPattern                      
2001af28  g_H2NSyncPattern                      
20022bb8  g_SpiFd                               
20022800  g_StatMem                             
200229b8  g__SlNonOsCB                          
20022a15  g_cDummy                              
20022bc4  g_pCB                                 
20022bbc  g_pHostIntHdl                         
20004000  g_pfnVectors                          
20022a04  g_ucConnectionBSSID                   
200229e0  g_ucConnectionSSID                    
20022bc0  g_ucDMAEnabled                        
20022968  g_ucDinDout                           
20022a10  g_ulDestinationIP                     
20022ba4  g_ulGatewayIP                         
20022ba0  g_ulStatus                            
20014c87  jsmn_init                             
20014975  jsmn_parse                            
200199d9  ldexp                                 
20019885  ltoa                                  
200124c7  main                                  
20022bec  main_func_sp                          
2001531f  malloc                                
20015555  memalign                              
2001a675  memccpy                               
20018595  memcpy                                
2001a51d  memmove                               
20018ecd  memset                                
20015291  minit                                 
20022bc8  pPingCallBackFunc                     
2001a38b  raise                                 
20015449  realloc                               
20019f55  signal                                
2001a2cd  sl_Close                              
2001743d  sl_Connect                            
20018631  sl_DevGet                             
20019ed1  sl_Htonl                              
2001a089  sl_Htons                              
2001764d  sl_NetAppDnsGetHostByName             
20018255  sl_NetAppMDNSRegisterUnregisterService
2001a139  sl_NetAppMDNSUnRegisterService        
20019339  sl_NetCfgSet                          
200190a9  sl_Recv                               
20017545  sl_Send                               
200193a1  sl_SetSockOpt                         
20019779  sl_Socket                             
200180e1  sl_Start                              
20017d05  sl_Stop                               
20015e21  sl_WlanConnect                        
2001a961  sl_WlanDisconnect                     
20019661  sl_WlanPolicySet                      
2001a2fd  sl_WlanProfileDel                     
20019985  sl_WlanRxFilterSet                    
20019409  sl_WlanSet                            
2001a32d  sl_WlanSetMode                        
20018fb9  spi_Close                             
20016c35  spi_Open                              
20017a4d  spi_Read                              
200186cd  spi_Write                             
20019601  sprintf                               
2001a897  strchr                                
2001a83d  strcmp                                
2001a8e9  strcpy                                
2001a8fd  strlen                                
2001a465  strncmp                               
20017111  strtoul                               
20019ce1  uDMAChannelAssign                     
200194d9  uDMAChannelAttributeDisable           
2001953d  uDMAChannelAttributeEnable            
2001a0c5  uDMAChannelControlSet                 
2001a691  uDMAChannelEnable                     
20017b3d  uDMAChannelTransferSet                
20018ab1  vsnprintf                             


GLOBAL SYMBOLS: SORTED BY Symbol Address 

address   name                                  
-------   ----                                  
00000800  __STACK_SIZE                          
00000800  __SYSMEM_SIZE                         
20004000  g_pfnVectors                          
20004401  SimpleLinkWlanEventHandler            
20004509  SimpleLinkNetAppEventHandler          
200045a1  SimpleLinkHttpServerCallback          
200045c9  SimpleLinkGeneralEventHandler         
200045df  SimpleLinkSockEventHandler            
20004cdd  ParseJSONData                         
200124c7  main                                  
200133e9  __TI_printfi                          
20013737  bufferedRecv                          
20013f0d  HTTPCli_initSockAddr                  
2001401b  HTTPCli_connect                       
2001413d  HTTPCli_construct                     
20014185  HTTPCli_create                        
2001419d  HTTPCli_delete                        
200141d3  HTTPCli_destruct                      
2001421b  HTTPCli_disconnect                    
20014251  HTTPCli_setRequestFields              
20014277  HTTPCli_setResponseFields             
2001429d  HTTPCli_setSecureParams               
200142bd  HTTPCli_sendRequest                   
2001438b  HTTPCli_sendField                     
200143e3  HTTPCli_sendRequestBody               
2001441b  HTTPCli_getResponseStatus             
20014451  HTTPCli_getResponseField              
200145d5  HTTPCli_readResponseBody              
20014661  HTTPCli_readRawResponseBody           
200146a1  HTTPCli_setProxy                      
20014975  jsmn_parse                            
20014c87  jsmn_init                             
20014ca5  _SlDrvMsgRead                         
20015291  minit                                 
2001531f  malloc                                
20015387  free                                  
20015449  realloc                               
20015555  memalign                              
20015639  calloc                                
20015685  Ssock_construct                       
200156c5  Ssock_create                          
200156df  Ssock_delete                          
20015707  Ssock_destruct                        
20015759  Ssock_getSocket                       
20015767  Ssock_recv                            
200157c1  Ssock_recvall                         
20015805  Ssock_send                            
2001591f  Ssock_startSecure                     
20015959  InitTerm                              
20015977  Message                               
20015999  ClearTerm                             
200159a3  Error                                 
200159db  GetCmd                                
20015a81  TrimSpace                             
20015b19  Report                                
20015bd9  _SlDrvRxHdrRead                       
20015e21  sl_WlanConnect                        
20016065  __aeabi_uldivmod                      
20016259  _SlDrvReleasePoolObj                  
20016429  _SlDrvMsgWrite                        
200165f5  __aeabi_dsub                          
200165ff  __aeabi_dadd                          
200167ad  _SlDrvWaitForPoolObj                  
2001693d  _SlDrvDriverCBInit                    
20016ac5  _SlFindAndSetActiveObj                
20016c35  spi_Open                              
20016d79  __aeabi_ddiv                          
20016eb1  PRCMCC3200MCUInit                     
20016fe5  _SlDrvDataReadOp                      
20017111  strtoul                               
20017225  _Dscale                               
20017335  _SlDrvDataWriteOp                     
2001743d  sl_Connect                            
20017545  sl_Send                               
2001764d  sl_NetAppDnsGetHostByName             
20017751  _SlDrvDriverCBDeinit                  
20017851  _SlDrvNetAppEventHandler              
2001794f  __aeabi_dmul                          
20017a4d  spi_Read                              
20017b3d  uDMAChannelTransferSet                
20017c2d  _SlDrvClassifyRxMsg                   
20017d05  sl_Stop                               
20017dd9  _sl_HandleAsync_DnsGetHostByService   
20017ea1  _SlDrvMsgReadCmdCtx                   
20017f61  _SlRemoveFromList                     
20018021  _Dnorm                                
200180e1  sl_Start                              
2001819d  _SlAsyncEventGenericHandler           
20018255  sl_NetAppMDNSRegisterUnregisterService
20018309  IntDisable                            
200183b1  IntEnable                             
20018459  SPIConfigSetExpClk                    
200184f9  _SlDrvMsgReadSpawnCtx                 
20018595  __aeabi_memcpy                        
20018595  __aeabi_memcpy4                       
20018595  __aeabi_memcpy8                       
20018595  memcpy                                
20018631  sl_DevGet                             
200186cd  spi_Write                             
20018765  PRCMPeripheralClockGet                
20018911  _sl_HandleAsync_DnsGetHostByName      
2001899d  _sl_HandleAsync_PingResponse          
20018a29  PinConfigSet                          
20018ab1  vsnprintf                             
20018b39  __aeabi_cdcmpeq                       
20018b39  __aeabi_cdcmple                       
20018bbf  __aeabi_cdrcmple                      
20018c45  NwpPowerOnPreamble                    
20018cc9  _SlDrvCmdOp                           
20018e49  _sl_HandleAsync_InitComplete          
20018ec5  __aeabi_memclr                        
20018ec5  __aeabi_memclr4                       
20018ec5  __aeabi_memclr8                       
20018ec7  __aeabi_memset                        
20018ec7  __aeabi_memset4                       
20018ec7  __aeabi_memset8                       
20018ecd  memset                                
20018f41  _sl_HandleAsync_Connect               
20018fb9  spi_Close                             
20019031  UARTConfigSetExpClk                   
200190a9  sl_Recv                               
2001911d  _SlNonOsMainLoopTask                  
2001918d  _SlDrvCmdSend                         
200191f9  __TI_auto_init                        
200192d1  _sl_NetAppSendTokenValue              
20019339  sl_NetCfgSet                          
200193a1  sl_SetSockOpt                         
20019409  sl_WlanSet                            
20019471  _Dunscale                             
200194d9  uDMAChannelAttributeDisable           
2001953d  uDMAChannelAttributeEnable            
200195a1  _sl_HandleAsync_Accept                
20019601  sprintf                               
20019661  sl_WlanPolicySet                      
200196c1  _SlNonOsSemGet                        
2001971d  _SlNonOsSpawn                         
20019779  sl_Socket                             
200197d5  IntPendClear                          
2001982d  PRCMPeripheralReset                   
20019885  ltoa                                  
200198dd  IntPrioritySet                        
20019931  _sl_HandleAsync_Select                
20019985  sl_WlanRxFilterSet                    
200199d9  ldexp                                 
20019a2d  _sl_HandleAsync_Stop                  
20019a7d  _c_int00                              
20019acd  SPIIntEnable                          
20019b65  _SlDrvProtectAsyncRespSetting         
20019bb1  _SlDrvRxIrqHandler                    
20019bfd  _sl_BuildAddress                      
20019c49  atoi                                  
20019c95  copy_in                               
20019ce1  uDMAChannelAssign                     
20019d2d  SPIIntClear                           
20019d75  _SlDrvBasicCmd                        
20019dbd  __aeabi_d2iz                          
20019e8d  C$$EXIT                               
20019e91  abort                                 
20019e99  exit                                  
20019ed1  sl_Htonl                              
20019f15  PinModeSet                            
20019f55  signal                                
20019f95  NwpRegisterInterruptHandler           
20019fd3  CopyPingResultsToReport               
2001a011  PRCMPeripheralClkEnable               
2001a04d  _sl_TruncatePayloadByProtocol         
2001a089  sl_Htons                              
2001a0c5  uDMAChannelControlSet                 
2001a101  NwpPowerOff                           
2001a139  sl_NetAppMDNSUnRegisterService        
2001a171  PRCMPeripheralStatusGet               
2001a1a5  SPIFIFOLevelSet                       
2001a1d9  feraiseexcept                         
2001a20d  UARTDisable                           
2001a23d  _SlDrvDeviceEventHandler              
2001a26d  _Dclass                               
2001a29d  _Feraise                              
2001a2cd  sl_Close                              
2001a2fd  sl_WlanProfileDel                     
2001a32d  sl_WlanSetMode                        
2001a35d  __aeabi_i2d                           
2001a38b  raise                                 
2001a3b9  NwpPowerOn                            
2001a3e5  PRCMSysResetCauseGet                  
2001a411  frexp                                 
2001a43d  PRCMPeripheralClkDisable              
2001a465  strncmp                               
2001a48d  DmaSpiSwIntHandler                    
2001a4b1  IntUnregister                         
2001a4d5  UARTEnable                            
2001a4f9  _SlDrvProtectionObjLockWaitForever    
2001a51d  memmove                               
2001a541  SPIReset                              
2001a563  SPIWordCountSet                       
2001a585  IntRegister                           
2001a5a5  _SlDrvProtectionObjUnLock             
2001a5c5  UARTCharPut                           
2001a5e3  _SlDrvObjLockWaitForever              
2001a601  _SlDrvSyncObjWaitForever              
2001a63d  UARTCharGetNonBlocking                
2001a659  PinMuxConfig                          
2001a675  memccpy                               
2001a691  uDMAChannelEnable                     
2001a6ad  PinTypeUART                           
2001a6c7  SPIDmaDisable                         
2001a6e1  SPIDmaEnable                          
2001a6fb  SPIFIFODisable                        
2001a715  SPIFIFOEnable                         
2001a72f  SPIIntUnregister                      
2001a749  _SlDrvObjUnLock                       
2001a763  _SlDrvSyncObjSignal                   
2001a77d  SPICSDisable                          
2001a795  SPICSEnable                           
2001a7ad  SPIDisable                            
2001a7c5  SPIEnable                             
2001a7dd  UARTCharsAvail                        
2001a7f5  _SlNonOsSemSet                        
2001a80d  _sl_GetStartResponseConvert           
2001a825  _args_main                            
2001a83d  strcmp                                
2001a855  PRCMHIBRegRead                        
2001a86b  PRCMHIBRegWrite                       
2001a881  _SlDrvMemZero                         
2001a897  strchr                                
2001a8ad  CPUcpsie                              
2001a8c1  IntVTableBaseSet                      
2001a8d5  _register_unlock                      
2001a8db  _register_lock                        
2001a8e3  _nop                                  
2001a8e9  strcpy                                
2001a8fd  strlen                                
2001a911  _SlDrvResetCmdExt                     
2001a91f  __TI_decompress_none                  
2001a92d  ResetISR                              
2001a93d  NwpMaskInterrupt                      
2001a949  NwpUnMaskInterrupt                    
2001a955  __TI_zero_init                        
2001a961  sl_WlanDisconnect                     
2001a96d  IntMasterEnable                       
2001a977  UtilsDelay                            
2001a97d  __TI_decompress_rle24                 
2001a983  _system_pre_init                      
2001a988  _ctypes_                              
2001ae78  OpcodeTranslateTable                  
2001aeb4  _SlPolicySetCmdCtrl                   
2001aeb8  _SlPolicyGetCmdCtrl                   
2001aebc  _SlProfileGetCmdCtrl                  
2001aec0  _SlProfileDelCmdCtrl                  
2001aec4  _SlWlanGetNetworkListCtrl             
2001aec8  _SlRxFilterAddtCmdCtrl                
2001aecc  _SlRxFilterSetCmdCtrl                 
2001aed0  _SlRxFilterGetCmdCtrl                 
2001aed4  _SlSmartConfigStartCmdCtrl            
2001aed8  _SlWlanSetModeCmdCtrl                 
2001aedc  _SlWlanCfgSetCmdCtrl                  
2001aee0  _SlWlanCfgGetCmdCtrl                  
2001aef0  _SlActionLookupTable                  
2001af28  g_H2NSyncPattern                      
2001af30  g_H2NCnysPattern                      
2001af38  RxMsgClassLUT                         
2001af5c  _SlSockSocketCmdCtrl                  
2001af60  _SlSockCloseCmdCtrl                   
2001af64  _SlRecvfomCmdCtrl                     
2001af68  _SlSendCmdCtrl                        
2001af6c  _SlListenCmdCtrl                      
2001af70  _SlAcceptCmdCtrl                      
2001af74  _SlRecvCmdCtrl                        
2001af78  _SlSetSockOptCmdCtrl                  
2001af7c  _SlGetSockOptCmdCtrl                  
2001af80  _SlSelectCmdCtrl                      
2001afe8  _SlNetAppStartCtrl                    
2001afec  _SlNetAppStopCtrl                     
2001aff0  _SlGetServiceListeCtrl                
2001aff4  _SlRegisterServiceCtrl                
2001aff8  _SlGetHostByServiceCtrl               
2001affc  _SlGetHostByNameCtrl                  
2001b000  _SlNetAppSetCmdCtrl                   
2001b004  _SlNetAppSendTokenValueCmdCtrl        
2001b008  _SlNetAppGetCmdCtrl                   
2001b070  _SlStopCmdCtrl                        
2001b074  _SlEventMaskSetCmdCtrl                
2001b078  _SlEventMaskGetCmdCtrl                
2001b07c  _SlDeviceGetCmdCtrl                   
2001b080  _SlDeviceSetCmdCtrl                   
2001b084  _SlPayloadByProtocolLUT               
2001b0a4  StartResponseLUT                      
2001b0b4  _SlNetCfgSetCmdCtrl                   
2001b0b8  _SlNetCfgGetCmdCtrl                   
2001b0c0  __TI_static_base__                    
2001b110  __TI_Handler_Table_Base               
2001b11c  __TI_Handler_Table_Limit              
2001b128  __TI_CINIT_Base                       
2001b138  __TI_CINIT_Limit                      
20022000  _sys_memory                           
20022800  g_StatMem                             
20022968  g_ucDinDout                           
200229b8  g__SlNonOsCB                          
200229e0  g_ucConnectionSSID                    
20022a04  g_ucConnectionBSSID                   
20022a10  g_ulDestinationIP                     
20022a14  RxIrqCnt                              
20022a15  g_cDummy                              
20022ac8  _Denorm                               
20022ad8  _Eps                                  
20022ae8  _Hugeval                              
20022af8  _Inf                                  
20022b08  _Nan                                  
20022b18  _Snan                                 
20022b28  _Rteps                                
20022b38  _Xbig                                 
20022b40  _Zero                                 
20022ba0  g_ulStatus                            
20022ba4  g_ulGatewayIP                         
20022ba8  bytesReceived                         
20022bb8  g_SpiFd                               
20022bbc  g_pHostIntHdl                         
20022bc0  g_ucDMAEnabled                        
20022bc4  g_pCB                                 
20022bc8  pPingCallBackFunc                     
20022bcc  gFirstCmdMode                         
20022bd0  _lock                                 
20022bd4  _unlock                               
20022bd8  __TI_cleanup_ptr                      
20022bdc  __TI_dtors_ptr                        
20022be0  _Fenv                                 
20022be4  _Tls_setup__Fenv                      
20022be8  _Errno                                
20022bec  main_func_sp                          
2003d800  __stack                               
2003e000  __STACK_END                           
ffffffff  __binit__                             
ffffffff  __c_args__                            
ffffffff  binit                                 
UNDEFED   SHT$$INIT_ARRAY$$Base                 
UNDEFED   SHT$$INIT_ARRAY$$Limit                

[335 symbols]
