<?xml version="1.0"?>
<link_info>
   <banner>TI ARM Linker PC v5.2.5</banner>
   <copyright>Copyright (c) 1996-2015 Texas Instruments Incorporated</copyright>
   <link_time>0x56e5ebd8</link_time>
   <link_errors>0x0</link_errors>
   <output_file>http_client_demo.out</output_file>
   <entry_point>
      <name>_c_int00</name>
      <address>0x2000c9c5</address>
   </entry_point>
   <input_file_list>
      <input_file id="fl-2">
         <path>.\</path>
         <kind>object</kind>
         <file>main.obj</file>
         <name>main.obj</name>
      </input_file>
      <input_file id="fl-3">
         <path>.\</path>
         <kind>object</kind>
         <file>pinmux.obj</file>
         <name>pinmux.obj</name>
      </input_file>
      <input_file id="fl-4">
         <path>.\</path>
         <kind>object</kind>
         <file>startup_ccs.obj</file>
         <name>startup_ccs.obj</name>
      </input_file>
      <input_file id="fl-5">
         <path>.\</path>
         <kind>object</kind>
         <file>uart_if.obj</file>
         <name>uart_if.obj</name>
      </input_file>
      <input_file id="fl-12f">
         <path>C:\TI\ccsv6\tools\compiler\ti-cgt-arm_5.2.5\lib\</path>
         <kind>archive</kind>
         <file>rtsv7M4_T_le_v4SPD16_eabi.lib</file>
         <name>boot.obj</name>
      </input_file>
      <input_file id="fl-130">
         <path>C:\TI\ccsv6\tools\compiler\ti-cgt-arm_5.2.5\lib\</path>
         <kind>archive</kind>
         <file>rtsv7M4_T_le_v4SPD16_eabi.lib</file>
         <name>copy_decompress_none.obj</name>
      </input_file>
      <input_file id="fl-131">
         <path>C:\TI\ccsv6\tools\compiler\ti-cgt-arm_5.2.5\lib\</path>
         <kind>archive</kind>
         <file>rtsv7M4_T_le_v4SPD16_eabi.lib</file>
         <name>copy_decompress_rle.obj</name>
      </input_file>
      <input_file id="fl-132">
         <path>C:\TI\ccsv6\tools\compiler\ti-cgt-arm_5.2.5\lib\</path>
         <kind>archive</kind>
         <file>rtsv7M4_T_le_v4SPD16_eabi.lib</file>
         <name>copy_zero_init.obj</name>
      </input_file>
      <input_file id="fl-133">
         <path>C:\TI\ccsv6\tools\compiler\ti-cgt-arm_5.2.5\lib\</path>
         <kind>archive</kind>
         <file>rtsv7M4_T_le_v4SPD16_eabi.lib</file>
         <name>exit.obj</name>
      </input_file>
      <input_file id="fl-134">
         <path>C:\TI\ccsv6\tools\compiler\ti-cgt-arm_5.2.5\lib\</path>
         <kind>archive</kind>
         <file>rtsv7M4_T_le_v4SPD16_eabi.lib</file>
         <name>fd_cmp_t2.obj</name>
      </input_file>
      <input_file id="fl-135">
         <path>C:\TI\ccsv6\tools\compiler\ti-cgt-arm_5.2.5\lib\</path>
         <kind>archive</kind>
         <file>rtsv7M4_T_le_v4SPD16_eabi.lib</file>
         <name>i_tofd_t2.obj</name>
      </input_file>
      <input_file id="fl-136">
         <path>C:\TI\ccsv6\tools\compiler\ti-cgt-arm_5.2.5\lib\</path>
         <kind>archive</kind>
         <file>rtsv7M4_T_le_v4SPD16_eabi.lib</file>
         <name>memcpy_t2.obj</name>
      </input_file>
      <input_file id="fl-137">
         <path>C:\TI\ccsv6\tools\compiler\ti-cgt-arm_5.2.5\lib\</path>
         <kind>archive</kind>
         <file>rtsv7M4_T_le_v4SPD16_eabi.lib</file>
         <name>memmov.obj</name>
      </input_file>
      <input_file id="fl-138">
         <path>C:\TI\ccsv6\tools\compiler\ti-cgt-arm_5.2.5\lib\</path>
         <kind>archive</kind>
         <file>rtsv7M4_T_le_v4SPD16_eabi.lib</file>
         <name>memory.obj</name>
      </input_file>
      <input_file id="fl-139">
         <path>C:\TI\ccsv6\tools\compiler\ti-cgt-arm_5.2.5\lib\</path>
         <kind>archive</kind>
         <file>rtsv7M4_T_le_v4SPD16_eabi.lib</file>
         <name>memset_t2.obj</name>
      </input_file>
      <input_file id="fl-13a">
         <path>C:\TI\ccsv6\tools\compiler\ti-cgt-arm_5.2.5\lib\</path>
         <kind>archive</kind>
         <file>rtsv7M4_T_le_v4SPD16_eabi.lib</file>
         <name>pre_init.obj</name>
      </input_file>
      <input_file id="fl-13b">
         <path>C:\TI\ccsv6\tools\compiler\ti-cgt-arm_5.2.5\lib\</path>
         <kind>archive</kind>
         <file>rtsv7M4_T_le_v4SPD16_eabi.lib</file>
         <name>sprintf.obj</name>
      </input_file>
      <input_file id="fl-13c">
         <path>C:\TI\ccsv6\tools\compiler\ti-cgt-arm_5.2.5\lib\</path>
         <kind>archive</kind>
         <file>rtsv7M4_T_le_v4SPD16_eabi.lib</file>
         <name>stkdepth_vars.obj</name>
      </input_file>
      <input_file id="fl-13d">
         <path>C:\TI\ccsv6\tools\compiler\ti-cgt-arm_5.2.5\lib\</path>
         <kind>archive</kind>
         <file>rtsv7M4_T_le_v4SPD16_eabi.lib</file>
         <name>strlen.obj</name>
      </input_file>
      <input_file id="fl-13e">
         <path>C:\TI\ccsv6\tools\compiler\ti-cgt-arm_5.2.5\lib\</path>
         <kind>archive</kind>
         <file>rtsv7M4_T_le_v4SPD16_eabi.lib</file>
         <name>vsnprintf.obj</name>
      </input_file>
      <input_file id="fl-13f">
         <path>C:\TI\ccsv6\tools\compiler\ti-cgt-arm_5.2.5\lib\</path>
         <kind>archive</kind>
         <file>rtsv7M4_T_le_v4SPD16_eabi.lib</file>
         <name>_lock.obj</name>
      </input_file>
      <input_file id="fl-140">
         <path>C:\TI\ccsv6\tools\compiler\ti-cgt-arm_5.2.5\lib\</path>
         <kind>archive</kind>
         <file>rtsv7M4_T_le_v4SPD16_eabi.lib</file>
         <name>_printfi.obj</name>
      </input_file>
      <input_file id="fl-141">
         <path>C:\TI\ccsv6\tools\compiler\ti-cgt-arm_5.2.5\lib\</path>
         <kind>archive</kind>
         <file>rtsv7M4_T_le_v4SPD16_eabi.lib</file>
         <name>args_main.obj</name>
      </input_file>
      <input_file id="fl-142">
         <path>C:\TI\ccsv6\tools\compiler\ti-cgt-arm_5.2.5\lib\</path>
         <kind>archive</kind>
         <file>rtsv7M4_T_le_v4SPD16_eabi.lib</file>
         <name>atoi.obj</name>
      </input_file>
      <input_file id="fl-143">
         <path>C:\TI\ccsv6\tools\compiler\ti-cgt-arm_5.2.5\lib\</path>
         <kind>archive</kind>
         <file>rtsv7M4_T_le_v4SPD16_eabi.lib</file>
         <name>autoinit.obj</name>
      </input_file>
      <input_file id="fl-144">
         <path>C:\TI\ccsv6\tools\compiler\ti-cgt-arm_5.2.5\lib\</path>
         <kind>archive</kind>
         <file>rtsv7M4_T_le_v4SPD16_eabi.lib</file>
         <name>cpy_tbl.obj</name>
      </input_file>
      <input_file id="fl-145">
         <path>C:\TI\ccsv6\tools\compiler\ti-cgt-arm_5.2.5\lib\</path>
         <kind>archive</kind>
         <file>rtsv7M4_T_le_v4SPD16_eabi.lib</file>
         <name>ctype.obj</name>
      </input_file>
      <input_file id="fl-146">
         <path>C:\TI\ccsv6\tools\compiler\ti-cgt-arm_5.2.5\lib\</path>
         <kind>archive</kind>
         <file>rtsv7M4_T_le_v4SPD16_eabi.lib</file>
         <name>fd_add_t2.obj</name>
      </input_file>
      <input_file id="fl-147">
         <path>C:\TI\ccsv6\tools\compiler\ti-cgt-arm_5.2.5\lib\</path>
         <kind>archive</kind>
         <file>rtsv7M4_T_le_v4SPD16_eabi.lib</file>
         <name>fd_div_t2.obj</name>
      </input_file>
      <input_file id="fl-148">
         <path>C:\TI\ccsv6\tools\compiler\ti-cgt-arm_5.2.5\lib\</path>
         <kind>archive</kind>
         <file>rtsv7M4_T_le_v4SPD16_eabi.lib</file>
         <name>fd_mul_t2.obj</name>
      </input_file>
      <input_file id="fl-149">
         <path>C:\TI\ccsv6\tools\compiler\ti-cgt-arm_5.2.5\lib\</path>
         <kind>archive</kind>
         <file>rtsv7M4_T_le_v4SPD16_eabi.lib</file>
         <name>fd_toi_t2.obj</name>
      </input_file>
      <input_file id="fl-14a">
         <path>C:\TI\ccsv6\tools\compiler\ti-cgt-arm_5.2.5\lib\</path>
         <kind>archive</kind>
         <file>rtsv7M4_T_le_v4SPD16_eabi.lib</file>
         <name>frexp.obj</name>
      </input_file>
      <input_file id="fl-14b">
         <path>C:\TI\ccsv6\tools\compiler\ti-cgt-arm_5.2.5\lib\</path>
         <kind>archive</kind>
         <file>rtsv7M4_T_le_v4SPD16_eabi.lib</file>
         <name>ldexp.obj</name>
      </input_file>
      <input_file id="fl-14c">
         <path>C:\TI\ccsv6\tools\compiler\ti-cgt-arm_5.2.5\lib\</path>
         <kind>archive</kind>
         <file>rtsv7M4_T_le_v4SPD16_eabi.lib</file>
         <name>ltoa.obj</name>
      </input_file>
      <input_file id="fl-14d">
         <path>C:\TI\ccsv6\tools\compiler\ti-cgt-arm_5.2.5\lib\</path>
         <kind>archive</kind>
         <file>rtsv7M4_T_le_v4SPD16_eabi.lib</file>
         <name>memccpy.obj</name>
      </input_file>
      <input_file id="fl-14e">
         <path>C:\TI\ccsv6\tools\compiler\ti-cgt-arm_5.2.5\lib\</path>
         <kind>archive</kind>
         <file>rtsv7M4_T_le_v4SPD16_eabi.lib</file>
         <name>strchr.obj</name>
      </input_file>
      <input_file id="fl-14f">
         <path>C:\TI\ccsv6\tools\compiler\ti-cgt-arm_5.2.5\lib\</path>
         <kind>archive</kind>
         <file>rtsv7M4_T_le_v4SPD16_eabi.lib</file>
         <name>ull_div_t2.obj</name>
      </input_file>
      <input_file id="fl-150">
         <path>C:\TI\ccsv6\tools\compiler\ti-cgt-arm_5.2.5\lib\</path>
         <kind>archive</kind>
         <file>rtsv7M4_T_le_v4SPD16_eabi.lib</file>
         <name>xdclass.obj</name>
      </input_file>
      <input_file id="fl-151">
         <path>C:\TI\ccsv6\tools\compiler\ti-cgt-arm_5.2.5\lib\</path>
         <kind>archive</kind>
         <file>rtsv7M4_T_le_v4SPD16_eabi.lib</file>
         <name>xdscale.obj</name>
      </input_file>
      <input_file id="fl-152">
         <path>C:\TI\ccsv6\tools\compiler\ti-cgt-arm_5.2.5\lib\</path>
         <kind>archive</kind>
         <file>rtsv7M4_T_le_v4SPD16_eabi.lib</file>
         <name>xdunscal.obj</name>
      </input_file>
      <input_file id="fl-153">
         <path>C:\TI\ccsv6\tools\compiler\ti-cgt-arm_5.2.5\lib\</path>
         <kind>archive</kind>
         <file>rtsv7M4_T_le_v4SPD16_eabi.lib</file>
         <name>xferaise.obj</name>
      </input_file>
      <input_file id="fl-154">
         <path>C:\TI\ccsv6\tools\compiler\ti-cgt-arm_5.2.5\lib\</path>
         <kind>archive</kind>
         <file>rtsv7M4_T_le_v4SPD16_eabi.lib</file>
         <name>xvalues.obj</name>
      </input_file>
      <input_file id="fl-155">
         <path>C:\TI\ccsv6\tools\compiler\ti-cgt-arm_5.2.5\lib\</path>
         <kind>archive</kind>
         <file>rtsv7M4_T_le_v4SPD16_eabi.lib</file>
         <name>errno.obj</name>
      </input_file>
      <input_file id="fl-156">
         <path>C:\TI\ccsv6\tools\compiler\ti-cgt-arm_5.2.5\lib\</path>
         <kind>archive</kind>
         <file>rtsv7M4_T_le_v4SPD16_eabi.lib</file>
         <name>feraiseexcept.obj</name>
      </input_file>
      <input_file id="fl-157">
         <path>C:\TI\ccsv6\tools\compiler\ti-cgt-arm_5.2.5\lib\</path>
         <kind>archive</kind>
         <file>rtsv7M4_T_le_v4SPD16_eabi.lib</file>
         <name>raise.obj</name>
      </input_file>
      <input_file id="fl-158">
         <path>C:\TI\ccsv6\tools\compiler\ti-cgt-arm_5.2.5\lib\</path>
         <kind>archive</kind>
         <file>rtsv7M4_T_le_v4SPD16_eabi.lib</file>
         <name>signal.obj</name>
      </input_file>
      <input_file id="fl-159">
         <path>C:\TI\ccsv6\tools\compiler\ti-cgt-arm_5.2.5\lib\</path>
         <kind>archive</kind>
         <file>rtsv7M4_T_le_v4SPD16_eabi.lib</file>
         <name>xdnorm.obj</name>
      </input_file>
      <input_file id="fl-15a">
         <path>C:\TI\CC3200SDK_1.1.0\cc3200-sdk\example\http_client_demo\ccs\..\..\..\driverlib\ccs\Release\</path>
         <kind>archive</kind>
         <file>driverlib.a</file>
         <name>interrupt.obj</name>
      </input_file>
      <input_file id="fl-15b">
         <path>C:\TI\CC3200SDK_1.1.0\cc3200-sdk\example\http_client_demo\ccs\..\..\..\driverlib\ccs\Release\</path>
         <kind>archive</kind>
         <file>driverlib.a</file>
         <name>pin.obj</name>
      </input_file>
      <input_file id="fl-15c">
         <path>C:\TI\CC3200SDK_1.1.0\cc3200-sdk\example\http_client_demo\ccs\..\..\..\driverlib\ccs\Release\</path>
         <kind>archive</kind>
         <file>driverlib.a</file>
         <name>prcm.obj</name>
      </input_file>
      <input_file id="fl-15d">
         <path>C:\TI\CC3200SDK_1.1.0\cc3200-sdk\example\http_client_demo\ccs\..\..\..\driverlib\ccs\Release\</path>
         <kind>archive</kind>
         <file>driverlib.a</file>
         <name>spi.obj</name>
      </input_file>
      <input_file id="fl-15e">
         <path>C:\TI\CC3200SDK_1.1.0\cc3200-sdk\example\http_client_demo\ccs\..\..\..\driverlib\ccs\Release\</path>
         <kind>archive</kind>
         <file>driverlib.a</file>
         <name>uart.obj</name>
      </input_file>
      <input_file id="fl-15f">
         <path>C:\TI\CC3200SDK_1.1.0\cc3200-sdk\example\http_client_demo\ccs\..\..\..\driverlib\ccs\Release\</path>
         <kind>archive</kind>
         <file>driverlib.a</file>
         <name>utils.obj</name>
      </input_file>
      <input_file id="fl-160">
         <path>C:\TI\CC3200SDK_1.1.0\cc3200-sdk\example\http_client_demo\ccs\..\..\..\driverlib\ccs\Release\</path>
         <kind>archive</kind>
         <file>driverlib.a</file>
         <name>cpu.obj</name>
      </input_file>
      <input_file id="fl-161">
         <path>C:\TI\CC3200SDK_1.1.0\cc3200-sdk\example\http_client_demo\ccs\..\..\..\driverlib\ccs\Release\</path>
         <kind>archive</kind>
         <file>driverlib.a</file>
         <name>flash.obj</name>
      </input_file>
      <input_file id="fl-162">
         <path>C:\TI\CC3200SDK_1.1.0\cc3200-sdk\example\http_client_demo\ccs\..\..\..\simplelink\ccs\NON_OS\</path>
         <kind>archive</kind>
         <file>simplelink.a</file>
         <name>device.obj</name>
      </input_file>
      <input_file id="fl-163">
         <path>C:\TI\CC3200SDK_1.1.0\cc3200-sdk\example\http_client_demo\ccs\..\..\..\simplelink\ccs\NON_OS\</path>
         <kind>archive</kind>
         <file>simplelink.a</file>
         <name>driver.obj</name>
      </input_file>
      <input_file id="fl-164">
         <path>C:\TI\CC3200SDK_1.1.0\cc3200-sdk\example\http_client_demo\ccs\..\..\..\simplelink\ccs\NON_OS\</path>
         <kind>archive</kind>
         <file>simplelink.a</file>
         <name>netapp.obj</name>
      </input_file>
      <input_file id="fl-165">
         <path>C:\TI\CC3200SDK_1.1.0\cc3200-sdk\example\http_client_demo\ccs\..\..\..\simplelink\ccs\NON_OS\</path>
         <kind>archive</kind>
         <file>simplelink.a</file>
         <name>netcfg.obj</name>
      </input_file>
      <input_file id="fl-166">
         <path>C:\TI\CC3200SDK_1.1.0\cc3200-sdk\example\http_client_demo\ccs\..\..\..\simplelink\ccs\NON_OS\</path>
         <kind>archive</kind>
         <file>simplelink.a</file>
         <name>nonos.obj</name>
      </input_file>
      <input_file id="fl-167">
         <path>C:\TI\CC3200SDK_1.1.0\cc3200-sdk\example\http_client_demo\ccs\..\..\..\simplelink\ccs\NON_OS\</path>
         <kind>archive</kind>
         <file>simplelink.a</file>
         <name>socket.obj</name>
      </input_file>
      <input_file id="fl-168">
         <path>C:\TI\CC3200SDK_1.1.0\cc3200-sdk\example\http_client_demo\ccs\..\..\..\simplelink\ccs\NON_OS\</path>
         <kind>archive</kind>
         <file>simplelink.a</file>
         <name>wlan.obj</name>
      </input_file>
      <input_file id="fl-169">
         <path>C:\TI\CC3200SDK_1.1.0\cc3200-sdk\example\http_client_demo\ccs\..\..\..\simplelink\ccs\NON_OS\</path>
         <kind>archive</kind>
         <file>simplelink.a</file>
         <name>cc_pal.obj</name>
      </input_file>
      <input_file id="fl-16a">
         <path>C:\TI\CC3200SDK_1.1.0\cc3200-sdk\netapps\http\client\ccs\HTTPClientMinLib\</path>
         <kind>archive</kind>
         <file>webclient.a</file>
         <name>httpcli.obj</name>
      </input_file>
      <input_file id="fl-16b">
         <path>C:\TI\CC3200SDK_1.1.0\cc3200-sdk\netapps\http\client\ccs\HTTPClientMinLib\</path>
         <kind>archive</kind>
         <file>webclient.a</file>
         <name>ssock.obj</name>
      </input_file>
      <input_file id="fl-16c">
         <path>C:\TI\CC3200SDK_1.1.0\cc3200-sdk\netapps\json\ccs\Release\</path>
         <kind>archive</kind>
         <file>json.a</file>
         <name>jsmn.obj</name>
      </input_file>
      <input_file id="fl-16d">
         <path>C:\TI\ccsv6\tools\compiler\ti-cgt-arm_5.2.5\lib\</path>
         <kind>archive</kind>
         <file>rtsv7M4_T_le_v4SPD16_eabi.lib</file>
         <name>strcmp.obj</name>
      </input_file>
      <input_file id="fl-16e">
         <path>C:\TI\ccsv6\tools\compiler\ti-cgt-arm_5.2.5\lib\</path>
         <kind>archive</kind>
         <file>rtsv7M4_T_le_v4SPD16_eabi.lib</file>
         <name>strcpy.obj</name>
      </input_file>
      <input_file id="fl-16f">
         <path>C:\TI\ccsv6\tools\compiler\ti-cgt-arm_5.2.5\lib\</path>
         <kind>archive</kind>
         <file>rtsv7M4_T_le_v4SPD16_eabi.lib</file>
         <name>strncmp.obj</name>
      </input_file>
      <input_file id="fl-170">
         <path>C:\TI\ccsv6\tools\compiler\ti-cgt-arm_5.2.5\lib\</path>
         <kind>archive</kind>
         <file>rtsv7M4_T_le_v4SPD16_eabi.lib</file>
         <name>strtoul.obj</name>
      </input_file>
      <input_file id="fl-171">
         <path>C:\TI\CC3200SDK_1.1.0\cc3200-sdk\example\http_client_demo\ccs\..\..\..\driverlib\ccs\Release\</path>
         <kind>archive</kind>
         <file>driverlib.a</file>
         <name>udma.obj</name>
      </input_file>
   </input_file_list>
   <object_component_list>
      <object_component id="oc-f">
         <name>.intvecs</name>
         <load_address>0x20004000</load_address>
         <run_address>0x20004000</run_address>
         <size>0x400</size>
         <input_file_ref idref="fl-4"/>
      </object_component>
      <object_component id="oc-9f">
         <name>.text</name>
         <load_address>0x20004400</load_address>
         <run_address>0x20004400</run_address>
         <size>0x117c</size>
         <input_file_ref idref="fl-2"/>
      </object_component>
      <object_component id="oc-385">
         <name>.text</name>
         <load_address>0x2000557c</load_address>
         <run_address>0x2000557c</run_address>
         <size>0x10ba</size>
         <input_file_ref idref="fl-140"/>
      </object_component>
      <object_component id="oc-5fd">
         <name>.text:IntDefaultHandler</name>
         <load_address>0x20006636</load_address>
         <run_address>0x20006636</run_address>
         <size>0x2</size>
         <input_file_ref idref="fl-15a"/>
      </object_component>
      <object_component id="oc-148">
         <name>.text</name>
         <load_address>0x20006638</load_address>
         <run_address>0x20006638</run_address>
         <size>0xfc4</size>
         <input_file_ref idref="fl-16a"/>
      </object_component>
      <object_component id="oc-135">
         <name>.text</name>
         <load_address>0x200075fc</load_address>
         <run_address>0x200075fc</run_address>
         <size>0x5f0</size>
         <input_file_ref idref="fl-16c"/>
      </object_component>
      <object_component id="oc-60b">
         <name>.text:_SlDrvMsgRead</name>
         <load_address>0x20007bec</load_address>
         <run_address>0x20007bec</run_address>
         <size>0x5ec</size>
         <input_file_ref idref="fl-163"/>
      </object_component>
      <object_component id="oc-141">
         <name>.text</name>
         <load_address>0x200081d8</load_address>
         <run_address>0x200081d8</run_address>
         <size>0x3dc</size>
         <input_file_ref idref="fl-138"/>
      </object_component>
      <object_component id="oc-327">
         <name>.text</name>
         <load_address>0x200085b4</load_address>
         <run_address>0x200085b4</run_address>
         <size>0x2ea</size>
         <input_file_ref idref="fl-16b"/>
      </object_component>
      <object_component id="oc-d1">
         <name>.text</name>
         <load_address>0x200088a0</load_address>
         <run_address>0x200088a0</run_address>
         <size>0x280</size>
         <input_file_ref idref="fl-5"/>
      </object_component>
      <object_component id="oc-697">
         <name>.text:_SlDrvRxHdrRead</name>
         <load_address>0x20008b20</load_address>
         <run_address>0x20008b20</run_address>
         <size>0x248</size>
         <input_file_ref idref="fl-163"/>
      </object_component>
      <object_component id="oc-12f">
         <name>.text:sl_WlanConnect</name>
         <load_address>0x20008d68</load_address>
         <run_address>0x20008d68</run_address>
         <size>0x244</size>
         <input_file_ref idref="fl-168"/>
      </object_component>
      <object_component id="oc-549">
         <name>.text</name>
         <load_address>0x20008fac</load_address>
         <run_address>0x20008fac</run_address>
         <size>0x1f4</size>
         <input_file_ref idref="fl-14f"/>
      </object_component>
      <object_component id="oc-29a">
         <name>.text:_SlDrvReleasePoolObj</name>
         <load_address>0x200091a0</load_address>
         <run_address>0x200091a0</run_address>
         <size>0x1d0</size>
         <input_file_ref idref="fl-163"/>
      </object_component>
      <object_component id="oc-4cd">
         <name>.text:_SlDrvMsgWrite</name>
         <load_address>0x20009370</load_address>
         <run_address>0x20009370</run_address>
         <size>0x1cc</size>
         <input_file_ref idref="fl-163"/>
      </object_component>
      <object_component id="oc-568">
         <name>.text</name>
         <load_address>0x2000953c</load_address>
         <run_address>0x2000953c</run_address>
         <size>0x1b6</size>
         <input_file_ref idref="fl-146"/>
      </object_component>
      <object_component id="oc-38f">
         <name>.text:_SlDrvWaitForPoolObj</name>
         <load_address>0x200096f4</load_address>
         <run_address>0x200096f4</run_address>
         <size>0x190</size>
         <input_file_ref idref="fl-163"/>
      </object_component>
      <object_component id="oc-270">
         <name>.text:_SlDrvDriverCBInit</name>
         <load_address>0x20009884</load_address>
         <run_address>0x20009884</run_address>
         <size>0x188</size>
         <input_file_ref idref="fl-163"/>
      </object_component>
      <object_component id="oc-6a9">
         <name>.text:_SlFindAndSetActiveObj</name>
         <load_address>0x20009a0c</load_address>
         <run_address>0x20009a0c</run_address>
         <size>0x170</size>
         <input_file_ref idref="fl-163"/>
      </object_component>
      <object_component id="oc-276">
         <name>.text:spi_Open</name>
         <load_address>0x20009b7c</load_address>
         <run_address>0x20009b7c</run_address>
         <size>0x144</size>
         <input_file_ref idref="fl-169"/>
      </object_component>
      <object_component id="oc-553">
         <name>.text</name>
         <load_address>0x20009cc0</load_address>
         <run_address>0x20009cc0</run_address>
         <size>0x136</size>
         <input_file_ref idref="fl-147"/>
      </object_component>
      <object_component id="oc-17c">
         <name>.text:PRCMCC3200MCUInit</name>
         <load_address>0x20009df8</load_address>
         <run_address>0x20009df8</run_address>
         <size>0x134</size>
         <input_file_ref idref="fl-15c"/>
      </object_component>
      <object_component id="oc-633">
         <name>.text:_SlDrvDataReadOp</name>
         <load_address>0x20009f2c</load_address>
         <run_address>0x20009f2c</run_address>
         <size>0x12c</size>
         <input_file_ref idref="fl-163"/>
      </object_component>
      <object_component id="oc-333">
         <name>.text</name>
         <load_address>0x2000a058</load_address>
         <run_address>0x2000a058</run_address>
         <size>0x114</size>
         <input_file_ref idref="fl-170"/>
      </object_component>
      <object_component id="oc-66b">
         <name>.text</name>
         <load_address>0x2000a16c</load_address>
         <run_address>0x2000a16c</run_address>
         <size>0x110</size>
         <input_file_ref idref="fl-151"/>
      </object_component>
      <object_component id="oc-640">
         <name>.text:_SlDrvDataWriteOp</name>
         <load_address>0x2000a27c</load_address>
         <run_address>0x2000a27c</run_address>
         <size>0x108</size>
         <input_file_ref idref="fl-163"/>
      </object_component>
      <object_component id="oc-35d">
         <name>.text:sl_Connect</name>
         <load_address>0x2000a384</load_address>
         <run_address>0x2000a384</run_address>
         <size>0x108</size>
         <input_file_ref idref="fl-167"/>
      </object_component>
      <object_component id="oc-515">
         <name>.text:sl_Send</name>
         <load_address>0x2000a48c</load_address>
         <run_address>0x2000a48c</run_address>
         <size>0x108</size>
         <input_file_ref idref="fl-167"/>
      </object_component>
      <object_component id="oc-157">
         <name>.text:sl_NetAppDnsGetHostByName</name>
         <load_address>0x2000a594</load_address>
         <run_address>0x2000a594</run_address>
         <size>0x104</size>
         <input_file_ref idref="fl-164"/>
      </object_component>
      <object_component id="oc-2d4">
         <name>.text:_SlDrvDriverCBDeinit</name>
         <load_address>0x2000a698</load_address>
         <run_address>0x2000a698</run_address>
         <size>0x100</size>
         <input_file_ref idref="fl-163"/>
      </object_component>
      <object_component id="oc-706">
         <name>.text:_SlDrvNetAppEventHandler</name>
         <load_address>0x2000a798</load_address>
         <run_address>0x2000a798</run_address>
         <size>0xfe</size>
         <input_file_ref idref="fl-164"/>
      </object_component>
      <object_component id="oc-54e">
         <name>.text</name>
         <load_address>0x2000a896</load_address>
         <run_address>0x2000a896</run_address>
         <size>0xfc</size>
         <input_file_ref idref="fl-148"/>
      </object_component>
      <object_component id="oc-6a3">
         <name>.text:spi_Read</name>
         <load_address>0x2000a994</load_address>
         <run_address>0x2000a994</run_address>
         <size>0xf0</size>
         <input_file_ref idref="fl-169"/>
      </object_component>
      <object_component id="oc-78a">
         <name>.text:uDMAChannelTransferSet</name>
         <load_address>0x2000aa84</load_address>
         <run_address>0x2000aa84</run_address>
         <size>0xf0</size>
         <input_file_ref idref="fl-171"/>
      </object_component>
      <object_component id="oc-69d">
         <name>.text:_SlDrvClassifyRxMsg</name>
         <load_address>0x2000ab74</load_address>
         <run_address>0x2000ab74</run_address>
         <size>0xd8</size>
         <input_file_ref idref="fl-163"/>
      </object_component>
      <object_component id="oc-f2">
         <name>.text:sl_Stop</name>
         <load_address>0x2000ac4c</load_address>
         <run_address>0x2000ac4c</run_address>
         <size>0xd4</size>
         <input_file_ref idref="fl-162"/>
      </object_component>
      <object_component id="oc-754">
         <name>.text:_sl_HandleAsync_DnsGetHostByService</name>
         <load_address>0x2000ad20</load_address>
         <run_address>0x2000ad20</run_address>
         <size>0xc8</size>
         <input_file_ref idref="fl-164"/>
      </object_component>
      <object_component id="oc-4d3">
         <name>.text:_SlDrvMsgReadCmdCtx</name>
         <load_address>0x2000ade8</load_address>
         <run_address>0x2000ade8</run_address>
         <size>0xc0</size>
         <input_file_ref idref="fl-163"/>
      </object_component>
      <object_component id="oc-495">
         <name>.text:_SlRemoveFromList</name>
         <load_address>0x2000aea8</load_address>
         <run_address>0x2000aea8</run_address>
         <size>0xc0</size>
         <input_file_ref idref="fl-163"/>
      </object_component>
      <object_component id="oc-6e2">
         <name>.text</name>
         <load_address>0x2000af68</load_address>
         <run_address>0x2000af68</run_address>
         <size>0xbe</size>
         <input_file_ref idref="fl-159"/>
      </object_component>
      <object_component id="oc-e0">
         <name>.text:sl_Start</name>
         <load_address>0x2000b028</load_address>
         <run_address>0x2000b028</run_address>
         <size>0xbc</size>
         <input_file_ref idref="fl-162"/>
      </object_component>
      <object_component id="oc-611">
         <name>.text:_SlAsyncEventGenericHandler</name>
         <load_address>0x2000b0e4</load_address>
         <run_address>0x2000b0e4</run_address>
         <size>0xb8</size>
         <input_file_ref idref="fl-163"/>
      </object_component>
      <object_component id="oc-303">
         <name>.text:sl_NetAppMDNSRegisterUnregisterService</name>
         <load_address>0x2000b19c</load_address>
         <run_address>0x2000b19c</run_address>
         <size>0xb4</size>
         <input_file_ref idref="fl-164"/>
      </object_component>
      <object_component id="oc-47a">
         <name>.text:IntDisable</name>
         <load_address>0x2000b250</load_address>
         <run_address>0x2000b250</run_address>
         <size>0xa8</size>
         <input_file_ref idref="fl-15a"/>
      </object_component>
      <object_component id="oc-176">
         <name>.text:IntEnable</name>
         <load_address>0x2000b2f8</load_address>
         <run_address>0x2000b2f8</run_address>
         <size>0xa8</size>
         <input_file_ref idref="fl-15a"/>
      </object_component>
      <object_component id="oc-19a">
         <name>.text:SPIConfigSetExpClk</name>
         <load_address>0x2000b3a0</load_address>
         <run_address>0x2000b3a0</run_address>
         <size>0xa0</size>
         <input_file_ref idref="fl-15d"/>
      </object_component>
      <object_component id="oc-4ae">
         <name>.text:_SlDrvMsgReadSpawnCtx</name>
         <load_address>0x2000b440</load_address>
         <run_address>0x2000b440</run_address>
         <size>0x9c</size>
         <input_file_ref idref="fl-163"/>
      </object_component>
      <object_component id="oc-36">
         <name>.text</name>
         <load_address>0x2000b4dc</load_address>
         <run_address>0x2000b4dc</run_address>
         <size>0x9c</size>
         <input_file_ref idref="fl-136"/>
      </object_component>
      <object_component id="oc-f8">
         <name>.text:sl_DevGet</name>
         <load_address>0x2000b578</load_address>
         <run_address>0x2000b578</run_address>
         <size>0x9c</size>
         <input_file_ref idref="fl-162"/>
      </object_component>
      <object_component id="oc-619">
         <name>.text:spi_Write</name>
         <load_address>0x2000b614</load_address>
         <run_address>0x2000b614</run_address>
         <size>0x98</size>
         <input_file_ref idref="fl-169"/>
      </object_component>
      <object_component id="oc-194">
         <name>.text:PRCMPeripheralClockGet</name>
         <load_address>0x2000b6ac</load_address>
         <run_address>0x2000b6ac</run_address>
         <size>0x94</size>
         <input_file_ref idref="fl-15c"/>
      </object_component>
      <object_component id="oc-713">
         <name>.text:SetupDMAReceive</name>
         <load_address>0x2000b740</load_address>
         <run_address>0x2000b740</run_address>
         <size>0x8c</size>
         <input_file_ref idref="fl-169"/>
      </object_component>
      <object_component id="oc-6b4">
         <name>.text:SetupDMASend</name>
         <load_address>0x2000b7cc</load_address>
         <run_address>0x2000b7cc</run_address>
         <size>0x8c</size>
         <input_file_ref idref="fl-169"/>
      </object_component>
      <object_component id="oc-74e">
         <name>.text:_sl_HandleAsync_DnsGetHostByName</name>
         <load_address>0x2000b858</load_address>
         <run_address>0x2000b858</run_address>
         <size>0x8c</size>
         <input_file_ref idref="fl-164"/>
      </object_component>
      <object_component id="oc-70c">
         <name>.text:_sl_HandleAsync_PingResponse</name>
         <load_address>0x2000b8e4</load_address>
         <run_address>0x2000b8e4</run_address>
         <size>0x8c</size>
         <input_file_ref idref="fl-164"/>
      </object_component>
      <object_component id="oc-5b9">
         <name>.text:PinConfigSet</name>
         <load_address>0x2000b970</load_address>
         <run_address>0x2000b970</run_address>
         <size>0x88</size>
         <input_file_ref idref="fl-15b"/>
      </object_component>
      <object_component id="oc-21b">
         <name>.text</name>
         <load_address>0x2000b9f8</load_address>
         <run_address>0x2000b9f8</run_address>
         <size>0x88</size>
         <input_file_ref idref="fl-13e"/>
      </object_component>
      <object_component id="oc-1ab">
         <name>.text:__aeabi_cdcmple</name>
         <load_address>0x2000ba80</load_address>
         <run_address>0x2000ba80</run_address>
         <size>0x86</size>
         <input_file_ref idref="fl-134"/>
      </object_component>
      <object_component id="oc-558">
         <name>.text:__aeabi_cdrcmple</name>
         <load_address>0x2000bb06</load_address>
         <run_address>0x2000bb06</run_address>
         <size>0x86</size>
         <input_file_ref idref="fl-134"/>
      </object_component>
      <object_component id="oc-26a">
         <name>.text:NwpPowerOnPreamble</name>
         <load_address>0x2000bb8c</load_address>
         <run_address>0x2000bb8c</run_address>
         <size>0x84</size>
         <input_file_ref idref="fl-169"/>
      </object_component>
      <object_component id="oc-2be">
         <name>.text:_SlDrvCmdOp</name>
         <load_address>0x2000bc10</load_address>
         <run_address>0x2000bc10</run_address>
         <size>0x80</size>
         <input_file_ref idref="fl-163"/>
      </object_component>
      <object_component id="oc-719">
         <name>.text:spi_Read_CPU</name>
         <load_address>0x2000bc90</load_address>
         <run_address>0x2000bc90</run_address>
         <size>0x80</size>
         <input_file_ref idref="fl-169"/>
      </object_component>
      <object_component id="oc-6c0">
         <name>.text:spi_Write_CPU</name>
         <load_address>0x2000bd10</load_address>
         <run_address>0x2000bd10</run_address>
         <size>0x80</size>
         <input_file_ref idref="fl-169"/>
      </object_component>
      <object_component id="oc-6cb">
         <name>.text:_sl_HandleAsync_InitComplete</name>
         <load_address>0x2000bd90</load_address>
         <run_address>0x2000bd90</run_address>
         <size>0x7c</size>
         <input_file_ref idref="fl-162"/>
      </object_component>
      <object_component id="oc-4f">
         <name>.text</name>
         <load_address>0x2000be0c</load_address>
         <run_address>0x2000be0c</run_address>
         <size>0x7a</size>
         <input_file_ref idref="fl-139"/>
      </object_component>
      <object_component id="oc-770">
         <name>.text:_sl_HandleAsync_Connect</name>
         <load_address>0x2000be88</load_address>
         <run_address>0x2000be88</run_address>
         <size>0x78</size>
         <input_file_ref idref="fl-167"/>
      </object_component>
      <object_component id="oc-2ce">
         <name>.text:spi_Close</name>
         <load_address>0x2000bf00</load_address>
         <run_address>0x2000bf00</run_address>
         <size>0x78</size>
         <input_file_ref idref="fl-169"/>
      </object_component>
      <object_component id="oc-20f">
         <name>.text:UARTConfigSetExpClk</name>
         <load_address>0x2000bf78</load_address>
         <run_address>0x2000bf78</run_address>
         <size>0x76</size>
         <input_file_ref idref="fl-15e"/>
      </object_component>
      <object_component id="oc-50f">
         <name>.text:sl_Recv</name>
         <load_address>0x2000bff0</load_address>
         <run_address>0x2000bff0</run_address>
         <size>0x74</size>
         <input_file_ref idref="fl-167"/>
      </object_component>
      <object_component id="oc-e6">
         <name>.text:_SlNonOsMainLoopTask</name>
         <load_address>0x2000c064</load_address>
         <run_address>0x2000c064</run_address>
         <size>0x70</size>
         <input_file_ref idref="fl-166"/>
      </object_component>
      <object_component id="oc-7ac">
         <name>.text:_SlDrvCmdSend</name>
         <load_address>0x2000c0d4</load_address>
         <run_address>0x2000c0d4</run_address>
         <size>0x6c</size>
         <input_file_ref idref="fl-163"/>
      </object_component>
      <object_component id="oc-61">
         <name>.text</name>
         <load_address>0x2000c140</load_address>
         <run_address>0x2000c140</run_address>
         <size>0x6c</size>
         <input_file_ref idref="fl-143"/>
      </object_component>
      <object_component id="oc-42">
         <name>.text</name>
         <load_address>0x2000c1ac</load_address>
         <run_address>0x2000c1ac</run_address>
         <size>0x6a</size>
         <input_file_ref idref="fl-131"/>
      </object_component>
      <object_component id="oc-75a">
         <name>.text:_sl_NetAppSendTokenValue</name>
         <load_address>0x2000c218</load_address>
         <run_address>0x2000c218</run_address>
         <size>0x68</size>
         <input_file_ref idref="fl-164"/>
      </object_component>
      <object_component id="oc-110">
         <name>.text:sl_NetCfgSet</name>
         <load_address>0x2000c280</load_address>
         <run_address>0x2000c280</run_address>
         <size>0x68</size>
         <input_file_ref idref="fl-165"/>
      </object_component>
      <object_component id="oc-342">
         <name>.text:sl_SetSockOpt</name>
         <load_address>0x2000c2e8</load_address>
         <run_address>0x2000c2e8</run_address>
         <size>0x68</size>
         <input_file_ref idref="fl-167"/>
      </object_component>
      <object_component id="oc-116">
         <name>.text:sl_WlanSet</name>
         <load_address>0x2000c350</load_address>
         <run_address>0x2000c350</run_address>
         <size>0x68</size>
         <input_file_ref idref="fl-168"/>
      </object_component>
      <object_component id="oc-663">
         <name>.text</name>
         <load_address>0x2000c3b8</load_address>
         <run_address>0x2000c3b8</run_address>
         <size>0x66</size>
         <input_file_ref idref="fl-152"/>
      </object_component>
      <object_component id="oc-5d3">
         <name>.text:uDMAChannelAttributeDisable</name>
         <load_address>0x2000c420</load_address>
         <run_address>0x2000c420</run_address>
         <size>0x64</size>
         <input_file_ref idref="fl-171"/>
      </object_component>
      <object_component id="oc-784">
         <name>.text:uDMAChannelAttributeEnable</name>
         <load_address>0x2000c484</load_address>
         <run_address>0x2000c484</run_address>
         <size>0x64</size>
         <input_file_ref idref="fl-171"/>
      </object_component>
      <object_component id="oc-76a">
         <name>.text:_sl_HandleAsync_Accept</name>
         <load_address>0x2000c4e8</load_address>
         <run_address>0x2000c4e8</run_address>
         <size>0x60</size>
         <input_file_ref idref="fl-167"/>
      </object_component>
      <object_component id="oc-14e">
         <name>.text</name>
         <load_address>0x2000c548</load_address>
         <run_address>0x2000c548</run_address>
         <size>0x60</size>
         <input_file_ref idref="fl-13b"/>
      </object_component>
      <object_component id="oc-fe">
         <name>.text:sl_WlanPolicySet</name>
         <load_address>0x2000c5a8</load_address>
         <run_address>0x2000c5a8</run_address>
         <size>0x60</size>
         <input_file_ref idref="fl-168"/>
      </object_component>
      <object_component id="oc-41d">
         <name>.text:_SlNonOsSemGet</name>
         <load_address>0x2000c608</load_address>
         <run_address>0x2000c608</run_address>
         <size>0x5c</size>
         <input_file_ref idref="fl-166"/>
      </object_component>
      <object_component id="oc-4a8">
         <name>.text:_SlNonOsSpawn</name>
         <load_address>0x2000c664</load_address>
         <run_address>0x2000c664</run_address>
         <size>0x5c</size>
         <input_file_ref idref="fl-166"/>
      </object_component>
      <object_component id="oc-357">
         <name>.text:sl_Socket</name>
         <load_address>0x2000c6c0</load_address>
         <run_address>0x2000c6c0</run_address>
         <size>0x5c</size>
         <input_file_ref idref="fl-167"/>
      </object_component>
      <object_component id="oc-486">
         <name>.text:IntPendClear</name>
         <load_address>0x2000c71c</load_address>
         <run_address>0x2000c71c</run_address>
         <size>0x58</size>
         <input_file_ref idref="fl-15a"/>
      </object_component>
      <object_component id="oc-188">
         <name>.text:PRCMPeripheralReset</name>
         <load_address>0x2000c774</load_address>
         <run_address>0x2000c774</run_address>
         <size>0x58</size>
         <input_file_ref idref="fl-15c"/>
      </object_component>
      <object_component id="oc-562">
         <name>.text</name>
         <load_address>0x2000c7cc</load_address>
         <run_address>0x2000c7cc</run_address>
         <size>0x56</size>
         <input_file_ref idref="fl-14c"/>
      </object_component>
      <object_component id="oc-451">
         <name>.text:IntPrioritySet</name>
         <load_address>0x2000c824</load_address>
         <run_address>0x2000c824</run_address>
         <size>0x54</size>
         <input_file_ref idref="fl-15a"/>
      </object_component>
      <object_component id="oc-776">
         <name>.text:_sl_HandleAsync_Select</name>
         <load_address>0x2000c878</load_address>
         <run_address>0x2000c878</run_address>
         <size>0x54</size>
         <input_file_ref idref="fl-167"/>
      </object_component>
      <object_component id="oc-125">
         <name>.text:sl_WlanRxFilterSet</name>
         <load_address>0x2000c8cc</load_address>
         <run_address>0x2000c8cc</run_address>
         <size>0x54</size>
         <input_file_ref idref="fl-168"/>
      </object_component>
      <object_component id="oc-573">
         <name>.text</name>
         <load_address>0x2000c920</load_address>
         <run_address>0x2000c920</run_address>
         <size>0x52</size>
         <input_file_ref idref="fl-14b"/>
      </object_component>
      <object_component id="oc-6d1">
         <name>.text:_sl_HandleAsync_Stop</name>
         <load_address>0x2000c974</load_address>
         <run_address>0x2000c974</run_address>
         <size>0x50</size>
         <input_file_ref idref="fl-162"/>
      </object_component>
      <object_component id="oc-24">
         <name>.text</name>
         <load_address>0x2000c9c4</load_address>
         <run_address>0x2000c9c4</run_address>
         <size>0x50</size>
         <input_file_ref idref="fl-12f"/>
      </object_component>
      <object_component id="oc-457">
         <name>.text:SPIIntEnable</name>
         <load_address>0x2000ca14</load_address>
         <run_address>0x2000ca14</run_address>
         <size>0x4c</size>
         <input_file_ref idref="fl-15d"/>
      </object_component>
      <object_component id="oc-622">
         <name>.text:SPIIntNumberGet</name>
         <load_address>0x2000ca60</load_address>
         <run_address>0x2000ca60</run_address>
         <size>0x4c</size>
         <input_file_ref idref="fl-15d"/>
      </object_component>
      <object_component id="oc-27c">
         <name>.text:_SlDrvProtectAsyncRespSetting</name>
         <load_address>0x2000caac</load_address>
         <run_address>0x2000caac</run_address>
         <size>0x4c</size>
         <input_file_ref idref="fl-163"/>
      </object_component>
      <object_component id="oc-2a9">
         <name>.text:_SlDrvRxIrqHandler</name>
         <load_address>0x2000caf8</load_address>
         <run_address>0x2000caf8</run_address>
         <size>0x4c</size>
         <input_file_ref idref="fl-163"/>
      </object_component>
      <object_component id="oc-53b">
         <name>.text:_sl_BuildAddress</name>
         <load_address>0x2000cb44</load_address>
         <run_address>0x2000cb44</run_address>
         <size>0x4c</size>
         <input_file_ref idref="fl-167"/>
      </object_component>
      <object_component id="oc-585">
         <name>.text</name>
         <load_address>0x2000cb90</load_address>
         <run_address>0x2000cb90</run_address>
         <size>0x4c</size>
         <input_file_ref idref="fl-142"/>
      </object_component>
      <object_component id="oc-97">
         <name>.text</name>
         <load_address>0x2000cbdc</load_address>
         <run_address>0x2000cbdc</run_address>
         <size>0x4c</size>
         <input_file_ref idref="fl-144"/>
      </object_component>
      <object_component id="oc-5cd">
         <name>.text:uDMAChannelAssign</name>
         <load_address>0x2000cc28</load_address>
         <run_address>0x2000cc28</run_address>
         <size>0x4c</size>
         <input_file_ref idref="fl-171"/>
      </object_component>
      <object_component id="oc-5ed">
         <name>.text:SPIIntClear</name>
         <load_address>0x2000cc74</load_address>
         <run_address>0x2000cc74</run_address>
         <size>0x48</size>
         <input_file_ref idref="fl-15d"/>
      </object_component>
      <object_component id="oc-2f1">
         <name>.text:_SlDrvBasicCmd</name>
         <load_address>0x2000ccbc</load_address>
         <run_address>0x2000ccbc</run_address>
         <size>0x48</size>
         <input_file_ref idref="fl-163"/>
      </object_component>
      <object_component id="oc-55d">
         <name>.text</name>
         <load_address>0x2000cd04</load_address>
         <run_address>0x2000cd04</run_address>
         <size>0x48</size>
         <input_file_ref idref="fl-149"/>
      </object_component>
      <object_component id="oc-5e2">
         <name>.text:SPIDmaMaskGet</name>
         <load_address>0x2000cd4c</load_address>
         <run_address>0x2000cd4c</run_address>
         <size>0x44</size>
         <input_file_ref idref="fl-15d"/>
      </object_component>
      <object_component id="oc-726">
         <name>.text:cc_SetupTransfer</name>
         <load_address>0x2000cd90</load_address>
         <run_address>0x2000cd90</run_address>
         <size>0x44</size>
         <input_file_ref idref="fl-169"/>
      </object_component>
      <object_component id="oc-1c8">
         <name>.text</name>
         <load_address>0x2000cdd4</load_address>
         <run_address>0x2000cdd4</run_address>
         <size>0x44</size>
         <input_file_ref idref="fl-3"/>
      </object_component>
      <object_component id="oc-6d">
         <name>.text</name>
         <load_address>0x2000ce18</load_address>
         <run_address>0x2000ce18</run_address>
         <size>0x44</size>
         <input_file_ref idref="fl-133"/>
      </object_component>
      <object_component id="oc-163">
         <name>.text:sl_Htonl</name>
         <load_address>0x2000ce5c</load_address>
         <run_address>0x2000ce5c</run_address>
         <size>0x42</size>
         <input_file_ref idref="fl-167"/>
      </object_component>
      <object_component id="oc-5b3">
         <name>.text:PinModeSet</name>
         <load_address>0x2000cea0</load_address>
         <run_address>0x2000cea0</run_address>
         <size>0x40</size>
         <input_file_ref idref="fl-15b"/>
      </object_component>
      <object_component id="oc-799">
         <name>.text</name>
         <load_address>0x2000cee0</load_address>
         <run_address>0x2000cee0</run_address>
         <size>0x40</size>
         <input_file_ref idref="fl-158"/>
      </object_component>
      <object_component id="oc-288">
         <name>.text:NwpRegisterInterruptHandler</name>
         <load_address>0x2000cf20</load_address>
         <run_address>0x2000cf20</run_address>
         <size>0x3e</size>
         <input_file_ref idref="fl-169"/>
      </object_component>
      <object_component id="oc-761">
         <name>.text:CopyPingResultsToReport</name>
         <load_address>0x2000cf5e</load_address>
         <run_address>0x2000cf5e</run_address>
         <size>0x3c</size>
         <input_file_ref idref="fl-164"/>
      </object_component>
      <object_component id="oc-182">
         <name>.text:PRCMPeripheralClkEnable</name>
         <load_address>0x2000cf9c</load_address>
         <run_address>0x2000cf9c</run_address>
         <size>0x3c</size>
         <input_file_ref idref="fl-15c"/>
      </object_component>
      <object_component id="oc-63a">
         <name>.text:_sl_TruncatePayloadByProtocol</name>
         <load_address>0x2000cfd8</load_address>
         <run_address>0x2000cfd8</run_address>
         <size>0x3c</size>
         <input_file_ref idref="fl-167"/>
      </object_component>
      <object_component id="oc-15d">
         <name>.text:sl_Htons</name>
         <load_address>0x2000d014</load_address>
         <run_address>0x2000d014</run_address>
         <size>0x3c</size>
         <input_file_ref idref="fl-167"/>
      </object_component>
      <object_component id="oc-77e">
         <name>.text:uDMAChannelControlSet</name>
         <load_address>0x2000d050</load_address>
         <run_address>0x2000d050</run_address>
         <size>0x3c</size>
         <input_file_ref idref="fl-171"/>
      </object_component>
      <object_component id="oc-282">
         <name>.text:NwpPowerOff</name>
         <load_address>0x2000d08c</load_address>
         <run_address>0x2000d08c</run_address>
         <size>0x38</size>
         <input_file_ref idref="fl-169"/>
      </object_component>
      <object_component id="oc-11c">
         <name>.text:sl_NetAppMDNSUnRegisterService</name>
         <load_address>0x2000d0c4</load_address>
         <run_address>0x2000d0c4</run_address>
         <size>0x36</size>
         <input_file_ref idref="fl-164"/>
      </object_component>
      <object_component id="oc-42d">
         <name>.text:PRCMPeripheralStatusGet</name>
         <load_address>0x2000d0fc</load_address>
         <run_address>0x2000d0fc</run_address>
         <size>0x34</size>
         <input_file_ref idref="fl-15c"/>
      </object_component>
      <object_component id="oc-445">
         <name>.text:SPIFIFOLevelSet</name>
         <load_address>0x2000d130</load_address>
         <run_address>0x2000d130</run_address>
         <size>0x34</size>
         <input_file_ref idref="fl-15d"/>
      </object_component>
      <object_component id="oc-6f1">
         <name>.text</name>
         <load_address>0x2000d164</load_address>
         <run_address>0x2000d164</run_address>
         <size>0x34</size>
         <input_file_ref idref="fl-156"/>
      </object_component>
      <object_component id="oc-3f5">
         <name>.text:UARTDisable</name>
         <load_address>0x2000d198</load_address>
         <run_address>0x2000d198</run_address>
         <size>0x30</size>
         <input_file_ref idref="fl-15e"/>
      </object_component>
      <object_component id="oc-62b">
         <name>.text:_SlDrvDeviceEventHandler</name>
         <load_address>0x2000d1c8</load_address>
         <run_address>0x2000d1c8</run_address>
         <size>0x30</size>
         <input_file_ref idref="fl-162"/>
      </object_component>
      <object_component id="oc-579">
         <name>.text</name>
         <load_address>0x2000d1f8</load_address>
         <run_address>0x2000d1f8</run_address>
         <size>0x30</size>
         <input_file_ref idref="fl-150"/>
      </object_component>
      <object_component id="oc-671">
         <name>.text</name>
         <load_address>0x2000d228</load_address>
         <run_address>0x2000d228</run_address>
         <size>0x30</size>
         <input_file_ref idref="fl-153"/>
      </object_component>
      <object_component id="oc-363">
         <name>.text:sl_Close</name>
         <load_address>0x2000d258</load_address>
         <run_address>0x2000d258</run_address>
         <size>0x30</size>
         <input_file_ref idref="fl-167"/>
      </object_component>
      <object_component id="oc-104">
         <name>.text:sl_WlanProfileDel</name>
         <load_address>0x2000d288</load_address>
         <run_address>0x2000d288</run_address>
         <size>0x30</size>
         <input_file_ref idref="fl-168"/>
      </object_component>
      <object_component id="oc-ec">
         <name>.text:sl_WlanSetMode</name>
         <load_address>0x2000d2b8</load_address>
         <run_address>0x2000d2b8</run_address>
         <size>0x30</size>
         <input_file_ref idref="fl-168"/>
      </object_component>
      <object_component id="oc-1a6">
         <name>.text</name>
         <load_address>0x2000d2e8</load_address>
         <run_address>0x2000d2e8</run_address>
         <size>0x2e</size>
         <input_file_ref idref="fl-135"/>
      </object_component>
      <object_component id="oc-742">
         <name>.text</name>
         <load_address>0x2000d316</load_address>
         <run_address>0x2000d316</run_address>
         <size>0x2e</size>
         <input_file_ref idref="fl-157"/>
      </object_component>
      <object_component id="oc-28e">
         <name>.text:NwpPowerOn</name>
         <load_address>0x2000d344</load_address>
         <run_address>0x2000d344</run_address>
         <size>0x2c</size>
         <input_file_ref idref="fl-169"/>
      </object_component>
      <object_component id="oc-3cb">
         <name>.text:PRCMSysResetCauseGet</name>
         <load_address>0x2000d370</load_address>
         <run_address>0x2000d370</run_address>
         <size>0x2c</size>
         <input_file_ref idref="fl-15c"/>
      </object_component>
      <object_component id="oc-56d">
         <name>.text</name>
         <load_address>0x2000d39c</load_address>
         <run_address>0x2000d39c</run_address>
         <size>0x2a</size>
         <input_file_ref idref="fl-14a"/>
      </object_component>
      <object_component id="oc-3c5">
         <name>.text:PRCMPeripheralClkDisable</name>
         <load_address>0x2000d3c8</load_address>
         <run_address>0x2000d3c8</run_address>
         <size>0x28</size>
         <input_file_ref idref="fl-15c"/>
      </object_component>
      <object_component id="oc-339">
         <name>.text</name>
         <load_address>0x2000d3f0</load_address>
         <run_address>0x2000d3f0</run_address>
         <size>0x26</size>
         <input_file_ref idref="fl-16f"/>
      </object_component>
      <object_component id="oc-463">
         <name>.text:DmaSpiSwIntHandler</name>
         <load_address>0x2000d418</load_address>
         <run_address>0x2000d418</run_address>
         <size>0x24</size>
         <input_file_ref idref="fl-169"/>
      </object_component>
      <object_component id="oc-480">
         <name>.text:IntUnregister</name>
         <load_address>0x2000d43c</load_address>
         <run_address>0x2000d43c</run_address>
         <size>0x24</size>
         <input_file_ref idref="fl-15a"/>
      </object_component>
      <object_component id="oc-3fb">
         <name>.text:UARTEnable</name>
         <load_address>0x2000d460</load_address>
         <run_address>0x2000d460</run_address>
         <size>0x24</size>
         <input_file_ref idref="fl-15e"/>
      </object_component>
      <object_component id="oc-395">
         <name>.text:_SlDrvProtectionObjLockWaitForever</name>
         <load_address>0x2000d484</load_address>
         <run_address>0x2000d484</run_address>
         <size>0x24</size>
         <input_file_ref idref="fl-163"/>
      </object_component>
      <object_component id="oc-22d">
         <name>.text</name>
         <load_address>0x2000d4a8</load_address>
         <run_address>0x2000d4a8</run_address>
         <size>0x24</size>
         <input_file_ref idref="fl-137"/>
      </object_component>
      <object_component id="oc-18e">
         <name>.text:SPIReset</name>
         <load_address>0x2000d4cc</load_address>
         <run_address>0x2000d4cc</run_address>
         <size>0x22</size>
         <input_file_ref idref="fl-15d"/>
      </object_component>
      <object_component id="oc-6ba">
         <name>.text:SPIWordCountSet</name>
         <load_address>0x2000d4ee</load_address>
         <run_address>0x2000d4ee</run_address>
         <size>0x22</size>
         <input_file_ref idref="fl-15d"/>
      </object_component>
      <object_component id="oc-44b">
         <name>.text:IntRegister</name>
         <load_address>0x2000d510</load_address>
         <run_address>0x2000d510</run_address>
         <size>0x20</size>
         <input_file_ref idref="fl-15a"/>
      </object_component>
      <object_component id="oc-1bc">
         <name>.text:SPIDataGet</name>
         <load_address>0x2000d530</load_address>
         <run_address>0x2000d530</run_address>
         <size>0x20</size>
         <input_file_ref idref="fl-15d"/>
      </object_component>
      <object_component id="oc-39b">
         <name>.text:_SlDrvProtectionObjUnLock</name>
         <load_address>0x2000d550</load_address>
         <run_address>0x2000d550</run_address>
         <size>0x20</size>
         <input_file_ref idref="fl-163"/>
      </object_component>
      <object_component id="oc-1b6">
         <name>.text:SPIDataPut</name>
         <load_address>0x2000d570</load_address>
         <run_address>0x2000d570</run_address>
         <size>0x1e</size>
         <input_file_ref idref="fl-15d"/>
      </object_component>
      <object_component id="oc-215">
         <name>.text:UARTCharPut</name>
         <load_address>0x2000d58e</load_address>
         <run_address>0x2000d58e</run_address>
         <size>0x1e</size>
         <input_file_ref idref="fl-15e"/>
      </object_component>
      <object_component id="oc-4c7">
         <name>.text:_SlDrvObjLockWaitForever</name>
         <load_address>0x2000d5ac</load_address>
         <run_address>0x2000d5ac</run_address>
         <size>0x1e</size>
         <input_file_ref idref="fl-163"/>
      </object_component>
      <object_component id="oc-294">
         <name>.text:_SlDrvSyncObjWaitForever</name>
         <load_address>0x2000d5ca</load_address>
         <run_address>0x2000d5ca</run_address>
         <size>0x1e</size>
         <input_file_ref idref="fl-163"/>
      </object_component>
      <object_component id="oc-433">
         <name>.text:cc_UDMAChannelSelect</name>
         <load_address>0x2000d5e8</load_address>
         <run_address>0x2000d5e8</run_address>
         <size>0x1e</size>
         <input_file_ref idref="fl-169"/>
      </object_component>
      <object_component id="oc-227">
         <name>.text:UARTCharGetNonBlocking</name>
         <load_address>0x2000d606</load_address>
         <run_address>0x2000d606</run_address>
         <size>0x1c</size>
         <input_file_ref idref="fl-15e"/>
      </object_component>
      <object_component id="oc-57f">
         <name>.text</name>
         <load_address>0x2000d622</load_address>
         <run_address>0x2000d622</run_address>
         <size>0x1c</size>
         <input_file_ref idref="fl-14d"/>
      </object_component>
      <object_component id="oc-790">
         <name>.text:uDMAChannelEnable</name>
         <load_address>0x2000d640</load_address>
         <run_address>0x2000d640</run_address>
         <size>0x1c</size>
         <input_file_ref idref="fl-171"/>
      </object_component>
      <object_component id="oc-3e9">
         <name>.text:PinTypeSPI</name>
         <load_address>0x2000d65c</load_address>
         <run_address>0x2000d65c</run_address>
         <size>0x1a</size>
         <input_file_ref idref="fl-15b"/>
      </object_component>
      <object_component id="oc-3e3">
         <name>.text:PinTypeUART</name>
         <load_address>0x2000d676</load_address>
         <run_address>0x2000d676</run_address>
         <size>0x1a</size>
         <input_file_ref idref="fl-15b"/>
      </object_component>
      <object_component id="oc-4f0">
         <name>.text:SPIDmaDisable</name>
         <load_address>0x2000d690</load_address>
         <run_address>0x2000d690</run_address>
         <size>0x1a</size>
         <input_file_ref idref="fl-15d"/>
      </object_component>
      <object_component id="oc-43f">
         <name>.text:SPIDmaEnable</name>
         <load_address>0x2000d6aa</load_address>
         <run_address>0x2000d6aa</run_address>
         <size>0x1a</size>
         <input_file_ref idref="fl-15d"/>
      </object_component>
      <object_component id="oc-4ea">
         <name>.text:SPIFIFODisable</name>
         <load_address>0x2000d6c4</load_address>
         <run_address>0x2000d6c4</run_address>
         <size>0x1a</size>
         <input_file_ref idref="fl-15d"/>
      </object_component>
      <object_component id="oc-439">
         <name>.text:SPIFIFOEnable</name>
         <load_address>0x2000d6de</load_address>
         <run_address>0x2000d6de</run_address>
         <size>0x1a</size>
         <input_file_ref idref="fl-15d"/>
      </object_component>
      <object_component id="oc-4e4">
         <name>.text:SPIIntUnregister</name>
         <load_address>0x2000d6f8</load_address>
         <run_address>0x2000d6f8</run_address>
         <size>0x1a</size>
         <input_file_ref idref="fl-15d"/>
      </object_component>
      <object_component id="oc-4d9">
         <name>.text:_SlDrvObjUnLock</name>
         <load_address>0x2000d712</load_address>
         <run_address>0x2000d712</run_address>
         <size>0x1a</size>
         <input_file_ref idref="fl-163"/>
      </object_component>
      <object_component id="oc-49b">
         <name>.text:_SlDrvSyncObjSignal</name>
         <load_address>0x2000d72c</load_address>
         <run_address>0x2000d72c</run_address>
         <size>0x1a</size>
         <input_file_ref idref="fl-163"/>
      </object_component>
      <object_component id="oc-1c2">
         <name>.text:SPICSDisable</name>
         <load_address>0x2000d746</load_address>
         <run_address>0x2000d746</run_address>
         <size>0x18</size>
         <input_file_ref idref="fl-15d"/>
      </object_component>
      <object_component id="oc-1b0">
         <name>.text:SPICSEnable</name>
         <load_address>0x2000d75e</load_address>
         <run_address>0x2000d75e</run_address>
         <size>0x18</size>
         <input_file_ref idref="fl-15d"/>
      </object_component>
      <object_component id="oc-427">
         <name>.text:SPIDisable</name>
         <load_address>0x2000d776</load_address>
         <run_address>0x2000d776</run_address>
         <size>0x18</size>
         <input_file_ref idref="fl-15d"/>
      </object_component>
      <object_component id="oc-1a0">
         <name>.text:SPIEnable</name>
         <load_address>0x2000d78e</load_address>
         <run_address>0x2000d78e</run_address>
         <size>0x18</size>
         <input_file_ref idref="fl-15d"/>
      </object_component>
      <object_component id="oc-221">
         <name>.text:UARTCharsAvail</name>
         <load_address>0x2000d7a6</load_address>
         <run_address>0x2000d7a6</run_address>
         <size>0x18</size>
         <input_file_ref idref="fl-15e"/>
      </object_component>
      <object_component id="oc-417">
         <name>.text:_SlNonOsSemSet</name>
         <load_address>0x2000d7be</load_address>
         <run_address>0x2000d7be</run_address>
         <size>0x18</size>
         <input_file_ref idref="fl-166"/>
      </object_component>
      <object_component id="oc-2a0">
         <name>.text:_sl_GetStartResponseConvert</name>
         <load_address>0x2000d7d8</load_address>
         <run_address>0x2000d7d8</run_address>
         <size>0x18</size>
         <input_file_ref idref="fl-162"/>
      </object_component>
      <object_component id="oc-67">
         <name>.text</name>
         <load_address>0x2000d7f0</load_address>
         <run_address>0x2000d7f0</run_address>
         <size>0x18</size>
         <input_file_ref idref="fl-141"/>
      </object_component>
      <object_component id="oc-32d">
         <name>.text</name>
         <load_address>0x2000d808</load_address>
         <run_address>0x2000d808</run_address>
         <size>0x18</size>
         <input_file_ref idref="fl-16d"/>
      </object_component>
      <object_component id="oc-3b9">
         <name>.text:PRCMHIBRegRead</name>
         <load_address>0x2000d820</load_address>
         <run_address>0x2000d820</run_address>
         <size>0x16</size>
         <input_file_ref idref="fl-15c"/>
      </object_component>
      <object_component id="oc-3bf">
         <name>.text:PRCMHIBRegWrite</name>
         <load_address>0x2000d836</load_address>
         <run_address>0x2000d836</run_address>
         <size>0x16</size>
         <input_file_ref idref="fl-15c"/>
      </object_component>
      <object_component id="oc-310">
         <name>.text:_SlDrvMemZero</name>
         <load_address>0x2000d84c</load_address>
         <run_address>0x2000d84c</run_address>
         <size>0x16</size>
         <input_file_ref idref="fl-163"/>
      </object_component>
      <object_component id="oc-351">
         <name>.text</name>
         <load_address>0x2000d862</load_address>
         <run_address>0x2000d862</run_address>
         <size>0x16</size>
         <input_file_ref idref="fl-14e"/>
      </object_component>
      <object_component id="oc-3ae">
         <name>.text:CPUcpsie</name>
         <load_address>0x2000d878</load_address>
         <run_address>0x2000d878</run_address>
         <size>0x14</size>
         <input_file_ref idref="fl-160"/>
      </object_component>
      <object_component id="oc-16a">
         <name>.text:IntVTableBaseSet</name>
         <load_address>0x2000d88c</load_address>
         <run_address>0x2000d88c</run_address>
         <size>0x14</size>
         <input_file_ref idref="fl-15a"/>
      </object_component>
      <object_component id="oc-1fa">
         <name>.text</name>
         <load_address>0x2000d8a0</load_address>
         <run_address>0x2000d8a0</run_address>
         <size>0x14</size>
         <input_file_ref idref="fl-13f"/>
      </object_component>
      <object_component id="oc-34b">
         <name>.text</name>
         <load_address>0x2000d8b4</load_address>
         <run_address>0x2000d8b4</run_address>
         <size>0x14</size>
         <input_file_ref idref="fl-16e"/>
      </object_component>
      <object_component id="oc-13b">
         <name>.text</name>
         <load_address>0x2000d8c8</load_address>
         <run_address>0x2000d8c8</run_address>
         <size>0x14</size>
         <input_file_ref idref="fl-13d"/>
      </object_component>
      <object_component id="oc-2e3">
         <name>.text:_SlDrvResetCmdExt</name>
         <load_address>0x2000d8dc</load_address>
         <run_address>0x2000d8dc</run_address>
         <size>0xe</size>
         <input_file_ref idref="fl-163"/>
      </object_component>
      <object_component id="oc-12">
         <name>.text:decompress:none</name>
         <load_address>0x2000d8ea</load_address>
         <run_address>0x2000d8ea</run_address>
         <size>0xe</size>
         <input_file_ref idref="fl-130"/>
      </object_component>
      <object_component id="oc-2d">
         <name>.text</name>
         <load_address>0x2000d8f8</load_address>
         <run_address>0x2000d8f8</run_address>
         <size>0xe</size>
         <input_file_ref idref="fl-4"/>
      </object_component>
      <object_component id="oc-473">
         <name>.text:NwpMaskInterrupt</name>
         <load_address>0x2000d908</load_address>
         <run_address>0x2000d908</run_address>
         <size>0xc</size>
         <input_file_ref idref="fl-169"/>
      </object_component>
      <object_component id="oc-48d">
         <name>.text:NwpUnMaskInterrupt</name>
         <load_address>0x2000d914</load_address>
         <run_address>0x2000d914</run_address>
         <size>0xc</size>
         <input_file_ref idref="fl-169"/>
      </object_component>
      <object_component id="oc-1e">
         <name>.text:decompress:ZI</name>
         <load_address>0x2000d920</load_address>
         <run_address>0x2000d920</run_address>
         <size>0xc</size>
         <input_file_ref idref="fl-132"/>
      </object_component>
      <object_component id="oc-10a">
         <name>.text:sl_WlanDisconnect</name>
         <load_address>0x2000d92c</load_address>
         <run_address>0x2000d92c</run_address>
         <size>0xc</size>
         <input_file_ref idref="fl-168"/>
      </object_component>
      <object_component id="oc-170">
         <name>.text:IntMasterEnable</name>
         <load_address>0x2000d938</load_address>
         <run_address>0x2000d938</run_address>
         <size>0xa</size>
         <input_file_ref idref="fl-15a"/>
      </object_component>
      <object_component id="oc-415">
         <name>.text:UtilsDelay</name>
         <load_address>0x2000d942</load_address>
         <run_address>0x2000d942</run_address>
         <size>0x6</size>
         <input_file_ref idref="fl-15f"/>
      </object_component>
      <object_component id="oc-18">
         <name>.text:decompress:rle24</name>
         <load_address>0x2000d948</load_address>
         <run_address>0x2000d948</run_address>
         <size>0x6</size>
         <input_file_ref idref="fl-131"/>
      </object_component>
      <object_component id="oc-5b">
         <name>.text</name>
         <load_address>0x2000d94e</load_address>
         <run_address>0x2000d94e</run_address>
         <size>0x4</size>
         <input_file_ref idref="fl-13a"/>
      </object_component>
      <object_component id="oc-51f">
         <name>.const:.string:_ctypes_</name>
         <load_address>0x2000d954</load_address>
         <run_address>0x2000d954</run_address>
         <size>0x101</size>
         <input_file_ref idref="fl-145"/>
      </object_component>
      <object_component id="oc-688">
         <name>.const:g_ulPinToPadMap</name>
         <load_address>0x2000da58</load_address>
         <run_address>0x2000da58</run_address>
         <size>0x100</size>
         <input_file_ref idref="fl-15b"/>
      </object_component>
      <object_component id="oc-5de">
         <name>.const:g_pulRegs</name>
         <load_address>0x2000db58</load_address>
         <run_address>0x2000db58</run_address>
         <size>0xd4</size>
         <input_file_ref idref="fl-15a"/>
      </object_component>
      <object_component id="oc-316">
         <name>.const:$P$T0$1</name>
         <load_address>0x2000dc2c</load_address>
         <run_address>0x2000dc2c</run_address>
         <size>0xb0</size>
         <input_file_ref idref="fl-168"/>
      </object_component>
      <object_component id="oc-3d2">
         <name>.const:PRCM_PeriphRegsList</name>
         <load_address>0x2000dcdc</load_address>
         <run_address>0x2000dcdc</run_address>
         <size>0xa8</size>
         <input_file_ref idref="fl-15c"/>
      </object_component>
      <object_component id="oc-3b5">
         <name>.const</name>
         <load_address>0x2000dd84</load_address>
         <run_address>0x2000dd84</run_address>
         <size>0x80</size>
         <input_file_ref idref="fl-15a"/>
      </object_component>
      <object_component id="oc-12b">
         <name>.const</name>
         <load_address>0x2000de04</load_address>
         <run_address>0x2000de04</run_address>
         <size>0x40</size>
         <input_file_ref idref="fl-2"/>
      </object_component>
      <object_component id="oc-6b0">
         <name>.const:OpcodeTranslateTable</name>
         <load_address>0x2000de44</load_address>
         <run_address>0x2000de44</run_address>
         <size>0x3c</size>
         <input_file_ref idref="fl-163"/>
      </object_component>
      <object_component id="oc-2c4">
         <name>.const</name>
         <load_address>0x2000de80</load_address>
         <run_address>0x2000de80</run_address>
         <size>0x3c</size>
         <input_file_ref idref="fl-168"/>
      </object_component>
      <object_component id="oc-720">
         <name>.const:_SlActionLookupTable</name>
         <load_address>0x2000debc</load_address>
         <run_address>0x2000debc</run_address>
         <size>0x38</size>
         <input_file_ref idref="fl-163"/>
      </object_component>
      <object_component id="oc-4fb">
         <name>.const</name>
         <load_address>0x2000def4</load_address>
         <run_address>0x2000def4</run_address>
         <size>0x34</size>
         <input_file_ref idref="fl-163"/>
      </object_component>
      <object_component id="oc-52b">
         <name>.const</name>
         <load_address>0x2000df28</load_address>
         <run_address>0x2000df28</run_address>
         <size>0x34</size>
         <input_file_ref idref="fl-167"/>
      </object_component>
      <object_component id="oc-122">
         <name>.const:$P$T1$2</name>
         <load_address>0x2000df5c</load_address>
         <run_address>0x2000df5c</run_address>
         <size>0x2c</size>
         <input_file_ref idref="fl-2"/>
      </object_component>
      <object_component id="oc-147">
         <name>.const:.string</name>
         <load_address>0x2000df88</load_address>
         <run_address>0x2000df88</run_address>
         <size>0x2c</size>
         <input_file_ref idref="fl-2"/>
      </object_component>
      <object_component id="oc-3a1">
         <name>.const</name>
         <load_address>0x2000dfb4</load_address>
         <run_address>0x2000dfb4</run_address>
         <size>0x28</size>
         <input_file_ref idref="fl-164"/>
      </object_component>
      <object_component id="oc-6c7">
         <name>.const:g_ppulSPIIntMap</name>
         <load_address>0x2000dfdc</load_address>
         <run_address>0x2000dfdc</run_address>
         <size>0x24</size>
         <input_file_ref idref="fl-15d"/>
      </object_component>
      <object_component id="oc-12e">
         <name>.const:.string:$P$T0$1</name>
         <load_address>0x2000e000</load_address>
         <run_address>0x2000e000</run_address>
         <size>0x22</size>
         <input_file_ref idref="fl-2"/>
      </object_component>
      <object_component id="oc-691">
         <name>.const</name>
         <load_address>0x2000e024</load_address>
         <run_address>0x2000e024</run_address>
         <size>0x18</size>
         <input_file_ref idref="fl-15d"/>
      </object_component>
      <object_component id="oc-2da">
         <name>.const</name>
         <load_address>0x2000e03c</load_address>
         <run_address>0x2000e03c</run_address>
         <size>0x14</size>
         <input_file_ref idref="fl-162"/>
      </object_component>
      <object_component id="oc-6d9">
         <name>.const:.string</name>
         <load_address>0x2000e050</load_address>
         <run_address>0x2000e050</run_address>
         <size>0x10</size>
         <input_file_ref idref="fl-167"/>
      </object_component>
      <object_component id="oc-369">
         <name>.const</name>
         <load_address>0x2000e060</load_address>
         <run_address>0x2000e060</run_address>
         <size>0x10</size>
         <input_file_ref idref="fl-16a"/>
      </object_component>
      <object_component id="oc-4a2">
         <name>.const:.string</name>
         <load_address>0x2000e070</load_address>
         <run_address>0x2000e070</run_address>
         <size>0x8</size>
         <input_file_ref idref="fl-162"/>
      </object_component>
      <object_component id="oc-33f">
         <name>.const:.string</name>
         <load_address>0x2000e078</load_address>
         <run_address>0x2000e078</run_address>
         <size>0x8</size>
         <input_file_ref idref="fl-16a"/>
      </object_component>
      <object_component id="oc-2f8">
         <name>.const</name>
         <load_address>0x2000e080</load_address>
         <run_address>0x2000e080</run_address>
         <size>0x8</size>
         <input_file_ref idref="fl-165"/>
      </object_component>
      <object_component id="oc-7f9">
         <name>.cinit..data.load</name>
         <load_address>0x2000e088</load_address>
         <run_address>0x2000e088</run_address>
         <size>0x4e</size>
      </object_component>
      <object_component id="oc-7f7">
         <name>__TI_handler_table</name>
         <load_address>0x2000e0d8</load_address>
         <run_address>0x2000e0d8</run_address>
         <size>0xc</size>
      </object_component>
      <object_component id="oc-7fa">
         <name>.cinit..bss.load</name>
         <load_address>0x2000e0e8</load_address>
         <run_address>0x2000e0e8</run_address>
         <size>0x8</size>
      </object_component>
      <object_component id="oc-7f8">
         <name>__TI_cinit_table</name>
         <load_address>0x2000e0f0</load_address>
         <run_address>0x2000e0f0</run_address>
         <size>0x10</size>
      </object_component>
      <object_component id="oc-2a">
         <name>.sysmem</name>
         <uninitialized>true</uninitialized>
         <run_address>0x2002c250</run_address>
         <size>0x8</size>
         <input_file_ref idref="fl-138"/>
      </object_component>
      <object_component id="oc-7fc">
         <name>.sysmem</name>
         <uninitialized>true</uninitialized>
         <run_address>0x2002c250</run_address>
         <size>0x0</size>
      </object_component>
      <object_component id="oc-29">
         <name>.stack</name>
         <uninitialized>true</uninitialized>
         <run_address>0x2003d800</run_address>
         <size>0x0</size>
         <input_file_ref idref="fl-12f"/>
      </object_component>
      <object_component id="oc-7fb">
         <name>.stack</name>
         <uninitialized>true</uninitialized>
         <run_address>0x2003d800</run_address>
         <size>0x0</size>
      </object_component>
      <object_component id="oc-1d1">
         <name>.bss:data</name>
         <uninitialized>true</uninitialized>
         <run_address>0x200281a8</run_address>
         <size>0x3e80</size>
         <input_file_ref idref="fl-2"/>
      </object_component>
      <object_component id="oc-154">
         <name>.bss:postDataBuf</name>
         <uninitialized>true</uninitialized>
         <run_address>0x20022000</run_address>
         <size>0x61a8</size>
         <input_file_ref idref="fl-2"/>
      </object_component>
      <object_component id="oc-da">
         <name>.bss:g_ucConnectionSSID</name>
         <uninitialized>true</uninitialized>
         <run_address>0x2002c208</run_address>
         <size>0x24</size>
         <input_file_ref idref="fl-2"/>
      </object_component>
      <object_component id="oc-423">
         <name>.bss:g_StatMem</name>
         <uninitialized>true</uninitialized>
         <run_address>0x2002c028</run_address>
         <size>0x168</size>
         <input_file_ref idref="fl-163"/>
      </object_component>
      <object_component id="oc-2b6">
         <name>.bss:g__SlNonOsCB</name>
         <uninitialized>true</uninitialized>
         <run_address>0x2002c1e0</run_address>
         <size>0x28</size>
         <input_file_ref idref="fl-166"/>
      </object_component>
      <object_component id="oc-460">
         <name>.bss:g_ucDinDout</name>
         <uninitialized>true</uninitialized>
         <run_address>0x2002c190</run_address>
         <size>0x50</size>
         <input_file_ref idref="fl-169"/>
      </object_component>
      <object_component id="oc-1cf">
         <name>.common:firstSample</name>
         <uninitialized>true</uninitialized>
         <run_address>0x2002c238</run_address>
         <size>0x4</size>
      </object_component>
      <object_component id="oc-1d0">
         <name>.common:secondSample</name>
         <uninitialized>true</uninitialized>
         <run_address>0x2002c240</run_address>
         <size>0x4</size>
      </object_component>
      <object_component id="oc-1ce">
[...]
         <name>_sl_HandleAsync_DnsGetHostByName</name>
         <value>0x2000b859</value>
         <object_component_ref idref="oc-74e"/>
      </symbol>
      <symbol id="sm-d61">
         <name>_SlRegisterServiceCtrl</name>
         <value>0x2000dfc0</value>
         <object_component_ref idref="oc-3a1"/>
      </symbol>
      <symbol id="sm-d62">
         <name>_sl_HandleAsync_PingResponse</name>
         <value>0x2000b8e5</value>
         <object_component_ref idref="oc-70c"/>
      </symbol>
      <symbol id="sm-d63">
         <name>_SlNetAppStartCtrl</name>
         <value>0x2000dfb4</value>
         <object_component_ref idref="oc-3a1"/>
      </symbol>
      <symbol id="sm-d64">
         <name>_SlDrvNetAppEventHandler</name>
         <value>0x2000a799</value>
         <object_component_ref idref="oc-706"/>
      </symbol>
      <symbol id="sm-d65">
         <name>_sl_HandleAsync_DnsGetHostByService</name>
         <value>0x2000ad21</value>
         <object_component_ref idref="oc-754"/>
      </symbol>
      <symbol id="sm-d66">
         <name>_sl_NetAppSendTokenValue</name>
         <value>0x2000c219</value>
         <object_component_ref idref="oc-75a"/>
      </symbol>
      <symbol id="sm-d67">
         <name>CopyPingResultsToReport</name>
         <value>0x2000cf5f</value>
         <object_component_ref idref="oc-761"/>
      </symbol>
      <symbol id="sm-d68">
         <name>_SlGetHostByNameCtrl</name>
         <value>0x2000dfc8</value>
         <object_component_ref idref="oc-3a1"/>
      </symbol>
      <symbol id="sm-d69">
         <name>_SlGetHostByServiceCtrl</name>
         <value>0x2000dfc4</value>
         <object_component_ref idref="oc-3a1"/>
      </symbol>
      <symbol id="sm-d6a">
         <name>sl_NetAppMDNSRegisterUnregisterService</name>
         <value>0x2000b19d</value>
         <object_component_ref idref="oc-303"/>
      </symbol>
      <symbol id="sm-d87">
         <name>_SlNetCfgSetCmdCtrl</name>
         <value>0x2000e080</value>
         <object_component_ref idref="oc-2f8"/>
      </symbol>
      <symbol id="sm-d88">
         <name>_SlNetCfgGetCmdCtrl</name>
         <value>0x2000e084</value>
         <object_component_ref idref="oc-2f8"/>
      </symbol>
      <symbol id="sm-d89">
         <name>sl_NetCfgSet</name>
         <value>0x2000c281</value>
         <object_component_ref idref="oc-110"/>
      </symbol>
      <symbol id="sm-dcb">
         <name>_SlNonOsSemSet</name>
         <value>0x2000d7bf</value>
         <object_component_ref idref="oc-417"/>
      </symbol>
      <symbol id="sm-dcc">
         <name>_SlNonOsSpawn</name>
         <value>0x2000c665</value>
         <object_component_ref idref="oc-4a8"/>
      </symbol>
      <symbol id="sm-dcd">
         <name>_SlNonOsSemGet</name>
         <value>0x2000c609</value>
         <object_component_ref idref="oc-41d"/>
      </symbol>
      <symbol id="sm-dce">
         <name>_SlNonOsMainLoopTask</name>
         <value>0x2000c065</value>
         <object_component_ref idref="oc-e6"/>
      </symbol>
      <symbol id="sm-dcf">
         <name>g__SlNonOsCB</name>
         <value>0x2002c1e0</value>
         <object_component_ref idref="oc-2b6"/>
      </symbol>
      <symbol id="sm-e9d">
         <name>sl_Recv</name>
         <value>0x2000bff1</value>
         <object_component_ref idref="oc-50f"/>
      </symbol>
      <symbol id="sm-e9e">
         <name>_SlSockCloseCmdCtrl</name>
         <value>0x2000df2c</value>
         <object_component_ref idref="oc-52b"/>
      </symbol>
      <symbol id="sm-e9f">
         <name>_SlSendCmdCtrl</name>
         <value>0x2000df34</value>
         <object_component_ref idref="oc-52b"/>
      </symbol>
      <symbol id="sm-ea0">
         <name>_sl_BuildAddress</name>
         <value>0x2000cb45</value>
         <object_component_ref idref="oc-53b"/>
      </symbol>
      <symbol id="sm-ea1">
         <name>sl_Send</name>
         <value>0x2000a48d</value>
         <object_component_ref idref="oc-515"/>
      </symbol>
      <symbol id="sm-ea2">
         <name>_sl_HandleAsync_Connect</name>
         <value>0x2000be89</value>
         <object_component_ref idref="oc-770"/>
      </symbol>
      <symbol id="sm-ea3">
         <name>sl_Htonl</name>
         <value>0x2000ce5d</value>
         <object_component_ref idref="oc-163"/>
      </symbol>
      <symbol id="sm-ea4">
         <name>sl_Htons</name>
         <value>0x2000d015</value>
         <object_component_ref idref="oc-15d"/>
      </symbol>
      <symbol id="sm-ea5">
         <name>_SlSelectCmdCtrl</name>
         <value>0x2000df4c</value>
         <object_component_ref idref="oc-52b"/>
      </symbol>
      <symbol id="sm-ea6">
         <name>sl_Connect</name>
         <value>0x2000a385</value>
         <object_component_ref idref="oc-35d"/>
      </symbol>
      <symbol id="sm-ea7">
         <name>sl_Socket</name>
         <value>0x2000c6c1</value>
         <object_component_ref idref="oc-357"/>
      </symbol>
      <symbol id="sm-ea8">
         <name>_sl_HandleAsync_Select</name>
         <value>0x2000c879</value>
         <object_component_ref idref="oc-776"/>
      </symbol>
      <symbol id="sm-ea9">
         <name>_SlSockSocketCmdCtrl</name>
         <value>0x2000df28</value>
         <object_component_ref idref="oc-52b"/>
      </symbol>
      <symbol id="sm-eaa">
         <name>_SlRecvfomCmdCtrl</name>
         <value>0x2000df30</value>
         <object_component_ref idref="oc-52b"/>
      </symbol>
      <symbol id="sm-eab">
         <name>_SlSetSockOptCmdCtrl</name>
         <value>0x2000df44</value>
         <object_component_ref idref="oc-52b"/>
      </symbol>
      <symbol id="sm-eac">
         <name>_SlAcceptCmdCtrl</name>
         <value>0x2000df3c</value>
         <object_component_ref idref="oc-52b"/>
      </symbol>
      <symbol id="sm-ead">
         <name>_SlPayloadByProtocolLUT</name>
         <value>0x2000e050</value>
         <object_component_ref idref="oc-6d9"/>
      </symbol>
      <symbol id="sm-eae">
         <name>_SlListenCmdCtrl</name>
         <value>0x2000df38</value>
         <object_component_ref idref="oc-52b"/>
      </symbol>
      <symbol id="sm-eaf">
         <name>_SlRecvCmdCtrl</name>
         <value>0x2000df40</value>
         <object_component_ref idref="oc-52b"/>
      </symbol>
      <symbol id="sm-eb0">
         <name>_SlGetSockOptCmdCtrl</name>
         <value>0x2000df48</value>
         <object_component_ref idref="oc-52b"/>
      </symbol>
      <symbol id="sm-eb1">
         <name>_sl_TruncatePayloadByProtocol</name>
         <value>0x2000cfd9</value>
         <object_component_ref idref="oc-63a"/>
      </symbol>
      <symbol id="sm-eb2">
         <name>sl_Close</name>
         <value>0x2000d259</value>
         <object_component_ref idref="oc-363"/>
      </symbol>
      <symbol id="sm-eb3">
         <name>_sl_HandleAsync_Accept</name>
         <value>0x2000c4e9</value>
         <object_component_ref idref="oc-76a"/>
      </symbol>
      <symbol id="sm-eb4">
         <name>sl_SetSockOpt</name>
         <value>0x2000c2e9</value>
         <object_component_ref idref="oc-342"/>
      </symbol>
      <symbol id="sm-f42">
         <name>sl_WlanDisconnect</name>
         <value>0x2000d92d</value>
         <object_component_ref idref="oc-10a"/>
      </symbol>
      <symbol id="sm-f43">
         <name>_SlPolicyGetCmdCtrl</name>
         <value>0x2000de84</value>
         <object_component_ref idref="oc-2c4"/>
      </symbol>
      <symbol id="sm-f44">
         <name>_SlPolicySetCmdCtrl</name>
         <value>0x2000de80</value>
         <object_component_ref idref="oc-2c4"/>
      </symbol>
      <symbol id="sm-f45">
         <name>_SlRxFilterGetCmdCtrl</name>
         <value>0x2000de9c</value>
         <object_component_ref idref="oc-2c4"/>
      </symbol>
      <symbol id="sm-f46">
         <name>_SlRxFilterSetCmdCtrl</name>
         <value>0x2000de98</value>
         <object_component_ref idref="oc-2c4"/>
      </symbol>
      <symbol id="sm-f47">
         <name>_SlProfileGetCmdCtrl</name>
         <value>0x2000de88</value>
         <object_component_ref idref="oc-2c4"/>
      </symbol>
      <symbol id="sm-f48">
         <name>_SlWlanGetNetworkListCtrl</name>
         <value>0x2000de90</value>
         <object_component_ref idref="oc-2c4"/>
      </symbol>
      <symbol id="sm-f49">
         <name>sl_WlanPolicySet</name>
         <value>0x2000c5a9</value>
         <object_component_ref idref="oc-fe"/>
      </symbol>
      <symbol id="sm-f4a">
         <name>_SlProfileDelCmdCtrl</name>
         <value>0x2000de8c</value>
         <object_component_ref idref="oc-2c4"/>
      </symbol>
      <symbol id="sm-f4b">
         <name>_SlWlanSetModeCmdCtrl</name>
         <value>0x2000dea4</value>
         <object_component_ref idref="oc-2c4"/>
      </symbol>
      <symbol id="sm-f4c">
         <name>_SlWlanCfgSetCmdCtrl</name>
         <value>0x2000dea8</value>
         <object_component_ref idref="oc-2c4"/>
      </symbol>
      <symbol id="sm-f4d">
         <name>_SlWlanCfgGetCmdCtrl</name>
         <value>0x2000deac</value>
         <object_component_ref idref="oc-2c4"/>
      </symbol>
      <symbol id="sm-f4e">
         <name>sl_WlanProfileDel</name>
         <value>0x2000d289</value>
         <object_component_ref idref="oc-104"/>
      </symbol>
      <symbol id="sm-f4f">
         <name>_SlRxFilterAddtCmdCtrl</name>
         <value>0x2000de94</value>
         <object_component_ref idref="oc-2c4"/>
      </symbol>
      <symbol id="sm-f50">
         <name>sl_WlanRxFilterSet</name>
         <value>0x2000c8cd</value>
         <object_component_ref idref="oc-125"/>
      </symbol>
      <symbol id="sm-f51">
         <name>sl_WlanConnect</name>
         <value>0x20008d69</value>
         <object_component_ref idref="oc-12f"/>
      </symbol>
      <symbol id="sm-f52">
         <name>sl_WlanSet</name>
         <value>0x2000c351</value>
         <object_component_ref idref="oc-116"/>
      </symbol>
      <symbol id="sm-f53">
         <name>_SlSmartConfigStartCmdCtrl</name>
         <value>0x2000dea0</value>
         <object_component_ref idref="oc-2c4"/>
      </symbol>
      <symbol id="sm-f54">
         <name>sl_WlanSetMode</name>
         <value>0x2000d2b9</value>
         <object_component_ref idref="oc-ec"/>
      </symbol>
      <symbol id="sm-106b">
         <name>g_cDummy</name>
         <value>0x2002c249</value>
      </symbol>
      <symbol id="sm-106c">
         <name>NwpMaskInterrupt</name>
         <value>0x2000d909</value>
         <object_component_ref idref="oc-473"/>
      </symbol>
      <symbol id="sm-106d">
         <name>NwpRegisterInterruptHandler</name>
         <value>0x2000cf21</value>
         <object_component_ref idref="oc-288"/>
      </symbol>
      <symbol id="sm-106e">
         <name>NwpPowerOnPreamble</name>
         <value>0x2000bb8d</value>
         <object_component_ref idref="oc-26a"/>
      </symbol>
      <symbol id="sm-106f">
         <name>g_pHostIntHdl</name>
         <value>0x2002cbf8</value>
         <object_component_ref idref="oc-45d"/>
      </symbol>
      <symbol id="sm-1070">
         <name>NwpUnMaskInterrupt</name>
         <value>0x2000d915</value>
         <object_component_ref idref="oc-48d"/>
      </symbol>
      <symbol id="sm-1071">
         <name>g_ucDinDout</name>
         <value>0x2002c190</value>
         <object_component_ref idref="oc-460"/>
      </symbol>
      <symbol id="sm-1072">
         <name>NwpPowerOff</name>
         <value>0x2000d08d</value>
         <object_component_ref idref="oc-282"/>
      </symbol>
      <symbol id="sm-1073">
         <name>spi_Read</name>
         <value>0x2000a995</value>
         <object_component_ref idref="oc-6a3"/>
      </symbol>
      <symbol id="sm-1074">
         <name>DmaSpiSwIntHandler</name>
         <value>0x2000d419</value>
         <object_component_ref idref="oc-463"/>
      </symbol>
      <symbol id="sm-1075">
         <name>NwpPowerOn</name>
         <value>0x2000d345</value>
         <object_component_ref idref="oc-28e"/>
      </symbol>
      <symbol id="sm-1076">
         <name>spi_Close</name>
         <value>0x2000bf01</value>
         <object_component_ref idref="oc-2ce"/>
      </symbol>
      <symbol id="sm-1077">
         <name>spi_Write</name>
         <value>0x2000b615</value>
         <object_component_ref idref="oc-619"/>
      </symbol>
      <symbol id="sm-1078">
         <name>spi_Open</name>
         <value>0x20009b7d</value>
         <object_component_ref idref="oc-276"/>
      </symbol>
      <symbol id="sm-1079">
         <name>g_ucDMAEnabled</name>
         <value>0x2002cbfc</value>
         <object_component_ref idref="oc-45d"/>
      </symbol>
      <symbol id="sm-107a">
         <name>g_SpiFd</name>
         <value>0x2002cbf4</value>
         <object_component_ref idref="oc-45d"/>
      </symbol>
      <symbol id="sm-11a7">
         <name>HTTPCli_setRequestFields</name>
         <value>0x20007199</value>
         <object_component_ref idref="oc-148"/>
      </symbol>
      <symbol id="sm-11a8">
         <name>HTTPCli_setSecureParams</name>
         <value>0x200071e5</value>
         <object_component_ref idref="oc-148"/>
      </symbol>
      <symbol id="sm-11a9">
         <name>HTTPCli_create</name>
         <value>0x200070cd</value>
         <object_component_ref idref="oc-148"/>
      </symbol>
      <symbol id="sm-11aa">
         <name>HTTPCli_construct</name>
         <value>0x20007085</value>
         <object_component_ref idref="oc-148"/>
      </symbol>
      <symbol id="sm-11ab">
         <name>HTTPCli_getResponseField</name>
         <value>0x20007399</value>
         <object_component_ref idref="oc-148"/>
      </symbol>
      <symbol id="sm-11ac">
         <name>HTTPCli_readRawResponseBody</name>
         <value>0x200075a9</value>
         <object_component_ref idref="oc-148"/>
      </symbol>
      <symbol id="sm-11ad">
         <name>HTTPCli_connect</name>
         <value>0x20006f63</value>
         <object_component_ref idref="oc-148"/>
      </symbol>
      <symbol id="sm-11ae">
         <name>HTTPCli_sendRequest</name>
         <value>0x20007205</value>
         <object_component_ref idref="oc-148"/>
      </symbol>
      <symbol id="sm-11af">
         <name>HTTPCli_readResponseBody</name>
         <value>0x2000751d</value>
         <object_component_ref idref="oc-148"/>
      </symbol>
      <symbol id="sm-11b0">
         <name>HTTPCli_sendField</name>
         <value>0x200072d3</value>
         <object_component_ref idref="oc-148"/>
      </symbol>
      <symbol id="sm-11b1">
         <name>HTTPCli_delete</name>
         <value>0x200070e5</value>
         <object_component_ref idref="oc-148"/>
      </symbol>
      <symbol id="sm-11b2">
         <name>HTTPCli_destruct</name>
         <value>0x2000711b</value>
         <object_component_ref idref="oc-148"/>
      </symbol>
      <symbol id="sm-11b3">
         <name>HTTPCli_setProxy</name>
         <value>0x200075e9</value>
         <object_component_ref idref="oc-148"/>
      </symbol>
      <symbol id="sm-11b4">
         <name>bufferedRecv</name>
         <value>0x2000667f</value>
         <object_component_ref idref="oc-148"/>
      </symbol>
      <symbol id="sm-11b5">
         <name>HTTPCli_initSockAddr</name>
         <value>0x20006e55</value>
         <object_component_ref idref="oc-148"/>
      </symbol>
      <symbol id="sm-11b6">
         <name>HTTPCli_getResponseStatus</name>
         <value>0x20007363</value>
         <object_component_ref idref="oc-148"/>
      </symbol>
      <symbol id="sm-11b7">
         <name>HTTPCli_disconnect</name>
         <value>0x20007163</value>
         <object_component_ref idref="oc-148"/>
      </symbol>
      <symbol id="sm-11b8">
         <name>HTTPCli_setResponseFields</name>
         <value>0x200071bf</value>
         <object_component_ref idref="oc-148"/>
      </symbol>
      <symbol id="sm-11b9">
         <name>HTTPCli_sendRequestBody</name>
         <value>0x2000732b</value>
         <object_component_ref idref="oc-148"/>
      </symbol>
      <symbol id="sm-11ee">
         <name>Ssock_startSecure</name>
         <value>0x20008867</value>
         <object_component_ref idref="oc-327"/>
      </symbol>
      <symbol id="sm-11ef">
         <name>Ssock_recv</name>
         <value>0x200086af</value>
         <object_component_ref idref="oc-327"/>
      </symbol>
      <symbol id="sm-11f0">
         <name>Ssock_delete</name>
         <value>0x20008627</value>
         <object_component_ref idref="oc-327"/>
      </symbol>
      <symbol id="sm-11f1">
         <name>Ssock_send</name>
         <value>0x2000874d</value>
         <object_component_ref idref="oc-327"/>
      </symbol>
      <symbol id="sm-11f2">
         <name>Ssock_getSocket</name>
         <value>0x200086a1</value>
         <object_component_ref idref="oc-327"/>
      </symbol>
      <symbol id="sm-11f3">
         <name>Ssock_recvall</name>
         <value>0x20008709</value>
         <object_component_ref idref="oc-327"/>
      </symbol>
      <symbol id="sm-11f4">
         <name>Ssock_construct</name>
         <value>0x200085cd</value>
         <object_component_ref idref="oc-327"/>
      </symbol>
      <symbol id="sm-11f5">
         <name>Ssock_create</name>
         <value>0x2000860d</value>
         <object_component_ref idref="oc-327"/>
      </symbol>
      <symbol id="sm-11f6">
         <name>Ssock_destruct</name>
         <value>0x2000864f</value>
         <object_component_ref idref="oc-327"/>
      </symbol>
      <symbol id="sm-1251">
         <name>jsmn_init</name>
         <value>0x20007bcf</value>
         <object_component_ref idref="oc-135"/>
      </symbol>
      <symbol id="sm-1252">
         <name>jsmn_parse</name>
         <value>0x200078bd</value>
         <object_component_ref idref="oc-135"/>
      </symbol>
      <symbol id="sm-1261">
         <name>strcmp</name>
         <value>0x2000d809</value>
         <object_component_ref idref="oc-32d"/>
      </symbol>
      <symbol id="sm-126f">
         <name>strcpy</name>
         <value>0x2000d8b5</value>
         <object_component_ref idref="oc-34b"/>
      </symbol>
      <symbol id="sm-127f">
         <name>strncmp</name>
         <value>0x2000d3f1</value>
         <object_component_ref idref="oc-339"/>
      </symbol>
      <symbol id="sm-12a0">
         <name>strtoul</name>
         <value>0x2000a059</value>
         <object_component_ref idref="oc-333"/>
      </symbol>
      <symbol id="sm-12f7">
         <name>uDMAChannelControlSet</name>
         <value>0x2000d051</value>
         <object_component_ref idref="oc-77e"/>
      </symbol>
      <symbol id="sm-12f8">
         <name>uDMAChannelAttributeEnable</name>
         <value>0x2000c485</value>
         <object_component_ref idref="oc-784"/>
      </symbol>
      <symbol id="sm-12f9">
         <name>uDMAChannelTransferSet</name>
         <value>0x2000aa85</value>
         <object_component_ref idref="oc-78a"/>
      </symbol>
      <symbol id="sm-12fa">
         <name>uDMAChannelAssign</name>
         <value>0x2000cc29</value>
         <object_component_ref idref="oc-5cd"/>
      </symbol>
      <symbol id="sm-12fb">
         <name>uDMAChannelAttributeDisable</name>
         <value>0x2000c421</value>
         <object_component_ref idref="oc-5d3"/>
      </symbol>
      <symbol id="sm-12fc">
         <name>uDMAChannelEnable</name>
         <value>0x2000d641</value>
         <object_component_ref idref="oc-790"/>
      </symbol>
      <symbol id="sm-12fd">
         <name>__TI_static_base__</name>
         <value>0x2000e088</value>
      </symbol>
      <symbol id="sm-1300">
         <name>SHT$$INIT_ARRAY$$Limit</name>
         <value>0x0</value>
      </symbol>
      <symbol id="sm-1301">
         <name>SHT$$INIT_ARRAY$$Base</name>
         <value>0x0</value>
      </symbol>
   </symbol_table>
   <title>Link successful</title>
</link_info>
